09-19 10:51:09.231 I/Keyboard.Facilitator( 2161): onFinishInput()
09-19 10:51:09.237 V/WindowManager( 1207): IKSWL-6868 finishPostLayoutPolicyLw: mHideKeyguard=false mDismissKeyguard=0
09-19 10:51:09.237 V/WindowManager( 1207): IKSWL-6868 setKeyguardOccludedLw isOccluded=false wasOccluded=true showing=false
09-19 10:51:09.238 V/WindowManager( 1207): IKSWL-6868 finishPostLayoutPolicyLw: mHideKeyguard=false mDismissKeyguard=0
09-19 10:51:09.238 V/WindowManager( 1207): IKSWL-6868 setKeyguardOccludedLw isOccluded=false wasOccluded=true showing=false
09-19 10:51:09.262 V/WindowManager( 1207): IKSWL-6868 finishPostLayoutPolicyLw: mHideKeyguard=false mDismissKeyguard=0
09-19 10:51:09.262 V/WindowManager( 1207): IKSWL-6868 setKeyguardOccludedLw isOccluded=false wasOccluded=true showing=false
09-19 10:51:09.475 I/MotoNetwCtrlr.MotoWifiHndlr( 2017): handleMessage: Entered msg.what=1
09-19 10:51:09.476 I/MotoNetwCtrlr.MotorolaWifiSignalController( 2017): isDirty: returns true
09-19 10:51:09.477 I/MotoNetwCtrlr.MotorolaWifiSignalController( 2017): notifyListeners: calling SB [0] setWifiIndicators (Motorola api): UseMotoUI=true Vis=true SBSig=0x7f02014c=stat_sys_wifi_signal_4_fully SBAct=( none ) DescSig="Wi-Fi signal full." DescAct="wifi idle" NetName=""IIT-Secure""
09-19 10:51:09.480 I/MotoNetwCtrlr.MotorolaWifiSignalController( 2017): notifyListeners: calling SB [1] setWifiIndicators (Motorola api): UseMotoUI=true Vis=true SBSig=0x7f02014c=stat_sys_wifi_signal_4_fully SBAct=( none ) DescSig="Wi-Fi signal full." DescAct="wifi idle" NetName=""IIT-Secure""
09-19 10:51:09.481 I/MotoNetwCtrlr.MotorolaWifiSignalController( 2017): notifyListeners: calling SB [2] setWifiIndicators (Motorola api): UseMotoUI=true Vis=true SBSig=0x7f02014c=stat_sys_wifi_signal_4_fully SBAct=( none ) DescSig="Wi-Fi signal full." DescAct="wifi idle" NetName=""IIT-Secure""
09-19 10:51:09.482 I/MotoNetwCtrlr.MotoWifiHndlr( 2017): handleMessage: Completed
09-19 10:51:09.691 V/WindowManager( 1207): IKSWL-6868 finishPostLayoutPolicyLw: mHideKeyguard=false mDismissKeyguard=0
09-19 10:51:09.691 V/WindowManager( 1207): IKSWL-6868 setKeyguardOccludedLw isOccluded=false wasOccluded=true showing=false
09-19 10:51:09.743 I/MotoNetwCtrlr.MotoNetwCtrlrImpl.MotorolaMobileSignalController( 1 ) ( 2017): MotorolaMobilePhoneStateListener.onSignalStrengthsChanged: Entered: signalStrength=SignalStrength: 11 0 -120 -160 -120 -1 -1 99 2147483647 2147483647 2147483647 2147483647 2147483647 gsm|lte 0 -108 -1 false 3 3 0 0 0 99 99 99 4 0 level=3
09-19 10:51:09.755 I/MotoNetwCtrlr.MotoNetwCtrlrImpl.MotorolaMobileSignalController( 1 ) ( 2017): isDirty: returns true
09-19 10:51:09.757 I/MotoNetwCtrlr.MotoNetwCtrlrImpl.MotorolaMobileSignalController( 1 ) ( 2017): notifyListeners: calling SB [0] setMobileDataIndicators (Motorola api): mobileUseMotoUI=true mobileEnabled=true mobileSimIconId=( none ) mobileSignalIconId=0x7f02048c=zz_moto_stat_sys_signal_4_of_4_fully_wide mobileRoamingIconId=( none ) mobileDataTypeIconId=( none ) mobileDataActivityIconId=( none ) mobileCarrierDescription="T-Mobile" mobileSimDescription="" mobileSignalContentDescription="phone signal full strength" mobileRoamingDescription="" mobileDataTypeContentDescription="H" mobileDataActivityContentDescription="" mobileIsRoaming=false isDataTypeIconWide=true mobileIsBidiDirectionEnabled=false mobileSubId=1
09-19 10:51:09.758 I/MotoNetwCtrlr.MotoNetwCtrlrImpl.MotorolaMobileSignalController( 1 ) ( 2017): notifyListeners: calling SB [1] setMobileDataIndicators (Motorola api): mobileUseMotoUI=true mobileEnabled=true mobileSimIconId=( none ) mobileSignalIconId=0x7f02048c=zz_moto_stat_sys_signal_4_of_4_fully_wide mobileRoamingIconId=( none ) mobileDataTypeIconId=( none ) mobileDataActivityIconId=( none ) mobileCarrierDescription="T-Mobile" mobileSimDescription="" mobileSignalContentDescription="phone signal full strength" mobileRoamingDescription="" mobileDataTypeContentDescription="H" mobileDataActivityContentDescription="" mobileIsRoaming=false isDataTypeIconWide=true mobileIsBidiDirectionEnabled=false mobileSubId=1
09-19 10:51:09.759 I/MotoNetwCtrlr.MotoNetwCtrlrImpl.MotorolaMobileSignalController( 1 ) ( 2017): notifyListeners: calling SB [2] setMobileDataIndicators (Motorola api): mobileUseMotoUI=true mobileEnabled=true mobileSimIconId=( none ) mobileSignalIconId=0x7f02048c=zz_moto_stat_sys_signal_4_of_4_fully_wide mobileRoamingIconId=( none ) mobileDataTypeIconId=( none ) mobileDataActivityIconId=( none ) mobileCarrierDescription="T-Mobile" mobileSimDescription="" mobileSignalContentDescription="phone signal full strength" mobileRoamingDescription="" mobileDataTypeContentDescription="H" mobileDataActivityContentDescription="" mobileIsRoaming=false isDataTypeIconWide=true mobileIsBidiDirectionEnabled=false mobileSubId=1
09-19 10:51:09.766 I/MotoNetwCtrlr.MotoNetwCtrlrImpl.MotorolaMobileSignalController( 1 ) ( 2017): MotorolaMobilePhoneStateListener.onSignalStrengthsChanged: completed: level=3
09-19 10:51:10.509 E/cpu_temp( 8910): MSG_ON_WATCH_CURRENT
09-19 10:51:10.504 W/BackgroundThrea( 8930): type=1400 audit(0.0:30633): avc: denied { search } for uid=10113 name="thermal" dev="sysfs" ino=7438 scontext=u:r:untrusted_app:s0 tcontext=u:object_r:sysfs_thermal:s0 tclass=dir permissive=0
09-19 10:51:11.457 I/ActivityManager( 1207): START u0 {act=android.intent.action.MAIN cat=[android.intent.category.LAUNCHER] flg=0x10200000 cmp=dpatel96_a2.cs442.com.activitylifecycle/.MainActivity (has extras)} from uid 10029 on display 0
09-19 10:51:11.459 V/WindowManager( 1207): addAppToken: AppWindowToken{db2b588 token=Token{fe51d2b ActivityRecord{21b5a17a u0 dpatel96_a2.cs442.com.activitylifecycle/.MainActivity t524}}} to stack=1 task=524 at 0
09-19 10:51:11.470 I/SFPerfTracer(  262):      triggers: (rate: 1387:81475) (compose: 0:98) (post: 0:26) (render: 275:5852) (30:1434719 frames) (31:1523538)
09-19 10:51:11.470 D/SFPerfTracer(  262):        layers: (4:11) (FocusedStackFrame (0xb72b2cb0): 0:7110)* (DimLayer (0xb72b5890): 0:144)* (DimLayer (0xb725d468): 0:13)* (DimLayer (0xb7305040): 0:2731)* (DimLayer (0xb7307448): 0:1470)* (StatusBar (0xb7260df8): 0:102105) (com.android.systemui.ImageWallpaper (0xb72d4f28): 0:548)* ( (0xb7317060): 0:105) (NavigationBar (0xb72d31f8): 0:277) (dpatel96_a2.cs442.com.activitylifecycle/dpatel96_a2.cs442.com.activitylifecycle.MainActivity (0xb72d7310): 0:41)- (com.android.launcher/com.android.launcher2.Launcher (0xb730f438): 31:89) 
09-19 10:51:11.471 V/WindowManager( 1207): Adding window Window{212e06a3 u0 Starting dpatel96_a2.cs442.com.activitylifecycle} at 3 of 10 (after Window{48f22c7 u0 com.android.launcher/com.android.launcher2.Launcher})
09-19 10:51:11.491 V/WindowManager( 1207): IKSWL-6868 finishPostLayoutPolicyLw: mHideKeyguard=false mDismissKeyguard=0
09-19 10:51:11.491 V/WindowManager( 1207): IKSWL-6868 setKeyguardOccludedLw isOccluded=false wasOccluded=true showing=false
09-19 10:51:11.506 V/WindowManager( 1207): IKSWL-6868 finishPostLayoutPolicyLw: mHideKeyguard=false mDismissKeyguard=0
09-19 10:51:11.506 V/WindowManager( 1207): IKSWL-6868 setKeyguardOccludedLw isOccluded=false wasOccluded=true showing=false
09-19 10:51:11.508 V/WindowManager( 1207): IKSWL-6868 finishPostLayoutPolicyLw: mHideKeyguard=false mDismissKeyguard=0
09-19 10:51:11.508 V/WindowManager( 1207): IKSWL-6868 setKeyguardOccludedLw isOccluded=false wasOccluded=true showing=false
09-19 10:51:11.513 V/WindowManager( 1207): IKSWL-6868 finishPostLayoutPolicyLw: mHideKeyguard=false mDismissKeyguard=0
09-19 10:51:11.513 V/WindowManager( 1207): IKSWL-6868 setKeyguardOccludedLw isOccluded=false wasOccluded=true showing=false
09-19 10:51:11.541 V/WindowManager( 1207): IKSWL-6868 finishPostLayoutPolicyLw: mHideKeyguard=false mDismissKeyguard=0
09-19 10:51:11.541 V/WindowManager( 1207): IKSWL-6868 setKeyguardOccludedLw isOccluded=false wasOccluded=true showing=false
09-19 10:51:11.545 V/WindowManager( 1207): IKSWL-6868 finishPostLayoutPolicyLw: mHideKeyguard=false mDismissKeyguard=0
09-19 10:51:11.545 V/WindowManager( 1207): IKSWL-6868 setKeyguardOccludedLw isOccluded=false wasOccluded=true showing=false
09-19 10:51:11.545 V/WindowManager( 1207): IKSWL-6868 finishPostLayoutPolicyLw: mHideKeyguard=false mDismissKeyguard=0
09-19 10:51:11.545 V/WindowManager( 1207): IKSWL-6868 setKeyguardOccludedLw isOccluded=false wasOccluded=true showing=false
09-19 10:51:11.548 V/WindowManager( 1207): IKSWL-6868 finishPostLayoutPolicyLw: mHideKeyguard=false mDismissKeyguard=0
09-19 10:51:11.548 V/WindowManager( 1207): IKSWL-6868 setKeyguardOccludedLw isOccluded=false wasOccluded=true showing=false
09-19 10:51:11.561 I/MotoNetwCtrlr( 2017): onReceive: Received intent=Intent { act=android.net.wifi.RSSI_CHANGED flg=0x4000010 (has extras) } Action=android.net.wifi.RSSI_CHANGED
09-19 10:51:11.564 D/Lifecycle_dpatel96( 3071): 1: onCreate() called:
09-19 10:51:11.566 D/Lifecycle_dpatel96( 3071): 2: onStart() called:
09-19 10:51:11.566 D/Lifecycle_dpatel96( 3071): 3: onResume() called:
09-19 10:51:11.566 I/MotoNetwCtrlr.MotoWifiSignalCtrlr( 2017): handleBroadcast: Entered: Intent=Intent { act=android.net.wifi.RSSI_CHANGED flg=0x4000010 (has extras) } Action=android.net.wifi.RSSI_CHANGED
09-19 10:51:11.567 I/MotoNetwCtrlr.MotorolaWifiSignalController( 2017): isDirty: returns false
09-19 10:51:11.567 I/MotoNetwCtrlr.MotoWifiSignalCtrlr( 2017): handleBroadcast: Completed
09-19 10:51:11.567 I/MotoNetwCtrlr( 2017): onReceive: Completed intent=Intent { act=android.net.wifi.RSSI_CHANGED flg=0x4000010 (has extras) } Action=android.net.wifi.RSSI_CHANGED
09-19 10:51:11.578 V/WindowManager( 1207): IKSWL-6868 finishPostLayoutPolicyLw: mHideKeyguard=false mDismissKeyguard=0
09-19 10:51:11.578 V/WindowManager( 1207): IKSWL-6868 setKeyguardOccludedLw isOccluded=false wasOccluded=true showing=false
09-19 10:51:11.595 V/WindowManager( 1207): Adding window Window{21795d2a u0 dpatel96_a2.cs442.com.activitylifecycle/dpatel96_a2.cs442.com.activitylifecycle.MainActivity} at 3 of 11 (before Window{212e06a3 u0 Starting dpatel96_a2.cs442.com.activitylifecycle})
09-19 10:51:11.597 V/WindowManager( 1207): IKSWL-6868 finishPostLayoutPolicyLw: mHideKeyguard=false mDismissKeyguard=0
09-19 10:51:11.597 V/WindowManager( 1207): IKSWL-6868 setKeyguardOccludedLw isOccluded=false wasOccluded=true showing=false
09-19 10:51:11.611 V/WindowManager( 1207): IKSWL-6868 finishPostLayoutPolicyLw: mHideKeyguard=false mDismissKeyguard=0
09-19 10:51:11.611 V/WindowManager( 1207): IKSWL-6868 setKeyguardOccludedLw isOccluded=false wasOccluded=true showing=false
09-19 10:51:11.626 V/WindowManager( 1207): IKSWL-6868 finishPostLayoutPolicyLw: mHideKeyguard=false mDismissKeyguard=0
09-19 10:51:11.626 V/WindowManager( 1207): IKSWL-6868 setKeyguardOccludedLw isOccluded=false wasOccluded=true showing=false
09-19 10:51:11.673 V/WindowManager( 1207): IKSWL-6868 finishPostLayoutPolicyLw: mHideKeyguard=false mDismissKeyguard=0
09-19 10:51:11.673 V/WindowManager( 1207): IKSWL-6868 setKeyguardOccludedLw isOccluded=false wasOccluded=true showing=false
09-19 10:51:11.675 V/WindowManager( 1207): IKSWL-6868 finishPostLayoutPolicyLw: mHideKeyguard=false mDismissKeyguard=0
09-19 10:51:11.675 V/WindowManager( 1207): IKSWL-6868 setKeyguardOccludedLw isOccluded=false wasOccluded=true showing=false
09-19 10:51:11.677 I/LaunchCheckinHandler( 1207): Displayed dpatel96_a2.cs442.com.activitylifecycle/.MainActivity,wp,ca,196
09-19 10:51:11.677 I/ActivityManager( 1207): Displayed dpatel96_a2.cs442.com.activitylifecycle/.MainActivity: +196ms
09-19 10:51:11.679 V/WindowManager( 1207): IKSWL-6868 finishPostLayoutPolicyLw: mHideKeyguard=false mDismissKeyguard=0
09-19 10:51:11.679 V/WindowManager( 1207): IKSWL-6868 setKeyguardOccludedLw isOccluded=false wasOccluded=true showing=false
09-19 10:51:11.683 I/Keyboard.Facilitator( 2161): onFinishInput()
09-19 10:51:11.686 V/WindowManager( 1207): IKSWL-6868 finishPostLayoutPolicyLw: mHideKeyguard=false mDismissKeyguard=0
09-19 10:51:11.686 V/WindowManager( 1207): IKSWL-6868 setKeyguardOccludedLw isOccluded=false wasOccluded=true showing=false
09-19 10:51:11.818 V/WindowStateAnimator( 1207): windowAnimating in WindowStateAnimator{2fbfde91 Starting dpatel96_a2.cs442.com.activitylifecycle}
09-19 10:51:11.823 V/WindowManager( 1207): IKSWL-6868 finishPostLayoutPolicyLw: mHideKeyguard=false mDismissKeyguard=0
09-19 10:51:11.823 V/WindowManager( 1207): IKSWL-6868 setKeyguardOccludedLw isOccluded=false wasOccluded=true showing=false
09-19 10:51:11.826 V/WindowManager( 1207): IKSWL-6868 finishPostLayoutPolicyLw: mHideKeyguard=false mDismissKeyguard=0
09-19 10:51:11.826 V/WindowManager( 1207): IKSWL-6868 setKeyguardOccludedLw isOccluded=false wasOccluded=true showing=false
09-19 10:51:11.838 V/WindowManager( 1207): IKSWL-6868 finishPostLayoutPolicyLw: mHideKeyguard=false mDismissKeyguard=0
09-19 10:51:11.839 V/WindowManager( 1207): IKSWL-6868 setKeyguardOccludedLw isOccluded=false wasOccluded=true showing=false
09-19 10:51:11.871 V/WindowManager( 1207): IKSWL-6868 finishPostLayoutPolicyLw: mHideKeyguard=false mDismissKeyguard=0
09-19 10:51:11.871 V/WindowManager( 1207): IKSWL-6868 setKeyguardOccludedLw isOccluded=false wasOccluded=true showing=false
09-19 10:51:11.874 V/WindowManager( 1207): IKSWL-6868 finishPostLayoutPolicyLw: mHideKeyguard=false mDismissKeyguard=0
09-19 10:51:11.874 V/WindowManager( 1207): IKSWL-6868 setKeyguardOccludedLw isOccluded=false wasOccluded=true showing=false
09-19 10:51:14.585 I/MotoNetwCtrlr( 2017): onReceive: Received intent=Intent { act=android.net.wifi.RSSI_CHANGED flg=0x4000010 (has extras) } Action=android.net.wifi.RSSI_CHANGED
09-19 10:51:14.585 I/MotoNetwCtrlr.MotoWifiSignalCtrlr( 2017): handleBroadcast: Entered: Intent=Intent { act=android.net.wifi.RSSI_CHANGED flg=0x4000010 (has extras) } Action=android.net.wifi.RSSI_CHANGED
09-19 10:51:14.585 I/MotoNetwCtrlr.MotorolaWifiSignalController( 2017): isDirty: returns false
09-19 10:51:14.585 I/MotoNetwCtrlr.MotoWifiSignalCtrlr( 2017): handleBroadcast: Completed
09-19 10:51:14.585 I/MotoNetwCtrlr( 2017): onReceive: Completed intent=Intent { act=android.net.wifi.RSSI_CHANGED flg=0x4000010 (has extras) } Action=android.net.wifi.RSSI_CHANGED
09-19 10:51:14.962 D/TaskPersister( 1207): removeObsoleteFile: deleting file=523_task.xml
09-19 10:51:14.963 D/TaskPersister( 1207): removeObsoleteFile: deleting file=523_task_thumbnail.png
09-19 10:51:15.515 E/cpu_temp( 8910): MSG_ON_WATCH_CURRENT
09-19 10:51:15.514 W/BackgroundThrea( 8930): type=1400 audit(0.0:30634): avc: denied { search } for uid=10113 name="thermal" dev="sysfs" ino=7438 scontext=u:r:untrusted_app:s0 tcontext=u:object_r:sysfs_thermal:s0 tclass=dir permissive=0
09-19 10:51:16.411 I/ActivityManager( 1207): START u0 {act=android.intent.action.MAIN cat=[android.intent.category.HOME] flg=0x10200000 cmp=com.android.launcher/com.android.launcher2.Launcher} from uid 1000 on display 0
09-19 10:51:16.412 V/WindowManager( 1207): IKSWL-6868 finishPostLayoutPolicyLw: mHideKeyguard=false mDismissKeyguard=0
09-19 10:51:16.412 V/WindowManager( 1207): IKSWL-6868 setKeyguardOccludedLw isOccluded=false wasOccluded=true showing=false
09-19 10:51:16.415 V/WindowManager( 1207): IKSWL-6868 finishPostLayoutPolicyLw: mHideKeyguard=false mDismissKeyguard=0
09-19 10:51:16.416 V/WindowManager( 1207): IKSWL-6868 setKeyguardOccludedLw isOccluded=false wasOccluded=true showing=false
09-19 10:51:16.430 D/Lifecycle_dpatel96( 3071): 4: onPause() called:
09-19 10:51:16.436 V/WindowManager( 1207): IKSWL-6868 finishPostLayoutPolicyLw: mHideKeyguard=false mDismissKeyguard=0
09-19 10:51:16.436 V/WindowManager( 1207): IKSWL-6868 setKeyguardOccludedLw isOccluded=false wasOccluded=true showing=false
09-19 10:51:16.444 V/WindowManager( 1207): IKSWL-6868 finishPostLayoutPolicyLw: mHideKeyguard=false mDismissKeyguard=0
09-19 10:51:16.444 V/WindowManager( 1207): IKSWL-6868 setKeyguardOccludedLw isOccluded=false wasOccluded=true showing=false
09-19 10:51:16.449 V/WindowManager( 1207): IKSWL-6868 finishPostLayoutPolicyLw: mHideKeyguard=false mDismissKeyguard=0
09-19 10:51:16.449 V/WindowManager( 1207): IKSWL-6868 setKeyguardOccludedLw isOccluded=false wasOccluded=true showing=false
09-19 10:51:16.485 D/Lifecycle_dpatel96( 3071): 5: onStop() called:
09-19 10:51:16.485 V/WindowManager( 1207): IKSWL-6868 finishPostLayoutPolicyLw: mHideKeyguard=false mDismissKeyguard=0
09-19 10:51:16.485 V/WindowManager( 1207): IKSWL-6868 setKeyguardOccludedLw isOccluded=false wasOccluded=true showing=false
09-19 10:51:16.508 V/WindowManager( 1207): IKSWL-6868 finishPostLayoutPolicyLw: mHideKeyguard=false mDismissKeyguard=0
09-19 10:51:16.508 V/WindowManager( 1207): IKSWL-6868 setKeyguardOccludedLw isOccluded=false wasOccluded=true showing=false
09-19 10:51:16.510 V/WindowManager( 1207): IKSWL-6868 finishPostLayoutPolicyLw: mHideKeyguard=false mDismissKeyguard=0
09-19 10:51:16.511 V/WindowManager( 1207): IKSWL-6868 setKeyguardOccludedLw isOccluded=false wasOccluded=true showing=false
09-19 10:51:16.519 V/WindowManager( 1207): IKSWL-6868 finishPostLayoutPolicyLw: mHideKeyguard=false mDismissKeyguard=0
09-19 10:51:16.519 V/WindowManager( 1207): IKSWL-6868 setKeyguardOccludedLw isOccluded=false wasOccluded=true showing=false
09-19 10:51:16.564 V/WindowManager( 1207): IKSWL-6868 finishPostLayoutPolicyLw: mHideKeyguard=false mDismissKeyguard=0
09-19 10:51:16.564 V/WindowManager( 1207): IKSWL-6868 setKeyguardOccludedLw isOccluded=false wasOccluded=true showing=false
09-19 10:51:16.571 V/WindowManager( 1207): IKSWL-6868 finishPostLayoutPolicyLw: mHideKeyguard=false mDismissKeyguard=0
09-19 10:51:16.571 V/WindowManager( 1207): IKSWL-6868 setKeyguardOccludedLw isOccluded=false wasOccluded=true showing=false
09-19 10:51:16.572 V/WindowManager( 1207): IKSWL-6868 finishPostLayoutPolicyLw: mHideKeyguard=false mDismissKeyguard=0
09-19 10:51:16.572 V/WindowManager( 1207): IKSWL-6868 setKeyguardOccludedLw isOccluded=false wasOccluded=true showing=false
09-19 10:51:16.576 I/LaunchCheckinHandler( 1207): Displayed com.android.launcher/com.android.launcher2.Launcher,wp,wa,165
09-19 10:51:16.577 V/WindowManager( 1207): IKSWL-6868 finishPostLayoutPolicyLw: mHideKeyguard=false mDismissKeyguard=0
09-19 10:51:16.577 V/WindowManager( 1207): IKSWL-6868 setKeyguardOccludedLw isOccluded=false wasOccluded=true showing=false
09-19 10:51:16.578 V/WindowManager( 1207): IKSWL-6868 finishPostLayoutPolicyLw: mHideKeyguard=false mDismissKeyguard=0
09-19 10:51:16.578 V/WindowManager( 1207): IKSWL-6868 setKeyguardOccludedLw isOccluded=false wasOccluded=true showing=false
09-19 10:51:16.579 I/Keyboard.Facilitator( 2161): onFinishInput()
09-19 10:51:16.580 V/WindowManager( 1207): IKSWL-6868 finishPostLayoutPolicyLw: mHideKeyguard=false mDismissKeyguard=0
09-19 10:51:16.580 V/WindowManager( 1207): IKSWL-6868 setKeyguardOccludedLw isOccluded=false wasOccluded=true showing=false
09-19 10:51:16.819 V/WindowManager( 1207): IKSWL-6868 finishPostLayoutPolicyLw: mHideKeyguard=false mDismissKeyguard=0
09-19 10:51:16.819 V/WindowManager( 1207): IKSWL-6868 setKeyguardOccludedLw isOccluded=false wasOccluded=true showing=false
09-19 10:51:16.822 V/WindowManager( 1207): IKSWL-6868 finishPostLayoutPolicyLw: mHideKeyguard=false mDismissKeyguard=0
09-19 10:51:16.822 V/WindowManager( 1207): IKSWL-6868 setKeyguardOccludedLw isOccluded=false wasOccluded=true showing=false
09-19 10:51:16.835 V/WindowManager( 1207): IKSWL-6868 finishPostLayoutPolicyLw: mHideKeyguard=false mDismissKeyguard=0
09-19 10:51:16.835 V/WindowManager( 1207): IKSWL-6868 setKeyguardOccludedLw isOccluded=false wasOccluded=true showing=false
09-19 10:51:17.018 V/WindowManager( 1207): IKSWL-6868 finishPostLayoutPolicyLw: mHideKeyguard=false mDismissKeyguard=0
09-19 10:51:17.018 V/WindowManager( 1207): IKSWL-6868 setKeyguardOccludedLw isOccluded=false wasOccluded=true showing=false
09-19 10:51:17.022 V/WindowManager( 1207): IKSWL-6868 finishPostLayoutPolicyLw: mHideKeyguard=false mDismissKeyguard=0
09-19 10:51:17.022 V/WindowManager( 1207): IKSWL-6868 setKeyguardOccludedLw isOccluded=false wasOccluded=true showing=false
09-19 10:51:17.052 W/OpenGLRenderer(  480): Incorrectly called buildLayer on View: ShortcutAndWidgetContainer, destroying layer...
09-19 10:51:17.052 W/OpenGLRenderer(  480): Incorrectly called buildLayer on View: ShortcutAndWidgetContainer, destroying layer...
09-19 10:51:17.167 I/SFPerfTracer(  262):      triggers: (rate: 0:69) (555698 sw vsyncs) (0 skipped) (42:1219831 vsyncs) (44:1970977)
09-19 10:51:17.186 W/SurfaceFlinger(  262): couldn't log to binary event log: overflow.
09-19 10:51:17.403 I/MotoNetwCtrlr.MotoNetwCtrlrImpl.MotorolaMobileSignalController( 1 ) ( 2017): MotorolaMobilePhoneStateListener.onSignalStrengthsChanged: Entered: signalStrength=SignalStrength: 12 0 -120 -160 -120 -1 -1 99 2147483647 2147483647 2147483647 2147483647 2147483647 gsm|lte 0 -108 -1 false 4 4 0 0 0 99 99 99 4 0 level=4
09-19 10:51:17.409 I/MotoNetwCtrlr.MotoNetwCtrlrImpl.MotorolaMobileSignalController( 1 ) ( 2017): isDirty: returns true
09-19 10:51:17.410 I/MotoNetwCtrlr.MotoNetwCtrlrImpl.MotorolaMobileSignalController( 1 ) ( 2017): notifyListeners: calling SB [0] setMobileDataIndicators (Motorola api): mobileUseMotoUI=true mobileEnabled=true mobileSimIconId=( none ) mobileSignalIconId=0x7f02048c=zz_moto_stat_sys_signal_4_of_4_fully_wide mobileRoamingIconId=( none ) mobileDataTypeIconId=( none ) mobileDataActivityIconId=( none ) mobileCarrierDescription="T-Mobile" mobileSimDescription="" mobileSignalContentDescription="phone signal full strength" mobileRoamingDescription="" mobileDataTypeContentDescription="H" mobileDataActivityContentDescription="" mobileIsRoaming=false isDataTypeIconWide=true mobileIsBidiDirectionEnabled=false mobileSubId=1
09-19 10:51:17.413 I/MotoNetwCtrlr.MotoNetwCtrlrImpl.MotorolaMobileSignalController( 1 ) ( 2017): notifyListeners: calling SB [1] setMobileDataIndicators (Motorola api): mobileUseMotoUI=true mobileEnabled=true mobileSimIconId=( none ) mobileSignalIconId=0x7f02048c=zz_moto_stat_sys_signal_4_of_4_fully_wide mobileRoamingIconId=( none ) mobileDataTypeIconId=( none ) mobileDataActivityIconId=( none ) mobileCarrierDescription="T-Mobile" mobileSimDescription="" mobileSignalContentDescription="phone signal full strength" mobileRoamingDescription="" mobileDataTypeContentDescription="H" mobileDataActivityContentDescription="" mobileIsRoaming=false isDataTypeIconWide=true mobileIsBidiDirectionEnabled=false mobileSubId=1
09-19 10:51:17.415 I/MotoNetwCtrlr.MotoNetwCtrlrImpl.MotorolaMobileSignalController( 1 ) ( 2017): notifyListeners: calling SB [2] setMobileDataIndicators (Motorola api): mobileUseMotoUI=true mobileEnabled=true mobileSimIconId=( none ) mobileSignalIconId=0x7f02048c=zz_moto_stat_sys_signal_4_of_4_fully_wide mobileRoamingIconId=( none ) mobileDataTypeIconId=( none ) mobileDataActivityIconId=( none ) mobileCarrierDescription="T-Mobile" mobileSimDescription="" mobileSignalContentDescription="phone signal full strength" mobileRoamingDescription="" mobileDataTypeContentDescription="H" mobileDataActivityContentDescription="" mobileIsRoaming=false isDataTypeIconWide=true mobileIsBidiDirectionEnabled=false mobileSubId=1
09-19 10:51:17.423 I/MotoNetwCtrlr.MotoNetwCtrlrImpl.MotorolaMobileSignalController( 1 ) ( 2017): MotorolaMobilePhoneStateListener.onSignalStrengthsChanged: completed: level=4
09-19 10:51:17.441 W/ResourceType( 2017): No package identifier when getting value for resource number 0x00000000
09-19 10:51:17.441 W/PackageManager( 2017): Failure retrieving resources for dpatel96_a2.cs442.com.activitylifecycle: Resource ID #0x0
09-19 10:51:17.619 I/MotoNetwCtrlr( 2017): onReceive: Received intent=Intent { act=android.net.wifi.RSSI_CHANGED flg=0x4000010 (has extras) } Action=android.net.wifi.RSSI_CHANGED
09-19 10:51:17.619 I/MotoNetwCtrlr.MotoWifiSignalCtrlr( 2017): handleBroadcast: Entered: Intent=Intent { act=android.net.wifi.RSSI_CHANGED flg=0x4000010 (has extras) } Action=android.net.wifi.RSSI_CHANGED
09-19 10:51:17.619 I/MotoNetwCtrlr.MotorolaWifiSignalController( 2017): isDirty: returns false
09-19 10:51:17.619 I/MotoNetwCtrlr.MotoWifiSignalCtrlr( 2017): handleBroadcast: Completed
09-19 10:51:17.619 I/MotoNetwCtrlr( 2017): onReceive: Completed intent=Intent { act=android.net.wifi.RSSI_CHANGED flg=0x4000010 (has extras) } Action=android.net.wifi.RSSI_CHANGED
09-19 10:51:17.684 E/WifiStateMachine( 1207): WifiStateMachine CMD_START_SCAN source -2 txSuccessRate=0.58 rxSuccessRate=0.44 targetRoamBSSID=any RSSI=-42
09-19 10:51:17.684 E/WifiStateMachine( 1207): startDelayedScan send -> 3812 milli 20000
09-19 10:51:17.684 E/WifiStateMachine( 1207): WifiStateMachine CMD_START_SCAN with age=20002 interval=30000 maxinterval=300000
09-19 10:51:17.684 E/WifiStateMachine( 1207): WifiStateMachine CMD_START_SCAN full=false
09-19 10:51:18.219 I/SFPerfTracer(  262):      triggers: (rate: 1387:81476) (compose: 0:98) (post: 0:26) (render: 275:5852) (47:1434815 frames) (48:1523656)
09-19 10:51:18.219 D/SFPerfTracer(  262):        layers: (5:13) (FocusedStackFrame (0xb72b2cb0): 0:7115)* (DimLayer (0xb72b5890): 0:144)* (DimLayer (0xb725d468): 0:13)* (DimLayer (0xb7305040): 0:2731)* (DimLayer (0xb7307448): 0:1470)* (StatusBar (0xb7260df8): 1:102138) (com.android.systemui.ImageWallpaper (0xb72d4f28): 0:553) ( (0xb7317060): 0:105) (NavigationBar (0xb72d31f8): 0:324) (com.android.launcher/com.android.launcher2.Launcher (0xb730f438): 0:91)- (Starting dpatel96_a2.cs442.com.activitylifecycle (0xb72d7310): 0:22)- (dpatel96_a2.cs442.com.activitylifecycle/dpatel96_a2.cs442.com.activitylifecycle.MainActivity (0xb73106e0): 0:41)- (com.android.launcher/com.android.launcher2.Launcher (0xb730f438): 48:57) 
09-19 10:51:18.272 I/ActivityManager( 1207): START u0 {act=android.intent.action.MAIN cat=[android.intent.category.LAUNCHER] flg=0x10200000 cmp=com.android.chrome/com.google.android.apps.chrome.Main bnds=[168,1040][296,1168] (has extras)} from uid 10029 on display 0
09-19 10:51:18.274 V/WindowManager( 1207): IKSWL-6868 finishPostLayoutPolicyLw: mHideKeyguard=false mDismissKeyguard=0
09-19 10:51:18.274 V/WindowManager( 1207): IKSWL-6868 setKeyguardOccludedLw isOccluded=false wasOccluded=true showing=false
09-19 10:51:18.277 V/WindowManager( 1207): addAppToken: AppWindowToken{32bd79ce token=Token{39e6cec9 ActivityRecord{19abed0 u0 com.android.chrome/com.google.android.apps.chrome.Main t525}}} to stack=1 task=525 at 0
09-19 10:51:18.407 I/ActivityManager( 1207): Start proc 3593:com.android.chrome/u0a55 for activity com.android.chrome/com.google.android.apps.chrome.Main
09-19 10:51:18.457 V/WindowManager( 1207): IKSWL-6868 finishPostLayoutPolicyLw: mHideKeyguard=false mDismissKeyguard=0
09-19 10:51:18.457 V/WindowManager( 1207): IKSWL-6868 setKeyguardOccludedLw isOccluded=false wasOccluded=true showing=false
09-19 10:51:18.900 V/WindowManager( 1207): IKSWL-6868 finishPostLayoutPolicyLw: mHideKeyguard=false mDismissKeyguard=0
09-19 10:51:18.900 V/WindowManager( 1207): IKSWL-6868 setKeyguardOccludedLw isOccluded=false wasOccluded=true showing=false
09-19 10:51:18.906 W/InputMethodManagerService( 1207): Window already focused, ignoring focus gain of: com.android.internal.view.IInputMethodClient$Stub$Proxy@191dd0ef attribute=null, token = android.os.BinderProxy@11ac0c06
09-19 10:51:18.962 I/ActivityManager( 1207): START u0 {act=android.intent.action.VIEW dat=document://526?chrome-native://newtab/ flg=0x82000 pkg=com.android.chrome cmp=com.android.chrome/org.chromium.chrome.browser.document.DocumentActivity (has extras)} from uid 10055 on display 0
09-19 10:51:18.963 V/WindowManager( 1207): IKSWL-6868 finishPostLayoutPolicyLw: mHideKeyguard=false mDismissKeyguard=0
09-19 10:51:18.963 V/WindowManager( 1207): IKSWL-6868 setKeyguardOccludedLw isOccluded=false wasOccluded=true showing=false
09-19 10:51:18.968 V/WindowManager( 1207): addAppToken: AppWindowToken{133b64da token=Token{26048e85 ActivityRecord{f34f7fc u0 com.android.chrome/org.chromium.chrome.browser.document.DocumentActivity t526}}} to stack=1 task=526 at 0
09-19 10:51:18.975 V/WindowManager( 1207): Based on layer: Adding window Window{3fab093d u0 Starting com.android.chrome} at 4 of 11
09-19 10:51:18.998 V/WindowManager( 1207): IKSWL-6868 finishPostLayoutPolicyLw: mHideKeyguard=false mDismissKeyguard=0
09-19 10:51:18.999 V/WindowManager( 1207): IKSWL-6868 setKeyguardOccludedLw isOccluded=false wasOccluded=true showing=false
09-19 10:51:19.006 V/WindowManager( 1207): IKSWL-6868 finishPostLayoutPolicyLw: mHideKeyguard=false mDismissKeyguard=0
09-19 10:51:19.006 V/WindowManager( 1207): IKSWL-6868 setKeyguardOccludedLw isOccluded=false wasOccluded=true showing=false
09-19 10:51:19.009 V/WindowManager( 1207): IKSWL-6868 finishPostLayoutPolicyLw: mHideKeyguard=false mDismissKeyguard=0
09-19 10:51:19.009 V/WindowManager( 1207): IKSWL-6868 setKeyguardOccludedLw isOccluded=false wasOccluded=true showing=false
09-19 10:51:19.032 V/WindowManager( 1207): IKSWL-6868 finishPostLayoutPolicyLw: mHideKeyguard=false mDismissKeyguard=0
09-19 10:51:19.032 V/WindowManager( 1207): IKSWL-6868 setKeyguardOccludedLw isOccluded=false wasOccluded=true showing=false
09-19 10:51:19.041 V/WindowManager( 1207): IKSWL-6868 finishPostLayoutPolicyLw: mHideKeyguard=false mDismissKeyguard=0
09-19 10:51:19.041 V/WindowManager( 1207): IKSWL-6868 setKeyguardOccludedLw isOccluded=false wasOccluded=true showing=false
09-19 10:51:19.042 V/WindowManager( 1207): IKSWL-6868 finishPostLayoutPolicyLw: mHideKeyguard=false mDismissKeyguard=0
09-19 10:51:19.042 V/WindowManager( 1207): IKSWL-6868 setKeyguardOccludedLw isOccluded=false wasOccluded=true showing=false
09-19 10:51:19.068 V/WindowManager( 1207): IKSWL-6868 finishPostLayoutPolicyLw: mHideKeyguard=false mDismissKeyguard=0
09-19 10:51:19.068 V/WindowManager( 1207): IKSWL-6868 setKeyguardOccludedLw isOccluded=false wasOccluded=true showing=false
09-19 10:51:19.102 V/WindowManager( 1207): IKSWL-6868 finishPostLayoutPolicyLw: mHideKeyguard=false mDismissKeyguard=0
09-19 10:51:19.103 V/WindowManager( 1207): IKSWL-6868 setKeyguardOccludedLw isOccluded=false wasOccluded=true showing=false
09-19 10:51:19.193 W/ResourceType( 3593): Failure getting entry for 0x7f040051 (t=3 e=81) (error -75)
09-19 10:51:19.334 V/WindowManager( 1207): IKSWL-6868 finishPostLayoutPolicyLw: mHideKeyguard=false mDismissKeyguard=0
09-19 10:51:19.335 V/WindowManager( 1207): IKSWL-6868 setKeyguardOccludedLw isOccluded=false wasOccluded=true showing=false
09-19 10:51:19.338 V/WindowManager( 1207): IKSWL-6868 finishPostLayoutPolicyLw: mHideKeyguard=false mDismissKeyguard=0
09-19 10:51:19.338 V/WindowManager( 1207): IKSWL-6868 setKeyguardOccludedLw isOccluded=false wasOccluded=true showing=false
09-19 10:51:19.361 I/cr.library_loader( 3593): Loading chrome directly from within /data/app/com.android.chrome-2/base.apk
09-19 10:51:19.386 D/OpenGLRenderer( 3593): Use EGL_SWAP_BEHAVIOR_PRESERVED: true
09-19 10:51:19.412 D/Atlas   ( 3593): Validating map...
09-19 10:51:19.420 V/WindowManager( 1207): Adding window Window{3672cefb u0 com.android.chrome/org.chromium.chrome.browser.document.DocumentActivity} at 4 of 12 (before Window{3fab093d u0 Starting com.android.chrome})
09-19 10:51:19.462 V/WindowManager( 1207): IKSWL-6868 finishPostLayoutPolicyLw: mHideKeyguard=false mDismissKeyguard=0
09-19 10:51:19.462 V/WindowManager( 1207): IKSWL-6868 setKeyguardOccludedLw isOccluded=false wasOccluded=true showing=false
09-19 10:51:19.469 V/WindowManager( 1207): IKSWL-6868 finishPostLayoutPolicyLw: mHideKeyguard=false mDismissKeyguard=0
09-19 10:51:19.469 V/WindowManager( 1207): IKSWL-6868 setKeyguardOccludedLw isOccluded=false wasOccluded=true showing=false
09-19 10:51:19.501 I/Adreno-EGL( 3593): <qeglDrvAPI_eglInitialize:410>: EGL 1.4 QUALCOMM build: AU_LINUX_ANDROID_LA.BF.1.1.1_RB1.05.00.02.042.016_msm8226_LA.BF.1.1.1_RB1__release_AU ()
09-19 10:51:19.501 I/Adreno-EGL( 3593): OpenGL ES Shader Compiler Version: E031.25.03.00
09-19 10:51:19.501 I/Adreno-EGL( 3593): Build Date: 02/11/15 Wed
09-19 10:51:19.501 I/Adreno-EGL( 3593): Local Branch: 
09-19 10:51:19.501 I/Adreno-EGL( 3593): Remote Branch: quic/LA.BF.1.1.1_rb1.10
09-19 10:51:19.501 I/Adreno-EGL( 3593): Local Patches: NONE
09-19 10:51:19.501 I/Adreno-EGL( 3593): Reconstruct Branch: AU_LINUX_ANDROID_LA.BF.1.1.1_RB1.05.00.02.042.016 + 62ca4eb + acd831d + 9f8b442 + e027a02 + cba30ba + 53c303a + a649d79 + 23e16f8 + 5e97da7 + cbd2a44 + 33d072a + 7aacf06 + 72b33e7 + 28f6f60 + b4c13d8 +  NOTHING
09-19 10:51:19.507 I/OpenGLRenderer( 3593): Initialized EGL, version 1.4
09-19 10:51:19.530 D/OpenGLRenderer( 3593): Enabling debug mode 0
09-19 10:51:19.615 V/WindowManager( 1207): Adding window Window{2a4bf971 u0 SurfaceView} at 4 of 13 (before Window{3672cefb u0 com.android.chrome/org.chromium.chrome.browser.document.DocumentActivity})
09-19 10:51:19.617 V/WindowManager( 1207): IKSWL-6868 finishPostLayoutPolicyLw: mHideKeyguard=false mDismissKeyguard=0
09-19 10:51:19.617 V/WindowManager( 1207): IKSWL-6868 setKeyguardOccludedLw isOccluded=false wasOccluded=true showing=false
09-19 10:51:19.622 V/WindowManager( 1207): IKSWL-6868 finishPostLayoutPolicyLw: mHideKeyguard=false mDismissKeyguard=0
09-19 10:51:19.622 V/WindowManager( 1207): IKSWL-6868 setKeyguardOccludedLw isOccluded=false wasOccluded=true showing=false
09-19 10:51:19.732 V/WindowManager( 1207): IKSWL-6868 finishPostLayoutPolicyLw: mHideKeyguard=false mDismissKeyguard=0
09-19 10:51:19.733 V/WindowManager( 1207): IKSWL-6868 setKeyguardOccludedLw isOccluded=false wasOccluded=true showing=false
09-19 10:51:19.736 V/WindowManager( 1207): IKSWL-6868 finishPostLayoutPolicyLw: mHideKeyguard=false mDismissKeyguard=0
09-19 10:51:19.736 V/WindowManager( 1207): IKSWL-6868 setKeyguardOccludedLw isOccluded=false wasOccluded=true showing=false
09-19 10:51:19.739 I/LaunchCheckinHandler( 1207): Displayed com.android.chrome/org.chromium.chrome.browser.document.DocumentActivity,wp,ca,754
09-19 10:51:19.739 I/LaunchCheckinHandler( 1207): Displayed com.android.chrome/com.google.android.apps.chrome.Main,wp,ca,1455 (total)
09-19 10:51:19.739 I/ActivityManager( 1207): Displayed com.android.chrome/org.chromium.chrome.browser.document.DocumentActivity: +754ms (total +1s455ms)
09-19 10:51:19.741 V/WindowManager( 1207): IKSWL-6868 finishPostLayoutPolicyLw: mHideKeyguard=false mDismissKeyguard=0
09-19 10:51:19.741 V/WindowManager( 1207): IKSWL-6868 setKeyguardOccludedLw isOccluded=false wasOccluded=true showing=false
09-19 10:51:19.742 V/WindowManager( 1207): IKSWL-6868 finishPostLayoutPolicyLw: mHideKeyguard=false mDismissKeyguard=0
09-19 10:51:19.742 V/WindowManager( 1207): IKSWL-6868 setKeyguardOccludedLw isOccluded=false wasOccluded=true showing=false
09-19 10:51:19.757 V/WindowManager( 1207): IKSWL-6868 finishPostLayoutPolicyLw: mHideKeyguard=false mDismissKeyguard=0
09-19 10:51:19.757 V/WindowManager( 1207): IKSWL-6868 setKeyguardOccludedLw isOccluded=false wasOccluded=true showing=false
09-19 10:51:19.781 I/Keyboard.Facilitator( 2161): onFinishInput()
09-19 10:51:19.808 I/cr.library_loader( 3593): Time to load native libraries: 472 ms (timestamps 1529-2001)
09-19 10:51:19.808 I/cr.library_loader( 3593): Expected native library version number "45.0.2454.94", actual native library version number "45.0.2454.94"
09-19 10:51:19.810 I/chromium( 3593): [INFO:library_loader_hooks.cc(121)] Chromium logging enabled: level = 0, default verbosity = 0
09-19 10:51:19.873 I/ActivityManager( 1207): Start proc 3658:com.android.chrome:sandboxed_process0/u0i63 for service com.android.chrome/org.chromium.content.app.SandboxedProcessService0
09-19 10:51:19.933 I/cr.BrowserStartup( 3593): Initializing chromium process, singleProcess=false
09-19 10:51:19.936 V/WindowManager( 1207): IKSWL-6868 finishPostLayoutPolicyLw: mHideKeyguard=false mDismissKeyguard=0
09-19 10:51:19.936 V/WindowManager( 1207): IKSWL-6868 setKeyguardOccludedLw isOccluded=false wasOccluded=true showing=false
09-19 10:51:19.942 W/art     ( 3593): Attempt to remove local handle scope entry from IRT, ignoring
09-19 10:51:19.945 V/WindowManager( 1207): IKSWL-6868 finishPostLayoutPolicyLw: mHideKeyguard=false mDismissKeyguard=0
09-19 10:51:19.945 V/WindowManager( 1207): IKSWL-6868 setKeyguardOccludedLw isOccluded=false wasOccluded=true showing=false
09-19 10:51:19.970 D/EN      ( 3182): [Evernote] - App:started ReminderService
09-19 10:51:19.971 D/EN      ( 3182): [Evernote] - com.evernote.action.APP_STARTED broadcast sent
09-19 10:51:20.002 I/cr.ChildProcessService( 3658): Creating new ChildProcessService pid=3658
09-19 10:51:20.019 I/EN      ( 3182): [ReminderService] - ReminderService:cancelAlarm
09-19 10:51:20.025 D/MarketUtils( 3182): isPackageInstalled() - com.evernote.widget is not installed
09-19 10:51:20.108 D/EN      ( 3182): [com.evernote.util.WidgetTracker] - Set custom dim WidgetStatus: no_widget_installed
09-19 10:51:20.110 I/EN      ( 3182): [ea] - ReminderUtil: no personal reminder found
09-19 10:51:20.121 I/EN      ( 3182): [ea] - ReminderUtil: no linked reminder found
09-19 10:51:20.140 D/MarketUtils( 3182): isPackageInstalled() - com.android.vending is installed
09-19 10:51:20.140 D/MarketUtils( 3182): isPackageInstalled() - com.android.vending is installed
09-19 10:51:20.167 I/EN      ( 3182): [ReminderService] - ReminderService: setAlarm time = Sat Sep 19 13:00:00 GMT-05:00 2015
09-19 10:51:20.168 I/EN      ( 3182): [ReminderService] - ReminderService: no reminders found for period between Sat Sep 19 10:51:00 GMT-05:00 2015 and Sat Sep 19 13:00:00 GMT-05:00 2015 alarm set for next interval!
09-19 10:51:20.168 D/EN      ( 3182): [ReminderService] - ReminderService: total time to run = 172 millis
09-19 10:51:20.253 I/GAv4    ( 3182): Google Analytics 7.5.71 is starting up. To enable debug logging on a device run:
09-19 10:51:20.253 I/GAv4    ( 3182):   adb shell setprop log.tag.GAv4 DEBUG
09-19 10:51:20.253 I/GAv4    ( 3182):   adb logcat -s GAv4
09-19 10:51:20.296 W/cr.media( 3593): Requires BLUETOOTH permission
09-19 10:51:20.488 I/ActivityManager( 1207): Start proc 3709:com.android.chrome:privileged_process0/u0a55 for service com.android.chrome/org.chromium.content.app.PrivilegedProcessService0
09-19 10:51:20.526 E/cpu_temp( 8910): MSG_ON_WATCH_CURRENT
09-19 10:51:20.524 W/BackgroundThrea( 8930): type=1400 audit(0.0:30635): avc: denied { search } for uid=10113 name="thermal" dev="sysfs" ino=7438 scontext=u:r:untrusted_app:s0 tcontext=u:object_r:sysfs_thermal:s0 tclass=dir permissive=0
09-19 10:51:20.536 W/chromium( 3593): [WARNING:data_reduction_proxy_config.cc(630)] SPDY proxy OFF at startup
09-19 10:51:20.608 W/KnoxSettingsProvider( 3593): Permission to read device policy denied.
09-19 10:51:20.630 I/MotoNetwCtrlr( 2017): onReceive: Received intent=Intent { act=android.net.wifi.RSSI_CHANGED flg=0x4000010 (has extras) } Action=android.net.wifi.RSSI_CHANGED
09-19 10:51:20.630 I/MotoNetwCtrlr.MotoWifiSignalCtrlr( 2017): handleBroadcast: Entered: Intent=Intent { act=android.net.wifi.RSSI_CHANGED flg=0x4000010 (has extras) } Action=android.net.wifi.RSSI_CHANGED
09-19 10:51:20.630 I/MotoNetwCtrlr.MotorolaWifiSignalController( 2017): isDirty: returns false
09-19 10:51:20.630 I/MotoNetwCtrlr.MotoWifiSignalCtrlr( 2017): handleBroadcast: Completed
09-19 10:51:20.630 I/MotoNetwCtrlr( 2017): onReceive: Completed intent=Intent { act=android.net.wifi.RSSI_CHANGED flg=0x4000010 (has extras) } Action=android.net.wifi.RSSI_CHANGED
09-19 10:51:20.747 I/ActivityManager( 1207): Process org.telegram.messenger (pid 9649) has died
09-19 10:51:20.747 W/ActivityManager( 1207): Scheduling restart of crashed service org.telegram.messenger/org.telegram.android.NotificationsService in 1000ms
09-19 10:51:20.784 I/cr.ChildProcessService( 3709): Creating new ChildProcessService pid=3709
09-19 10:51:20.794 W/GAv4    ( 3182): AnalyticsReceiver is not registered or is disabled. Register the receiver for reliable dispatching on non-Google Play devices. See http://goo.gl/8Rd3yj for instructions.
09-19 10:51:20.794 W/ActivityManager( 1207): getRunningAppProcesses: caller 10123 does not hold REAL_GET_TASKS; limiting output
09-19 10:51:20.821 W/GAv4    ( 3182): CampaignTrackingReceiver is not registered, not exported or is disabled. Installation campaign tracking is not possible. See http://goo.gl/8Rd3yj for instructions.
09-19 10:51:20.882 I/cr.library_loader( 3709): Loading chrome directly from within /data/app/com.android.chrome-2/base.apk
09-19 10:51:20.899 D/MarketUtils( 3182): isPackageInstalled() - com.android.vending is installed
09-19 10:51:20.901 I/GAv4    ( 3182): Logger is deprecated. To enable debug logging, please run:
09-19 10:51:20.901 I/GAv4    ( 3182): adb shell setprop log.tag.GAv4 DEBUG
09-19 10:51:20.904 D/WifiService( 1207): Client connection lost with reason: 4
09-19 10:51:20.907 W/GAv4    ( 3182): AnalyticsService not registered in the app manifest. Hits might not be delivered reliably. See http://goo.gl/8Rd3yj for instructions.
09-19 10:51:20.909 I/EN      ( 3182): [b] - Setting GA dispatch to normal
09-19 10:51:20.937 I/ActivityManager( 1207): Process com.cleanmaster.mguard:worker (pid 30399) has died
09-19 10:51:20.937 W/ActivityManager( 1207): Scheduling restart of crashed service com.cleanmaster.mguard/com.cleanmaster.screensave.newscreensaver.ScreenSaverService in 10810ms
09-19 10:51:20.939 I/EN      ( 3182): [b] - GATracker:public id
09-19 10:51:20.950 D/EN      ( 3182): [b] - isUserBusiness()::userBusinessId=0
09-19 10:51:21.005 W/EN      ( 3182): [b] - enableDebugLogging - setting sDebugLoggingEnabled to false
09-19 10:51:21.154 I/cr.library_loader( 3709): Time to load native libraries: 272 ms (timestamps 3074-3346)
09-19 10:51:21.154 I/cr.library_loader( 3709): Expected native library version number "45.0.2454.94", actual native library version number "45.0.2454.94"
09-19 10:51:21.155 I/chromium( 3709): [INFO:library_loader_hooks.cc(121)] Chromium logging enabled: level = 0, default verbosity = 0
09-19 10:51:21.156 W/art     ( 3709): Attempt to remove local handle scope entry from IRT, ignoring
09-19 10:51:21.156 V/WindowManager( 1207): IKSWL-6868 finishPostLayoutPolicyLw: mHideKeyguard=false mDismissKeyguard=0
09-19 10:51:21.156 V/WindowManager( 1207): IKSWL-6868 setKeyguardOccludedLw isOccluded=false wasOccluded=true showing=false
09-19 10:51:21.159 W/art     ( 3709): Attempt to remove local handle scope entry from IRT, ignoring
09-19 10:51:21.164 W/art     ( 3593): Attempt to remove local handle scope entry from IRT, ignoring
09-19 10:51:21.194 E/libEGL  ( 3709): validate_display:255 error 3008 (EGL_BAD_DISPLAY)
09-19 10:51:21.195 I/Adreno-EGL( 3709): <qeglDrvAPI_eglInitialize:410>: EGL 1.4 QUALCOMM build: AU_LINUX_ANDROID_LA.BF.1.1.1_RB1.05.00.02.042.016_msm8226_LA.BF.1.1.1_RB1__release_AU ()
09-19 10:51:21.195 I/Adreno-EGL( 3709): OpenGL ES Shader Compiler Version: E031.25.03.00
09-19 10:51:21.195 I/Adreno-EGL( 3709): Build Date: 02/11/15 Wed
09-19 10:51:21.195 I/Adreno-EGL( 3709): Local Branch: 
09-19 10:51:21.195 I/Adreno-EGL( 3709): Remote Branch: quic/LA.BF.1.1.1_rb1.10
09-19 10:51:21.195 I/Adreno-EGL( 3709): Local Patches: NONE
09-19 10:51:21.195 I/Adreno-EGL( 3709): Reconstruct Branch: AU_LINUX_ANDROID_LA.BF.1.1.1_RB1.05.00.02.042.016 + 62ca4eb + acd831d + 9f8b442 + e027a02 + cba30ba + 53c303a + a649d79 + 23e16f8 + 5e97da7 + cbd2a44 + 33d072a + 7aacf06 + 72b33e7 + 28f6f60 + b4c13d8 +  NOTHING
09-19 10:51:21.221 V/WindowManager( 1207): IKSWL-6868 finishPostLayoutPolicyLw: mHideKeyguard=false mDismissKeyguard=0
09-19 10:51:21.221 V/WindowManager( 1207): IKSWL-6868 setKeyguardOccludedLw isOccluded=false wasOccluded=true showing=false
09-19 10:51:21.225 V/WindowManager( 1207): IKSWL-6868 finishPostLayoutPolicyLw: mHideKeyguard=false mDismissKeyguard=0
09-19 10:51:21.225 V/WindowManager( 1207): IKSWL-6868 setKeyguardOccludedLw isOccluded=false wasOccluded=true showing=false
09-19 10:51:21.227 V/WindowManager( 1207): IKSWL-6868 finishPostLayoutPolicyLw: mHideKeyguard=false mDismissKeyguard=0
09-19 10:51:21.227 V/WindowManager( 1207): IKSWL-6868 setKeyguardOccludedLw isOccluded=false wasOccluded=true showing=false
09-19 10:51:21.234 I/SFPerfTracer(  262):      triggers: (rate: 0:69) (555698 sw vsyncs) (0 skipped) (0:1219913 vsyncs) (2:1971079)
09-19 10:51:21.237 V/WindowManager( 1207): IKSWL-6868 finishPostLayoutPolicyLw: mHideKeyguard=false mDismissKeyguard=0
09-19 10:51:21.237 V/WindowManager( 1207): IKSWL-6868 setKeyguardOccludedLw isOccluded=false wasOccluded=true showing=false
09-19 10:51:21.265 I/AndroidEduAndChildAccountHelper( 3593): before checking child and EDU
09-19 10:51:21.272 I/AndroidEduAndChildAccountHelper( 3593): returning from start
09-19 10:51:21.305 I/MediaCodec( 3709): name=video/x-vnd.on2.vp8 isType=true encoder=false
09-19 10:51:21.330 I/MediaCodec( 3709): (0xb8f26280) init name(video/x-vnd.on2.vp8) isType(1) encoder(0)
09-19 10:51:21.353 I/OMXClient( 3709): Using client-side OMX mux.
09-19 10:51:21.362 E/OMXMaster( 3709): A component of name 'OMX.qcom.audio.decoder.aac' already exists, ignoring this one.
09-19 10:51:21.385 I/MediaCodec( 3709): (0xb8f26280) Component Allocated (OMX.google.vp8.decoder)
09-19 10:51:21.385 I/MediaCodec( 3709): (0xb8f26280) release
09-19 10:51:21.401 I/ActivityManager( 1207): Start proc 3757:com.google.android.partnersetup/u0a25 for content provider com.google.android.partnersetup/.RlzAppProvider
09-19 10:51:21.470 W/ProcessCpuTracker( 1207): Skipping unknown process pid 3774
09-19 10:51:21.487 I/MotoNetwCtrlr.MotoWifiHndlr( 2017): handleMessage: Entered msg.what=1
09-19 10:51:21.487 I/MotoNetwCtrlr.MotorolaWifiSignalController( 2017): isDirty: returns true
09-19 10:51:21.488 I/MotoNetwCtrlr.MotorolaWifiSignalController( 2017): notifyListeners: calling SB [0] setWifiIndicators (Motorola api): UseMotoUI=true Vis=true SBSig=0x7f02014c=stat_sys_wifi_signal_4_fully SBAct=( none ) DescSig="Wi-Fi signal full." DescAct="wifi in and out" NetName=""IIT-Secure""
09-19 10:51:21.490 I/MotoNetwCtrlr.MotorolaWifiSignalController( 2017): notifyListeners: calling SB [1] setWifiIndicators (Motorola api): UseMotoUI=true Vis=true SBSig=0x7f02014c=stat_sys_wifi_signal_4_fully SBAct=( none ) DescSig="Wi-Fi signal full." DescAct="wifi in and out" NetName=""IIT-Secure""
09-19 10:51:21.490 I/MotoNetwCtrlr.MotorolaWifiSignalController( 2017): notifyListeners: calling SB [2] setWifiIndicators (Motorola api): UseMotoUI=true Vis=true SBSig=0x7f02014c=stat_sys_wifi_signal_4_fully SBAct=( none ) DescSig="Wi-Fi signal full." DescAct="wifi in and out" NetName=""IIT-Secure""
09-19 10:51:21.492 I/MotoNetwCtrlr.MotoWifiHndlr( 2017): handleMessage: Completed
09-19 10:51:21.619 I/art     ( 3593): Background sticky concurrent mark sweep GC freed 20015(1508KB) AllocSpace objects, 13(229KB) LOS objects, 13% free, 10MB/12MB, paused 30.616ms total 139.409ms
09-19 10:51:21.658 I/cr.library_loader( 3658): Loading chrome directly from within /data/app/com.android.chrome-2/base.apk
09-19 10:51:21.692 I/Keyboard.Facilitator( 2161): onFinishInput()
09-19 10:51:21.747 I/AndroidEduAndChildAccountHelper( 3593): onChildAccountChecked
09-19 10:51:21.747 I/AndroidEduAndChildAccountHelper( 3593): onSchoolCheckDone
09-19 10:51:21.747 I/AndroidEduAndChildAccountHelper( 3593): parameters are ready
09-19 10:51:21.799 I/cr.library_loader( 3658): Time to load native libraries: 142 ms (timestamps 3850-3992)
09-19 10:51:21.799 I/cr.library_loader( 3658): Expected native library version number "45.0.2454.94", actual native library version number "45.0.2454.94"
09-19 10:51:21.801 I/chromium( 3658): [INFO:library_loader_hooks.cc(121)] Chromium logging enabled: level = 0, default verbosity = 0
09-19 10:51:21.801 W/art     ( 3658): Attempt to remove local handle scope entry from IRT, ignoring
09-19 10:51:21.802 W/art     ( 3658): Attempt to remove local handle scope entry from IRT, ignoring
09-19 10:51:21.806 I/ActivityManager( 1207): Start proc 3780:org.telegram.messenger/u0a132 for service org.telegram.messenger/org.telegram.android.NotificationsService
09-19 10:51:21.882 W/ResourcesManager( 3780): Asset path '/system/framework/com.google.android.maps.jar' does not exist or contains no resources.
09-19 10:51:21.912 V/WindowManager( 1207): IKSWL-6868 finishPostLayoutPolicyLw: mHideKeyguard=false mDismissKeyguard=0
09-19 10:51:21.913 V/WindowManager( 1207): IKSWL-6868 setKeyguardOccludedLw isOccluded=false wasOccluded=true showing=false
09-19 10:51:22.148 V/WindowManager( 1207): IKSWL-6868 finishPostLayoutPolicyLw: mHideKeyguard=false mDismissKeyguard=0
09-19 10:51:22.148 V/WindowManager( 1207): IKSWL-6868 setKeyguardOccludedLw isOccluded=false wasOccluded=true showing=false
09-19 10:51:22.535 I/MotoNetwCtrlr.MotoNetwCtrlrImpl.MotorolaMobileSignalController( 1 ) ( 2017): MotorolaMobilePhoneStateListener.onSignalStrengthsChanged: Entered: signalStrength=SignalStrength: 11 0 -120 -160 -120 -1 -1 99 2147483647 2147483647 2147483647 2147483647 2147483647 gsm|lte 0 -108 -1 false 3 3 0 0 0 99 99 99 4 0 level=3
09-19 10:51:22.541 I/MotoNetwCtrlr.MotoNetwCtrlrImpl.MotorolaMobileSignalController( 1 ) ( 2017): isDirty: returns true
