09-19 10:50:54.555 D/Quickoffice( 3032): Processing mountline /data/media /storage/emulated/legacy esdfs rw,relatime,upper=0:1028:660:771,derive=legacy,nosplit 0 0
09-19 10:50:54.555 W/BaseAppContext(31057): Using Auth Proxy for data requests.
09-19 10:50:54.556 D/Quickoffice( 3032): Processing mountline tmpfs /storage/emulated tmpfs rw,seclabel,nosuid,nodev,relatime,size=447076k,nr_inodes=111769,mode=751,gid=1028 0 0
09-19 10:50:54.556 D/Quickoffice( 3032): Processing mountline /data/media /storage/emulated/0 esdfs rw,relatime,upper=0:1028:660:771,derive=legacy,nosplit 0 0
09-19 10:50:54.556 D/Quickoffice( 3032): Processing mountline /data/media /storage/emulated/legacy esdfs rw,relatime,upper=0:1028:660:771,derive=legacy,nosplit 0 0
09-19 10:50:54.560 D/Quickoffice( 3032): The # of mounts identified -  1
09-19 10:50:54.580 D/com.google.android.apps.docs.quickoffice.X( 3032): Checking validity of 9 items
09-19 10:50:54.629 I/ActivityManager( 1207): Start proc 3101:com.google.android.apps.docs/u0a58 for broadcast com.google.android.apps.docs/.receivers.AppPackageAddRemoveReceiver
09-19 10:50:54.630 I/ActivityManager( 1207): Killing 2246:com.android.settings/1000 (adj 15): empty #7
09-19 10:50:54.630 W/Quickoffice( 3032): Could not load clipboard.
09-19 10:50:54.668 D/WifiService( 1207): Client connection lost with reason: 4
09-19 10:50:54.669 I/SFPerfTracer(  262):      triggers: (rate: 0:69) (555698 sw vsyncs) (0 skipped) (19:1219607 vsyncs) (21:1970720)
09-19 10:50:54.686 D/Lifecycle_dpatel96( 3071): 1: onCreate() called:
09-19 10:50:54.698 W/Quickoffice( 3032): Could not store clipboard.
09-19 10:50:54.727 W/ActivityManager( 1207): No permission grants found for com.quickoffice.android
09-19 10:50:54.731 D/ContentResolverUtil( 3032): There are 0 persisted uri permissions.
09-19 10:50:54.737 D/Lifecycle_dpatel96( 3071): 2: onStart() called:
09-19 10:50:54.738 D/Lifecycle_dpatel96( 3071): 3: onResume() called:
09-19 10:50:54.750 D/OpenGLRenderer( 3071): Use EGL_SWAP_BEHAVIOR_PRESERVED: true
09-19 10:50:54.765 D/Atlas   ( 3071): Validating map...
09-19 10:50:54.787 V/WindowManager( 1207): IKSWL-6868 finishPostLayoutPolicyLw: mHideKeyguard=false mDismissKeyguard=0
09-19 10:50:54.787 V/WindowManager( 1207): IKSWL-6868 setKeyguardOccludedLw isOccluded=false wasOccluded=true showing=false
09-19 10:50:54.792 V/WindowManager( 1207): Adding window Window{db921ae u0 dpatel96_a2.cs442.com.activitylifecycle/dpatel96_a2.cs442.com.activitylifecycle.MainActivity} at 3 of 11 (before Window{16f06280 u0 Starting dpatel96_a2.cs442.com.activitylifecycle})
09-19 10:50:54.831 V/WindowManager( 1207): IKSWL-6868 finishPostLayoutPolicyLw: mHideKeyguard=false mDismissKeyguard=0
09-19 10:50:54.831 V/WindowManager( 1207): IKSWL-6868 setKeyguardOccludedLw isOccluded=false wasOccluded=true showing=false
09-19 10:50:54.837 V/WindowManager( 1207): IKSWL-6868 finishPostLayoutPolicyLw: mHideKeyguard=false mDismissKeyguard=0
09-19 10:50:54.838 V/WindowManager( 1207): IKSWL-6868 setKeyguardOccludedLw isOccluded=false wasOccluded=true showing=false
09-19 10:50:54.856 I/Adreno-EGL( 3071): <qeglDrvAPI_eglInitialize:410>: EGL 1.4 QUALCOMM build: AU_LINUX_ANDROID_LA.BF.1.1.1_RB1.05.00.02.042.016_msm8226_LA.BF.1.1.1_RB1__release_AU ()
09-19 10:50:54.856 I/Adreno-EGL( 3071): OpenGL ES Shader Compiler Version: E031.25.03.00
09-19 10:50:54.856 I/Adreno-EGL( 3071): Build Date: 02/11/15 Wed
09-19 10:50:54.856 I/Adreno-EGL( 3071): Local Branch: 
09-19 10:50:54.856 I/Adreno-EGL( 3071): Remote Branch: quic/LA.BF.1.1.1_rb1.10
09-19 10:50:54.856 I/Adreno-EGL( 3071): Local Patches: NONE
09-19 10:50:54.856 I/Adreno-EGL( 3071): Reconstruct Branch: AU_LINUX_ANDROID_LA.BF.1.1.1_RB1.05.00.02.042.016 + 62ca4eb + acd831d + 9f8b442 + e027a02 + cba30ba + 53c303a + a649d79 + 23e16f8 + 5e97da7 + cbd2a44 + 33d072a + 7aacf06 + 72b33e7 + 28f6f60 + b4c13d8 +  NOTHING
09-19 10:50:54.862 I/OpenGLRenderer( 3071): Initialized EGL, version 1.4
09-19 10:50:54.893 D/OpenGLRenderer( 3071): Enabling debug mode 0
09-19 10:50:54.976 W/ActivityManager( 1207): getRunningAppProcesses: caller 10058 does not hold REAL_GET_TASKS; limiting output
09-19 10:50:54.986 W/ActivityManager( 1207): getRunningAppProcesses: caller 10058 does not hold REAL_GET_TASKS; limiting output
09-19 10:50:55.070 V/WindowManager( 1207): IKSWL-6868 finishPostLayoutPolicyLw: mHideKeyguard=false mDismissKeyguard=0
09-19 10:50:55.070 V/WindowManager( 1207): IKSWL-6868 setKeyguardOccludedLw isOccluded=false wasOccluded=true showing=false
09-19 10:50:55.075 V/WindowManager( 1207): IKSWL-6868 finishPostLayoutPolicyLw: mHideKeyguard=false mDismissKeyguard=0
09-19 10:50:55.075 V/WindowManager( 1207): IKSWL-6868 setKeyguardOccludedLw isOccluded=false wasOccluded=true showing=false
09-19 10:50:55.085 V/WindowManager( 1207): IKSWL-6868 finishPostLayoutPolicyLw: mHideKeyguard=false mDismissKeyguard=0
09-19 10:50:55.085 V/WindowManager( 1207): IKSWL-6868 setKeyguardOccludedLw isOccluded=false wasOccluded=true showing=false
09-19 10:50:55.088 V/WindowManager( 1207): IKSWL-6868 finishPostLayoutPolicyLw: mHideKeyguard=false mDismissKeyguard=0
09-19 10:50:55.088 V/WindowManager( 1207): IKSWL-6868 setKeyguardOccludedLw isOccluded=false wasOccluded=true showing=false
09-19 10:50:55.092 I/LaunchCheckinHandler( 1207): Displayed dpatel96_a2.cs442.com.activitylifecycle/.MainActivity,cp,ca,911
09-19 10:50:55.092 I/ActivityManager( 1207): Displayed dpatel96_a2.cs442.com.activitylifecycle/.MainActivity: +911ms
09-19 10:50:55.093 V/WindowManager( 1207): IKSWL-6868 finishPostLayoutPolicyLw: mHideKeyguard=false mDismissKeyguard=0
09-19 10:50:55.093 V/WindowManager( 1207): IKSWL-6868 setKeyguardOccludedLw isOccluded=false wasOccluded=true showing=false
09-19 10:50:55.100 V/WindowManager( 1207): IKSWL-6868 finishPostLayoutPolicyLw: mHideKeyguard=false mDismissKeyguard=0
09-19 10:50:55.100 V/WindowManager( 1207): IKSWL-6868 setKeyguardOccludedLw isOccluded=false wasOccluded=true showing=false
09-19 10:50:55.101 I/Keyboard.Facilitator( 2161): onFinishInput()
09-19 10:50:55.286 V/WindowManager( 1207): IKSWL-6868 finishPostLayoutPolicyLw: mHideKeyguard=false mDismissKeyguard=0
09-19 10:50:55.286 V/WindowManager( 1207): IKSWL-6868 setKeyguardOccludedLw isOccluded=false wasOccluded=true showing=false
09-19 10:50:55.291 V/WindowManager( 1207): IKSWL-6868 finishPostLayoutPolicyLw: mHideKeyguard=false mDismissKeyguard=0
09-19 10:50:55.291 V/WindowManager( 1207): IKSWL-6868 setKeyguardOccludedLw isOccluded=false wasOccluded=true showing=false
09-19 10:50:55.375 W/ActivityManager( 1207): getRunningAppProcesses: caller 10058 does not hold REAL_GET_TASKS; limiting output
09-19 10:50:55.435 I/MotoNetwCtrlr.MotoWifiHndlr( 2017): handleMessage: Entered msg.what=1
09-19 10:50:55.435 I/MotoNetwCtrlr.MotorolaWifiSignalController( 2017): isDirty: returns true
09-19 10:50:55.435 I/MotoNetwCtrlr.MotorolaWifiSignalController( 2017): notifyListeners: calling SB [0] setWifiIndicators (Motorola api): UseMotoUI=true Vis=true SBSig=0x7f02014c=stat_sys_wifi_signal_4_fully SBAct=( none ) DescSig="Wi-Fi signal full." DescAct="wifi idle" NetName=""IIT-Secure""
09-19 10:50:55.438 I/MotoNetwCtrlr.MotorolaWifiSignalController( 2017): notifyListeners: calling SB [1] setWifiIndicators (Motorola api): UseMotoUI=true Vis=true SBSig=0x7f02014c=stat_sys_wifi_signal_4_fully SBAct=( none ) DescSig="Wi-Fi signal full." DescAct="wifi idle" NetName=""IIT-Secure""
09-19 10:50:55.438 I/MotoNetwCtrlr.MotorolaWifiSignalController( 2017): notifyListeners: calling SB [2] setWifiIndicators (Motorola api): UseMotoUI=true Vis=true SBSig=0x7f02014c=stat_sys_wifi_signal_4_fully SBAct=( none ) DescSig="Wi-Fi signal full." DescAct="wifi idle" NetName=""IIT-Secure""
09-19 10:50:55.440 I/MotoNetwCtrlr.MotoWifiHndlr( 2017): handleMessage: Completed
09-19 10:50:55.449 D/Sensors ( 1207): AccelerationSensor: set delay 200
09-19 10:50:55.495 E/cpu_temp( 8910): MSG_ON_WATCH_CURRENT
09-19 10:50:55.484 W/BackgroundThrea( 8930): type=1400 audit(0.0:30630): avc: denied { search } for uid=10113 name="thermal" dev="sysfs" ino=7438 scontext=u:r:untrusted_app:s0 tcontext=u:object_r:sysfs_thermal:s0 tclass=dir permissive=0
09-19 10:50:55.607 I/GAv4    ( 3101): Google Analytics 7.8.84 is starting up. To enable debug logging on a device run:
09-19 10:50:55.607 I/GAv4    ( 3101):   adb shell setprop log.tag.GAv4 DEBUG
09-19 10:50:55.607 I/GAv4    ( 3101):   adb logcat -s GAv4
09-19 10:50:55.625 W/GAv4    ( 3101): AnalyticsReceiver is not registered or is disabled. Register the receiver for reliable dispatching on non-Google Play devices. See http://goo.gl/8Rd3yj for instructions.
09-19 10:50:55.625 W/ActivityManager( 1207): getRunningAppProcesses: caller 10058 does not hold REAL_GET_TASKS; limiting output
09-19 10:50:55.635 W/GAv4    ( 3101): CampaignTrackingReceiver is not registered, not exported or is disabled. Installation campaign tracking is not possible. See http://goo.gl/8Rd3yj for instructions.
09-19 10:50:55.646 W/GAv4    ( 3101): AnalyticsService not registered in the app manifest. Hits might not be delivered reliably. See http://goo.gl/8Rd3yj for instructions.
09-19 10:50:55.669 W/AnalyticsTrackerProxyImpl( 3101): Analytics setup for ID UA-21125203-2, app name Drive, version 2.3.283.31.34
09-19 10:50:55.839 I/ActivityManager( 1207): Killing 2419:com.motorola.context/u0a10 (adj 15): empty #7
09-19 10:50:55.975 W/ResourcesManager( 3101): Asset path '/system/framework/com.android.media.remotedisplay.jar' does not exist or contains no resources.
09-19 10:50:55.976 W/ResourcesManager( 3101): Asset path '/system/framework/com.android.media.remotedisplay.jar' does not exist or contains no resources.
09-19 10:50:55.979 W/ResourcesManager( 3101): Asset path '/system/framework/com.android.location.provider.jar' does not exist or contains no resources.
09-19 10:50:55.985 W/ResourcesManager( 3101): Asset path '/system/framework/com.android.location.provider.jar' does not exist or contains no resources.
09-19 10:50:56.152 I/ActivityManager( 1207): Start proc 3182:com.evernote/u0a123 for broadcast com.evernote/.util.WidgetTracker
09-19 10:50:56.213 I/UpdateIcingCorporaServi(31277): Updating corpora: APPS=dpatel96_a2.cs442.com.activitylifecycle, CONTACTS=MAYBE
09-19 10:50:56.295 W/ResourcesManager( 3182): Asset path '/system/framework/com.google.android.maps.jar' does not exist or contains no resources.
09-19 10:50:56.379 V/JNIHelp ( 3101): Registering com/google/android/gms/org/conscrypt/NativeCrypto's 240 native methods...
09-19 10:50:56.463 I/MotoNetwCtrlr( 2017): onReceive: Received intent=Intent { act=android.net.wifi.RSSI_CHANGED flg=0x4000010 (has extras) } Action=android.net.wifi.RSSI_CHANGED
09-19 10:50:56.464 I/MotoNetwCtrlr.MotoWifiSignalCtrlr( 2017): handleBroadcast: Entered: Intent=Intent { act=android.net.wifi.RSSI_CHANGED flg=0x4000010 (has extras) } Action=android.net.wifi.RSSI_CHANGED
09-19 10:50:56.464 I/MotoNetwCtrlr.MotorolaWifiSignalController( 2017): isDirty: returns false
09-19 10:50:56.464 I/MotoNetwCtrlr.MotoWifiSignalCtrlr( 2017): handleBroadcast: Completed
09-19 10:50:56.464 I/MotoNetwCtrlr( 2017): onReceive: Completed intent=Intent { act=android.net.wifi.RSSI_CHANGED flg=0x4000010 (has extras) } Action=android.net.wifi.RSSI_CHANGED
09-19 10:50:56.550 I/ProviderInstaller( 3101): Installed default security provider GmsCore_OpenSSL
09-19 10:50:56.554 I/MultiDex( 3182): VM with version 2.1.0 has multidex support
09-19 10:50:56.554 I/MultiDex( 3182): install
09-19 10:50:56.554 I/MultiDex( 3182): VM has multidex support, MultiDex support library is disabled.
09-19 10:50:56.689 D/com.google.android.apps.docs.quickoffice.X( 3032): Item skipped [Visa Interview.docx, content://com.google.android.apps.docs.storage.legacy/enc%3D_xfqxYzEd1oKsDc7KmJTU8X01UcfpprNRKO9scq1O0wt4UTk%0A]
09-19 10:50:56.787 D/ContentResolverUtil( 3032): Is [content://downloads/all_downloads/808] a documents uri? false
09-19 10:50:56.795 D/ContentResolverUtil( 3032): Is [content://downloads/all_downloads/808] a documents uri? false
09-19 10:50:56.795 D/com.google.android.apps.docs.quickoffice.X( 3032): Item skipped [facilities -Benefits to BSF Personnel  .pdf, content://downloads/all_downloads/808]
09-19 10:50:56.795 D/ContentResolverUtil( 3032): Is [file:///storage/emulated/0/Download/accomodation.pdf] a documents uri? false
09-19 10:50:56.796 D/ContentResolverUtil( 3032): Is [file:///storage/emulated/0/Telegram/Telegram%20Documents/5_272874021232574469.pdf] a documents uri? false
09-19 10:50:56.804 D/com.google.android.apps.docs.quickoffice.X( 3032): Item skipped [5_272874021232574469.pdf, file:///storage/emulated/0/Telegram/Telegram%20Documents/5_272874021232574469.pdf]
09-19 10:50:56.804 D/ContentResolverUtil( 3032): Is [file:///storage/emulated/0/Download/Visa%20Interview.docx] a documents uri? false
09-19 10:50:56.805 D/ContentResolverUtil( 3032): Is [content://com.google.android.apps.docs.storage.legacy/enc%3D5VZxqVoOiVov34tvAGvpMUI2zgidIXceb-GQJl-I0yZCKL2W%0A] a documents uri? false
09-19 10:50:56.822 D/ContentResolverUtil( 3032): Is [file:///storage/emulated/0/Telegram/Telegram%20Documents/5_332049084204449813.xlsx] a documents uri? false
09-19 10:50:56.824 D/com.google.android.apps.docs.quickoffice.X( 3032): Item skipped [5_332049084204449813.xlsx, file:///storage/emulated/0/Telegram/Telegram%20Documents/5_332049084204449813.xlsx]
09-19 10:50:56.824 D/ContentResolverUtil( 3032): Is [file:///storage/emulated/0/Telegram/Telegram%20Documents/5_300811370448814082.doc] a documents uri? false
09-19 10:50:56.825 D/com.google.android.apps.docs.quickoffice.X( 3032): Item skipped [5_300811370448814082.doc, file:///storage/emulated/0/Telegram/Telegram%20Documents/5_300811370448814082.doc]
09-19 10:50:56.825 D/ContentResolverUtil( 3032): Is [content://com.google.android.apps.docs.storage.legacy/enc%3D26YWZDWQiKzColbO8qEOQfsDRkAJdQYcxKfsVJWOYKwFMV7B%0A] a documents uri? false
09-19 10:50:56.838 D/com.google.android.apps.docs.quickoffice.X( 3032): 4 items were valid
09-19 10:50:56.860 I/UpdateIcingCorporaServi(31277): UpdateCorporaTask done [took 646 ms] updated apps [took 646 ms] 
09-19 10:50:56.883 W/ActivityManager( 1207): getRunningAppProcesses: caller 10123 does not hold REAL_GET_TASKS; limiting output
09-19 10:50:56.884 D/EN      ( 3182): MemoryMapAppender.ctor()
09-19 10:50:56.991 D/EN      ( 3182): MemoryMapAppender.ctor-end()
09-19 10:50:56.998 D/EN      ( 3182): [EvernoteProvider] - Provider+++++onCreate()
09-19 10:50:57.040 I/ReleaseProperties( 3182): Current app is: evernote
09-19 10:50:57.042 I/ReleaseProperties( 3182): propFile: release is now loaded
09-19 10:50:57.046 I/ReleaseProperties( 3182): propFile: play is now loaded
09-19 10:50:57.049 I/ReleaseProperties( 3182): propFile: base is now loaded
09-19 10:50:57.050 I/ReleaseProperties( 3182): propFile: override is now loaded
09-19 10:50:57.134 D/MarketUtils( 3182): isPackageInstalled() - com.android.vending is installed
09-19 10:50:57.135 D/MarketUtils( 3182): isPackageInstalled() - com.android.vending is installed
09-19 10:50:57.136 D/MarketUtils( 3182): isPackageInstalled() - com.android.vending is installed
09-19 10:50:57.136 D/MarketUtils( 3182): isPackageInstalled() - com.android.vending is installed
09-19 10:50:57.136 I/ReleaseProperties( 3182): ReleaseProperties: 
09-19 10:50:57.136 I/ReleaseProperties( 3182):   bundleName=google-play
09-19 10:50:57.136 I/ReleaseProperties( 3182):   revision=AM_714_1056
09-19 10:50:57.136 I/ReleaseProperties( 3182):   type=public
09-19 10:50:57.136 I/ReleaseProperties( 3182):   gitHash=57d8673350b0ca9513473b7b57158df492f67be6
09-19 10:50:57.136 I/ReleaseProperties( 3182):   baseSearchUri=market://search?q=
09-19 10:50:57.137 D/MarketUtils( 3182): isPackageInstalled() - com.android.vending is installed
09-19 10:50:57.145 D/MarketUtils( 3182): isPackageInstalled() - com.android.vending is installed
09-19 10:50:57.145 D/EN      ( 3182): [d] - AccountManager()::userIds=93141267
09-19 10:50:57.149 D/ReleaseProperties( 3182): getReferralPersistencePath():: old=false:: path=/storage/emulated/0/.enref
09-19 10:50:57.151 I/ReleaseProperties( 3182): From file referralCode=android
09-19 10:50:57.159 D/EN      ( 3182): [b] - creating new AccountInfo()::userId93141267
09-19 10:50:57.233 D/EN      ( 3182): [d] - AccountManager()::adding account::93141267::sdhandharia
09-19 10:50:57.233 D/EN      ( 3182): [d] - AccountManager()::count=1
09-19 10:50:57.241 D/MarketUtils( 3182): isPackageInstalled() - com.android.vending is installed
09-19 10:50:57.242 D/MarketUtils( 3182): isPackageInstalled() - com.android.vending is installed
09-19 10:50:57.247 D/MarketUtils( 3182): isPackageInstalled() - com.android.vending is installed
09-19 10:50:57.248 D/MarketUtils( 3182): isPackageInstalled() - com.android.vending is installed
09-19 10:50:57.255 D/EN      ( 3182): [d] - initialized:
09-19 10:50:57.258 D/EN      ( 3182): [b] - getInstance()::
09-19 10:50:57.261 D/EN      ( 3182): [am] - Register SD Card Receiver ++++++++++++++++++++
09-19 10:50:57.263 D/EN      ( 3182): [am] - checkForRecentUnmount() end
09-19 10:50:57.263 D/EN      ( 3182): [b] - locale is set=en_IN
09-19 10:50:57.263 D/EN      ( 3182): [b] - isDBONSDcard()=true
09-19 10:50:57.265 I/EN      ( 3182): [am] - getSDCardStatus()::mounted::noStorageText=null
09-19 10:50:57.266 D/EN      ( 3182): [b] - isDBFileChanged()::lastFilePath in pref=/data/data/com.evernote/files/user-93141267/.external-1431679107994-Evernote.db
09-19 10:50:57.268 E/EN      ( 3182): [b] - isDBFileChanged()::+++++++++lastFilePath exists/data/data/com.evernote/files/user-93141267/.external-1431679107994-Evernote.db
09-19 10:50:57.268 D/EN      ( 3182): [b] - getInstance()::DBFile NOT Changed
09-19 10:50:57.269 D/EN      ( 3182): [b] - isDBONSDcard()=true
09-19 10:50:57.269 D/EN      ( 3182): [b] - moveToSDcard()::start::Evernote.DB_ON_SDCARD=true
09-19 10:50:57.270 D/EN      ( 3182): [b] - isDBONSDcard()=true
09-19 10:50:57.270 E/EN      ( 3182): [b] - isLastDBFileOnSDCard()::+++++++++++lastFilePath exists/data/data/com.evernote/files/user-93141267/.external-1431679107994-Evernote.db
09-19 10:50:57.270 D/EN      ( 3182): [b] - isDBONSDcard()=true
09-19 10:50:57.271 D/EN      ( 3182): [b] - getDBfilePath()::++++++++++++++++lastFilePath from preferences/data/data/com.evernote/files/user-93141267/.external-1431679107994-Evernote.db
09-19 10:50:57.271 E/EN      ( 3182): [b] - getDBfilePath()::++++++++++++++++lastFilePath exists/data/data/com.evernote/files/user-93141267/.external-1431679107994-Evernote.db
09-19 10:50:57.272 D/EN      ( 3182): [EvernoteProvider] - cleanupOldThumbnailsIfNeeded()
09-19 10:50:57.340 D/MarketUtils( 3182): isPackageInstalled() - com.android.vending is installed
09-19 10:50:57.341 D/MarketUtils( 3182): isPackageInstalled() - com.android.vending is installed
09-19 10:50:57.343 W/ActivityManager( 1207): getRunningAppProcesses: caller 10123 does not hold REAL_GET_TASKS; limiting output
09-19 10:50:57.343 D/EN      ( 3182): [b] - isDBONSDcard()=true
09-19 10:50:57.344 D/EN      ( 3182): [Evernote] - VERSION_CODE: 1071403
09-19 10:50:57.345 D/MarketUtils( 3182): isPackageInstalled() - com.android.vending is installed
09-19 10:50:57.379 D/HockeyAppCrash( 3182): Current handler class = com.android.internal.os.RuntimeInit$UncaughtHandler
09-19 10:50:57.379 D/HockeyAppCrash( 3182): Looking for exceptions in: /data/data/com.evernote/files
09-19 10:50:57.380 D/HockeyAppCrash( 3182): Looking for exceptions in: /data/data/com.evernote/files
09-19 10:50:57.380 D/EN      ( 3182): [fa] - registered crash manager
09-19 10:50:57.383 D/HockeyAppNonFatal( 3182): Looking for exceptions in: /data/data/com.evernote/files/.nonFatalExceptions
09-19 10:50:57.384 D/HockeyAppNonFatal( 3182): Looking for exceptions in: /data/data/com.evernote/files/.nonFatalExceptions
09-19 10:50:57.385 D/EN      ( 3182): [fa] - registered nonfatal exception manager
09-19 10:50:57.386 D/EN      ( 3182): [e] - onApplicationStart()
09-19 10:50:57.456 D/EN      ( 3182): [e] - onApplicationStart() -- loader thread
09-19 10:50:57.456 D/EN      ( 3182): [e] - pushDataLayerValues(), pushing user-id ending in 7
09-19 10:50:57.461 D/EN      ( 3182): [n] - hasCrashedDuringSvg(): Number of SVGs = 0
09-19 10:50:57.462 D/EN      ( 3182): [Evernote] - SVG crash count:0
09-19 10:50:57.473 D/MarketUtils( 3182): isPackageInstalled() - com.android.vending is installed
09-19 10:50:57.475 D/MarketUtils( 3182): isPackageInstalled() - com.android.vending is installed
09-19 10:50:57.478 I/ActivityManager( 1207): Killing 2930:com.android.defcontainer/u0a12 (adj 15): empty #7
09-19 10:50:57.531 D/EN      ( 3182): [b] - isUserBusiness()::userBusinessId=0
09-19 10:50:57.537 I/EN      ( 3182): [ff] - Screen size is normal density is x-high
09-19 10:50:57.538 I/EN      ( 3182): [ff] - Display size: width=720 height=1184
09-19 10:50:57.538 I/EN      ( 3182): [ff] - Display size: xDpi=326.571 yDpi=328.404 scaleFactor=2.0
09-19 10:50:57.540 D/EN      ( 3182): [ff] - isTablet() height=1184 width=720 longestSide=1184
09-19 10:50:57.540 D/EN      ( 3182): [ff] - isTablet() - Resolution is too low (1184) density (x-high), so should not run tablet mode
09-19 10:50:57.541 D/EN      ( 3182): [ff] - Calculated screen dimensions: height=3.6053154 width=2.2047272
09-19 10:50:57.542 D/EN      ( 3182): [ff] - isTablet() - physical size is too small (4.2260053689070824 inch screen), so should not run tablet mode
09-19 10:50:57.542 D/EN      ( 3182): [ff] - isTablet() result=false  ########################
09-19 10:50:57.544 D/MarketUtils( 3182): isPackageInstalled() - com.android.vending is installed
09-19 10:50:57.545 D/MarketUtils( 3182): isPackageInstalled() - com.android.vending is installed
09-19 10:50:57.546 D/MarketUtils( 3182): isPackageInstalled() - com.android.vending is installed
09-19 10:50:57.557 D/EN      ( 3182): [em] - refreshFields(): mNumGlobalSessions:28
09-19 10:50:57.557 D/EN      ( 3182): [em] - initialized:
09-19 10:50:57.569 D/EN      ( 3182): [e] - 	loading saved values from internal storage
09-19 10:50:57.682 E/WifiStateMachine( 1207): WifiStateMachine CMD_START_SCAN source -2 txSuccessRate=6.48 rxSuccessRate=6.06 targetRoamBSSID=any RSSI=-42
09-19 10:50:57.682 E/WifiStateMachine( 1207): startDelayedScan send -> 3811 milli 20000
09-19 10:50:57.682 E/WifiStateMachine( 1207): WifiStateMachine CMD_START_SCAN with age=58202 interval=20000 maxinterval=300000
09-19 10:50:57.682 E/WifiStateMachine( 1207): WifiStateMachine CMD_START_SCAN try full band scan age=58202 interval=20000 maxinterval=300000
09-19 10:50:57.682 E/WifiStateMachine( 1207): WifiStateMachine CMD_START_SCAN full=true
09-19 10:50:57.682 E/WifiStateMachine( 1207): WifiStateMachine CMD_START_SCAN bump interval =30000
09-19 10:50:57.684 E/WifiStateMachine( 1207): [1,442,677,857,684 ms] noteScanstart no scan source uid -2
09-19 10:50:57.694 V/ApplicationReceiver(31113): 2015-09-19 15:50:57-null-Application install message is received ver:1.1.8
09-19 10:50:57.695 V/ApplicationReceiver(31113): 2015-09-19 15:50:57-null-Installing:package:dpatel96_a2.cs442.com.activitylifecycle ver:1.1.8
09-19 10:50:57.728 I/ActivityManager( 1207): Start proc 3241:com.cleanmaster.mguard/u0a113 for broadcast com.cleanmaster.mguard/com.ijinshan.cleaner.receiver.UninstallBroadcastReceiver
09-19 10:50:57.866 I/Icing   (31057): Indexing 0555DD9D1AC95860C2945578AD9A7ECEE0FE1620 from com.google.android.googlequicksearchbox
09-19 10:50:57.941 D/Icing   (31057): Loaded CLD2 Version V2.0 - 20141016
09-19 10:50:58.049 I/Icing   (31057): Indexing done 0555DD9D1AC95860C2945578AD9A7ECEE0FE1620
09-19 10:50:58.120 D/SubDex  ( 3241): Start of the Loading 1442677858120
09-19 10:50:58.124 I/SubDex  ( 3241): code_cache : /data/data/com.cleanmaster.mguard/code_cache
09-19 10:50:58.131 D/TCMD    (  485): NL - Read 56 bytes from update socket.
09-19 10:50:58.131 D/TCMD    (  485): NL - message type is RTM_NEWLINK
09-19 10:50:58.131 D/TCMD    (  485): Listening for incoming client connection request
09-19 10:50:58.132 E/WifiStateMachine( 1207): [1,442,677,858,132 ms] noteScanEnd no scan source onTime=0
09-19 10:50:58.143 E/WifiStateMachine( 1207): wifi setScanResults statecom.android.server.wifi.WifiStateMachine$ConnectedState@8a35deb sup_state=COMPLETED debouncing=false mConnectionRequests=1 selection=<none>
09-19 10:50:58.149 I/SubDex  ( 3241): Sub DEX EXT : .dex
09-19 10:50:58.216 I/SubDex  ( 3241): zipfile has dex list : 2
09-19 10:50:58.216 D/SubDex  ( 3241): for android 5.0+ version! No need do custom subdex load.
09-19 10:50:58.216 D/MainEntry( 3241): loadSecondaryDexTime 110
09-19 10:50:58.319 W/Settings( 3241): Setting android_id has moved from android.provider.Settings.System to android.provider.Settings.Secure, returning read-only value.
09-19 10:50:58.331 V/IPC     ( 3241): Current service version 51083402, last check version 51083402
09-19 10:50:58.631 W/ActivityManager( 1207): Unable to start service Intent { act=com.cleanmaster.api.RT_ACCESS cmp=com.cmcm.skey/com.cmcm.rtstub.RTApiService } U=0: not found
09-19 10:50:58.631 W/ActivityManager( 1207): Unable to start service Intent { act=com.cleanmaster.api.RT_ACCESS cmp=com.cmcm.rtstub/.RTApiService } U=0: not found
09-19 10:50:58.699 D/show    ( 3241): read firstrelease/release_text from assets
09-19 10:50:58.759 W/linker  ( 3241): libkcmutil.so has text relocations. This is wasting memory and prevents security hardening. Please fix.
09-19 10:50:58.851 E/MainEntry( 3241): App Start Time : 760ms
09-19 10:50:58.853 E/MainEntry( 3241): PathList : #0 File:/data/app/com.cleanmaster.mguard-1/base.apk
09-19 10:50:58.983 D/CMBaseReceiver( 3241): com.ijinshan.cleaner.receiver.UninstallBroadcastReceiver 130ms
09-19 10:50:58.999 D/BatteryService( 1207): uevent={POWER_SUPPLY_TEMP=290, POWER_SUPPLY_STATUS=Charging, POWER_SUPPLY_CAPACITY=66, ACTION=change, DEVPATH=/devices/qpnp-charger-e4a3ba00/power_supply/battery, POWER_SUPPLY_VOLTAGE_OCV=-22, POWER_SUPPLY_ONLINE=1, SUBSYSTEM=power_supply, POWER_SUPPLY_NUM_SYSTEM_TEMP_LEVELS=4, POWER_SUPPLY_INPUT_CURRENT_MAX=500000, POWER_SUPPLY_VOLTAGE_MAX_DESIGN=4350000, POWER_SUPPLY_CHARGE_FULL=2018000, POWER_SUPPLY_NAME=battery, POWER_SUPPLY_VOLTAGE_MIN_DESIGN=4300000, POWER_SUPPLY_VOLTAGE_MIN=4300000, POWER_SUPPLY_HEALTH=Good, POWER_SUPPLY_CYCLE_COUNT=9, POWER_SUPPLY_TECHNOLOGY=Li-ion, POWER_SUPPLY_CHARGE_TYPE=Fast, POWER_SUPPLY_PRESENT=1, POWER_SUPPLY_INPUT_CURRENT_SETTLED=0, POWER_SUPPLY_MODEL_NAME=UNKNOWN, POWER_SUPPLY_VOLTAGE_NOW=4039503, SEQNUM=101991, POWER_SUPPLY_TEMP_WARM=450, POWER_SUPPLY_TEMP_COOL=0, POWER_SUPPLY_CHARGE_FULL_DESIGN=2022000, POWER_SUPPLY_CURRENT_NOW=-129317, POWER_SUPPLY_CHARGE_COUNTER=-224623, POWER_SUPPLY_SYSTEM_TEMP_LEVEL=0, POWER_SUPPLY_INPUT_CURRENT_TRIM=31, POWER_SUPPLY_VOLTAGE_EMPTY=3200000, POWER_SUPPLY_CHARGE_RATE=Normal, POWER_SUPPLY_INPUT_VOLTAGE_REGULATION=0, POWER_SUPPLY_CHARGING_ENABLED=1}
09-19 10:50:59.030 W/Settings( 3241): Setting android_id has moved from android.provider.Settings.System to android.provider.Settings.Secure, returning read-only value.
09-19 10:50:59.035 I/cm.log.servpro( 8910): [InstallMonitorReceiver][D]/ scanRemainFile: dpatel96_a2.cs442.com.activitylifecycle false
09-19 10:50:59.037 I/cm.log.servpro( 8910): [InstallMonitorReceiver][D]/ startScan
09-19 10:50:59.055 W/ctxmgr  ( 2792): [PowerConnectionState]Got same value as before for power connection (Plug state: 2 BatteryLevel: 0.66)
09-19 10:50:59.059 W/System.err( 3241): Commons.readAssetsFileLineString :cn2
09-19 10:50:59.072 I/cm.log.servpro( 8910): [ScanRequestCallback][D]/ setStatus: SCANNING
09-19 10:50:59.077 I/cm.log.servpro( 8910): [SFLS]/ ChkSparseFileLimitSize:20971520
09-19 10:50:59.080 I/cm.log.servpro( 8910): [VerInfo]/ CMVersion: 51083402 msver: 1509180728 Root: false TaskName: JunkEngine
09-19 10:50:59.081 I/cm.log.servpro( 8910): [JunkEngine][D]/ Scan_std : JunkScan Start Scan
09-19 10:50:59.081 D/CMBaseReceiver( 8910): com.cleanmaster.security.scan.InstallMonitorReceiver 68ms
09-19 10:50:59.123 I/AppCategory( 8910): dpatel96_a2.cs442.com.activitylifecycle: unknown
09-19 10:50:59.129 W/ctxmgr  ( 2792): [PowerConnectionState]Got same value as before for power connection (Plug state: 2 BatteryLevel: 0.66)
09-19 10:50:59.131 I/KLog.INFO( 3241): [3241-3241] [alone] monitor service connected [ com.cleanmaster.phototrims.cmcm.cloud.engine.ui.h.onServiceConnected(KMonitorEngineWrapper.java:123) ] 
09-19 10:50:59.229 I/cm.log.servpro( 8910): [TB]/ (7655)(A)start: ApkScanTask
09-19 10:50:59.247 D/CMBaseReceiver( 8910): com.cleanmaster.ui.game.sdk_evasion.InstallMonitorReceiver 0ms
09-19 10:50:59.269 I/art     ( 8910): Note: end time exceeds epoch: 
09-19 10:50:59.294 I/ConfigService(21945): onDestroy
09-19 10:50:59.340 W/ActivityManager( 1207): getTasks: caller 10113 does not hold REAL_GET_TASKS; limiting output
09-19 10:50:59.439 I/MotoNetwCtrlr.MotoWifiHndlr( 2017): handleMessage: Entered msg.what=1
09-19 10:50:59.439 I/MotoNetwCtrlr.MotorolaWifiSignalController( 2017): isDirty: returns true
09-19 10:50:59.439 I/MotoNetwCtrlr.MotorolaWifiSignalController( 2017): notifyListeners: calling SB [0] setWifiIndicators (Motorola api): UseMotoUI=true Vis=true SBSig=0x7f02014c=stat_sys_wifi_signal_4_fully SBAct=( none ) DescSig="Wi-Fi signal full." DescAct="wifi in and out" NetName=""IIT-Secure""
09-19 10:50:59.445 I/MotoNetwCtrlr.MotorolaWifiSignalController( 2017): notifyListeners: calling SB [1] setWifiIndicators (Motorola api): UseMotoUI=true Vis=true SBSig=0x7f02014c=stat_sys_wifi_signal_4_fully SBAct=( none ) DescSig="Wi-Fi signal full." DescAct="wifi in and out" NetName=""IIT-Secure""
09-19 10:50:59.445 I/MotoNetwCtrlr.MotorolaWifiSignalController( 2017): notifyListeners: calling SB [2] setWifiIndicators (Motorola api): UseMotoUI=true Vis=true SBSig=0x7f02014c=stat_sys_wifi_signal_4_fully SBAct=( none ) DescSig="Wi-Fi signal full." DescAct="wifi in and out" NetName=""IIT-Secure""
09-19 10:50:59.447 I/MotoNetwCtrlr.MotoWifiHndlr( 2017): handleMessage: Completed
09-19 10:50:59.478 I/MotoNetwCtrlr( 2017): onReceive: Received intent=Intent { act=android.net.wifi.RSSI_CHANGED flg=0x4000010 (has extras) } Action=android.net.wifi.RSSI_CHANGED
09-19 10:50:59.478 I/MotoNetwCtrlr.MotoWifiSignalCtrlr( 2017): handleBroadcast: Entered: Intent=Intent { act=android.net.wifi.RSSI_CHANGED flg=0x4000010 (has extras) } Action=android.net.wifi.RSSI_CHANGED
09-19 10:50:59.478 I/MotoNetwCtrlr.MotorolaWifiSignalController( 2017): isDirty: returns false
09-19 10:50:59.478 I/MotoNetwCtrlr.MotoWifiSignalCtrlr( 2017): handleBroadcast: Completed
09-19 10:50:59.478 I/MotoNetwCtrlr( 2017): onReceive: Completed intent=Intent { act=android.net.wifi.RSSI_CHANGED flg=0x4000010 (has extras) } Action=android.net.wifi.RSSI_CHANGED
09-19 10:50:59.503 I/ActivityManager( 1207): Killing 2980:com.google.android.partnersetup/u0a25 (adj 15): empty #7
09-19 10:50:59.592 D/EN      ( 3182): [b] - onOpen()+++++++++
09-19 10:50:59.623 I/cm.log.servpro( 8910): [APKS]/ Find apks:0
09-19 10:50:59.626 D/EN      ( 3182): [b] - isUserBusiness()::userBusinessId=0
09-19 10:50:59.626 I/cm.log.servpro( 8910): [taskTime]/ finum=0&size=0&api=0&fonum=0&finum_total=4413&scanid=1716331370&stime=395&etype=0&user=1&first=0&ftime=0&fonum_total=231&stype=8&brand=&net_time_cfg=0&model=
09-19 10:50:59.646 D/EN      ( 3182): [b] - isUserBusiness()::userBusinessId=0
09-19 10:50:59.647 W/Settings( 3241): Setting android_id has moved from android.provider.Settings.System to android.provider.Settings.Secure, returning read-only value.
09-19 10:50:59.650 D/EN      ( 3182): [b] - isUserBusiness()::userBusinessId=0
09-19 10:50:59.663 D/EN      ( 3182): [p] - scheduleSyncAlarmIfApplicable()
09-19 10:50:59.677 I/EN      ( 3182): [p] - Jitter, max=1200000::interval=3600000::jitter=186692
09-19 10:50:59.678 I/EN      ( 3182): [p] - Scheduling for 3186 seconds
09-19 10:50:59.685 I/cm.log.servpro( 8910): [JunkEngine][D]/ Scan_std : Junk Scan End
09-19 10:50:59.687 I/cm.log.servpro( 8910): [TB]/ (7655)(A)end: ApkScanTask
09-19 10:50:59.688 I/cm.log.servpro( 8910): [InstallMonitorReceiver][D]/ OnScanApkFinsh
09-19 10:50:59.782 I/EN      ( 3182): [ay] - Copying to /data/data/com.evernote/files/user-93141267/Temp/.note_script.js
09-19 10:50:59.786 I/EN      ( 3182): [ay] - Copied totalLength=30880
09-19 10:50:59.802 I/EN      ( 3182): [ay] - Copying to /data/data/com.evernote/files/user-93141267/Temp/.edit_note_script.js
09-19 10:50:59.803 I/EN      ( 3182): [ay] - Copied totalLength=779
09-19 10:50:59.831 D/EN      ( 3182): [BillingUtil] - checking if billing supported
09-19 10:50:59.890 I/EN      ( 3182): [c] - ENAndroidBilling:Application starting, user is LOGGED in,check if user has pending transactions
09-19 10:50:59.890 D/EN      ( 3182): [c] - ENAndroidBilling:loadTransactions:loading transactions
09-19 10:50:59.938 D/EN      ( 3182): [BillingUtil] - Billing: bound to IAP-3
09-19 10:50:59.941 D/WifiService( 1207): New client listening to asynchronous messages
09-19 10:50:59.945 D/EN      ( 3182): [c] - ENAndroidBilling:loadTransactions:total transactions found = 0
09-19 10:50:59.950 D/MarketUtils( 3182): isPackageInstalled() - com.android.vending is installed
09-19 10:51:00.000 V/AlarmManager( 1207): sending alarm {1d13ff10 type 3 *alarm*:android.intent.action.TIME_TICK}
09-19 10:51:00.010 D/Finsky  ( 1745): [37030] InAppBillingUtils.pickAccount: com.evernote: Account determined from installer data - [6obEpOftlFqgV9U-nl-Qt2GDud0]
09-19 10:51:00.028 D/EN      ( 3182): [BillingUtil] - Billing: bound to IAP-3 supports subs
09-19 10:51:00.039 V/AlarmManager( 1207): done {1d13ff10, *alarm*:android.intent.action.TIME_TICK} [39ms]
09-19 10:51:00.048 D/EN      ( 3182): [BillingUtil] - Billing:checkForIncompleteGooglePurchase bound to IAP-3
09-19 10:51:00.048 I/EN      ( 3182): [BillingUtil] - Billing Application starting, user is LOGGED, check for transactions
09-19 10:51:00.053 I/EN      ( 3182): [BillingUtil] - Billing no need to check transaction at google play
09-19 10:51:00.396 I/art     ( 1207): Explicit concurrent mark sweep GC freed 30105(1480KB) AllocSpace objects, 3(48KB) LOS objects, 30% free, 36MB/52MB, paused 2.242ms total 220.061ms
09-19 10:51:00.498 E/cpu_temp( 8910): MSG_ON_WATCH_CURRENT
09-19 10:51:00.494 W/BackgroundThrea( 8930): type=1400 audit(0.0:30631): avc: denied { search } for uid=10113 name="thermal" dev="sysfs" ino=7438 scontext=u:r:untrusted_app:s0 tcontext=u:object_r:sysfs_thermal:s0 tclass=dir permissive=0
09-19 10:51:01.441 I/MotoNetwCtrlr.MotoWifiHndlr( 2017): handleMessage: Entered msg.what=1
09-19 10:51:01.441 I/MotoNetwCtrlr.MotorolaWifiSignalController( 2017): isDirty: returns true
09-19 10:51:01.442 I/MotoNetwCtrlr.MotorolaWifiSignalController( 2017): notifyListeners: calling SB [0] setWifiIndicators (Motorola api): UseMotoUI=true Vis=true SBSig=0x7f02014c=stat_sys_wifi_signal_4_fully SBAct=( none ) DescSig="Wi-Fi signal full." DescAct="wifi out" NetName=""IIT-Secure""
09-19 10:51:01.445 I/MotoNetwCtrlr.MotorolaWifiSignalController( 2017): notifyListeners: calling SB [1] setWifiIndicators (Motorola api): UseMotoUI=true Vis=true SBSig=0x7f02014c=stat_sys_wifi_signal_4_fully SBAct=( none ) DescSig="Wi-Fi signal full." DescAct="wifi out" NetName=""IIT-Secure""
09-19 10:51:01.446 I/MotoNetwCtrlr.MotorolaWifiSignalController( 2017): notifyListeners: calling SB [2] setWifiIndicators (Motorola api): UseMotoUI=true Vis=true SBSig=0x7f02014c=stat_sys_wifi_signal_4_fully SBAct=( none ) DescSig="Wi-Fi signal full." DescAct="wifi out" NetName=""IIT-Secure""
09-19 10:51:01.448 I/MotoNetwCtrlr.MotoWifiHndlr( 2017): handleMessage: Completed
09-19 10:51:02.446 I/MotoNetwCtrlr.MotoWifiHndlr( 2017): handleMessage: Entered msg.what=1
09-19 10:51:02.448 I/MotoNetwCtrlr.MotorolaWifiSignalController( 2017): isDirty: returns true
09-19 10:51:02.449 I/MotoNetwCtrlr.MotorolaWifiSignalController( 2017): notifyListeners: calling SB [0] setWifiIndicators (Motorola api): UseMotoUI=true Vis=true SBSig=0x7f02014c=stat_sys_wifi_signal_4_fully SBAct=( none ) DescSig="Wi-Fi signal full." DescAct="wifi idle" NetName=""IIT-Secure""
09-19 10:51:02.461 I/MotoNetwCtrlr.MotorolaWifiSignalController( 2017): notifyListeners: calling SB [1] setWifiIndicators (Motorola api): UseMotoUI=true Vis=true SBSig=0x7f02014c=stat_sys_wifi_signal_4_fully SBAct=( none ) DescSig="Wi-Fi signal full." DescAct="wifi idle" NetName=""IIT-Secure""
09-19 10:51:02.462 I/MotoNetwCtrlr.MotorolaWifiSignalController( 2017): notifyListeners: calling SB [2] setWifiIndicators (Motorola api): UseMotoUI=true Vis=true SBSig=0x7f02014c=stat_sys_wifi_signal_4_fully SBAct=( none ) DescSig="Wi-Fi signal full." DescAct="wifi idle" NetName=""IIT-Secure""
09-19 10:51:02.464 I/MotoNetwCtrlr.MotoWifiHndlr( 2017): handleMessage: Completed
09-19 10:51:02.499 I/MotoNetwCtrlr( 2017): onReceive: Received intent=Intent { act=android.net.wifi.RSSI_CHANGED flg=0x4000010 (has extras) } Action=android.net.wifi.RSSI_CHANGED
09-19 10:51:02.499 I/MotoNetwCtrlr.MotoWifiSignalCtrlr( 2017): handleBroadcast: Entered: Intent=Intent { act=android.net.wifi.RSSI_CHANGED flg=0x4000010 (has extras) } Action=android.net.wifi.RSSI_CHANGED
09-19 10:51:02.499 I/MotoNetwCtrlr.MotorolaWifiSignalController( 2017): isDirty: returns false
09-19 10:51:02.499 I/MotoNetwCtrlr.MotoWifiSignalCtrlr( 2017): handleBroadcast: Completed
09-19 10:51:02.499 I/MotoNetwCtrlr( 2017): onReceive: Completed intent=Intent { act=android.net.wifi.RSSI_CHANGED flg=0x4000010 (has extras) } Action=android.net.wifi.RSSI_CHANGED
09-19 10:51:05.505 E/cpu_temp( 8910): MSG_ON_WATCH_CURRENT
09-19 10:51:05.494 W/BackgroundThrea( 8930): type=1400 audit(0.0:30632): avc: denied { search } for uid=10113 name="thermal" dev="sysfs" ino=7438 scontext=u:r:untrusted_app:s0 tcontext=u:object_r:sysfs_thermal:s0 tclass=dir permissive=0
09-19 10:51:05.520 I/MotoNetwCtrlr( 2017): onReceive: Received intent=Intent { act=android.net.wifi.RSSI_CHANGED flg=0x4000010 (has extras) } Action=android.net.wifi.RSSI_CHANGED
09-19 10:51:05.520 I/MotoNetwCtrlr.MotoWifiSignalCtrlr( 2017): handleBroadcast: Entered: Intent=Intent { act=android.net.wifi.RSSI_CHANGED flg=0x4000010 (has extras) } Action=android.net.wifi.RSSI_CHANGED
09-19 10:51:05.521 I/MotoNetwCtrlr.MotorolaWifiSignalController( 2017): isDirty: returns false
09-19 10:51:05.521 I/MotoNetwCtrlr.MotoWifiSignalCtrlr( 2017): handleBroadcast: Completed
09-19 10:51:05.521 I/MotoNetwCtrlr( 2017): onReceive: Completed intent=Intent { act=android.net.wifi.RSSI_CHANGED flg=0x4000010 (has extras) } Action=android.net.wifi.RSSI_CHANGED
09-19 10:51:07.118 V/WindowManager( 1207): IKSWL-6868 finishPostLayoutPolicyLw: mHideKeyguard=false mDismissKeyguard=0
09-19 10:51:07.118 V/WindowManager( 1207): IKSWL-6868 setKeyguardOccludedLw isOccluded=false wasOccluded=true showing=false
09-19 10:51:07.142 D/Lifecycle_dpatel96( 3071): 4: onPause() called:
09-19 10:51:07.146 V/WindowManager( 1207): IKSWL-6868 finishPostLayoutPolicyLw: mHideKeyguard=false mDismissKeyguard=0
09-19 10:51:07.146 V/WindowManager( 1207): IKSWL-6868 setKeyguardOccludedLw isOccluded=false wasOccluded=true showing=false
09-19 10:51:07.159 V/WindowManager( 1207): IKSWL-6868 finishPostLayoutPolicyLw: mHideKeyguard=false mDismissKeyguard=0
09-19 10:51:07.159 V/WindowManager( 1207): IKSWL-6868 setKeyguardOccludedLw isOccluded=false wasOccluded=true showing=false
09-19 10:51:07.389 V/WindowManager( 1207): IKSWL-6868 finishPostLayoutPolicyLw: mHideKeyguard=false mDismissKeyguard=0
09-19 10:51:07.389 V/WindowManager( 1207): IKSWL-6868 setKeyguardOccludedLw isOccluded=false wasOccluded=true showing=false
09-19 10:51:07.407 I/SFPerfTracer(  262):      triggers: (rate: 1387:81475) (compose: 0:98) (post: 0:26) (render: 275:5852) (14:1434621 frames) (15:1523426)
09-19 10:51:07.407 D/SFPerfTracer(  262):        layers: (4:12) (FocusedStackFrame (0xb72b2cb0): 1:7108)* (DimLayer (0xb72b5890): 0:144)* (DimLayer (0xb725d468): 0:13)* (DimLayer (0xb7305040): 0:2731)* (DimLayer (0xb7307448): 0:1470)* (StatusBar (0xb7260df8): 0:102072) (com.android.systemui.ImageWallpaper (0xb72d4f28): 0:546)* ( (0xb7317060): 0:105) (NavigationBar (0xb72d31f8): 15:247) (com.android.launcher/com.android.launcher2.Launcher (0xb72d7310): 0:174)- (Starting dpatel96_a2.cs442.com.activitylifecycle (0xb730f438): 0:38)- (dpatel96_a2.cs442.com.activitylifecycle/dpatel96_a2.cs442.com.activitylifecycle.MainActivity (0xb72d7310): 2:20) 
09-19 10:51:07.438 V/WindowManager( 1207): IKSWL-6868 finishPostLayoutPolicyLw: mHideKeyguard=false mDismissKeyguard=0
09-19 10:51:07.438 V/WindowManager( 1207): IKSWL-6868 setKeyguardOccludedLw isOccluded=false wasOccluded=true showing=false
09-19 10:51:07.458 V/WindowManager( 1207): IKSWL-6868 finishPostLayoutPolicyLw: mHideKeyguard=false mDismissKeyguard=0
09-19 10:51:07.458 V/WindowManager( 1207): IKSWL-6868 setKeyguardOccludedLw isOccluded=false wasOccluded=true showing=false
09-19 10:51:07.458 V/WindowManager( 1207): IKSWL-6868 finishPostLayoutPolicyLw: mHideKeyguard=false mDismissKeyguard=0
09-19 10:51:07.458 V/WindowManager( 1207): IKSWL-6868 setKeyguardOccludedLw isOccluded=false wasOccluded=true showing=false
09-19 10:51:07.462 V/WindowManager( 1207): IKSWL-6868 finishPostLayoutPolicyLw: mHideKeyguard=false mDismissKeyguard=0
09-19 10:51:07.462 V/WindowManager( 1207): IKSWL-6868 setKeyguardOccludedLw isOccluded=false wasOccluded=true showing=false
09-19 10:51:07.462 I/Keyboard.Facilitator( 2161): onFinishInput()
09-19 10:51:07.464 V/WindowManager( 1207): IKSWL-6868 finishPostLayoutPolicyLw: mHideKeyguard=false mDismissKeyguard=0
09-19 10:51:07.464 V/WindowManager( 1207): IKSWL-6868 setKeyguardOccludedLw isOccluded=false wasOccluded=true showing=false
09-19 10:51:07.467 V/WindowManager( 1207): IKSWL-6868 finishPostLayoutPolicyLw: mHideKeyguard=false mDismissKeyguard=0
09-19 10:51:07.467 V/WindowManager( 1207): IKSWL-6868 setKeyguardOccludedLw isOccluded=false wasOccluded=true showing=false
09-19 10:51:07.478 I/MotoNetwCtrlr.MotoWifiHndlr( 2017): handleMessage: Entered msg.what=1
09-19 10:51:07.478 I/MotoNetwCtrlr.MotorolaWifiSignalController( 2017): isDirty: returns true
09-19 10:51:07.478 I/MotoNetwCtrlr.MotorolaWifiSignalController( 2017): notifyListeners: calling SB [0] setWifiIndicators (Motorola api): UseMotoUI=true Vis=true SBSig=0x7f02014c=stat_sys_wifi_signal_4_fully SBAct=( none ) DescSig="Wi-Fi signal full." DescAct="wifi in" NetName=""IIT-Secure""
09-19 10:51:07.481 I/MotoNetwCtrlr.MotorolaWifiSignalController( 2017): notifyListeners: calling SB [1] setWifiIndicators (Motorola api): UseMotoUI=true Vis=true SBSig=0x7f02014c=stat_sys_wifi_signal_4_fully SBAct=( none ) DescSig="Wi-Fi signal full." DescAct="wifi in" NetName=""IIT-Secure""
09-19 10:51:07.482 I/MotoNetwCtrlr.MotorolaWifiSignalController( 2017): notifyListeners: calling SB [2] setWifiIndicators (Motorola api): UseMotoUI=true Vis=true SBSig=0x7f02014c=stat_sys_wifi_signal_4_fully SBAct=( none ) DescSig="Wi-Fi signal full." DescAct="wifi in" NetName=""IIT-Secure""
09-19 10:51:07.483 I/MotoNetwCtrlr.MotoWifiHndlr( 2017): handleMessage: Completed
09-19 10:51:07.706 V/AlarmManager( 1207): sending alarm {3582fa1a type 2 *walarm*:com.facebook.push.mqtt.keepalive.KeepaliveManager.ACTION_INEXACT_ALARM.com.facebook.katana}
09-19 10:51:07.708 V/AlarmManager( 1207): sending alarm {3edfcd88 type 2 *walarm*:com.facebook.push.mqtt.e.b.ACTION_INEXACT_ALARM.com.facebook.orca}
09-19 10:51:07.708 V/AlarmManager( 1207): sending alarm {f2b109b type 3 *alarm*:com.google.android.gms/.lockbox.LockboxAlarmReceiver}
09-19 10:51:07.720 V/WindowManager( 1207): IKSWL-6868 finishPostLayoutPolicyLw: mHideKeyguard=false mDismissKeyguard=0
09-19 10:51:07.720 V/WindowManager( 1207): IKSWL-6868 setKeyguardOccludedLw isOccluded=false wasOccluded=true showing=false
09-19 10:51:07.722 I/ActivityManager( 1207): Killing 1884:com.google.android.gms.wearable/u0a22 (adj 15): empty #7
09-19 10:51:07.725 V/WindowManager( 1207): IKSWL-6868 finishPostLayoutPolicyLw: mHideKeyguard=false mDismissKeyguard=0
09-19 10:51:07.725 V/WindowManager( 1207): IKSWL-6868 setKeyguardOccludedLw isOccluded=false wasOccluded=true showing=false
09-19 10:51:07.818 D/Lifecycle_dpatel96( 3071): 5: onStop() called:
09-19 10:51:07.818 D/Lifecycle_dpatel96( 3071): 6: onDestroy() called:
09-19 10:51:07.820 V/WindowManager( 1207): IKSWL-6868 finishPostLayoutPolicyLw: mHideKeyguard=false mDismissKeyguard=0
09-19 10:51:07.820 V/WindowManager( 1207): IKSWL-6868 setKeyguardOccludedLw isOccluded=false wasOccluded=true showing=false
09-19 10:51:07.829 V/AlarmManager( 1207): sending alarm {1a824870 type 0 *walarm*:com.android.vending/com.google.android.finsky.services.ContentSyncService}
09-19 10:51:07.830 V/AlarmManager( 1207): done {3582fa1a, *walarm*:com.facebook.push.mqtt.keepalive.KeepaliveManager.ACTION_INEXACT_ALARM.com.facebook.katana} [126ms]
09-19 10:51:07.830 V/AlarmManager( 1207): done {1a824870, *walarm*:com.android.vending/com.google.android.finsky.services.ContentSyncService} [104ms]
09-19 10:51:07.831 V/WindowManager( 1207): IKSWL-6868 finishPostLayoutPolicyLw: mHideKeyguard=false mDismissKeyguard=0
09-19 10:51:07.831 V/WindowManager( 1207): IKSWL-6868 setKeyguardOccludedLw isOccluded=false wasOccluded=true showing=false
09-19 10:51:07.834 V/WindowManager( 1207): removeAppToken make exiting: AppWindowToken{1a436d8b token=Token{2213775a ActivityRecord{38bf5b05 u0 dpatel96_a2.cs442.com.activitylifecycle/.MainActivity t523}}}
09-19 10:51:07.855 V/AlarmManager( 1207): done {3edfcd88, *walarm*:com.facebook.push.mqtt.e.b.ACTION_INEXACT_ALARM.com.facebook.orca} [151ms]
09-19 10:51:07.866 V/AlarmManager( 1207): done {f2b109b, *alarm*:com.google.android.gms/.lockbox.LockboxAlarmReceiver} [161ms]
09-19 10:51:07.886 V/WindowManager( 1207): IKSWL-6868 finishPostLayoutPolicyLw: mHideKeyguard=false mDismissKeyguard=0
09-19 10:51:07.886 V/WindowManager( 1207): IKSWL-6868 setKeyguardOccludedLw isOccluded=false wasOccluded=true showing=false
09-19 10:51:07.890 V/WindowManager( 1207): IKSWL-6868 finishPostLayoutPolicyLw: mHideKeyguard=false mDismissKeyguard=0
09-19 10:51:07.890 V/WindowManager( 1207): IKSWL-6868 setKeyguardOccludedLw isOccluded=false wasOccluded=true showing=false
09-19 10:51:07.905 V/WindowManager( 1207): IKSWL-6868 finishPostLayoutPolicyLw: mHideKeyguard=false mDismissKeyguard=0
09-19 10:51:07.905 V/WindowManager( 1207): IKSWL-6868 setKeyguardOccludedLw isOccluded=false wasOccluded=true showing=false
09-19 10:51:07.908 V/WindowManager( 1207): IKSWL-6868 finishPostLayoutPolicyLw: mHideKeyguard=false mDismissKeyguard=0
09-19 10:51:07.908 V/WindowManager( 1207): IKSWL-6868 setKeyguardOccludedLw isOccluded=false wasOccluded=true showing=false
09-19 10:51:07.918 W/SurfaceFlinger(  262): couldn't log to binary event log: overflow.
09-19 10:51:07.954 W/OpenGLRenderer(  480): Incorrectly called buildLayer on View: ShortcutAndWidgetContainer, destroying layer...
09-19 10:51:07.954 W/OpenGLRenderer(  480): Incorrectly called buildLayer on View: ShortcutAndWidgetContainer, destroying layer...
09-19 10:51:08.070 D/Finsky  ( 1745): [37050] AppStatesReplicator.handleContentSyncResponse: Completed 0 account content syncs with 0 successful.
09-19 10:51:08.074 D/Finsky  ( 1745): [1] 5.onFinished: Installation state replication succeeded.
09-19 10:51:08.161 W/ResourceType( 2017): No package identifier when getting value for resource number 0x00000000
09-19 10:51:08.163 W/PackageManager( 2017): Failure retrieving resources for dpatel96_a2.cs442.com.activitylifecycle: Resource ID #0x0
09-19 10:51:08.472 I/MotoNetwCtrlr.MotoWifiHndlr( 2017): handleMessage: Entered msg.what=1
09-19 10:51:08.472 I/MotoNetwCtrlr.MotorolaWifiSignalController( 2017): isDirty: returns true
09-19 10:51:08.472 I/MotoNetwCtrlr.MotorolaWifiSignalController( 2017): notifyListeners: calling SB [0] setWifiIndicators (Motorola api): UseMotoUI=true Vis=true SBSig=0x7f02014c=stat_sys_wifi_signal_4_fully SBAct=( none ) DescSig="Wi-Fi signal full." DescAct="wifi in and out" NetName=""IIT-Secure""
09-19 10:51:08.477 I/MotoNetwCtrlr.MotorolaWifiSignalController( 2017): notifyListeners: calling SB [1] setWifiIndicators (Motorola api): UseMotoUI=true Vis=true SBSig=0x7f02014c=stat_sys_wifi_signal_4_fully SBAct=( none ) DescSig="Wi-Fi signal full." DescAct="wifi in and out" NetName=""IIT-Secure""
09-19 10:51:08.477 I/MotoNetwCtrlr.MotorolaWifiSignalController( 2017): notifyListeners: calling SB [2] setWifiIndicators (Motorola api): UseMotoUI=true Vis=true SBSig=0x7f02014c=stat_sys_wifi_signal_4_fully SBAct=( none ) DescSig="Wi-Fi signal full." DescAct="wifi in and out" NetName=""IIT-Secure""
09-19 10:51:08.481 I/MotoNetwCtrlr.MotoWifiHndlr( 2017): handleMessage: Completed
09-19 10:51:08.539 I/MotoNetwCtrlr( 2017): onReceive: Received intent=Intent { act=android.net.wifi.RSSI_CHANGED flg=0x4000010 (has extras) } Action=android.net.wifi.RSSI_CHANGED
09-19 10:51:08.539 I/MotoNetwCtrlr.MotoWifiSignalCtrlr( 2017): handleBroadcast: Entered: Intent=Intent { act=android.net.wifi.RSSI_CHANGED flg=0x4000010 (has extras) } Action=android.net.wifi.RSSI_CHANGED
09-19 10:51:08.539 I/MotoNetwCtrlr.MotorolaWifiSignalController( 2017): isDirty: returns false
09-19 10:51:08.539 I/MotoNetwCtrlr.MotoWifiSignalCtrlr( 2017): handleBroadcast: Completed
09-19 10:51:08.539 I/MotoNetwCtrlr( 2017): onReceive: Completed intent=Intent { act=android.net.wifi.RSSI_CHANGED flg=0x4000010 (has extras) } Action=android.net.wifi.RSSI_CHANGED
09-19 10:51:09.084 I/SFPerfTracer(  262):      triggers: (rate: 0:69) (555698 sw vsyncs) (0 skipped) (15:1219707 vsyncs) (17:1970837)
