09-19 10:51:41.598 I/MotoNetwCtrlr.MotorolaWifiSignalController( 2017): notifyListeners: calling SB [0] setWifiIndicators (Motorola api): UseMotoUI=true Vis=true SBSig=0x7f02014c=stat_sys_wifi_signal_4_fully SBAct=( none ) DescSig="Wi-Fi signal full." DescAct="wifi out" NetName=""IIT-Secure""
09-19 10:51:41.601 I/MotoNetwCtrlr.MotorolaWifiSignalController( 2017): notifyListeners: calling SB [1] setWifiIndicators (Motorola api): UseMotoUI=true Vis=true SBSig=0x7f02014c=stat_sys_wifi_signal_4_fully SBAct=( none ) DescSig="Wi-Fi signal full." DescAct="wifi out" NetName=""IIT-Secure""
09-19 10:51:41.602 I/MotoNetwCtrlr.MotorolaWifiSignalController( 2017): notifyListeners: calling SB [2] setWifiIndicators (Motorola api): UseMotoUI=true Vis=true SBSig=0x7f02014c=stat_sys_wifi_signal_4_fully SBAct=( none ) DescSig="Wi-Fi signal full." DescAct="wifi out" NetName=""IIT-Secure""
09-19 10:51:41.603 I/MotoNetwCtrlr.MotoWifiHndlr( 2017): handleMessage: Completed
09-19 10:51:41.721 I/MotoNetwCtrlr( 2017): onReceive: Received intent=Intent { act=android.net.wifi.RSSI_CHANGED flg=0x4000010 (has extras) } Action=android.net.wifi.RSSI_CHANGED
09-19 10:51:41.721 I/MotoNetwCtrlr.MotoWifiSignalCtrlr( 2017): handleBroadcast: Entered: Intent=Intent { act=android.net.wifi.RSSI_CHANGED flg=0x4000010 (has extras) } Action=android.net.wifi.RSSI_CHANGED
09-19 10:51:41.722 I/MotoNetwCtrlr.MotorolaWifiSignalController( 2017): isDirty: returns false
09-19 10:51:41.722 I/MotoNetwCtrlr.MotoWifiSignalCtrlr( 2017): handleBroadcast: Completed
09-19 10:51:41.722 I/MotoNetwCtrlr( 2017): onReceive: Completed intent=Intent { act=android.net.wifi.RSSI_CHANGED flg=0x4000010 (has extras) } Action=android.net.wifi.RSSI_CHANGED
09-19 10:51:41.800 I/ActivityManager( 1207): Start proc 4211:com.android.vending/u0a38 for service com.android.vending/com.google.android.finsky.billing.iab.InAppBillingService
09-19 10:51:42.004 I/art     ( 1207): Explicit concurrent mark sweep GC freed 7416(313KB) AllocSpace objects, 0(0B) LOS objects, 30% free, 36MB/52MB, paused 2.616ms total 173.003ms
09-19 10:51:42.510 D/Finsky  ( 4211): [1] FinskyApp.onCreate: Initializing network with DFE https://android.clients.google.com/fdfe/
09-19 10:51:42.579 W/ProcessCpuTracker( 1207): Skipping unknown process pid 4244
09-19 10:51:42.599 I/MotoNetwCtrlr.MotoWifiHndlr( 2017): handleMessage: Entered msg.what=1
09-19 10:51:42.599 I/MotoNetwCtrlr.MotorolaWifiSignalController( 2017): isDirty: returns true
09-19 10:51:42.600 I/MotoNetwCtrlr.MotorolaWifiSignalController( 2017): notifyListeners: calling SB [0] setWifiIndicators (Motorola api): UseMotoUI=true Vis=true SBSig=0x7f02014c=stat_sys_wifi_signal_4_fully SBAct=( none ) DescSig="Wi-Fi signal full." DescAct="wifi in and out" NetName=""IIT-Secure""
09-19 10:51:42.602 I/MotoNetwCtrlr.MotorolaWifiSignalController( 2017): notifyListeners: calling SB [1] setWifiIndicators (Motorola api): UseMotoUI=true Vis=true SBSig=0x7f02014c=stat_sys_wifi_signal_4_fully SBAct=( none ) DescSig="Wi-Fi signal full." DescAct="wifi in and out" NetName=""IIT-Secure""
09-19 10:51:42.603 I/MotoNetwCtrlr.MotorolaWifiSignalController( 2017): notifyListeners: calling SB [2] setWifiIndicators (Motorola api): UseMotoUI=true Vis=true SBSig=0x7f02014c=stat_sys_wifi_signal_4_fully SBAct=( none ) DescSig="Wi-Fi signal full." DescAct="wifi in and out" NetName=""IIT-Secure""
09-19 10:51:42.604 I/MotoNetwCtrlr.MotoWifiHndlr( 2017): handleMessage: Completed
09-19 10:51:42.698 D/Finsky  ( 4211): [1] DailyHygiene.goMakeHygieneIfDirty: No need to run daily hygiene.
09-19 10:51:43.140 I/ActivityManager( 1207): Start proc 4262:com.google.android.gms:car/u0a22 for service com.google.android.gms/.car.CarService
09-19 10:51:43.178 W/Settings( 4211): Setting download_manager_max_bytes_over_mobile has moved from android.provider.Settings.Secure to android.provider.Settings.Global.
09-19 10:51:43.191 W/Settings( 4211): Setting download_manager_recommended_max_bytes_over_mobile has moved from android.provider.Settings.Secure to android.provider.Settings.Global.
09-19 10:51:43.337 D/Finsky  ( 4211): [1] 2.run: Loaded library for account: [6obEpOftlFqgV9U-nl-Qt2GDud0]
09-19 10:51:43.364 D/EN      ( 3182): [BillingUtil] - Billing: bound to IAP-3
09-19 10:51:43.410 D/Finsky  ( 4211): [1] GmsCoreHelper.cleanupNlp: result=false type=4
09-19 10:51:43.418 W/ResourcesManager( 4262): Asset path '/system/framework/com.android.media.remotedisplay.jar' does not exist or contains no resources.
09-19 10:51:43.419 W/ResourcesManager( 4262): Asset path '/system/framework/com.android.location.provider.jar' does not exist or contains no resources.
09-19 10:51:43.443 D/Finsky  ( 4211): [1] 2.run: Loaded library for account: [Vk61vcL2AXRB82VfFyHzGF3vBLY]
09-19 10:51:43.473 D/Finsky  ( 4211): [1] 2.run: Loaded library for account: [T05d6UkASl-PKyIZWMLukuH_iJc]
09-19 10:51:43.474 D/Finsky  ( 4211): [1] 2.run: Finished loading 3 libraries.
09-19 10:51:43.504 D/Finsky  ( 4211): [37130] InAppBillingUtils.pickAccount: com.evernote: Account determined from installer data - [6obEpOftlFqgV9U-nl-Qt2GDud0]
09-19 10:51:43.505 D/EN      ( 3182): [BillingUtil] - Billing: bound to IAP-3 supports subs
09-19 10:51:43.506 D/Finsky  ( 4211): [1] RestoreTracker.stopServiceIfDone: Restore complete with 0 success and 0 failed.
09-19 10:51:43.518 D/EN      ( 3182): [BillingUtil] - Billing:checkForIncompleteGooglePurchase bound to IAP-3
09-19 10:51:43.518 I/EN      ( 3182): [BillingUtil] - Billing Application starting, user is LOGGED, check for transactions
09-19 10:51:43.518 I/EN      ( 3182): [BillingUtil] - Billing no need to check transaction at google play
09-19 10:51:43.557 I/art     ( 4262): Rejecting re-init on previously-failed class java.lang.Class<com.google.android.gms.common.h.c>
09-19 10:51:43.557 I/art     ( 4262): Rejecting re-init on previously-failed class java.lang.Class<com.google.android.gms.common.h.c>
09-19 10:51:43.582 I/MultiDex( 4262): VM with version 2.1.0 has multidex support
09-19 10:51:43.582 I/MultiDex( 4262): install
09-19 10:51:43.582 I/MultiDex( 4262): VM has multidex support, MultiDex support library is disabled.
09-19 10:51:43.602 I/MotoNetwCtrlr.MotoWifiHndlr( 2017): handleMessage: Entered msg.what=1
09-19 10:51:43.602 I/MotoNetwCtrlr.MotorolaWifiSignalController( 2017): isDirty: returns true
09-19 10:51:43.603 I/MotoNetwCtrlr.MotorolaWifiSignalController( 2017): notifyListeners: calling SB [0] setWifiIndicators (Motorola api): UseMotoUI=true Vis=true SBSig=0x7f02014c=stat_sys_wifi_signal_4_fully SBAct=( none ) DescSig="Wi-Fi signal full." DescAct="wifi idle" NetName=""IIT-Secure""
09-19 10:51:43.606 I/MotoNetwCtrlr.MotorolaWifiSignalController( 2017): notifyListeners: calling SB [1] setWifiIndicators (Motorola api): UseMotoUI=true Vis=true SBSig=0x7f02014c=stat_sys_wifi_signal_4_fully SBAct=( none ) DescSig="Wi-Fi signal full." DescAct="wifi idle" NetName=""IIT-Secure""
09-19 10:51:43.607 I/MotoNetwCtrlr.MotorolaWifiSignalController( 2017): notifyListeners: calling SB [2] setWifiIndicators (Motorola api): UseMotoUI=true Vis=true SBSig=0x7f02014c=stat_sys_wifi_signal_4_fully SBAct=( none ) DescSig="Wi-Fi signal full." DescAct="wifi idle" NetName=""IIT-Secure""
09-19 10:51:43.609 I/MotoNetwCtrlr.MotoWifiHndlr( 2017): handleMessage: Completed
09-19 10:51:43.632 V/JNIHelp ( 4262): Registering com/google/android/gms/org/conscrypt/NativeCrypto's 240 native methods...
09-19 10:51:43.708 I/ProviderInstaller( 4262): Installed default security provider GmsCore_OpenSSL
09-19 10:51:43.722 D/GCM     (21945): GcmService start Intent { act=com.google.android.gms.INITIALIZE flg=0x10 pkg=com.google.android.gms cmp=com.google.android.gms/.gcm.GcmService } com.google.android.gms.INITIALIZE
09-19 10:51:43.727 D/AuthorizationBluetoothService(21945): Received GmsCore event: Intent { act=com.google.android.gms.INITIALIZE flg=0x10 pkg=com.google.android.gms cmp=com.google.android.gms/.auth.be.proximity.authorization.bt.AuthorizationBluetoothService$AutoStarter }.
09-19 10:51:43.741 V/GLSActivity(21945): AuthDelegateWrapperCreated with selected intent: Intent { cmp=com.google.android.gms/.auth.DefaultAuthDelegateService }
09-19 10:51:43.750 V/GmsCoreStatsServiceLauncher(31057): Received broadcast intent Intent { act=com.google.android.gms.INITIALIZE flg=0x10 pkg=com.google.android.gms cmp=com.google.android.gms/.common.stats.GmsCoreStatsServiceLauncher }
09-19 10:51:43.889 I/ActivityManager( 1207): Start proc 4315:com.google.android.gms.wearable/u0a22 for service com.google.android.gms/.wearable.service.WearableService
09-19 10:51:43.956 D/LocationInitializer(31057): Restart initialization of location
09-19 10:51:43.963 W/ResourcesManager( 4315): Asset path '/system/framework/com.android.media.remotedisplay.jar' does not exist or contains no resources.
09-19 10:51:43.963 W/ResourcesManager( 4315): Asset path '/system/framework/com.android.location.provider.jar' does not exist or contains no resources.
09-19 10:51:44.000 I/art     ( 4315): Rejecting re-init on previously-failed class java.lang.Class<com.google.android.gms.common.h.c>
09-19 10:51:44.000 I/art     ( 4315): Rejecting re-init on previously-failed class java.lang.Class<com.google.android.gms.common.h.c>
09-19 10:51:44.006 I/MultiDex( 4315): VM with version 2.1.0 has multidex support
09-19 10:51:44.006 I/MultiDex( 4315): install
09-19 10:51:44.006 I/MultiDex( 4315): VM has multidex support, MultiDex support library is disabled.
09-19 10:51:44.102 V/JNIHelp ( 4315): Registering com/google/android/gms/org/conscrypt/NativeCrypto's 240 native methods...
09-19 10:51:44.157 I/ProviderInstaller( 4315): Installed default security provider GmsCore_OpenSSL
09-19 10:51:44.163 D/GCM     (21945): GcmService start Intent { act=com.google.android.gms.INITIALIZE flg=0x10 pkg=com.google.android.gms cmp=com.google.android.gms/.gcm.GcmService } com.google.android.gms.INITIALIZE
09-19 10:51:44.164 D/NativeLibraryUtils( 4262): Install completed successfully. count=13 extracted=0
09-19 10:51:44.178 D/AuthorizationBluetoothService(21945): Received GmsCore event: Intent { act=com.google.android.gms.INITIALIZE flg=0x10 pkg=com.google.android.gms cmp=com.google.android.gms/.auth.be.proximity.authorization.bt.AuthorizationBluetoothService$AutoStarter }.
09-19 10:51:44.185 I/art     (21945): Explicit concurrent mark sweep GC freed 14718(670KB) AllocSpace objects, 0(0B) LOS objects, 39% free, 12MB/21MB, paused 1.624ms total 206.354ms
09-19 10:51:44.191 D/WearableService( 4315): callingUid 10022, callindPid: 4315
09-19 10:51:44.195 V/GLSActivity(21945): AuthDelegateWrapperCreated with selected intent: Intent { cmp=com.google.android.gms/.auth.DefaultAuthDelegateService }
09-19 10:51:44.208 V/GmsCoreStatsServiceLauncher(31057): Received broadcast intent Intent { act=com.google.android.gms.INITIALIZE flg=0x10 pkg=com.google.android.gms cmp=com.google.android.gms/.common.stats.GmsCoreStatsServiceLauncher }
09-19 10:51:44.273 E/MDM     ( 2792): [211] b.run: Couldn't connect to Google API client: ConnectionResult{statusCode=API_UNAVAILABLE, resolution=null, message=null}
09-19 10:51:44.278 E/MDM     ( 2792): [211] b.run: Couldn't connect to Google API client: ConnectionResult{statusCode=API_UNAVAILABLE, resolution=null, message=null}
09-19 10:51:44.298 D/NativeLibraryUtils( 4315): Install completed successfully. count=13 extracted=0
09-19 10:51:44.321 D/LocationInitializer(31057): Restart initialization of location
09-19 10:51:44.503 I/ActivityManager( 1207): Killing 3182:com.evernote/u0a123 (adj 15): empty #7
09-19 10:51:44.648 V/Finsky  ( 4211): [1] GearheadStateMonitor.onReady: sIsProjecting:false
09-19 10:51:44.739 I/MotoNetwCtrlr( 2017): onReceive: Received intent=Intent { act=android.net.wifi.RSSI_CHANGED flg=0x4000010 (has extras) } Action=android.net.wifi.RSSI_CHANGED
09-19 10:51:44.739 I/MotoNetwCtrlr.MotoWifiSignalCtrlr( 2017): handleBroadcast: Entered: Intent=Intent { act=android.net.wifi.RSSI_CHANGED flg=0x4000010 (has extras) } Action=android.net.wifi.RSSI_CHANGED
09-19 10:51:44.739 I/MotoNetwCtrlr.MotorolaWifiSignalController( 2017): isDirty: returns false
09-19 10:51:44.739 I/MotoNetwCtrlr.MotoWifiSignalCtrlr( 2017): handleBroadcast: Completed
09-19 10:51:44.740 I/MotoNetwCtrlr( 2017): onReceive: Completed intent=Intent { act=android.net.wifi.RSSI_CHANGED flg=0x4000010 (has extras) } Action=android.net.wifi.RSSI_CHANGED
09-19 10:51:45.547 E/cpu_temp( 8910): MSG_ON_WATCH_CURRENT
09-19 10:51:45.544 W/BackgroundThrea( 8930): type=1400 audit(0.0:30642): avc: denied { search } for uid=10113 name="thermal" dev="sysfs" ino=7438 scontext=u:r:untrusted_app:s0 tcontext=u:object_r:sysfs_thermal:s0 tclass=dir permissive=0
09-19 10:51:47.757 I/MotoNetwCtrlr( 2017): onReceive: Received intent=Intent { act=android.net.wifi.RSSI_CHANGED flg=0x4000010 (has extras) } Action=android.net.wifi.RSSI_CHANGED
09-19 10:51:47.757 I/MotoNetwCtrlr.MotoWifiSignalCtrlr( 2017): handleBroadcast: Entered: Intent=Intent { act=android.net.wifi.RSSI_CHANGED flg=0x4000010 (has extras) } Action=android.net.wifi.RSSI_CHANGED
09-19 10:51:47.757 I/MotoNetwCtrlr.MotorolaWifiSignalController( 2017): isDirty: returns false
09-19 10:51:47.757 I/MotoNetwCtrlr.MotoWifiSignalCtrlr( 2017): handleBroadcast: Completed
09-19 10:51:47.757 I/MotoNetwCtrlr( 2017): onReceive: Completed intent=Intent { act=android.net.wifi.RSSI_CHANGED flg=0x4000010 (has extras) } Action=android.net.wifi.RSSI_CHANGED
09-19 10:51:49.284 I/ActivityManager( 1207): Killing 3757:com.google.android.partnersetup/u0a25 (adj 15): empty #7
09-19 10:51:50.553 E/cpu_temp( 8910): MSG_ON_WATCH_CURRENT
09-19 10:51:50.544 W/BackgroundThrea( 8930): type=1400 audit(0.0:30643): avc: denied { search } for uid=10113 name="thermal" dev="sysfs" ino=7438 scontext=u:r:untrusted_app:s0 tcontext=u:object_r:sysfs_thermal:s0 tclass=dir permissive=0
09-19 10:51:50.777 I/MotoNetwCtrlr( 2017): onReceive: Received intent=Intent { act=android.net.wifi.RSSI_CHANGED flg=0x4000010 (has extras) } Action=android.net.wifi.RSSI_CHANGED
09-19 10:51:50.778 I/MotoNetwCtrlr.MotoWifiSignalCtrlr( 2017): handleBroadcast: Entered: Intent=Intent { act=android.net.wifi.RSSI_CHANGED flg=0x4000010 (has extras) } Action=android.net.wifi.RSSI_CHANGED
09-19 10:51:50.778 I/MotoNetwCtrlr.MotorolaWifiSignalController( 2017): isDirty: returns false
09-19 10:51:50.778 I/MotoNetwCtrlr.MotoWifiSignalCtrlr( 2017): handleBroadcast: Completed
09-19 10:51:50.778 I/MotoNetwCtrlr( 2017): onReceive: Completed intent=Intent { act=android.net.wifi.RSSI_CHANGED flg=0x4000010 (has extras) } Action=android.net.wifi.RSSI_CHANGED
09-19 10:51:50.853 V/AlarmManager( 1207): sending alarm {22a940aa type 2 *walarm*:ALARM_WAKEUP_ACTIVITY_DETECTION}
09-19 10:51:50.859 V/AlarmManager( 1207): sending alarm {1af06a49 type 3 *alarm*:com.google.android.apps.fitness/.api.services.ActivityDetectionAlarmReceiver}
09-19 10:51:50.880 D/Sensors ( 1207): AccelerationSensor: set delay 20
09-19 10:51:50.882 V/AlarmManager( 1207): done {22a940aa, *walarm*:ALARM_WAKEUP_ACTIVITY_DETECTION} [31ms]
09-19 10:51:50.933 I/ActivityManager( 1207): Start proc 4431:com.google.android.apps.fitness/u0a144 for broadcast com.google.android.apps.fitness/.api.services.ActivityDetectionAlarmReceiver
09-19 10:51:51.116 V/AlarmManager( 1207): sending alarm {33993a0e type 2 *walarm*:ALARM_WAKEUP891867}
09-19 10:51:51.174 I/FitnessApp( 4431): Initializers took 5 milliseconds
09-19 10:51:51.175 I/FitnessApp( 4431): ActivityDetectionAlarmReceiver
09-19 10:51:51.187 V/AlarmManager( 1207): done {1af06a49, *alarm*:com.google.android.apps.fitness/.api.services.ActivityDetectionAlarmReceiver} [336ms]
09-19 10:51:51.191 V/AlarmManager( 1207): done {33993a0e, *walarm*:ALARM_WAKEUP891867} [75ms]
09-19 10:51:51.206 I/ActivityManager( 1207): Killing 3859:com.android.providers.partnerbookmarks/u0a85 (adj 15): empty #7
09-19 10:51:52.500 W/ActivityManager( 1207): getRunningAppProcesses: caller 10113 does not hold REAL_GET_TASKS; limiting output
09-19 10:51:52.613 I/MotoNetwCtrlr.MotoWifiHndlr( 2017): handleMessage: Entered msg.what=1
09-19 10:51:52.613 I/MotoNetwCtrlr.MotorolaWifiSignalController( 2017): isDirty: returns true
09-19 10:51:52.613 I/MotoNetwCtrlr.MotorolaWifiSignalController( 2017): notifyListeners: calling SB [0] setWifiIndicators (Motorola api): UseMotoUI=true Vis=true SBSig=0x7f02014c=stat_sys_wifi_signal_4_fully SBAct=( none ) DescSig="Wi-Fi signal full." DescAct="wifi in and out" NetName=""IIT-Secure""
09-19 10:51:52.617 I/MotoNetwCtrlr.MotorolaWifiSignalController( 2017): notifyListeners: calling SB [1] setWifiIndicators (Motorola api): UseMotoUI=true Vis=true SBSig=0x7f02014c=stat_sys_wifi_signal_4_fully SBAct=( none ) DescSig="Wi-Fi signal full." DescAct="wifi in and out" NetName=""IIT-Secure""
09-19 10:51:52.617 I/MotoNetwCtrlr.MotorolaWifiSignalController( 2017): notifyListeners: calling SB [2] setWifiIndicators (Motorola api): UseMotoUI=true Vis=true SBSig=0x7f02014c=stat_sys_wifi_signal_4_fully SBAct=( none ) DescSig="Wi-Fi signal full." DescAct="wifi in and out" NetName=""IIT-Secure""
09-19 10:51:52.627 I/MotoNetwCtrlr.MotoWifiHndlr( 2017): handleMessage: Completed
09-19 10:51:52.680 I/art     ( 8910): Background sticky concurrent mark sweep GC freed 179114(10MB) AllocSpace objects, 28(448KB) LOS objects, 30% free, 17MB/24MB, paused 2.143ms total 142.202ms
09-19 10:51:52.864 W/ActivityManager( 1207): getRunningAppProcesses: caller 10113 does not hold REAL_GET_TASKS; limiting output
09-19 10:51:53.047 I/art     ( 8910): Background partial concurrent mark sweep GC freed 46994(10MB) AllocSpace objects, 0(0B) LOS objects, 40% free, 16MB/27MB, paused 2.461ms total 117.012ms
09-19 10:51:53.256 W/ActivityManager( 1207): getRunningAppProcesses: caller 10113 does not hold REAL_GET_TASKS; limiting output
09-19 10:51:53.577 W/ActivityManager( 1207): getRunningAppProcesses: caller 10113 does not hold REAL_GET_TASKS; limiting output
09-19 10:51:53.801 I/MotoNetwCtrlr( 2017): onReceive: Received intent=Intent { act=android.net.wifi.RSSI_CHANGED flg=0x4000010 (has extras) } Action=android.net.wifi.RSSI_CHANGED
09-19 10:51:53.801 I/MotoNetwCtrlr.MotoWifiSignalCtrlr( 2017): handleBroadcast: Entered: Intent=Intent { act=android.net.wifi.RSSI_CHANGED flg=0x4000010 (has extras) } Action=android.net.wifi.RSSI_CHANGED
09-19 10:51:53.801 I/MotoNetwCtrlr.MotorolaWifiSignalController( 2017): isDirty: returns false
09-19 10:51:53.801 I/MotoNetwCtrlr.MotoWifiSignalCtrlr( 2017): handleBroadcast: Completed
09-19 10:51:53.802 I/MotoNetwCtrlr( 2017): onReceive: Completed intent=Intent { act=android.net.wifi.RSSI_CHANGED flg=0x4000010 (has extras) } Action=android.net.wifi.RSSI_CHANGED
09-19 10:51:53.907 W/ActivityManager( 1207): getRunningAppProcesses: caller 10113 does not hold REAL_GET_TASKS; limiting output
09-19 10:51:54.215 W/ActivityManager( 1207): getRunningAppProcesses: caller 10113 does not hold REAL_GET_TASKS; limiting output
09-19 10:51:54.308 D/Sensors ( 1207): AccelerationSensor: set delay 200
09-19 10:51:54.595 W/ActivityManager( 1207): getRunningAppProcesses: caller 10113 does not hold REAL_GET_TASKS; limiting output
09-19 10:51:54.613 I/MotoNetwCtrlr.MotoWifiHndlr( 2017): handleMessage: Entered msg.what=1
09-19 10:51:54.613 I/MotoNetwCtrlr.MotorolaWifiSignalController( 2017): isDirty: returns true
09-19 10:51:54.613 I/MotoNetwCtrlr.MotorolaWifiSignalController( 2017): notifyListeners: calling SB [0] setWifiIndicators (Motorola api): UseMotoUI=true Vis=true SBSig=0x7f02014c=stat_sys_wifi_signal_4_fully SBAct=( none ) DescSig="Wi-Fi signal full." DescAct="wifi idle" NetName=""IIT-Secure""
09-19 10:51:54.615 I/SFPerfTracer(  262):      triggers: (rate: 0:69) (555698 sw vsyncs) (0 skipped) (165:1220327 vsyncs) (167:1971529)
09-19 10:51:54.615 I/MotoNetwCtrlr.MotorolaWifiSignalController( 2017): notifyListeners: calling SB [1] setWifiIndicators (Motorola api): UseMotoUI=true Vis=true SBSig=0x7f02014c=stat_sys_wifi_signal_4_fully SBAct=( none ) DescSig="Wi-Fi signal full." DescAct="wifi idle" NetName=""IIT-Secure""
09-19 10:51:54.615 I/MotoNetwCtrlr.MotorolaWifiSignalController( 2017): notifyListeners: calling SB [2] setWifiIndicators (Motorola api): UseMotoUI=true Vis=true SBSig=0x7f02014c=stat_sys_wifi_signal_4_fully SBAct=( none ) DescSig="Wi-Fi signal full." DescAct="wifi idle" NetName=""IIT-Secure""
09-19 10:51:54.627 I/MotoNetwCtrlr.MotoWifiHndlr( 2017): handleMessage: Completed
09-19 10:51:54.941 W/ActivityManager( 1207): getRunningAppProcesses: caller 10113 does not hold REAL_GET_TASKS; limiting output
09-19 10:51:55.149 I/art     ( 8910): Background partial concurrent mark sweep GC freed 80197(11MB) AllocSpace objects, 0(0B) LOS objects, 40% free, 15MB/25MB, paused 6.901ms total 92.861ms
09-19 10:51:55.278 W/ActivityManager( 1207): getRunningAppProcesses: caller 10113 does not hold REAL_GET_TASKS; limiting output
09-19 10:51:55.606 W/ActivityManager( 1207): getRunningAppProcesses: caller 10113 does not hold REAL_GET_TASKS; limiting output
09-19 10:51:55.615 I/MotoNetwCtrlr.MotoWifiHndlr( 2017): handleMessage: Entered msg.what=1
09-19 10:51:55.615 I/MotoNetwCtrlr.MotorolaWifiSignalController( 2017): isDirty: returns true
09-19 10:51:55.615 I/MotoNetwCtrlr.MotorolaWifiSignalController( 2017): notifyListeners: calling SB [0] setWifiIndicators (Motorola api): UseMotoUI=true Vis=true SBSig=0x7f02014c=stat_sys_wifi_signal_4_fully SBAct=( none ) DescSig="Wi-Fi signal full." DescAct="wifi in" NetName=""IIT-Secure""
09-19 10:51:55.618 I/MotoNetwCtrlr.MotorolaWifiSignalController( 2017): notifyListeners: calling SB [1] setWifiIndicators (Motorola api): UseMotoUI=true Vis=true SBSig=0x7f02014c=stat_sys_wifi_signal_4_fully SBAct=( none ) DescSig="Wi-Fi signal full." DescAct="wifi in" NetName=""IIT-Secure""
09-19 10:51:55.619 I/MotoNetwCtrlr.MotorolaWifiSignalController( 2017): notifyListeners: calling SB [2] setWifiIndicators (Motorola api): UseMotoUI=true Vis=true SBSig=0x7f02014c=stat_sys_wifi_signal_4_fully SBAct=( none ) DescSig="Wi-Fi signal full." DescAct="wifi in" NetName=""IIT-Secure""
09-19 10:51:55.621 I/MotoNetwCtrlr.MotoWifiHndlr( 2017): handleMessage: Completed
09-19 10:51:55.798 I/MotoNetwCtrlr.MotoNetwCtrlrImpl.MotorolaMobileSignalController( 1 ) ( 2017): MotorolaMobilePhoneStateListener.onSignalStrengthsChanged: Entered: signalStrength=SignalStrength: 12 0 -120 -160 -120 -1 -1 99 2147483647 2147483647 2147483647 2147483647 2147483647 gsm|lte 0 -108 -1 false 4 4 0 0 0 99 99 99 4 0 level=4
09-19 10:51:55.804 I/MotoNetwCtrlr.MotoNetwCtrlrImpl.MotorolaMobileSignalController( 1 ) ( 2017): isDirty: returns true
09-19 10:51:55.804 I/MotoNetwCtrlr.MotoNetwCtrlrImpl.MotorolaMobileSignalController( 1 ) ( 2017): notifyListeners: calling SB [0] setMobileDataIndicators (Motorola api): mobileUseMotoUI=true mobileEnabled=true mobileSimIconId=( none ) mobileSignalIconId=0x7f02048c=zz_moto_stat_sys_signal_4_of_4_fully_wide mobileRoamingIconId=( none ) mobileDataTypeIconId=( none ) mobileDataActivityIconId=( none ) mobileCarrierDescription="T-Mobile" mobileSimDescription="" mobileSignalContentDescription="phone signal full strength" mobileRoamingDescription="" mobileDataTypeContentDescription="H" mobileDataActivityContentDescription="" mobileIsRoaming=false isDataTypeIconWide=true mobileIsBidiDirectionEnabled=false mobileSubId=1
09-19 10:51:55.805 I/MotoNetwCtrlr.MotoNetwCtrlrImpl.MotorolaMobileSignalController( 1 ) ( 2017): notifyListeners: calling SB [1] setMobileDataIndicators (Motorola api): mobileUseMotoUI=true mobileEnabled=true mobileSimIconId=( none ) mobileSignalIconId=0x7f02048c=zz_moto_stat_sys_signal_4_of_4_fully_wide mobileRoamingIconId=( none ) mobileDataTypeIconId=( none ) mobileDataActivityIconId=( none ) mobileCarrierDescription="T-Mobile" mobileSimDescription="" mobileSignalContentDescription="phone signal full strength" mobileRoamingDescription="" mobileDataTypeContentDescription="H" mobileDataActivityContentDescription="" mobileIsRoaming=false isDataTypeIconWide=true mobileIsBidiDirectionEnabled=false mobileSubId=1
09-19 10:51:55.806 I/MotoNetwCtrlr.MotoNetwCtrlrImpl.MotorolaMobileSignalController( 1 ) ( 2017): notifyListeners: calling SB [2] setMobileDataIndicators (Motorola api): mobileUseMotoUI=true mobileEnabled=true mobileSimIconId=( none ) mobileSignalIconId=0x7f02048c=zz_moto_stat_sys_signal_4_of_4_fully_wide mobileRoamingIconId=( none ) mobileDataTypeIconId=( none ) mobileDataActivityIconId=( none ) mobileCarrierDescription="T-Mobile" mobileSimDescription="" mobileSignalContentDescription="phone signal full strength" mobileRoamingDescription="" mobileDataTypeContentDescription="H" mobileDataActivityContentDescription="" mobileIsRoaming=false isDataTypeIconWide=true mobileIsBidiDirectionEnabled=false mobileSubId=1
09-19 10:51:55.809 I/MotoNetwCtrlr.MotoNetwCtrlrImpl.MotorolaMobileSignalController( 1 ) ( 2017): MotorolaMobilePhoneStateListener.onSignalStrengthsChanged: completed: level=4
09-19 10:51:55.943 W/ActivityManager( 1207): getRunningAppProcesses: caller 10113 does not hold REAL_GET_TASKS; limiting output
09-19 10:51:56.269 W/ActivityManager( 1207): getRunningAppProcesses: caller 10113 does not hold REAL_GET_TASKS; limiting output
09-19 10:51:56.572 W/ActivityManager( 1207): getRunningAppProcesses: caller 10113 does not hold REAL_GET_TASKS; limiting output
09-19 10:51:56.615 I/MotoNetwCtrlr.MotoWifiHndlr( 2017): handleMessage: Entered msg.what=1
09-19 10:51:56.615 I/MotoNetwCtrlr.MotorolaWifiSignalController( 2017): isDirty: returns true
09-19 10:51:56.616 I/MotoNetwCtrlr.MotorolaWifiSignalController( 2017): notifyListeners: calling SB [0] setWifiIndicators (Motorola api): UseMotoUI=true Vis=true SBSig=0x7f02014c=stat_sys_wifi_signal_4_fully SBAct=( none ) DescSig="Wi-Fi signal full." DescAct="wifi idle" NetName=""IIT-Secure""
09-19 10:51:56.618 I/MotoNetwCtrlr.MotorolaWifiSignalController( 2017): notifyListeners: calling SB [1] setWifiIndicators (Motorola api): UseMotoUI=true Vis=true SBSig=0x7f02014c=stat_sys_wifi_signal_4_fully SBAct=( none ) DescSig="Wi-Fi signal full." DescAct="wifi idle" NetName=""IIT-Secure""
09-19 10:51:56.619 I/MotoNetwCtrlr.MotorolaWifiSignalController( 2017): notifyListeners: calling SB [2] setWifiIndicators (Motorola api): UseMotoUI=true Vis=true SBSig=0x7f02014c=stat_sys_wifi_signal_4_fully SBAct=( none ) DescSig="Wi-Fi signal full." DescAct="wifi idle" NetName=""IIT-Secure""
09-19 10:51:56.621 I/MotoNetwCtrlr.MotoWifiHndlr( 2017): handleMessage: Completed
09-19 10:51:56.820 I/MotoNetwCtrlr( 2017): onReceive: Received intent=Intent { act=android.net.wifi.RSSI_CHANGED flg=0x4000010 (has extras) } Action=android.net.wifi.RSSI_CHANGED
09-19 10:51:56.820 I/MotoNetwCtrlr.MotoWifiSignalCtrlr( 2017): handleBroadcast: Entered: Intent=Intent { act=android.net.wifi.RSSI_CHANGED flg=0x4000010 (has extras) } Action=android.net.wifi.RSSI_CHANGED
09-19 10:51:56.820 I/MotoNetwCtrlr.MotorolaWifiSignalController( 2017): isDirty: returns false
09-19 10:51:56.820 I/MotoNetwCtrlr.MotoWifiSignalCtrlr( 2017): handleBroadcast: Completed
09-19 10:51:56.820 I/MotoNetwCtrlr( 2017): onReceive: Completed intent=Intent { act=android.net.wifi.RSSI_CHANGED flg=0x4000010 (has extras) } Action=android.net.wifi.RSSI_CHANGED
09-19 10:51:56.935 W/ActivityManager( 1207): getRunningAppProcesses: caller 10113 does not hold REAL_GET_TASKS; limiting output
09-19 10:51:57.181 I/PowerManagerService( 1207): Nap time (uid 1000)...
09-19 10:51:57.182 I/PowerManagerService( 1207): Going to sleep due to screen timeout (uid 1000)...
09-19 10:51:57.258 W/ActivityManager( 1207): getRunningAppProcesses: caller 10113 does not hold REAL_GET_TASKS; limiting output
09-19 10:51:57.628 W/ActivityManager( 1207): getRunningAppProcesses: caller 10113 does not hold REAL_GET_TASKS; limiting output
09-19 10:51:57.649 I/WindowManager( 1207): Screen turned off...
09-19 10:51:57.656 D/SurfaceFlinger(  262): Set power mode=0, type=0 flinger=0xb71d4550
09-19 10:51:57.657 D/qdhwcomposer(  262): hwc_blank: Blanking display: 0
09-19 10:51:57.662 I/DisplayManagerService( 1207): Display device changed: DisplayDeviceInfo{"Built-in Screen": uniqueId="local:0", 720 x 1280, 60.0 fps, supportedRefreshRates [60.0], density 320, 326.571 x 328.404 dpi, appVsyncOff 0, presDeadline 17666667, touch INTERNAL, rotation 0, type BUILT_IN, state OFF, FLAG_DEFAULT_DISPLAY, FLAG_ROTATES_WITH_CONTENT, FLAG_SECURE, FLAG_SUPPORTS_PROTECTED_BUFFERS}
09-19 10:51:57.664 V/ActivityManager( 1207): Display changed displayId=0
09-19 10:51:57.669 V/WindowManager( 1207): mAppsToBeHidden add Token{fe51d2b ActivityRecord{21b5a17a u0 dpatel96_a2.cs442.com.activitylifecycle/.MainActivity t524}}
09-19 10:51:57.669 V/WindowManager( 1207): IKSWL-6868 finishPostLayoutPolicyLw: mHideKeyguard=false mDismissKeyguard=0
09-19 10:51:57.669 V/WindowManager( 1207): IKSWL-6868 setKeyguardOccludedLw isOccluded=false wasOccluded=true showing=false
09-19 10:51:57.682 V/WindowManager( 1207): mAppsToBeHidden add Token{fe51d2b ActivityRecord{21b5a17a u0 dpatel96_a2.cs442.com.activitylifecycle/.MainActivity t524}}
09-19 10:51:57.682 V/WindowManager( 1207): IKSWL-6868 finishPostLayoutPolicyLw: mHideKeyguard=false mDismissKeyguard=0
09-19 10:51:57.682 V/WindowManager( 1207): IKSWL-6868 setKeyguardOccludedLw isOccluded=false wasOccluded=true showing=false
09-19 10:51:57.693 E/WifiStateMachine( 1207): WifiStateMachine CMD_START_SCAN source -2 txSuccessRate=3.16 rxSuccessRate=3.49 targetRoamBSSID=any RSSI=-42
09-19 10:51:57.693 E/WifiStateMachine( 1207): startDelayedScan send -> 3814 milli 20000
09-19 10:51:57.693 E/WifiStateMachine( 1207): WifiStateMachine CMD_START_SCAN with age=60011 interval=30000 maxinterval=300000
09-19 10:51:57.693 E/WifiStateMachine( 1207): WifiStateMachine CMD_START_SCAN try full band scan age=60011 interval=30000 maxinterval=300000
09-19 10:51:57.693 E/WifiStateMachine( 1207): WifiStateMachine CMD_START_SCAN full=true
09-19 10:51:57.693 E/WifiStateMachine( 1207): WifiStateMachine CMD_START_SCAN bump interval =45000
09-19 10:51:57.706 E/WifiStateMachine( 1207): [1,442,677,917,706 ms] noteScanstart no scan source uid -2
09-19 10:51:57.951 D/qdhwcomposer(  262): hwc_blank: Done blanking display: 0
09-19 10:51:57.951 I/qdhwcomposer(  262): handle_blank_event: dpy:0 panel power state: 0
09-19 10:51:57.952 D/SurfaceControl( 1207): Excessive delay in setPowerMode(): 296ms
09-19 10:51:57.957 I/DreamManagerService( 1207): Entering dreamland.
09-19 10:51:57.957 I/PowerManagerService( 1207): Dozing...
09-19 10:51:57.960 I/DreamController( 1207): Starting dream: name=ComponentInfo{com.android.systemui/com.android.systemui.doze.DozeService}, isTest=false, canDoze=true, userId=0
09-19 10:51:57.964 I/WindowManager( 1207): Going to sleep...
09-19 10:51:57.964 I/WindowManager( 1207): AOD Glimpse not enabled!
09-19 10:51:57.974 D/KeyguardViewMediator( 2017): onScreenTurnedOff(3)
09-19 10:51:58.027 W/ActivityManager( 1207): getRunningAppProcesses: caller 10113 does not hold REAL_GET_TASKS; limiting output
09-19 10:51:58.146 E/WifiStateMachine( 1207): [1,442,677,918,146 ms] noteScanEnd no scan source onTime=0
09-19 10:51:58.153 D/TCMD    (  485): NL - Read 56 bytes from update socket.
09-19 10:51:58.153 D/TCMD    (  485): NL - message type is RTM_NEWLINK
09-19 10:51:58.153 D/TCMD    (  485): Listening for incoming client connection request
09-19 10:51:58.154 E/WifiStateMachine( 1207): wifi setScanResults statecom.android.server.wifi.WifiStateMachine$ConnectedState@8a35deb sup_state=COMPLETED debouncing=false mConnectionRequests=1 selection=<none>
09-19 10:51:58.171 I/Keyboard.Facilitator( 2161): onFinishInput()
09-19 10:51:58.177 D/Sensors ( 1207): AccelerationSensor: Set Sensors state 0x0
09-19 10:51:58.183 D/audio_hw_primary(  301): adev_set_parameters: enter: screen_state=off
09-19 10:51:58.183 V/msm8974_platform(  301): platform_set_parameters: enter: screen_state=off
09-19 10:51:58.183 V/msm8974_platform(  301): platform_set_parameters: exit with code(0)
09-19 10:51:58.184 D/msm8974_platform(  301): Disabling headset polling mode
09-19 10:51:58.184 D/audio_hw_extn(  301): audio_extn_set_anc_parameters: anc_enabled:0
09-19 10:51:58.246 I/MotoNetwCtrlr.MotoNetwCtrlrImpl.MotorolaMobileSignalController( 1 ) ( 2017): MotorolaMobilePhoneStateListener.onDataActivity: Entered: direction=0
09-19 10:51:58.247 I/MotoNetwCtrlr.MotoNetwCtrlrImpl.MotorolaMobileSignalController( 1 ) ( 2017): isDirty: returns false
09-19 10:51:58.247 I/MotoNetwCtrlr.MotoNetwCtrlrImpl.MotorolaMobileSignalController( 1 ) ( 2017): MotorolaMobilePhoneStateListener.onDataActivity: Completed direction=0
09-19 10:51:58.247 I/MotoNetwCtrlr.MotoNetwCtrlrImpl.MotorolaMobileSignalController( 2 ) ( 2017): MotorolaMobilePhoneStateListener.onDataActivity: Entered: direction=0
09-19 10:51:58.247 E/WifiStateMachine( 1207): cancelDelayedScan -> 3815
09-19 10:51:58.247 D/WifiStateMachine( 1207): backgroundScan enabled=false startBackgroundScanIfNeeded:false
09-19 10:51:58.247 E/WifiStateMachine( 1207): handleScreenStateChanged Exit: false
09-19 10:51:58.247 I/MotoNetwCtrlr.MotoNetwCtrlrImpl.MotorolaMobileSignalController( 2 ) ( 2017): isDirty: returns false
09-19 10:51:58.247 I/MotoNetwCtrlr.MotoNetwCtrlrImpl.MotorolaMobileSignalController( 2 ) ( 2017): MotorolaMobilePhoneStateListener.onDataActivity: Completed direction=0
09-19 10:51:58.254 I/MotoNetwCtrlr.MotoNetwCtrlrImpl.MotorolaMobileSignalController( 1 ) ( 2017): MotorolaMobilePhoneStateListener.onDataActivity: Entered: direction=0
09-19 10:51:58.254 I/MotoNetwCtrlr.MotoNetwCtrlrImpl.MotorolaMobileSignalController( 1 ) ( 2017): isDirty: returns false
09-19 10:51:58.254 I/MotoNetwCtrlr.MotoNetwCtrlrImpl.MotorolaMobileSignalController( 1 ) ( 2017): MotorolaMobilePhoneStateListener.onDataActivity: Completed direction=0
09-19 10:51:58.255 I/MotoNetwCtrlr.MotoNetwCtrlrImpl.MotorolaMobileSignalController( 2 ) ( 2017): MotorolaMobilePhoneStateListener.onDataActivity: Entered: direction=0
09-19 10:51:58.255 I/MotoNetwCtrlr.MotoNetwCtrlrImpl.MotorolaMobileSignalController( 2 ) ( 2017): isDirty: returns false
09-19 10:51:58.255 I/MotoNetwCtrlr.MotoNetwCtrlrImpl.MotorolaMobileSignalController( 2 ) ( 2017): MotorolaMobilePhoneStateListener.onDataActivity: Completed direction=0
09-19 10:51:58.268 I/MotoNetwCtrlr.MotoNetwCtrlrImpl.MotorolaMobileSignalController( 1 ) ( 2017): MotorolaMobilePhoneStateListener.onDataActivity: Entered: direction=0
09-19 10:51:58.269 I/MotoNetwCtrlr.MotoNetwCtrlrImpl.MotorolaMobileSignalController( 1 ) ( 2017): isDirty: returns false
09-19 10:51:58.269 I/MotoNetwCtrlr.MotoNetwCtrlrImpl.MotorolaMobileSignalController( 1 ) ( 2017): MotorolaMobilePhoneStateListener.onDataActivity: Completed direction=0
09-19 10:51:58.269 I/MotoNetwCtrlr.MotoNetwCtrlrImpl.MotorolaMobileSignalController( 2 ) ( 2017): MotorolaMobilePhoneStateListener.onDataActivity: Entered: direction=0
09-19 10:51:58.269 I/MotoNetwCtrlr.MotoNetwCtrlrImpl.MotorolaMobileSignalController( 2 ) ( 2017): isDirty: returns false
09-19 10:51:58.269 I/MotoNetwCtrlr.MotoNetwCtrlrImpl.MotorolaMobileSignalController( 2 ) ( 2017): MotorolaMobilePhoneStateListener.onDataActivity: Completed direction=0
09-19 10:51:58.271 I/MotoNetwCtrlr.MotoNetwCtrlrImpl.MotorolaMobileSignalController( 1 ) ( 2017): MotorolaMobilePhoneStateListener.onDataActivity: Entered: direction=0
09-19 10:51:58.271 I/MotoNetwCtrlr.MotoNetwCtrlrImpl.MotorolaMobileSignalController( 1 ) ( 2017): isDirty: returns false
09-19 10:51:58.271 I/MotoNetwCtrlr.MotoNetwCtrlrImpl.MotorolaMobileSignalController( 1 ) ( 2017): MotorolaMobilePhoneStateListener.onDataActivity: Completed direction=0
09-19 10:51:58.271 I/MotoNetwCtrlr.MotoNetwCtrlrImpl.MotorolaMobileSignalController( 2 ) ( 2017): MotorolaMobilePhoneStateListener.onDataActivity: Entered: direction=0
09-19 10:51:58.271 I/MotoNetwCtrlr.MotoNetwCtrlrImpl.MotorolaMobileSignalController( 2 ) ( 2017): isDirty: returns false
09-19 10:51:58.271 I/MotoNetwCtrlr.MotoNetwCtrlrImpl.MotorolaMobileSignalController( 2 ) ( 2017): MotorolaMobilePhoneStateListener.onDataActivity: Completed direction=0
09-19 10:51:58.306 I/OuterReceiverDispatcher( 8910): android.intent.action.SCREEN_OFF
09-19 10:51:58.306 D/CMBaseReceiver( 8910): com.keniu.security.basecomponent.receiver.outer.ORDispatcherService 0ms
09-19 10:51:58.323 I/cm.log.servpro( 8910): [screen_off_clean]/ post clean task
09-19 10:51:58.342 W/ActivityManager( 1207): getRunningAppProcesses: caller 10113 does not hold REAL_GET_TASKS; limiting output
09-19 10:51:58.387 D/MdnsClient(31057): Multicast lock held. Releasing
09-19 10:51:58.390 V/WindowManager( 1207): mAppsToBeHidden add Token{fe51d2b ActivityRecord{21b5a17a u0 dpatel96_a2.cs442.com.activitylifecycle/.MainActivity t524}}
09-19 10:51:58.390 V/WindowManager( 1207): IKSWL-6868 finishPostLayoutPolicyLw: mHideKeyguard=false mDismissKeyguard=0
09-19 10:51:58.390 V/WindowManager( 1207): IKSWL-6868 setKeyguardOccludedLw isOccluded=false wasOccluded=true showing=false
09-19 10:51:58.456 W/ActivityManager( 1207): getRunningAppProcesses: caller 10113 does not hold REAL_GET_TASKS; limiting output
09-19 10:51:58.779 W/ActivityManager( 1207): getRunningAppProcesses: caller 10113 does not hold REAL_GET_TASKS; limiting output
09-19 10:51:58.813 I/art     ( 8910): Background sticky concurrent mark sweep GC freed 13560(3MB) AllocSpace objects, 0(0B) LOS objects, 15% free, 20MB/24MB, paused 5.061ms total 39.032ms
09-19 10:51:58.839 I/WindowManager( 1207): AOD Glimpse not enabled!
09-19 10:51:58.840 I/PowerManagerService( 1207): Waking up from dozing (uid 1000)...
09-19 10:51:58.840 I/WindowManager( 1207): Waking up...
09-19 10:51:58.840 I/WindowManager( 1207): AOD Glimpse not enabled!
09-19 10:51:58.840 V/KeyguardServiceDelegate( 1207): onScreenTurnedOn(showListener = com.android.internal.policy.impl.PhoneWindowManager$2@33bf1cdd)
09-19 10:51:58.841 I/WindowManager( 1207): Screen turning on...
09-19 10:51:58.841 I/WindowManager( 1207): AOD Glimpse not enabled!
09-19 10:51:58.842 V/WindowManager( 1207): mAppsToBeHidden add Token{fe51d2b ActivityRecord{21b5a17a u0 dpatel96_a2.cs442.com.activitylifecycle/.MainActivity t524}}
09-19 10:51:58.842 V/WindowManager( 1207): IKSWL-6868 finishPostLayoutPolicyLw: mHideKeyguard=false mDismissKeyguard=0
09-19 10:51:58.842 V/WindowManager( 1207): IKSWL-6868 setKeyguardOccludedLw isOccluded=false wasOccluded=true showing=false
09-19 10:51:58.851 E/Sensors ( 1207): CT406 set ALS poll interval: 1000
09-19 10:51:58.852 D/SurfaceFlinger(  262): Set power mode=2, type=0 flinger=0xb71d4550
09-19 10:51:58.852 D/qdhwcomposer(  262): hwc_blank: Unblanking display: 0
09-19 10:51:58.852 I/DisplayManagerService( 1207): Display device changed: DisplayDeviceInfo{"Built-in Screen": uniqueId="local:0", 720 x 1280, 60.0 fps, supportedRefreshRates [60.0], density 320, 326.571 x 328.404 dpi, appVsyncOff 0, presDeadline 17666667, touch INTERNAL, rotation 0, type BUILT_IN, state ON, FLAG_DEFAULT_DISPLAY, FLAG_ROTATES_WITH_CONTENT, FLAG_SECURE, FLAG_SUPPORTS_PROTECTED_BUFFERS}
09-19 10:51:58.855 V/WindowManager( 1207): mAppsToBeHidden add Token{fe51d2b ActivityRecord{21b5a17a u0 dpatel96_a2.cs442.com.activitylifecycle/.MainActivity t524}}
09-19 10:51:58.855 V/WindowManager( 1207): IKSWL-6868 finishPostLayoutPolicyLw: mHideKeyguard=false mDismissKeyguard=0
09-19 10:51:58.855 V/WindowManager( 1207): IKSWL-6868 setKeyguardOccludedLw isOccluded=false wasOccluded=true showing=false
09-19 10:51:58.857 V/ActivityManager( 1207): Display changed displayId=0
09-19 10:51:58.872 V/KeyguardServiceDelegate( 1207): **** SHOWN CALLED ****
09-19 10:51:58.872 D/WindowManager( 1207): mKeyguardDelegate.ShowListener.onShown.
09-19 10:51:58.877 W/WindowManager( 1207): Setting mKeyguardDrawComplete
09-19 10:51:58.877 D/WindowManager( 1207): finishScreenTurningOn: mAwake=true, mScreenOnEarly=true, mScreenOnFully=false, mKeyguardDrawComplete=true, mWindowManagerDrawComplete=false
09-19 10:51:58.898 V/WindowManager( 1207): mAppsToBeHidden add Token{fe51d2b ActivityRecord{21b5a17a u0 dpatel96_a2.cs442.com.activitylifecycle/.MainActivity t524}}
09-19 10:51:58.898 V/WindowManager( 1207): IKSWL-6868 finishPostLayoutPolicyLw: mHideKeyguard=false mDismissKeyguard=0
09-19 10:51:58.898 V/WindowManager( 1207): IKSWL-6868 setKeyguardOccludedLw isOccluded=false wasOccluded=true showing=false
09-19 10:51:58.937 V/WindowManager( 1207): mAppsToBeHidden add Token{fe51d2b ActivityRecord{21b5a17a u0 dpatel96_a2.cs442.com.activitylifecycle/.MainActivity t524}}
09-19 10:51:58.937 V/WindowManager( 1207): IKSWL-6868 finishPostLayoutPolicyLw: mHideKeyguard=false mDismissKeyguard=0
09-19 10:51:58.937 V/WindowManager( 1207): IKSWL-6868 setKeyguardOccludedLw isOccluded=false wasOccluded=true showing=false
09-19 10:51:58.941 V/WindowManager( 1207): mAppsToBeHidden add Token{fe51d2b ActivityRecord{21b5a17a u0 dpatel96_a2.cs442.com.activitylifecycle/.MainActivity t524}}
09-19 10:51:58.941 V/WindowManager( 1207): IKSWL-6868 finishPostLayoutPolicyLw: mHideKeyguard=false mDismissKeyguard=0
09-19 10:51:58.942 V/WindowManager( 1207): IKSWL-6868 setKeyguardOccludedLw isOccluded=false wasOccluded=true showing=false
09-19 10:51:58.945 I/WindowManager( 1207): All windows ready for display!
09-19 10:51:58.946 W/WindowManager( 1207): Setting mWindowManagerDrawComplete
09-19 10:51:58.946 D/WindowManager( 1207): finishScreenTurningOn: mAwake=true, mScreenOnEarly=true, mScreenOnFully=false, mKeyguardDrawComplete=true, mWindowManagerDrawComplete=true
09-19 10:51:58.946 I/WindowManager( 1207): Finished screen turning on...
09-19 10:51:58.963 V/WindowManager( 1207): IKSWL-6868 finishPostLayoutPolicyLw: mHideKeyguard=false mDismissKeyguard=0
09-19 10:51:58.963 V/WindowManager( 1207): IKSWL-6868 setKeyguardOccludedLw isOccluded=false wasOccluded=true showing=false
09-19 10:51:59.011 I/WindowManager( 1207): AOD Glimpse not enabled!
09-19 10:51:59.043 D/Sensors ( 1207): AccelerationSensor: Set Sensors state 0x1
09-19 10:51:59.043 D/Sensors ( 1207): AccelerationSensor: set delay 200
09-19 10:51:59.043 I/MotoNetwCtrlr.MotoWifiHndlr( 2017): handleMessage: Entered msg.what=1
09-19 10:51:59.044 I/MotoNetwCtrlr.MotorolaWifiSignalController( 2017): isDirty: returns true
09-19 10:51:59.044 I/MotoNetwCtrlr.MotorolaWifiSignalController( 2017): notifyListeners: calling SB [0] setWifiIndicators (Motorola api): UseMotoUI=true Vis=true SBSig=0x7f02014c=stat_sys_wifi_signal_4_fully SBAct=( none ) DescSig="Wi-Fi signal full." DescAct="wifi in and out" NetName=""IIT-Secure""
09-19 10:51:59.046 I/MotoNetwCtrlr.MotorolaWifiSignalController( 2017): notifyListeners: calling SB [1] setWifiIndicators (Motorola api): UseMotoUI=true Vis=true SBSig=0x7f02014c=stat_sys_wifi_signal_4_fully SBAct=( none ) DescSig="Wi-Fi signal full." DescAct="wifi in and out" NetName=""IIT-Secure""
09-19 10:51:59.046 I/MotoNetwCtrlr.MotorolaWifiSignalController( 2017): notifyListeners: calling SB [2] setWifiIndicators (Motorola api): UseMotoUI=true Vis=true SBSig=0x7f02014c=stat_sys_wifi_signal_4_fully SBAct=( none ) DescSig="Wi-Fi signal full." DescAct="wifi in and out" NetName=""IIT-Secure""
09-19 10:51:59.047 D/Sensors ( 1207): AccelerationSensor: set delay 200
09-19 10:51:59.047 E/WifiStateMachine( 1207): cancelDelayedScan -> 3816
09-19 10:51:59.047 E/WifiStateMachine( 1207): startDelayedScan send -> 3817 milli 500
09-19 10:51:59.047 D/WifiStateMachine( 1207): backgroundScan enabled=false startBackgroundScanIfNeeded:false
09-19 10:51:59.047 E/WifiStateMachine( 1207): handleScreenStateChanged Exit: true
09-19 10:51:59.048 I/MotoNetwCtrlr.MotoWifiHndlr( 2017): handleMessage: Completed
09-19 10:51:59.049 D/audio_hw_primary(  301): adev_set_parameters: enter: screen_state=on
09-19 10:51:59.049 V/msm8974_platform(  301): platform_set_parameters: enter: screen_state=on
09-19 10:51:59.049 V/msm8974_platform(  301): platform_set_parameters: exit with code(0)
09-19 10:51:59.050 D/msm8974_platform(  301): Enabling headset polling mode
09-19 10:51:59.051 D/audio_hw_extn(  301): audio_extn_set_anc_parameters: anc_enabled:0
09-19 10:51:59.071 I/MotoNetwCtrlr.MotoNetwCtrlrImpl.MotorolaMobileSignalController( 1 ) ( 2017): MotorolaMobilePhoneStateListener.onDataActivity: Entered: direction=0
09-19 10:51:59.071 I/MotoNetwCtrlr.MotoNetwCtrlrImpl.MotorolaMobileSignalController( 1 ) ( 2017): isDirty: returns false
09-19 10:51:59.071 I/MotoNetwCtrlr.MotoNetwCtrlrImpl.MotorolaMobileSignalController( 1 ) ( 2017): MotorolaMobilePhoneStateListener.onDataActivity: Completed direction=0
09-19 10:51:59.071 I/MotoNetwCtrlr.MotoNetwCtrlrImpl.MotorolaMobileSignalController( 2 ) ( 2017): MotorolaMobilePhoneStateListener.onDataActivity: Entered: direction=0
09-19 10:51:59.071 I/MotoNetwCtrlr.MotoNetwCtrlrImpl.MotorolaMobileSignalController( 2 ) ( 2017): isDirty: returns false
09-19 10:51:59.071 I/MotoNetwCtrlr.MotoNetwCtrlrImpl.MotorolaMobileSignalController( 2 ) ( 2017): MotorolaMobilePhoneStateListener.onDataActivity: Completed direction=0
09-19 10:51:59.075 I/MotoNetwCtrlr.MotoNetwCtrlrImpl.MotorolaMobileSignalController( 1 ) ( 2017): MotorolaMobilePhoneStateListener.onDataActivity: Entered: direction=0
09-19 10:51:59.075 I/MotoNetwCtrlr.MotoNetwCtrlrImpl.MotorolaMobileSignalController( 1 ) ( 2017): isDirty: returns false
09-19 10:51:59.075 I/MotoNetwCtrlr.MotoNetwCtrlrImpl.MotorolaMobileSignalController( 1 ) ( 2017): MotorolaMobilePhoneStateListener.onDataActivity: Completed direction=0
09-19 10:51:59.075 I/MotoNetwCtrlr.MotoNetwCtrlrImpl.MotorolaMobileSignalController( 2 ) ( 2017): MotorolaMobilePhoneStateListener.onDataActivity: Entered: direction=0
09-19 10:51:59.075 I/MotoNetwCtrlr.MotoNetwCtrlrImpl.MotorolaMobileSignalController( 2 ) ( 2017): isDirty: returns false
09-19 10:51:59.075 I/MotoNetwCtrlr.MotoNetwCtrlrImpl.MotorolaMobileSignalController( 2 ) ( 2017): MotorolaMobilePhoneStateListener.onDataActivity: Completed direction=0
09-19 10:51:59.078 I/MotoNetwCtrlr.MotoNetwCtrlrImpl.MotorolaMobileSignalController( 1 ) ( 2017): MotorolaMobilePhoneStateListener.onDataActivity: Entered: direction=0
09-19 10:51:59.079 W/ActivityManager( 1207): getRunningAppProcesses: caller 10113 does not hold REAL_GET_TASKS; limiting output
09-19 10:51:59.079 I/MotoNetwCtrlr.MotoNetwCtrlrImpl.MotorolaMobileSignalController( 1 ) ( 2017): isDirty: returns false
09-19 10:51:59.079 I/MotoNetwCtrlr.MotoNetwCtrlrImpl.MotorolaMobileSignalController( 1 ) ( 2017): MotorolaMobilePhoneStateListener.onDataActivity: Completed direction=0
09-19 10:51:59.079 I/MotoNetwCtrlr.MotoNetwCtrlrImpl.MotorolaMobileSignalController( 2 ) ( 2017): MotorolaMobilePhoneStateListener.onDataActivity: Entered: direction=0
09-19 10:51:59.079 I/MotoNetwCtrlr.MotoNetwCtrlrImpl.MotorolaMobileSignalController( 2 ) ( 2017): isDirty: returns false
09-19 10:51:59.079 I/MotoNetwCtrlr.MotoNetwCtrlrImpl.MotorolaMobileSignalController( 2 ) ( 2017): MotorolaMobilePhoneStateListener.onDataActivity: Completed direction=0
09-19 10:51:59.083 I/MotoNetwCtrlr.MotoNetwCtrlrImpl.MotorolaMobileSignalController( 1 ) ( 2017): MotorolaMobilePhoneStateListener.onDataActivity: Entered: direction=0
09-19 10:51:59.083 I/MotoNetwCtrlr.MotoNetwCtrlrImpl.MotorolaMobileSignalController( 1 ) ( 2017): isDirty: returns false
09-19 10:51:59.083 I/MotoNetwCtrlr.MotoNetwCtrlrImpl.MotorolaMobileSignalController( 1 ) ( 2017): MotorolaMobilePhoneStateListener.onDataActivity: Completed direction=0
09-19 10:51:59.083 I/MotoNetwCtrlr.MotoNetwCtrlrImpl.MotorolaMobileSignalController( 2 ) ( 2017): MotorolaMobilePhoneStateListener.onDataActivity: Entered: direction=0
09-19 10:51:59.083 I/MotoNetwCtrlr.MotoNetwCtrlrImpl.MotorolaMobileSignalController( 2 ) ( 2017): isDirty: returns false
09-19 10:51:59.083 I/MotoNetwCtrlr.MotoNetwCtrlrImpl.MotorolaMobileSignalController( 2 ) ( 2017): MotorolaMobilePhoneStateListener.onDataActivity: Completed direction=0
09-19 10:51:59.099 I/qdhwcomposer(  262): handle_blank_event: dpy:0 panel power state: 1
09-19 10:51:59.109 D/qdhwcomposer(  262): hwc_blank: Done unblanking display: 0
09-19 10:51:59.110 D/SurfaceControl( 1207): Excessive delay in setPowerMode(): 258ms
09-19 10:51:59.111 I/DreamManagerService( 1207): Gently waking up from dream.
09-19 10:51:59.112 I/DreamManagerService( 1207): Leaving dreamland.
09-19 10:51:59.112 I/DreamController( 1207): Stopping dream: name=ComponentInfo{com.android.systemui/com.android.systemui.doze.DozeService}, isTest=false, canDoze=true, userId=0
09-19 10:51:59.117 I/Keyboard.Facilitator( 2161): onFinishInput()
09-19 10:51:59.130 D/r       ( 8910):  *************repeatAlarmStartOnlyExpired*****
09-19 10:51:59.131 W/ActivityManager( 1207): getRunningAppProcesses: caller 10113 does not hold REAL_GET_TASKS; limiting output
09-19 10:51:59.219 I/art     ( 8910): Background partial concurrent mark sweep GC freed 73953(11MB) AllocSpace objects, 0(0B) LOS objects, 39% free, 16MB/27MB, paused 2.840ms total 108.469ms
09-19 10:51:59.259 W/ActivityManager( 1207): getRunningAppProcesses: caller 10113 does not hold REAL_GET_TASKS; limiting output
09-19 10:51:59.517 W/Settings( 8910): Setting android_id has moved from android.provider.Settings.System to android.provider.Settings.Secure, returning read-only value.
09-19 10:51:59.520 I/OuterReceiverDispatcher( 8910): android.intent.action.SCREEN_ON
09-19 10:51:59.520 D/CMBaseReceiver( 8910): com.keniu.security.basecomponent.receiver.outer.ORDispatcherService 0ms
09-19 10:51:59.527 I/cm.log.servpro( 8910): [screen_off_clean]/ start show toast : size=0MB
09-19 10:51:59.542 W/Settings( 8910): Setting android_id has moved from android.provider.Settings.System to android.provider.Settings.Secure, returning read-only value.
