09-19 10:52:11.587 I/Keyboard.Facilitator( 2161): onFinishInput()
09-19 10:52:11.596 I/cr.library_loader( 4747): Loading chrome directly from within /data/app/com.android.chrome-2/base.apk
09-19 10:52:11.610 I/AndroidEduAndChildAccountHelper( 3593): onChildAccountChecked
09-19 10:52:11.610 I/AndroidEduAndChildAccountHelper( 3593): onSchoolCheckDone
09-19 10:52:11.610 I/AndroidEduAndChildAccountHelper( 3593): parameters are ready
09-19 10:52:11.618 V/WindowManager( 1207): IKSWL-6868 finishPostLayoutPolicyLw: mHideKeyguard=false mDismissKeyguard=0
09-19 10:52:11.618 V/WindowManager( 1207): IKSWL-6868 setKeyguardOccludedLw isOccluded=false wasOccluded=true showing=false
09-19 10:52:11.624 V/WindowManager( 1207): IKSWL-6868 finishPostLayoutPolicyLw: mHideKeyguard=false mDismissKeyguard=0
09-19 10:52:11.624 V/WindowManager( 1207): IKSWL-6868 setKeyguardOccludedLw isOccluded=false wasOccluded=true showing=false
09-19 10:52:11.663 V/WindowManager( 1207): IKSWL-6868 finishPostLayoutPolicyLw: mHideKeyguard=false mDismissKeyguard=0
09-19 10:52:11.663 V/WindowManager( 1207): IKSWL-6868 setKeyguardOccludedLw isOccluded=false wasOccluded=true showing=false
09-19 10:52:11.779 I/cr.library_loader( 4747): Time to load native libraries: 184 ms (timestamps 3788-3972)
09-19 10:52:11.779 I/cr.library_loader( 4747): Expected native library version number "45.0.2454.94", actual native library version number "45.0.2454.94"
09-19 10:52:11.782 I/chromium( 4747): [INFO:library_loader_hooks.cc(121)] Chromium logging enabled: level = 0, default verbosity = 0
09-19 10:52:11.782 W/art     ( 4747): Attempt to remove local handle scope entry from IRT, ignoring
09-19 10:52:11.783 W/art     ( 4747): Attempt to remove local handle scope entry from IRT, ignoring
09-19 10:52:11.987 V/WindowManager( 1207): IKSWL-6868 finishPostLayoutPolicyLw: mHideKeyguard=false mDismissKeyguard=0
09-19 10:52:11.987 V/WindowManager( 1207): IKSWL-6868 setKeyguardOccludedLw isOccluded=false wasOccluded=true showing=false
09-19 10:52:12.032 V/WindowManager( 1207): IKSWL-6868 finishPostLayoutPolicyLw: mHideKeyguard=false mDismissKeyguard=0
09-19 10:52:12.032 V/WindowManager( 1207): IKSWL-6868 setKeyguardOccludedLw isOccluded=false wasOccluded=true showing=false
09-19 10:52:12.060 I/MotoNetwCtrlr.MotoWifiHndlr( 2017): handleMessage: Entered msg.what=1
09-19 10:52:12.060 I/MotoNetwCtrlr.MotorolaWifiSignalController( 2017): isDirty: returns true
09-19 10:52:12.060 I/MotoNetwCtrlr.MotorolaWifiSignalController( 2017): notifyListeners: calling SB [0] setWifiIndicators (Motorola api): UseMotoUI=true Vis=true SBSig=0x7f02014c=stat_sys_wifi_signal_4_fully SBAct=( none ) DescSig="Wi-Fi signal full." DescAct="wifi in and out" NetName=""IIT-Secure""
09-19 10:52:12.066 I/MotoNetwCtrlr.MotorolaWifiSignalController( 2017): notifyListeners: calling SB [1] setWifiIndicators (Motorola api): UseMotoUI=true Vis=true SBSig=0x7f02014c=stat_sys_wifi_signal_4_fully SBAct=( none ) DescSig="Wi-Fi signal full." DescAct="wifi in and out" NetName=""IIT-Secure""
09-19 10:52:12.068 I/MotoNetwCtrlr.MotorolaWifiSignalController( 2017): notifyListeners: calling SB [2] setWifiIndicators (Motorola api): UseMotoUI=true Vis=true SBSig=0x7f02014c=stat_sys_wifi_signal_4_fully SBAct=( none ) DescSig="Wi-Fi signal full." DescAct="wifi in and out" NetName=""IIT-Secure""
09-19 10:52:12.071 I/MotoNetwCtrlr.MotoWifiHndlr( 2017): handleMessage: Completed
09-19 10:52:12.782 I/SFPerfTracer(  262):      triggers: (rate: 0:69) (555712 sw vsyncs) (0 skipped) (5:1220639 vsyncs) (7:1971901)
09-19 10:52:13.061 I/MotoNetwCtrlr.MotoWifiHndlr( 2017): handleMessage: Entered msg.what=1
09-19 10:52:13.061 I/MotoNetwCtrlr.MotorolaWifiSignalController( 2017): isDirty: returns true
09-19 10:52:13.061 I/MotoNetwCtrlr.MotorolaWifiSignalController( 2017): notifyListeners: calling SB [0] setWifiIndicators (Motorola api): UseMotoUI=true Vis=true SBSig=0x7f02014c=stat_sys_wifi_signal_4_fully SBAct=( none ) DescSig="Wi-Fi signal full." DescAct="wifi idle" NetName=""IIT-Secure""
09-19 10:52:13.064 I/MotoNetwCtrlr.MotorolaWifiSignalController( 2017): notifyListeners: calling SB [1] setWifiIndicators (Motorola api): UseMotoUI=true Vis=true SBSig=0x7f02014c=stat_sys_wifi_signal_4_fully SBAct=( none ) DescSig="Wi-Fi signal full." DescAct="wifi idle" NetName=""IIT-Secure""
09-19 10:52:13.065 I/MotoNetwCtrlr.MotorolaWifiSignalController( 2017): notifyListeners: calling SB [2] setWifiIndicators (Motorola api): UseMotoUI=true Vis=true SBSig=0x7f02014c=stat_sys_wifi_signal_4_fully SBAct=( none ) DescSig="Wi-Fi signal full." DescAct="wifi idle" NetName=""IIT-Secure""
09-19 10:52:13.067 I/MotoNetwCtrlr.MotoWifiHndlr( 2017): handleMessage: Completed
09-19 10:52:13.262 W/ResourceType( 2017): No package identifier when getting value for resource number 0x00000000
09-19 10:52:13.267 W/PackageManager( 2017): Failure retrieving resources for com.android.chrome: Resource ID #0x0
09-19 10:52:13.279 I/ActivityManager( 1207): START u0 {act=com.android.systemui.recents.SHOW_RECENTS flg=0x10804000 cmp=com.android.systemui/.recents.RecentsActivity} from uid 10027 on display 0
09-19 10:52:13.283 V/WindowManager( 1207): IKSWL-6868 finishPostLayoutPolicyLw: mHideKeyguard=false mDismissKeyguard=0
09-19 10:52:13.283 V/WindowManager( 1207): IKSWL-6868 setKeyguardOccludedLw isOccluded=false wasOccluded=true showing=false
09-19 10:52:13.287 V/WindowManager( 1207): IKSWL-6868 finishPostLayoutPolicyLw: mHideKeyguard=false mDismissKeyguard=0
09-19 10:52:13.287 V/WindowManager( 1207): IKSWL-6868 setKeyguardOccludedLw isOccluded=false wasOccluded=true showing=false
09-19 10:52:13.328 V/WindowManager( 1207): IKSWL-6868 finishPostLayoutPolicyLw: mHideKeyguard=false mDismissKeyguard=0
09-19 10:52:13.328 V/WindowManager( 1207): IKSWL-6868 setKeyguardOccludedLw isOccluded=false wasOccluded=true showing=false
09-19 10:52:13.339 V/WindowManager( 1207): IKSWL-6868 finishPostLayoutPolicyLw: mHideKeyguard=false mDismissKeyguard=0
09-19 10:52:13.339 V/WindowManager( 1207): IKSWL-6868 setKeyguardOccludedLw isOccluded=false wasOccluded=true showing=false
09-19 10:52:13.410 V/WindowManager( 1207): IKSWL-6868 finishPostLayoutPolicyLw: mHideKeyguard=false mDismissKeyguard=0
09-19 10:52:13.411 V/WindowManager( 1207): IKSWL-6868 setKeyguardOccludedLw isOccluded=false wasOccluded=true showing=false
09-19 10:52:13.452 E/chromium( 3593): [ERROR:simple_index_file.cc(223)] Failed to write the temporary index file
09-19 10:52:13.471 V/WindowManager( 1207): IKSWL-6868 finishPostLayoutPolicyLw: mHideKeyguard=false mDismissKeyguard=0
09-19 10:52:13.471 V/WindowManager( 1207): IKSWL-6868 setKeyguardOccludedLw isOccluded=false wasOccluded=true showing=false
09-19 10:52:13.477 V/WindowManager( 1207): IKSWL-6868 finishPostLayoutPolicyLw: mHideKeyguard=false mDismissKeyguard=0
09-19 10:52:13.477 V/WindowManager( 1207): IKSWL-6868 setKeyguardOccludedLw isOccluded=false wasOccluded=true showing=false
09-19 10:52:13.489 V/WindowManager( 1207): IKSWL-6868 finishPostLayoutPolicyLw: mHideKeyguard=false mDismissKeyguard=0
09-19 10:52:13.489 V/WindowManager( 1207): IKSWL-6868 setKeyguardOccludedLw isOccluded=false wasOccluded=true showing=false
09-19 10:52:13.490 V/WindowManager( 1207): IKSWL-6868 finishPostLayoutPolicyLw: mHideKeyguard=false mDismissKeyguard=0
09-19 10:52:13.490 V/WindowManager( 1207): IKSWL-6868 setKeyguardOccludedLw isOccluded=false wasOccluded=true showing=false
09-19 10:52:13.494 I/Keyboard.Facilitator( 2161): onFinishInput()
09-19 10:52:13.495 I/LaunchCheckinHandler( 1207): Displayed com.android.systemui/.recents.RecentsActivity,wp,wa,216
09-19 10:52:13.504 V/WindowManager( 1207): IKSWL-6868 finishPostLayoutPolicyLw: mHideKeyguard=false mDismissKeyguard=0
09-19 10:52:13.504 V/WindowManager( 1207): IKSWL-6868 setKeyguardOccludedLw isOccluded=false wasOccluded=true showing=false
09-19 10:52:13.531 V/WindowManager( 1207): IKSWL-6868 finishPostLayoutPolicyLw: mHideKeyguard=false mDismissKeyguard=0
09-19 10:52:13.531 V/WindowManager( 1207): IKSWL-6868 setKeyguardOccludedLw isOccluded=false wasOccluded=true showing=false
09-19 10:52:13.539 W/InputMethodManagerService( 1207): Starting input on non-focused client com.android.internal.view.IInputMethodClient$Stub$Proxy@3138f424 (uid=10055 pid=3593)
09-19 10:52:13.549 V/WindowManager( 1207): IKSWL-6868 finishPostLayoutPolicyLw: mHideKeyguard=false mDismissKeyguard=0
09-19 10:52:13.549 V/WindowManager( 1207): IKSWL-6868 setKeyguardOccludedLw isOccluded=false wasOccluded=true showing=false
09-19 10:52:13.849 V/WindowManager( 1207): IKSWL-6868 finishPostLayoutPolicyLw: mHideKeyguard=false mDismissKeyguard=0
09-19 10:52:13.849 V/WindowManager( 1207): IKSWL-6868 setKeyguardOccludedLw isOccluded=false wasOccluded=true showing=false
09-19 10:52:13.869 V/WindowManager( 1207): IKSWL-6868 finishPostLayoutPolicyLw: mHideKeyguard=false mDismissKeyguard=0
09-19 10:52:13.869 V/WindowManager( 1207): IKSWL-6868 setKeyguardOccludedLw isOccluded=false wasOccluded=true showing=false
09-19 10:52:13.872 V/WindowManager( 1207): IKSWL-6868 finishPostLayoutPolicyLw: mHideKeyguard=false mDismissKeyguard=0
09-19 10:52:13.872 V/WindowManager( 1207): IKSWL-6868 setKeyguardOccludedLw isOccluded=false wasOccluded=true showing=false
09-19 10:52:13.882 V/WindowManager( 1207): IKSWL-6868 finishPostLayoutPolicyLw: mHideKeyguard=false mDismissKeyguard=0
09-19 10:52:13.882 V/WindowManager( 1207): IKSWL-6868 setKeyguardOccludedLw isOccluded=false wasOccluded=true showing=false
09-19 10:52:14.243 I/MotoNetwCtrlr( 2017): onReceive: Received intent=Intent { act=android.net.wifi.RSSI_CHANGED flg=0x4000010 (has extras) } Action=android.net.wifi.RSSI_CHANGED
09-19 10:52:14.243 I/MotoNetwCtrlr.MotoWifiSignalCtrlr( 2017): handleBroadcast: Entered: Intent=Intent { act=android.net.wifi.RSSI_CHANGED flg=0x4000010 (has extras) } Action=android.net.wifi.RSSI_CHANGED
09-19 10:52:14.243 I/MotoNetwCtrlr.MotorolaWifiSignalController( 2017): isDirty: returns false
09-19 10:52:14.243 I/MotoNetwCtrlr.MotoWifiSignalCtrlr( 2017): handleBroadcast: Completed
09-19 10:52:14.243 I/MotoNetwCtrlr( 2017): onReceive: Completed intent=Intent { act=android.net.wifi.RSSI_CHANGED flg=0x4000010 (has extras) } Action=android.net.wifi.RSSI_CHANGED
09-19 10:52:14.335 W/ResourceType( 2017): No package identifier when getting value for resource number 0x00000000
09-19 10:52:14.335 W/PackageManager( 2017): Failure retrieving resources for com.android.chrome: Resource ID #0x0
09-19 10:52:14.479 E/cpu_temp( 8910): MSG_ON_WATCH_CURRENT
09-19 10:52:14.474 W/BackgroundThrea( 8930): type=1400 audit(0.0:30646): avc: denied { search } for uid=10113 name="thermal" dev="sysfs" ino=7438 scontext=u:r:untrusted_app:s0 tcontext=u:object_r:sysfs_thermal:s0 tclass=dir permissive=0
09-19 10:52:14.704 D/TaskStackView( 2017): onTaskViewClicked: task = Task (524): dpatel96_a2.cs442.com.activitylifecycle [com.android.systemui.recents.model.Task@1b898e96] index = 0
09-19 10:52:14.713 V/WindowManager( 1207): IKSWL-6868 finishPostLayoutPolicyLw: mHideKeyguard=false mDismissKeyguard=0
09-19 10:52:14.713 V/WindowManager( 1207): IKSWL-6868 setKeyguardOccludedLw isOccluded=false wasOccluded=true showing=false
09-19 10:52:14.734 V/WindowManager( 1207): IKSWL-6868 finishPostLayoutPolicyLw: mHideKeyguard=false mDismissKeyguard=0
09-19 10:52:14.734 V/WindowManager( 1207): IKSWL-6868 setKeyguardOccludedLw isOccluded=false wasOccluded=true showing=false
09-19 10:52:14.750 I/SFPerfTracer(  262):      triggers: (rate: 1387:81483) (compose: 0:98) (post: 0:26) (render: 275:5852) (24:1435317 frames) (25:1524292)
09-19 10:52:14.751 D/SFPerfTracer(  262):        layers: (5:15) (FocusedStackFrame (0xb72b2cb0): 0:7139)* (DimLayer (0xb72b5890): 0:144)* (DimLayer (0xb725d468): 0:13)* (DimLayer (0xb7305040): 0:2731)* (DimLayer (0xb7307448): 0:1470)* (StatusBar (0xb7260df8): 0:102315) (com.android.systemui.ImageWallpaper (0xb72d4f28): 0:565) ( (0xb7317060): 0:106) (NavigationBar (0xb72d31f8): 0:555) (com.android.launcher/com.android.launcher2.Launcher (0xb7310ce0): 0:63)- (Starting com.android.chrome (0xb72d7310): 0:26)- (com.android.chrome/org.chromium.chrome.browser.document.DocumentActivity (0xb7319410): 0:53)- (SurfaceView (0xb731a6b8): 0:29)- (com.android.systemui/com.android.systemui.recents.RecentsActivity (0xb7310ce0): 24:30) (thumbnail anim (0xb72d7310): 0:22)- 
09-19 10:52:14.755 V/WindowManager( 1207): IKSWL-6868 finishPostLayoutPolicyLw: mHideKeyguard=false mDismissKeyguard=0
09-19 10:52:14.755 V/WindowManager( 1207): IKSWL-6868 setKeyguardOccludedLw isOccluded=false wasOccluded=true showing=false
09-19 10:52:14.760 D/Lifecycle_dpatel96( 3071): 11: onRestart() called:
09-19 10:52:14.760 D/Lifecycle_dpatel96( 3071): 12: onStart() called:
09-19 10:52:14.761 D/Lifecycle_dpatel96( 3071): 13: onResume() called:
09-19 10:52:14.772 V/WindowManager( 1207): IKSWL-6868 finishPostLayoutPolicyLw: mHideKeyguard=false mDismissKeyguard=0
09-19 10:52:14.772 V/WindowManager( 1207): IKSWL-6868 setKeyguardOccludedLw isOccluded=false wasOccluded=true showing=false
09-19 10:52:14.794 I/Keyboard.Facilitator( 2161): onFinishInput()
09-19 10:52:14.812 V/WindowManager( 1207): IKSWL-6868 finishPostLayoutPolicyLw: mHideKeyguard=false mDismissKeyguard=0
09-19 10:52:14.812 V/WindowManager( 1207): IKSWL-6868 setKeyguardOccludedLw isOccluded=false wasOccluded=true showing=false
09-19 10:52:14.833 V/WindowManager( 1207): IKSWL-6868 finishPostLayoutPolicyLw: mHideKeyguard=false mDismissKeyguard=0
09-19 10:52:14.833 V/WindowManager( 1207): IKSWL-6868 setKeyguardOccludedLw isOccluded=false wasOccluded=true showing=false
09-19 10:52:14.839 V/WindowManager( 1207): IKSWL-6868 finishPostLayoutPolicyLw: mHideKeyguard=false mDismissKeyguard=0
09-19 10:52:14.839 V/WindowManager( 1207): IKSWL-6868 setKeyguardOccludedLw isOccluded=false wasOccluded=true showing=false
09-19 10:52:14.843 V/WindowManager( 1207): IKSWL-6868 finishPostLayoutPolicyLw: mHideKeyguard=false mDismissKeyguard=0
09-19 10:52:14.843 V/WindowManager( 1207): IKSWL-6868 setKeyguardOccludedLw isOccluded=false wasOccluded=true showing=false
09-19 10:52:15.184 V/WindowManager( 1207): IKSWL-6868 finishPostLayoutPolicyLw: mHideKeyguard=false mDismissKeyguard=0
09-19 10:52:15.184 V/WindowManager( 1207): IKSWL-6868 setKeyguardOccludedLw isOccluded=false wasOccluded=true showing=false
09-19 10:52:15.188 V/WindowManager( 1207): IKSWL-6868 finishPostLayoutPolicyLw: mHideKeyguard=false mDismissKeyguard=0
09-19 10:52:15.188 V/WindowManager( 1207): IKSWL-6868 setKeyguardOccludedLw isOccluded=false wasOccluded=true showing=false
09-19 10:52:15.202 V/WindowManager( 1207): IKSWL-6868 finishPostLayoutPolicyLw: mHideKeyguard=false mDismissKeyguard=0
09-19 10:52:15.202 V/WindowManager( 1207): IKSWL-6868 setKeyguardOccludedLw isOccluded=false wasOccluded=true showing=false
09-19 10:52:16.831 I/SFPerfTracer(  262):      triggers: (rate: 0:69) (555712 sw vsyncs) (0 skipped) (36:1220759 vsyncs) (38:1972027)
09-19 10:52:16.946 D/Lifecycle_dpatel96( 3071): My First Button Hitted!
09-19 10:52:16.987 D/Lifecycle_dpatel96( 3071): 14: onPause() called:
09-19 10:52:16.989 V/WindowManager( 1207): IKSWL-6868 finishPostLayoutPolicyLw: mHideKeyguard=false mDismissKeyguard=0
09-19 10:52:16.989 V/WindowManager( 1207): IKSWL-6868 setKeyguardOccludedLw isOccluded=false wasOccluded=true showing=false
09-19 10:52:16.996 V/WindowManager( 1207): IKSWL-6868 finishPostLayoutPolicyLw: mHideKeyguard=false mDismissKeyguard=0
09-19 10:52:16.996 V/WindowManager( 1207): IKSWL-6868 setKeyguardOccludedLw isOccluded=false wasOccluded=true showing=false
09-19 10:52:17.007 V/WindowManager( 1207): IKSWL-6868 finishPostLayoutPolicyLw: mHideKeyguard=false mDismissKeyguard=0
09-19 10:52:17.007 V/WindowManager( 1207): IKSWL-6868 setKeyguardOccludedLw isOccluded=false wasOccluded=true showing=false
09-19 10:52:17.032 V/WindowManager( 1207): IKSWL-6868 finishPostLayoutPolicyLw: mHideKeyguard=false mDismissKeyguard=0
09-19 10:52:17.032 V/WindowManager( 1207): IKSWL-6868 setKeyguardOccludedLw isOccluded=false wasOccluded=true showing=false
09-19 10:52:17.075 V/WindowManager( 1207): IKSWL-6868 finishPostLayoutPolicyLw: mHideKeyguard=false mDismissKeyguard=0
09-19 10:52:17.075 V/WindowManager( 1207): IKSWL-6868 setKeyguardOccludedLw isOccluded=false wasOccluded=true showing=false
09-19 10:52:17.083 V/WindowManager( 1207): IKSWL-6868 finishPostLayoutPolicyLw: mHideKeyguard=false mDismissKeyguard=0
09-19 10:52:17.084 V/WindowManager( 1207): IKSWL-6868 setKeyguardOccludedLw isOccluded=false wasOccluded=true showing=false
09-19 10:52:17.088 V/WindowManager( 1207): IKSWL-6868 finishPostLayoutPolicyLw: mHideKeyguard=false mDismissKeyguard=0
09-19 10:52:17.088 V/WindowManager( 1207): IKSWL-6868 setKeyguardOccludedLw isOccluded=false wasOccluded=true showing=false
09-19 10:52:17.089 D/OpenGLRenderer( 3071): endAllActiveAnimators on 0xb8fe9e30 (RippleDrawable) with handle 0xb8ff17b0
09-19 10:52:17.092 I/Keyboard.Facilitator( 2161): onFinishInput()
09-19 10:52:17.093 V/WindowManager( 1207): IKSWL-6868 finishPostLayoutPolicyLw: mHideKeyguard=false mDismissKeyguard=0
09-19 10:52:17.093 V/WindowManager( 1207): IKSWL-6868 setKeyguardOccludedLw isOccluded=false wasOccluded=true showing=false
09-19 10:52:17.095 V/WindowManager( 1207): IKSWL-6868 finishPostLayoutPolicyLw: mHideKeyguard=false mDismissKeyguard=0
09-19 10:52:17.095 V/WindowManager( 1207): IKSWL-6868 setKeyguardOccludedLw isOccluded=false wasOccluded=true showing=false
09-19 10:52:17.096 V/WindowManager( 1207): IKSWL-6868 finishPostLayoutPolicyLw: mHideKeyguard=false mDismissKeyguard=0
09-19 10:52:17.096 V/WindowManager( 1207): IKSWL-6868 setKeyguardOccludedLw isOccluded=false wasOccluded=true showing=false
09-19 10:52:17.123 D/Lifecycle_dpatel96( 3071): 15: onStop() called:
09-19 10:52:17.123 D/Lifecycle_dpatel96( 3071): 16: onDestroy() called:
09-19 10:52:17.126 V/WindowManager( 1207): IKSWL-6868 finishPostLayoutPolicyLw: mHideKeyguard=false mDismissKeyguard=0
09-19 10:52:17.126 V/WindowManager( 1207): IKSWL-6868 setKeyguardOccludedLw isOccluded=false wasOccluded=true showing=false
09-19 10:52:17.129 V/WindowManager( 1207): removeAppToken make exiting: AppWindowToken{db2b588 token=Token{fe51d2b ActivityRecord{21b5a17a u0 dpatel96_a2.cs442.com.activitylifecycle/.MainActivity t524}}}
09-19 10:52:17.270 I/MotoNetwCtrlr( 2017): onReceive: Received intent=Intent { act=android.net.wifi.RSSI_CHANGED flg=0x4000010 (has extras) } Action=android.net.wifi.RSSI_CHANGED
09-19 10:52:17.270 I/MotoNetwCtrlr.MotoWifiSignalCtrlr( 2017): handleBroadcast: Entered: Intent=Intent { act=android.net.wifi.RSSI_CHANGED flg=0x4000010 (has extras) } Action=android.net.wifi.RSSI_CHANGED
09-19 10:52:17.270 I/MotoNetwCtrlr.MotorolaWifiSignalController( 2017): isDirty: returns false
09-19 10:52:17.270 I/MotoNetwCtrlr.MotoWifiSignalCtrlr( 2017): handleBroadcast: Completed
09-19 10:52:17.270 I/MotoNetwCtrlr( 2017): onReceive: Completed intent=Intent { act=android.net.wifi.RSSI_CHANGED flg=0x4000010 (has extras) } Action=android.net.wifi.RSSI_CHANGED
09-19 10:52:17.350 V/WindowManager( 1207): IKSWL-6868 finishPostLayoutPolicyLw: mHideKeyguard=false mDismissKeyguard=0
09-19 10:52:17.350 V/WindowManager( 1207): IKSWL-6868 setKeyguardOccludedLw isOccluded=false wasOccluded=true showing=false
09-19 10:52:17.354 V/WindowManager( 1207): IKSWL-6868 finishPostLayoutPolicyLw: mHideKeyguard=false mDismissKeyguard=0
09-19 10:52:17.354 V/WindowManager( 1207): IKSWL-6868 setKeyguardOccludedLw isOccluded=false wasOccluded=true showing=false
09-19 10:52:17.367 V/WindowManager( 1207): IKSWL-6868 finishPostLayoutPolicyLw: mHideKeyguard=false mDismissKeyguard=0
09-19 10:52:17.367 V/WindowManager( 1207): IKSWL-6868 setKeyguardOccludedLw isOccluded=false wasOccluded=true showing=false
09-19 10:52:17.515 V/WindowManager( 1207): IKSWL-6868 finishPostLayoutPolicyLw: mHideKeyguard=false mDismissKeyguard=0
09-19 10:52:17.515 V/WindowManager( 1207): IKSWL-6868 setKeyguardOccludedLw isOccluded=false wasOccluded=true showing=false
09-19 10:52:17.521 V/WindowManager( 1207): IKSWL-6868 finishPostLayoutPolicyLw: mHideKeyguard=false mDismissKeyguard=0
09-19 10:52:17.521 V/WindowManager( 1207): IKSWL-6868 setKeyguardOccludedLw isOccluded=false wasOccluded=true showing=false
09-19 10:52:17.531 V/WindowManager( 1207): IKSWL-6868 finishPostLayoutPolicyLw: mHideKeyguard=false mDismissKeyguard=0
09-19 10:52:17.532 V/WindowManager( 1207): IKSWL-6868 setKeyguardOccludedLw isOccluded=false wasOccluded=true showing=false
09-19 10:52:17.535 V/WindowManager( 1207): IKSWL-6868 finishPostLayoutPolicyLw: mHideKeyguard=false mDismissKeyguard=0
09-19 10:52:17.535 V/WindowManager( 1207): IKSWL-6868 setKeyguardOccludedLw isOccluded=false wasOccluded=true showing=false
09-19 10:52:17.548 W/SurfaceFlinger(  262): couldn't log to binary event log: overflow.
09-19 10:52:17.584 W/OpenGLRenderer(  480): Incorrectly called buildLayer on View: ShortcutAndWidgetContainer, destroying layer...
09-19 10:52:17.584 W/OpenGLRenderer(  480): Incorrectly called buildLayer on View: ShortcutAndWidgetContainer, destroying layer...
09-19 10:52:17.695 E/WifiStateMachine( 1207): WifiStateMachine CMD_START_SCAN source -2 txSuccessRate=1.30 rxSuccessRate=1.51 targetRoamBSSID=any RSSI=-43
09-19 10:52:17.695 E/WifiStateMachine( 1207): WifiStateMachine L2Connected CMD_START_SCAN source -2 3814, 3818 -> obsolete
09-19 10:52:17.698 I/ActivityManager( 1207): Process com.google.android.gms:car (pid 4262) has died
09-19 10:52:17.717 I/ActivityManager( 1207): Process com.android.vending (pid 4211) has died
09-19 10:52:18.039 W/ResourceType( 2017): No package identifier when getting value for resource number 0x00000000
09-19 10:52:18.040 W/PackageManager( 2017): Failure retrieving resources for dpatel96_a2.cs442.com.activitylifecycle: Resource ID #0x0
09-19 10:52:18.510 W/cr.content( 3593): Finalizing TabContentManager: org.chromium.chrome.browser.compositor.layouts.content.TabContentManager@f3b3a09
09-19 10:52:19.487 E/cpu_temp( 8910): MSG_ON_WATCH_CURRENT
09-19 10:52:19.484 W/BackgroundThrea( 8930): type=1400 audit(0.0:30647): avc: denied { search } for uid=10113 name="thermal" dev="sysfs" ino=7438 scontext=u:r:untrusted_app:s0 tcontext=u:object_r:sysfs_thermal:s0 tclass=dir permissive=0
09-19 10:52:19.554 E/WifiStateMachine( 1207): WifiStateMachine CMD_START_SCAN source -2 txSuccessRate=1.30 rxSuccessRate=1.51 targetRoamBSSID=any RSSI=-43
09-19 10:52:19.554 E/WifiStateMachine( 1207): startDelayedScan send -> 3819 milli 20000
09-19 10:52:19.555 E/WifiStateMachine( 1207): WifiStateMachine CMD_START_SCAN with age=21861 interval=20000 maxinterval=300000
09-19 10:52:19.555 E/WifiStateMachine( 1207): WifiStateMachine CMD_START_SCAN try full band scan age=21861 interval=20000 maxinterval=300000
09-19 10:52:19.555 E/WifiStateMachine( 1207): WifiStateMachine CMD_START_SCAN full=true
09-19 10:52:19.555 E/WifiStateMachine( 1207): WifiStateMachine CMD_START_SCAN bump interval =30000
09-19 10:52:19.564 E/WifiStateMachine( 1207): [1,442,677,939,564 ms] noteScanstart no scan source uid -2
09-19 10:52:19.963 D/TCMD    (  485): NL - Read 56 bytes from update socket.
09-19 10:52:19.964 D/TCMD    (  485): NL - message type is RTM_NEWLINK
09-19 10:52:19.964 D/TCMD    (  485): Listening for incoming client connection request
09-19 10:52:19.976 E/WifiStateMachine( 1207): [1,442,677,939,976 ms] noteScanEnd no scan source onTime=0
09-19 10:52:19.999 E/WifiStateMachine( 1207): wifi setScanResults statecom.android.server.wifi.WifiStateMachine$ConnectedState@8a35deb sup_state=COMPLETED debouncing=false mConnectionRequests=1 selection=<none>
09-19 10:52:20.285 I/MotoNetwCtrlr( 2017): onReceive: Received intent=Intent { act=android.net.wifi.RSSI_CHANGED flg=0x4000010 (has extras) } Action=android.net.wifi.RSSI_CHANGED
09-19 10:52:20.285 I/MotoNetwCtrlr.MotoWifiSignalCtrlr( 2017): handleBroadcast: Entered: Intent=Intent { act=android.net.wifi.RSSI_CHANGED flg=0x4000010 (has extras) } Action=android.net.wifi.RSSI_CHANGED
09-19 10:52:20.285 I/MotoNetwCtrlr.MotorolaWifiSignalController( 2017): isDirty: returns false
09-19 10:52:20.286 I/MotoNetwCtrlr.MotoWifiSignalCtrlr( 2017): handleBroadcast: Completed
09-19 10:52:20.286 I/MotoNetwCtrlr( 2017): onReceive: Completed intent=Intent { act=android.net.wifi.RSSI_CHANGED flg=0x4000010 (has extras) } Action=android.net.wifi.RSSI_CHANGED
09-19 10:52:21.419 I/MotoNetwCtrlr.MotoNetwCtrlrImpl.MotorolaMobileSignalController( 1 ) ( 2017): MotorolaMobilePhoneStateListener.onSignalStrengthsChanged: Entered: signalStrength=SignalStrength: 13 0 -120 -160 -120 -1 -1 99 2147483647 2147483647 2147483647 2147483647 2147483647 gsm|lte 0 -108 -1 false 4 4 0 0 0 99 99 99 4 0 level=4
09-19 10:52:21.423 I/MotoNetwCtrlr.MotoNetwCtrlrImpl.MotorolaMobileSignalController( 1 ) ( 2017): isDirty: returns true
09-19 10:52:21.425 I/MotoNetwCtrlr.MotoNetwCtrlrImpl.MotorolaMobileSignalController( 1 ) ( 2017): notifyListeners: calling SB [0] setMobileDataIndicators (Motorola api): mobileUseMotoUI=true mobileEnabled=true mobileSimIconId=( none ) mobileSignalIconId=0x7f02048c=zz_moto_stat_sys_signal_4_of_4_fully_wide mobileRoamingIconId=( none ) mobileDataTypeIconId=( none ) mobileDataActivityIconId=( none ) mobileCarrierDescription="T-Mobile" mobileSimDescription="" mobileSignalContentDescription="phone signal full strength" mobileRoamingDescription="" mobileDataTypeContentDescription="H" mobileDataActivityContentDescription="" mobileIsRoaming=false isDataTypeIconWide=true mobileIsBidiDirectionEnabled=false mobileSubId=1
09-19 10:52:21.427 I/MotoNetwCtrlr.MotoNetwCtrlrImpl.MotorolaMobileSignalController( 1 ) ( 2017): notifyListeners: calling SB [1] setMobileDataIndicators (Motorola api): mobileUseMotoUI=true mobileEnabled=true mobileSimIconId=( none ) mobileSignalIconId=0x7f02048c=zz_moto_stat_sys_signal_4_of_4_fully_wide mobileRoamingIconId=( none ) mobileDataTypeIconId=( none ) mobileDataActivityIconId=( none ) mobileCarrierDescription="T-Mobile" mobileSimDescription="" mobileSignalContentDescription="phone signal full strength" mobileRoamingDescription="" mobileDataTypeContentDescription="H" mobileDataActivityContentDescription="" mobileIsRoaming=false isDataTypeIconWide=true mobileIsBidiDirectionEnabled=false mobileSubId=1
09-19 10:52:21.428 I/MotoNetwCtrlr.MotoNetwCtrlrImpl.MotorolaMobileSignalController( 1 ) ( 2017): notifyListeners: calling SB [2] setMobileDataIndicators (Motorola api): mobileUseMotoUI=true mobileEnabled=true mobileSimIconId=( none ) mobileSignalIconId=0x7f02048c=zz_moto_stat_sys_signal_4_of_4_fully_wide mobileRoamingIconId=( none ) mobileDataTypeIconId=( none ) mobileDataActivityIconId=( none ) mobileCarrierDescription="T-Mobile" mobileSimDescription="" mobileSignalContentDescription="phone signal full strength" mobileRoamingDescription="" mobileDataTypeContentDescription="H" mobileDataActivityContentDescription="" mobileIsRoaming=false isDataTypeIconWide=true mobileIsBidiDirectionEnabled=false mobileSubId=1
09-19 10:52:21.431 I/MotoNetwCtrlr.MotoNetwCtrlrImpl.MotorolaMobileSignalController( 1 ) ( 2017): MotorolaMobilePhoneStateListener.onSignalStrengthsChanged: completed: level=4
09-19 10:52:23.080 I/MotoNetwCtrlr.MotoWifiHndlr( 2017): handleMessage: Entered msg.what=1
09-19 10:52:23.081 I/MotoNetwCtrlr.MotorolaWifiSignalController( 2017): isDirty: returns true
09-19 10:52:23.081 I/MotoNetwCtrlr.MotorolaWifiSignalController( 2017): notifyListeners: calling SB [0] setWifiIndicators (Motorola api): UseMotoUI=true Vis=true SBSig=0x7f02014c=stat_sys_wifi_signal_4_fully SBAct=( none ) DescSig="Wi-Fi signal full." DescAct="wifi out" NetName=""IIT-Secure""
09-19 10:52:23.091 I/MotoNetwCtrlr.MotorolaWifiSignalController( 2017): notifyListeners: calling SB [1] setWifiIndicators (Motorola api): UseMotoUI=true Vis=true SBSig=0x7f02014c=stat_sys_wifi_signal_4_fully SBAct=( none ) DescSig="Wi-Fi signal full." DescAct="wifi out" NetName=""IIT-Secure""
09-19 10:52:23.092 I/MotoNetwCtrlr.MotorolaWifiSignalController( 2017): notifyListeners: calling SB [2] setWifiIndicators (Motorola api): UseMotoUI=true Vis=true SBSig=0x7f02014c=stat_sys_wifi_signal_4_fully SBAct=( none ) DescSig="Wi-Fi signal full." DescAct="wifi out" NetName=""IIT-Secure""
09-19 10:52:23.094 I/MotoNetwCtrlr.MotoWifiHndlr( 2017): handleMessage: Completed
09-19 10:52:23.309 I/MotoNetwCtrlr( 2017): onReceive: Received intent=Intent { act=android.net.wifi.RSSI_CHANGED flg=0x4000010 (has extras) } Action=android.net.wifi.RSSI_CHANGED
09-19 10:52:23.309 I/MotoNetwCtrlr.MotoWifiSignalCtrlr( 2017): handleBroadcast: Entered: Intent=Intent { act=android.net.wifi.RSSI_CHANGED flg=0x4000010 (has extras) } Action=android.net.wifi.RSSI_CHANGED
09-19 10:52:23.309 I/MotoNetwCtrlr.MotorolaWifiSignalController( 2017): isDirty: returns false
09-19 10:52:23.309 I/MotoNetwCtrlr.MotoWifiSignalCtrlr( 2017): handleBroadcast: Completed
09-19 10:52:23.309 I/MotoNetwCtrlr( 2017): onReceive: Completed intent=Intent { act=android.net.wifi.RSSI_CHANGED flg=0x4000010 (has extras) } Action=android.net.wifi.RSSI_CHANGED
09-19 10:52:24.094 I/MotoNetwCtrlr.MotoWifiHndlr( 2017): handleMessage: Entered msg.what=1
09-19 10:52:24.094 I/MotoNetwCtrlr.MotorolaWifiSignalController( 2017): isDirty: returns true
09-19 10:52:24.094 I/MotoNetwCtrlr.MotorolaWifiSignalController( 2017): notifyListeners: calling SB [0] setWifiIndicators (Motorola api): UseMotoUI=true Vis=true SBSig=0x7f02014c=stat_sys_wifi_signal_4_fully SBAct=( none ) DescSig="Wi-Fi signal full." DescAct="wifi idle" NetName=""IIT-Secure""
09-19 10:52:24.098 I/MotoNetwCtrlr.MotorolaWifiSignalController( 2017): notifyListeners: calling SB [1] setWifiIndicators (Motorola api): UseMotoUI=true Vis=true SBSig=0x7f02014c=stat_sys_wifi_signal_4_fully SBAct=( none ) DescSig="Wi-Fi signal full." DescAct="wifi idle" NetName=""IIT-Secure""
09-19 10:52:24.098 I/MotoNetwCtrlr.MotorolaWifiSignalController( 2017): notifyListeners: calling SB [2] setWifiIndicators (Motorola api): UseMotoUI=true Vis=true SBSig=0x7f02014c=stat_sys_wifi_signal_4_fully SBAct=( none ) DescSig="Wi-Fi signal full." DescAct="wifi idle" NetName=""IIT-Secure""
09-19 10:52:24.101 I/MotoNetwCtrlr.MotoWifiHndlr( 2017): handleMessage: Completed
09-19 10:52:24.493 E/cpu_temp( 8910): MSG_ON_WATCH_CURRENT
09-19 10:52:24.484 W/BackgroundThrea( 8930): type=1400 audit(0.0:30648): avc: denied { search } for uid=10113 name="thermal" dev="sysfs" ino=7438 scontext=u:r:untrusted_app:s0 tcontext=u:object_r:sysfs_thermal:s0 tclass=dir permissive=0
09-19 10:52:26.330 I/MotoNetwCtrlr( 2017): onReceive: Received intent=Intent { act=android.net.wifi.RSSI_CHANGED flg=0x4000010 (has extras) } Action=android.net.wifi.RSSI_CHANGED
09-19 10:52:26.330 I/MotoNetwCtrlr.MotoWifiSignalCtrlr( 2017): handleBroadcast: Entered: Intent=Intent { act=android.net.wifi.RSSI_CHANGED flg=0x4000010 (has extras) } Action=android.net.wifi.RSSI_CHANGED
09-19 10:52:26.330 I/MotoNetwCtrlr.MotorolaWifiSignalController( 2017): isDirty: returns false
09-19 10:52:26.330 I/MotoNetwCtrlr.MotoWifiSignalCtrlr( 2017): handleBroadcast: Completed
09-19 10:52:26.330 I/MotoNetwCtrlr( 2017): onReceive: Completed intent=Intent { act=android.net.wifi.RSSI_CHANGED flg=0x4000010 (has extras) } Action=android.net.wifi.RSSI_CHANGED
09-19 10:52:28.359 I/cm.log.servpro( 8910): [screen_off_clean]/ stop clean task -> screen on
09-19 10:52:29.091 I/MotoNetwCtrlr.MotoNetwCtrlrImpl.MotorolaMobileSignalController( 1 ) ( 2017): MotorolaMobilePhoneStateListener.onSignalStrengthsChanged: Entered: signalStrength=SignalStrength: 11 0 -120 -160 -120 -1 -1 99 2147483647 2147483647 2147483647 2147483647 2147483647 gsm|lte 0 -108 -1 false 3 3 0 0 0 99 99 99 4 0 level=3
09-19 10:52:29.094 I/MotoNetwCtrlr.MotoNetwCtrlrImpl.MotorolaMobileSignalController( 1 ) ( 2017): isDirty: returns true
09-19 10:52:29.095 I/MotoNetwCtrlr.MotoNetwCtrlrImpl.MotorolaMobileSignalController( 1 ) ( 2017): notifyListeners: calling SB [0] setMobileDataIndicators (Motorola api): mobileUseMotoUI=true mobileEnabled=true mobileSimIconId=( none ) mobileSignalIconId=0x7f02048c=zz_moto_stat_sys_signal_4_of_4_fully_wide mobileRoamingIconId=( none ) mobileDataTypeIconId=( none ) mobileDataActivityIconId=( none ) mobileCarrierDescription="T-Mobile" mobileSimDescription="" mobileSignalContentDescription="phone signal full strength" mobileRoamingDescription="" mobileDataTypeContentDescription="H" mobileDataActivityContentDescription="" mobileIsRoaming=false isDataTypeIconWide=true mobileIsBidiDirectionEnabled=false mobileSubId=1
09-19 10:52:29.100 I/MotoNetwCtrlr.MotoNetwCtrlrImpl.MotorolaMobileSignalController( 1 ) ( 2017): notifyListeners: calling SB [1] setMobileDataIndicators (Motorola api): mobileUseMotoUI=true mobileEnabled=true mobileSimIconId=( none ) mobileSignalIconId=0x7f02048c=zz_moto_stat_sys_signal_4_of_4_fully_wide mobileRoamingIconId=( none ) mobileDataTypeIconId=( none ) mobileDataActivityIconId=( none ) mobileCarrierDescription="T-Mobile" mobileSimDescription="" mobileSignalContentDescription="phone signal full strength" mobileRoamingDescription="" mobileDataTypeContentDescription="H" mobileDataActivityContentDescription="" mobileIsRoaming=false isDataTypeIconWide=true mobileIsBidiDirectionEnabled=false mobileSubId=1
09-19 10:52:29.101 I/MotoNetwCtrlr.MotoNetwCtrlrImpl.MotorolaMobileSignalController( 1 ) ( 2017): notifyListeners: calling SB [2] setMobileDataIndicators (Motorola api): mobileUseMotoUI=true mobileEnabled=true mobileSimIconId=( none ) mobileSignalIconId=0x7f02048c=zz_moto_stat_sys_signal_4_of_4_fully_wide mobileRoamingIconId=( none ) mobileDataTypeIconId=( none ) mobileDataActivityIconId=( none ) mobileCarrierDescription="T-Mobile" mobileSimDescription="" mobileSignalContentDescription="phone signal full strength" mobileRoamingDescription="" mobileDataTypeContentDescription="H" mobileDataActivityContentDescription="" mobileIsRoaming=false isDataTypeIconWide=true mobileIsBidiDirectionEnabled=false mobileSubId=1
09-19 10:52:29.104 I/MotoNetwCtrlr.MotoNetwCtrlrImpl.MotorolaMobileSignalController( 1 ) ( 2017): MotorolaMobilePhoneStateListener.onSignalStrengthsChanged: completed: level=3
09-19 10:52:29.344 I/MotoNetwCtrlr( 2017): onReceive: Received intent=Intent { act=android.net.wifi.RSSI_CHANGED flg=0x4000010 (has extras) } Action=android.net.wifi.RSSI_CHANGED
09-19 10:52:29.344 I/MotoNetwCtrlr.MotoWifiSignalCtrlr( 2017): handleBroadcast: Entered: Intent=Intent { act=android.net.wifi.RSSI_CHANGED flg=0x4000010 (has extras) } Action=android.net.wifi.RSSI_CHANGED
09-19 10:52:29.345 I/MotoNetwCtrlr.MotorolaWifiSignalController( 2017): isDirty: returns false
09-19 10:52:29.345 I/MotoNetwCtrlr.MotoWifiSignalCtrlr( 2017): handleBroadcast: Completed
09-19 10:52:29.345 I/MotoNetwCtrlr( 2017): onReceive: Completed intent=Intent { act=android.net.wifi.RSSI_CHANGED flg=0x4000010 (has extras) } Action=android.net.wifi.RSSI_CHANGED
09-19 10:52:29.504 E/cpu_temp( 8910): MSG_ON_WATCH_CURRENT
09-19 10:52:29.504 W/BackgroundThrea( 8930): type=1400 audit(0.0:30649): avc: denied { search } for uid=10113 name="thermal" dev="sysfs" ino=7438 scontext=u:r:untrusted_app:s0 tcontext=u:object_r:sysfs_thermal:s0 tclass=dir permissive=0
09-19 10:52:30.104 I/MotoNetwCtrlr.MotoWifiHndlr( 2017): handleMessage: Entered msg.what=1
09-19 10:52:30.105 I/MotoNetwCtrlr.MotorolaWifiSignalController( 2017): isDirty: returns true
09-19 10:52:30.105 I/MotoNetwCtrlr.MotorolaWifiSignalController( 2017): notifyListeners: calling SB [0] setWifiIndicators (Motorola api): UseMotoUI=true Vis=true SBSig=0x7f02014c=stat_sys_wifi_signal_4_fully SBAct=( none ) DescSig="Wi-Fi signal full." DescAct="wifi in" NetName=""IIT-Secure""
09-19 10:52:30.113 I/MotoNetwCtrlr.MotorolaWifiSignalController( 2017): notifyListeners: calling SB [1] setWifiIndicators (Motorola api): UseMotoUI=true Vis=true SBSig=0x7f02014c=stat_sys_wifi_signal_4_fully SBAct=( none ) DescSig="Wi-Fi signal full." DescAct="wifi in" NetName=""IIT-Secure""
09-19 10:52:30.114 I/MotoNetwCtrlr.MotorolaWifiSignalController( 2017): notifyListeners: calling SB [2] setWifiIndicators (Motorola api): UseMotoUI=true Vis=true SBSig=0x7f02014c=stat_sys_wifi_signal_4_fully SBAct=( none ) DescSig="Wi-Fi signal full." DescAct="wifi in" NetName=""IIT-Secure""
09-19 10:52:30.116 I/MotoNetwCtrlr.MotoWifiHndlr( 2017): handleMessage: Completed
09-19 10:52:31.116 I/MotoNetwCtrlr.MotoWifiHndlr( 2017): handleMessage: Entered msg.what=1
09-19 10:52:31.116 I/MotoNetwCtrlr.MotorolaWifiSignalController( 2017): isDirty: returns true
09-19 10:52:31.120 I/MotoNetwCtrlr.MotorolaWifiSignalController( 2017): notifyListeners: calling SB [0] setWifiIndicators (Motorola api): UseMotoUI=true Vis=true SBSig=0x7f02014c=stat_sys_wifi_signal_4_fully SBAct=( none ) DescSig="Wi-Fi signal full." DescAct="wifi idle" NetName=""IIT-Secure""
09-19 10:52:31.131 I/MotoNetwCtrlr.MotorolaWifiSignalController( 2017): notifyListeners: calling SB [1] setWifiIndicators (Motorola api): UseMotoUI=true Vis=true SBSig=0x7f02014c=stat_sys_wifi_signal_4_fully SBAct=( none ) DescSig="Wi-Fi signal full." DescAct="wifi idle" NetName=""IIT-Secure""
09-19 10:52:31.131 I/MotoNetwCtrlr.MotorolaWifiSignalController( 2017): notifyListeners: calling SB [2] setWifiIndicators (Motorola api): UseMotoUI=true Vis=true SBSig=0x7f02014c=stat_sys_wifi_signal_4_fully SBAct=( none ) DescSig="Wi-Fi signal full." DescAct="wifi idle" NetName=""IIT-Secure""
09-19 10:52:31.133 I/MotoNetwCtrlr.MotoWifiHndlr( 2017): handleMessage: Completed
09-19 10:52:31.738 E/chromium( 3593): [ERROR:simple_index_file.cc(223)] Failed to write the temporary index file
09-19 10:52:32.367 I/MotoNetwCtrlr( 2017): onReceive: Received intent=Intent { act=android.net.wifi.RSSI_CHANGED flg=0x4000010 (has extras) } Action=android.net.wifi.RSSI_CHANGED
09-19 10:52:32.368 I/MotoNetwCtrlr.MotoWifiSignalCtrlr( 2017): handleBroadcast: Entered: Intent=Intent { act=android.net.wifi.RSSI_CHANGED flg=0x4000010 (has extras) } Action=android.net.wifi.RSSI_CHANGED
09-19 10:52:32.368 I/MotoNetwCtrlr.MotorolaWifiSignalController( 2017): isDirty: returns false
09-19 10:52:32.368 I/MotoNetwCtrlr.MotoWifiSignalCtrlr( 2017): handleBroadcast: Completed
09-19 10:52:32.368 I/MotoNetwCtrlr( 2017): onReceive: Completed intent=Intent { act=android.net.wifi.RSSI_CHANGED flg=0x4000010 (has extras) } Action=android.net.wifi.RSSI_CHANGED
09-19 10:52:34.484 W/ActivityManager( 1207): getRunningAppProcesses: caller 10113 does not hold REAL_GET_TASKS; limiting output
09-19 10:52:34.812 W/ActivityManager( 1207): getRunningAppProcesses: caller 10113 does not hold REAL_GET_TASKS; limiting output
