09-19 15:14:10.536 I/ActivityManager(  865): Start proc com.fitbit.FitbitMobile for broadcast com.fitbit.FitbitMobile/.NetworkStateReceiver: pid=27488 uid=10031 gids={50031, 9997, 3002, 3001, 3003, 1028, 1015} abi=armeabi-v7a
09-19 15:14:10.546 I/ActivityManager(  865): Killing 25197:com.google.android.gms.wearable/u0a33 (adj 15): empty #17
09-19 15:14:10.566 I/ActivityManager(  865): Recipient 25197
09-19 15:14:11.056 W/ResourcesManager(  865): Asset path '/system/framework/android.test.runner.jar' does not exist or contains no resources.
09-19 15:14:11.286 W/ResourcesManager( 1549): Asset path '/system/framework/com.google.android.media.effects.jar' does not exist or contains no resources.
09-19 15:14:11.656 I/ActivityManager(  865): Start proc com.google.android.setupwizard for broadcast com.google.android.setupwizard/.carrier.MobileConnectivityChangeReceiver: pid=27551 uid=10085 gids={50085, 9997, 3003} abi=armeabi-v7a
09-19 15:14:11.656 I/ActivityManager(  865): Killing 25348:com.android.vending/u0a80 (adj 15): empty #17
09-19 15:14:11.676 I/ActivityManager(  865): Recipient 25348
09-19 15:14:11.696 I/BackupManagerService(  865): Unbinding ComponentInfo{com.google.android.gms/com.google.android.gms.backup.BackupTransportService}
09-19 15:14:11.726 D/PMS     (  865): acquireWL(3354c185): PARTIAL_WAKE_LOCK  *backup* 0x1 865 1000 null
09-19 15:14:11.746 E/PMBA    (  865): No global metadata in state file!
09-19 15:14:11.746 I/PMBA    (  865): Previous metadata null mismatch vs 511189.2 - rewriting
09-19 15:14:11.746 W/PMBA    (  865): write home key -1
09-19 15:14:11.786 I/BackupRestoreController(  865): Getting widget state for user: 0
09-19 15:14:11.826 I/ActivityManager(  865): Start proc com.cequint.ecid for broadcast com.cequint.ecid/com.cequint.cityid.CityIdBroadcastReceiver: pid=27573 uid=10103 gids={50103, 9997, 3003, 1028, 1015} abi=armeabi-v7a
09-19 15:14:11.846 D/PMS     (  865): acquireWL(1ede9a18): PARTIAL_WAKE_LOCK  GCoreFlp 0x1 2179 10033 WorkSource{10033 com.google.android.gms}
09-19 15:14:11.846 D/PMS     (  865): acquireWL(3e4b1c71): PARTIAL_WAKE_LOCK  Checkin Handoff 0x1 3459 10033 WorkSource{10033 com.google.android.gms}
09-19 15:14:11.846 D/PMS     (  865): acquireWL(3148bad7): PARTIAL_WAKE_LOCK  NlpWakeLock 0x1 2179 10033 null
09-19 15:14:11.846 D/PMS     (  865): releaseWL(1ede9a18): PARTIAL_WAKE_LOCK  GCoreFlp 0x1 WorkSource{10033 com.google.android.gms}
09-19 15:14:11.846 D/PMS     (  865): acquireWL(3e2f3fc4): PARTIAL_WAKE_LOCK  Checkin Service 0x1 3459 10033 WorkSource{10033 com.google.android.gms}
09-19 15:14:11.846 D/PMS     (  865): releaseWL(3148bad7): PARTIAL_WAKE_LOCK  NlpWakeLock 0x1 null
09-19 15:14:11.846 D/PMS     (  865): releaseWL(3e4b1c71): PARTIAL_WAKE_LOCK  Checkin Handoff 0x1 WorkSource{10033 com.google.android.gms}
09-19 15:14:11.866 D/PMS     (  865): acquireWL(35240ead): PARTIAL_WAKE_LOCK  GCoreFlp 0x1 2179 10033 WorkSource{10033 com.google.android.gms}
09-19 15:14:11.866 D/PMS     (  865): releaseWL(35240ead): PARTIAL_WAKE_LOCK  GCoreFlp 0x1 WorkSource{10033 com.google.android.gms}
09-19 15:14:11.866 D/PMS     (  865): acquireWL(23a125e2): PARTIAL_WAKE_LOCK  GCoreFlp 0x1 2179 10033 WorkSource{10033 com.google.android.gms}
09-19 15:14:11.866 D/PMS     (  865): releaseWL(23a125e2): PARTIAL_WAKE_LOCK  GCoreFlp 0x1 WorkSource{10033 com.google.android.gms}
09-19 15:14:11.866 D/PMS     (  865): acquireWL(33f42d73): PARTIAL_WAKE_LOCK  Wakeful StateMachine: GeofencerStateMachine 0x1 2179 10033 WorkSource{10033 com.google.android.gms}
09-19 15:14:11.876 I/PackageManager(  865):  setEnabledSetting(), pkgName=com.google.android.gms, clsName=com.google.android.gms.checkin.CheckinService$ActiveReceiver, state=1, flag=1, pid=3459, uid=10033, userID:0
09-19 15:14:11.876 W/ResourcesManager(27573): Asset path '/system/framework/com.cequint.platform.jar' does not exist or contains no resources.
09-19 15:14:11.896 D/PMS     (  865): releaseWL(33f42d73): PARTIAL_WAKE_LOCK  Wakeful StateMachine: GeofencerStateMachine 0x1 WorkSource{10033 com.google.android.gms}
09-19 15:14:11.906 D/PMS     (  865): acquireWL(1de56665): PARTIAL_WAKE_LOCK  NlpWakeLock 0x1 2179 10033 WorkSource{10092 com.google.android.googlequicksearchbox}
09-19 15:14:11.916 D/WifiService(  865): acquireWifiLockLocked: WifiLock{NlpWifiLock type=2 binder=android.os.BinderProxy@36fd8f3a}
09-19 15:14:11.926 D/WifiDisplayAdapter(  865): getWifiDisplayStatusLocked: result=WifiDisplayStatus{featureState=3, scanState=0, activeDisplayState=0, activeDisplay=null, displays=[], sessionInfo=WifiDisplaySessionInfo:
09-19 15:14:11.926 D/WifiDisplayAdapter(  865):     Client/Owner: Client
09-19 15:14:11.926 D/WifiDisplayAdapter(  865):     GroupId: 
09-19 15:14:11.926 D/WifiDisplayAdapter(  865):     Passphrase: 
09-19 15:14:11.926 D/WifiDisplayAdapter(  865):     SessionId: 0
09-19 15:14:11.926 D/WifiDisplayAdapter(  865):     IP Address: }
09-19 15:14:11.956 I/PackageManager(  865):  setEnabledSetting(), pkgName=com.cequint.ecid, clsName=com.cequint.cityid.activity.UserLaunch, state=2, flag=1, pid=27573, uid=10103, userID:0
09-19 15:14:11.966 I/PackageManager(  865):  setEnabledSetting(), pkgName=com.cequint.ecid, clsName=com.cequint.cityid.activity.UserLaunch, state=2, flag=1, pid=27573, uid=10103, userID:0
09-19 15:14:11.976 I/ActivityManager(  865): Start proc com.google.android.apps.maps for broadcast com.google.android.apps.maps/com.google.userfeedback.android.api.FeedbackConnectivityReceiver: pid=27608 uid=10180 gids={50180, 9997, 3003, 1028, 1015} abi=armeabi-v7a
09-19 15:14:11.976 I/ActivityManager(  865): Killing 26452:com.google.android.apps.docs/u0a124 (adj 15): empty #17
09-19 15:14:11.986 I/BackupManagerService(  865): Backup pass finished.
09-19 15:14:11.986 D/PMS     (  865): releaseWL(3354c185): PARTIAL_WAKE_LOCK  *backup* 0x1 null
09-19 15:14:11.996 I/ActivityManager(  865): Recipient 26452
09-19 15:14:12.026 W/ContextImpl(  865): Calling a method in the system process without a qualified user: android.app.ContextImpl.sendBroadcast:1447 com.android.server.backup.BackupManagerService.sendBackupEndIntent:10171 com.android.server.backup.BackupManagerService.access$1300:164 com.android.server.backup.BackupManagerService$PerformBackupTask.finalizeBackup:2957 com.android.server.backup.BackupManagerService$PerformBackupTask.execute:2669 
09-19 15:14:12.026 I/ActivityManager(  865): Cannot resolve ContentProvider=com.google.android.wearable.settings
09-19 15:14:12.026 E/ActivityThread( 3459): Failed to find provider info for com.google.android.wearable.settings
09-19 15:14:12.506 I/ActivityManager(  865): Start proc com.google.android.gms.unstable for service com.google.android.gms/.droidguard.DroidGuardService: pid=27642 uid=10033 gids={50033, 9997, 2001, 3003, 1007, 3006, 1028, 1015, 3002, 3001, 1005, 3007} abi=armeabi-v7a
09-19 15:14:12.536 W/ResourcesManager(27642): Asset path '/system/framework/com.android.media.remotedisplay.jar' does not exist or contains no resources.
09-19 15:14:12.536 W/ResourcesManager(27642): Asset path '/system/framework/com.android.location.provider.jar' does not exist or contains no resources.
09-19 15:14:12.666 W/ActivityThread(27642): ClassLoader.loadClass: The class loader returned by Thread.getContextClassLoader() may fail for processes that host multiple applications. You should explicitly specify a context class loader. For example: Thread.setContextClassLoader(getClass().getClassLoader());
09-19 15:14:12.706 I/ActivityManager(  865): Start proc com.att.android.digitallocker for broadcast com.att.android.digitallocker/.utils.ConnectionMonitor: pid=27683 uid=10007 gids={50007, 9997, 3003, 1028, 1015} abi=armeabi-v7a
09-19 15:14:12.716 I/ActivityManager(  865): Killing 26532:com.google.android.apps.plus/u0a191 (adj 15): empty #17
09-19 15:14:12.736 W/ActivityThread(27608): ClassLoader.loadClass: The class loader returned by Thread.getContextClassLoader() may fail for processes that host multiple applications. You should explicitly specify a context class loader. For example: Thread.setContextClassLoader(getClass().getClassLoader());
09-19 15:14:12.756 I/ActivityManager(  865): Recipient 26532
09-19 15:14:12.766 W/ResourcesManager( 1595): Asset path '/system/framework/android.test.runner.jar' does not exist or contains no resources.
09-19 15:14:12.916 I/ActivityManager(  865): Start proc com.att.android.digitallocker:loadingProcess for content provider com.att.android.digitallocker/.utils.UserPreferenceProvider: pid=27710 uid=10007 gids={50007, 9997, 3003, 1028, 1015} abi=armeabi-v7a
09-19 15:14:13.166 I/ActivityManager(  865): Killing 26322:com.android.defcontainer/u0a23 (adj 15): empty #17
09-19 15:14:13.176 I/ActivityManager(  865): Recipient 26322
09-19 15:14:13.246 I/ActivityManager(  865): Start proc com.mobitv.client.tv for broadcast com.mobitv.client.tv/.utils.NetWatcher: pid=27741 uid=10100 gids={50100, 9997, 3003, 1028, 1015, 3002} abi=armeabi
09-19 15:14:13.246 I/ActivityManager(  865): Killing 26806:com.htc.cs.dm/u0a122 (adj 15): empty #17
09-19 15:14:13.256 I/ActivityManager(  865): Recipient 26806
09-19 15:14:13.276 W/ResourcesManager( 1595): Asset path '/system/framework/com.google.android.media.effects.jar' does not exist or contains no resources.
09-19 15:14:13.356 I/ActivityManager(  865): Killing 26839:com.htc.providers.settings:remote/u0a21 (adj 15): empty #17
09-19 15:14:13.366 I/ActivityManager(  865): Recipient 26839
09-19 15:14:13.406 I/PackageManager(  865):  setEnabledSetting(), pkgName=com.google.android.gms, clsName=com.google.android.gms.mdm.receivers.AccountsChangedReceiver, state=2, flag=1, pid=3459, uid=10033, userID:0
09-19 15:14:13.476 I/ActivityManager(  865): Start proc com.google.android.talk for broadcast com.google.android.talk/com.google.android.apps.hangouts.service.NetworkStateReceiver: pid=27769 uid=10134 gids={50134, 9997, 3003, 1028, 1015, 3002} abi=armeabi-v7a
09-19 15:14:13.506 W/ResourcesManager(27769): Asset path '/system/framework/com.google.android.media.effects.jar' does not exist or contains no resources.
09-19 15:14:13.776 W/ContextImpl(  865): Calling a method in the system process without a qualified user: android.app.ContextImpl.sendBroadcast:1433 com.android.server.wifi.WifiStateMachine.sendDongleScanResultsAvailableBroadcast:13993 com.android.server.wifi.WifiStateMachine.handleMediaLinkEvent:14158 com.android.server.wifi.WifiStateMachine.access$5400:265 com.android.server.wifi.WifiStateMachine$SupplicantStartedState.processMessage:7952 
09-19 15:14:13.846 D/PMS     (  865): acquireWL(35ce0533): PARTIAL_WAKE_LOCK  NlpWakeLock 0x1 2179 10033 WorkSource{1000 android, 10231 com.gaana}
09-19 15:14:13.856 I/ActivityManager(  865): Start proc com.htc.sense.mms for content provider com.htc.sense.mms/.util.MmsCustomizationProvider: pid=27805 uid=10011 gids={50011, 9997, 3003, 3002, 1028, 1015, 1023} abi=armeabi-v7a
09-19 15:14:13.856 D/PMS     (  865): releaseWL(35ce0533): PARTIAL_WAKE_LOCK  NlpWakeLock 0x1 WorkSource{1000 android, 10231 com.gaana}
09-19 15:14:13.876 D/PMS     (  865): acquireWL(26bff0f0): PARTIAL_WAKE_LOCK  NlpWakeLock 0x1 2179 10033 WorkSource{10092 com.google.android.googlequicksearchbox}
09-19 15:14:13.876 D/PMS     (  865): acquireWL(4c2e669): PARTIAL_WAKE_LOCK  LocationManagerService 0x1 865 1000 WorkSource{10231 com.gaana}
09-19 15:14:13.876 D/PMS     (  865): releaseWL(4c2e669): PARTIAL_WAKE_LOCK  LocationManagerService 0x1 WorkSource{10231 com.gaana}
09-19 15:14:13.876 D/PMS     (  865): acquireWL(76648ee): PARTIAL_WAKE_LOCK  LocationManagerService 0x1 865 1000 WorkSource{1000 android}
09-19 15:14:13.876 D/PMS     (  865): releaseWL(26bff0f0): PARTIAL_WAKE_LOCK  NlpWakeLock 0x1 WorkSource{10092 com.google.android.googlequicksearchbox}
09-19 15:14:13.876 D/PMS     (  865): acquireWL(26d9c18f): PARTIAL_WAKE_LOCK  NlpWakeLock 0x1 2179 10033 null
09-19 15:14:13.886 D/PMS     (  865): releaseWL(26d9c18f): PARTIAL_WAKE_LOCK  NlpWakeLock 0x1 null
09-19 15:14:13.886 D/PMS     (  865): acquireWL(274b2c1c): PARTIAL_WAKE_LOCK  GCoreFlp 0x1 2179 10033 WorkSource{10092 com.google.android.googlequicksearchbox}
09-19 15:14:13.886 D/PMS     (  865): acquireWL(1c1a8025): PARTIAL_WAKE_LOCK  GCoreFlp 0x1 2179 10033 WorkSource{10033 com.google.android.gms}
09-19 15:14:13.886 D/PMS     (  865): acquireWL(bf205fa): PARTIAL_WAKE_LOCK  GCoreFlp 0x1 2179 10033 WorkSource{10033 com.google.android.gms}
09-19 15:14:13.886 D/PMS     (  865): acquireWL(2d3ae7ab): PARTIAL_WAKE_LOCK  LocationManagerService 0x1 865 1000 WorkSource{10033 com.google.android.gms}
09-19 15:14:13.886 D/PMS     (  865): acquireWL(decee08): PARTIAL_WAKE_LOCK  LocationManagerService 0x1 865 1000 WorkSource{10033 com.google.android.gms}
09-19 15:14:13.896 D/WifiService(  865): releaseWifiLockLocked: WifiLock{NlpWifiLock type=2 binder=android.os.BinderProxy@36fd8f3a}
09-19 15:14:13.896 D/PMS     (  865): acquireWL(97f9a1): PARTIAL_WAKE_LOCK  *alarm* 0x40000001 865 1000 WorkSource{1000}
09-19 15:14:13.896 V/AlarmManager(  865): sending alarm PendingIntent{47346ff: PendingIntentRecord{2cf11ccc android broadcastIntent}}, i=android.intent.action.TIME_TICK, t=3, cnt=1, w=191656741, Int=0
09-19 15:14:13.896 D/PMS     (  865): releaseWL(1de56665): PARTIAL_WAKE_LOCK  NlpWakeLock 0x1 WorkSource{10092 com.google.android.googlequicksearchbox}
09-19 15:14:13.896 D/PMS     (  865): acquireWL(24a87c6): PARTIAL_WAKE_LOCK  LocationManagerService 0x1 865 1000 WorkSource{10062 com.htc.sense.hsp}
09-19 15:14:13.906 D/PMS     (  865): releaseWL(76648ee): PARTIAL_WAKE_LOCK  LocationManagerService 0x1 WorkSource{1000 android}
09-19 15:14:13.906 D/PMS     (  865): releaseWL(decee08): PARTIAL_WAKE_LOCK  LocationManagerService 0x1 WorkSource{10033 com.google.android.gms}
09-19 15:14:13.906 D/PMS     (  865): releaseWL(2d3ae7ab): PARTIAL_WAKE_LOCK  LocationManagerService 0x1 WorkSource{10033 com.google.android.gms}
09-19 15:14:13.906 D/PMS     (  865): releaseWL(24a87c6): PARTIAL_WAKE_LOCK  LocationManagerService 0x1 WorkSource{10062 com.htc.sense.hsp}
09-19 15:14:13.906 D/PMS     (  865): acquireWL(383e5387): PARTIAL_WAKE_LOCK  GCoreFlp 0x1 2179 10033 WorkSource{10092 com.google.android.googlequicksearchbox}
09-19 15:14:13.916 D/PMS     (  865): acquireWL(1166e2b4): PARTIAL_WAKE_LOCK  Wakeful StateMachine: GeofencerStateMachine 0x1 2179 10033 WorkSource{10033 com.google.android.gms}
09-19 15:14:13.916 D/PMS     (  865): releaseWL(383e5387): PARTIAL_WAKE_LOCK  GCoreFlp 0x1 WorkSource{10092 com.google.android.googlequicksearchbox}
09-19 15:14:13.916 D/PMS     (  865): acquireWL(d198edd): PARTIAL_WAKE_LOCK  GCoreFlp 0x1 2179 10033 WorkSource{10033 com.google.android.gms}
09-19 15:14:13.916 D/PMS     (  865): releaseWL(1166e2b4): PARTIAL_WAKE_LOCK  Wakeful StateMachine: GeofencerStateMachine 0x1 WorkSource{10033 com.google.android.gms}
09-19 15:14:13.916 D/PMS     (  865): releaseWL(d198edd): PARTIAL_WAKE_LOCK  GCoreFlp 0x1 WorkSource{10033 com.google.android.gms}
09-19 15:14:13.926 D/PMS     (  865): acquireWL(39575a52): PARTIAL_WAKE_LOCK  UlrDispSvcFastWL 0x1 2179 10033 WorkSource{10033 com.google.android.gms}
09-19 15:14:13.936 D/PMS     (  865): acquireWL(3522a123): PARTIAL_WAKE_LOCK  ContextManagerWakeLock 0x1 2179 10033 WorkSource{10033 com.google.android.gms}
09-19 15:14:13.936 I/PackageManager(  865):  setEnabledSetting(), pkgName=com.google.android.talk, clsName=com.google.android.apps.hangouts.phone.ShareIntentSmsOnlyActivity, state=2, flag=1, pid=27769, uid=10134, userID:0
09-19 15:14:13.936 D/PMS     (  865): releaseWL(97f9a1): PARTIAL_WAKE_LOCK  *alarm* 0x40000001 WorkSource{1000}
09-19 15:14:13.966 D/PMS     (  865): releaseWL(274b2c1c): PARTIAL_WAKE_LOCK  GCoreFlp 0x1 WorkSource{10092 com.google.android.googlequicksearchbox}
09-19 15:14:13.966 D/PMS     (  865): releaseWL(1c1a8025): PARTIAL_WAKE_LOCK  GCoreFlp 0x1 WorkSource{10033 com.google.android.gms}
09-19 15:14:13.966 D/PMS     (  865): releaseWL(bf205fa): PARTIAL_WAKE_LOCK  GCoreFlp 0x1 WorkSource{10033 com.google.android.gms}
09-19 15:14:14.016 D/PMS     (  865): releaseWL(39575a52): PARTIAL_WAKE_LOCK  UlrDispSvcFastWL 0x1 WorkSource{10033 com.google.android.gms}
09-19 15:14:14.036 I/PackageManager(  865):  setEnabledSetting(), pkgName=com.google.android.talk, clsName=com.google.android.apps.hangouts.sms.SmsReceiver, state=2, flag=1, pid=27769, uid=10134, userID:0
09-19 15:14:14.036 I/PackageManager(  865):  setEnabledSetting(), pkgName=com.google.android.talk, clsName=com.google.android.apps.hangouts.sms.MmsWapPushReceiver, state=2, flag=1, pid=27769, uid=10134, userID:0
09-19 15:14:14.036 I/PackageManager(  865):  setEnabledSetting(), pkgName=com.google.android.talk, clsName=com.google.android.apps.hangouts.sms.AbortSmsReceiver, state=2, flag=1, pid=27769, uid=10134, userID:0
09-19 15:14:14.036 I/PackageManager(  865):  setEnabledSetting(), pkgName=com.google.android.talk, clsName=com.google.android.apps.hangouts.sms.AbortMmsWapPushReceiver, state=2, flag=1, pid=27769, uid=10134, userID:0
09-19 15:14:14.046 I/PackageManager(  865):  setEnabledSetting(), pkgName=com.google.android.talk, clsName=com.google.android.apps.hangouts.service.NoConfirmationSmsSendService, state=1, flag=1, pid=27769, uid=10134, userID:0
09-19 15:14:14.066 I/ActivityManager(  865): Start proc com.google.android.apps.plus for broadcast com.google.android.apps.plus/.service.ConnectivityReceiver: pid=27827 uid=10191 gids={50191, 9997, 3003, 3002, 1028, 1015} abi=armeabi-v7a
09-19 15:14:14.096 W/ResourcesManager(27827): Asset path '/system/framework/com.google.android.maps.jar' does not exist or contains no resources.
09-19 15:14:14.326 I/ActivityManager(  865): Killing 26925:com.google.android.apps.cloudprint/u0a120 (adj 15): empty #17
09-19 15:14:14.336 I/ActivityManager(  865): Recipient 26925
09-19 15:14:14.396 I/ActivityManager(  865): Killing 26606:com.estrongs.android.pop/u0a210 (adj 15): empty #17
09-19 15:14:14.416 D/WifiService(  865): Client connection lost with reason: 4
09-19 15:14:14.416 I/ActivityManager(  865): Recipient 26606
09-19 15:14:14.646 D/PMS     (  865): releaseWL(3522a123): PARTIAL_WAKE_LOCK  ContextManagerWakeLock 0x1 WorkSource{10033 com.google.android.gms}
09-19 15:14:14.656 D/PMS     (  865): acquireWL(2b11cb14): PARTIAL_WAKE_LOCK  ContextManagerWakeLock 0x1 2179 10033 WorkSource{10033 com.google.android.gms}
09-19 15:14:14.656 D/PMS     (  865): releaseWL(2b11cb14): PARTIAL_WAKE_LOCK  ContextManagerWakeLock 0x1 WorkSource{10033 com.google.android.gms}
09-19 15:14:14.766 D/PMS     (  865): acquireWL(27ebbfbd): PARTIAL_WAKE_LOCK  *alarm* 0x1 865 1000 WorkSource{10213}
09-19 15:14:14.766 V/AlarmManager(  865): sending alarm PendingIntent{2e341f2c: PendingIntentRecord{1805aeb2 com.facebook.katana broadcastIntent}}, i=com.facebook.push.mqtt.keepalive.KeepaliveManager.ACTION_INEXACT_ALARM.com.facebook.katana, t=2, cnt=1, w=191668976, Int=900000
09-19 15:14:14.776 I/ActivityManager(  865): Start proc com.android.vending for service com.android.vending/com.google.android.finsky.services.ContentSyncService: pid=27874 uid=10080 gids={50080, 9997, 3003, 1028, 1015} abi=armeabi-v7a
09-19 15:14:14.776 V/AlarmManager(  865): sending alarm PendingIntent{1cfa69b2: PendingIntentRecord{147f6d03 com.android.vending startService}}, i=null, t=0, cnt=1, w=1442693654780, Int=0
09-19 15:14:14.826 I/ActivityManager(  865): Killing 27038:com.instagram.android/u0a222 (adj 15): empty #17
09-19 15:14:14.836 I/ActivityManager(  865): Recipient 27038
09-19 15:14:14.886 E/NetlinkEvent(  453): NetlinkEvent::FindParam(): Parameter 'TIME_NS' not found
09-19 15:14:14.916 I/ActivityManager(  865): Start proc com.instagram.android for broadcast com.instagram.android/com.instagram.push.fbns.NetworkBroadcastReceiver: pid=27898 uid=10222 gids={50222, 9997, 3003, 1028, 1015} abi=armeabi-v7a
09-19 15:14:14.976 W/ResourcesManager(27898): Asset path '/system/framework/com.google.android.maps.jar' does not exist or contains no resources.
09-19 15:14:15.096 I/PackageManager(  865):  setEnabledSetting(), pkgName=com.android.vending, clsName=com.android.vending.AssetBrowserActivity, state=1, flag=1, pid=27874, uid=10080, userID:0
09-19 15:14:15.236 I/ActivityManager(  865): Start proc com.google.android.gms:car for service com.google.android.gms/.car.CarService: pid=27951 uid=10033 gids={50033, 9997, 2001, 3003, 1007, 3006, 1028, 1015, 3002, 3001, 1005, 3007} abi=armeabi-v7a
09-19 15:14:15.276 W/ResourcesManager(27951): Asset path '/system/framework/com.android.media.remotedisplay.jar' does not exist or contains no resources.
09-19 15:14:15.276 W/ResourcesManager(27951): Asset path '/system/framework/com.android.location.provider.jar' does not exist or contains no resources.
09-19 15:14:15.306 I/PackageManager(  865):  setEnabledSetting(), pkgName=com.android.vending, clsName=com.google.android.finsky.activities.DebugActivity, state=2, flag=1, pid=27874, uid=10080, userID:0
09-19 15:14:15.396 I/ActivityManager(  865): Start proc com.weather.Weather for broadcast com.weather.Weather/com.sessionm.api.ConnectionReceiver: pid=27981 uid=10221 gids={50221, 9997, 1028, 1015, 3003} abi=armeabi-v7a
09-19 15:14:15.466 I/PackageManager(  865):  setEnabledSetting(), pkgName=com.instagram.android, clsName=com.instagram.push.fbns.NetworkBroadcastReceiver, state=1, flag=1, pid=27898, uid=10222, userID:0
09-19 15:14:15.466 I/PackageManager(  865):  setEnabledSetting(), pkgName=com.instagram.android, clsName=com.instagram.push.fbns.BootCompletedBroadcastReceiver, state=1, flag=1, pid=27898, uid=10222, userID:0
09-19 15:14:15.466 I/PackageManager(  865):  setEnabledSetting(), pkgName=com.instagram.android, clsName=com.instagram.push.fbns.UserPresentBroadcastReceiver, state=1, flag=1, pid=27898, uid=10222, userID:0
09-19 15:14:15.476 I/PackageManager(  865):  setEnabledSetting(), pkgName=com.instagram.android, clsName=com.facebook.rti.push.service.FbnsService, state=1, flag=1, pid=27898, uid=10222, userID:0
09-19 15:14:15.476 W/ResourcesManager(27981): Asset path '/system/framework/com.google.android.maps.jar' does not exist or contains no resources.
09-19 15:14:15.546 W/ActivityThread(27951): ClassLoader.loadClass: The class loader returned by Thread.getContextClassLoader() may fail for processes that host multiple applications. You should explicitly specify a context class loader. For example: Thread.setContextClassLoader(getClass().getClassLoader());
09-19 15:14:15.816 I/ActivityManager(  865): Killing 27082:com.htc.task/u0a78 (adj 15): empty #17
09-19 15:14:15.826 I/ActivityManager(  865): Recipient 27082
09-19 15:14:15.966 I/ActivityManager(  865): Killing 27257:com.htc.mobiledata:remote/u0a56 (adj 15): empty #17
09-19 15:14:15.976 I/ActivityManager(  865): Recipient 27257
09-19 15:14:16.016 I/ActivityManager(  865): Killing 27235:com.htc.mobiledata/u0a56 (adj 15): empty #18
09-19 15:14:16.016 I/ActivityManager(  865): Recipient 27235
09-19 15:14:16.156 I/ActivityManager(  865): Cannot resolve ContentProvider=com.google.android.wearable.settings
09-19 15:14:16.156 E/ActivityThread( 3459): Failed to find provider info for com.google.android.wearable.settings
09-19 15:14:16.576 E/Vold    (  362): Failed to find mounted volume for /storage/ext_sd/Android/data/com.weather.Weather/cache/
09-19 15:14:16.576 W/Vold    (  362): Returning OperationFailed - no handler for errno 0
09-19 15:14:16.626 D/PMS     (  865): acquireWL(1e147f1e): SCREEN_DIM_WAKE_LOCK  ON_AFTER_RELEASE parseVcard_10 0x20000006 27805 10011 null
09-19 15:14:16.666 D/PMS     (  865): releaseWL(1e147f1e): SCREEN_DIM_WAKE_LOCK  ON_AFTER_RELEASE parseVcard_10 0x20000006 null
09-19 15:14:16.706 I/PackageManager(  865):  setEnabledSetting(), pkgName=com.google.android.gms, clsName=com.google.android.gms.checkin.CheckinService$ActiveReceiver, state=2, flag=1, pid=3459, uid=10033, userID:0
09-19 15:14:16.736 D/PMS     (  865): releaseWL(3e2f3fc4): PARTIAL_WAKE_LOCK  Checkin Service 0x1 WorkSource{10033 com.google.android.gms}
09-19 15:14:16.796 D/PMS     (  865): acquireWL(1f856f2a): PARTIAL_WAKE_LOCK  wake:com.google.android.gms/com.google.android.libraries.social.mediamonitor.MediaMonitorIntentService 0x1 3459 10033 null
09-19 15:14:16.846 D/PMS     (  865): releaseWL(1f856f2a): PARTIAL_WAKE_LOCK  wake:com.google.android.gms/com.google.android.libraries.social.mediamonitor.MediaMonitorIntentService 0x1 null
09-19 15:14:16.866 D/PMS     (  865): acquireWL(29c78264): PARTIAL_WAKE_LOCK  GCoreFlp 0x1 2179 10033 WorkSource{10033 com.google.android.gms}
09-19 15:14:16.896 D/InputDispatcher(  865): notify PowerKey:0
09-19 15:14:16.926 D/PMS     (  865): acquireWL(11052ccd): PARTIAL_WAKE_LOCK  GCoreFlp 0x1 2179 10033 WorkSource{10221 com.weather.Weather}
09-19 15:14:16.926 I/PMS     (  865): Waking up from sleep (uid 1000)...
09-19 15:14:16.926 D/PMN     (  865): wakingUp
09-19 15:14:16.926 I/XAN-DPC (  865): Blocking screen on until initial contents have been drawn.
09-19 15:14:16.926 D/PMS     (  865): Setting HAL auto-suspend mode to false
09-19 15:14:16.926 D/PMS     (  865): Setting HAL auto-suspend mode done
09-19 15:14:16.926 D/PMS     (  865): Setting HAL interactive mode to true
09-19 15:14:16.926 D/PMS     (  865): Setting HAL interactive mode to true done
09-19 15:14:16.926 D/PMS     (  865): releaseWL(11052ccd): PARTIAL_WAKE_LOCK  GCoreFlp 0x1 WorkSource{10221 com.weather.Weather}
09-19 15:14:16.926 D/PMS     (  865): OOBE c monitor 11
09-19 15:14:16.936 I/DisplayManagerService(  865): Display device changed: DisplayDeviceInfo{"Built-in Screen": 1080 x 1920, 60.0 fps, supportedRefreshRates [60.0], density 480, 449.704 x 447.412 dpi, appVsyncOff 0, presDeadline 17666667, touch INTERNAL, rotation 0, type BUILT_IN, state ON, FLAG_DEFAULT_DISPLAY, FLAG_ROTATES_WITH_CONTENT, FLAG_SECURE, FLAG_SUPPORTS_PROTECTED_BUFFERS}
09-19 15:14:16.936 D/PMS     (  865): acquireWL(1fa8c893): PARTIAL_WAKE_LOCK  GCoreFlp 0x1 2179 10033 WorkSource{10221 com.weather.Weather}
09-19 15:14:16.936 I/InputMethodManagerService(  865): screenObserver, isScreenOn=true
09-19 15:14:17.156 D/StatusBarManagerService(  865): swetImeWindowStatus vis=0 backDisposition=0
09-19 15:14:17.166 I/InputMethodManagerService(  865): Enable input method client, pid=1595
09-19 15:14:17.176 D/PMS     (  865): acquireWL(1cac60d0): PARTIAL_WAKE_LOCK  NfcService:mRoutingWakeLock 0x1 1565 1027 null
09-19 15:14:17.176 D/PMS     (  865): releaseWL(1fa8c893): PARTIAL_WAKE_LOCK  GCoreFlp 0x1 WorkSource{10221 com.weather.Weather}
09-19 15:14:17.216 D/PMS     (  865): releaseWL(29c78264): PARTIAL_WAKE_LOCK  GCoreFlp 0x1 WorkSource{10033 com.google.android.gms}
09-19 15:14:17.246 D/TelephonyCallback( 1159): SignalStrength: 4
09-19 15:14:17.246 D/SIGNAL_ICON( 1159): level=4/5
09-19 15:14:17.246 D/StatusBar.NetworkController( 1159): dumpIcon[stat_sys_data_4g_lte_connected stat_sys_5signal_4|null stat_sys_wifi_signal_connected_4 (gone) F]
09-19 15:14:17.286 D/HABCtrl (  865): lsvalue=1280(7th)->640(6th), lValue=199->170
09-19 15:14:17.296 I/ActivityManager(  865): Start proc com.google.android.apps.photos for broadcast com.google.android.apps.photos/.actionqueue.SystemReceiver: pid=28144 uid=10208 gids={50208, 9997, 3003, 3002, 1028, 1015} abi=armeabi-v7a
09-19 15:14:17.306 V/ActivityManager(  865): Display changed displayId=0
09-19 15:14:17.356 I/XAN-DPC (  865): Unblocked screen on after 431 ms
09-19 15:14:17.366 D/XAN-DPS (  865): setBrightness to 122
09-19 15:14:17.396 D/PMS     (  865): acquireWL(30c82885): PARTIAL_WAKE_LOCK  BatteryServiceUpdateStats_3 0x1 865 1000 null
09-19 15:14:17.396 I/BatteryService(  865): n_update end
09-19 15:14:17.396 D/PMS     (  865): releaseWL(30c82885): PARTIAL_WAKE_LOCK  BatteryServiceUpdateStats_3 0x1 null
09-19 15:14:17.396 D/NotificationService(  865): plugged=true pluggin=true
09-19 15:14:17.396 D/WifiController(  865): battery changed pluggedType: 2
09-19 15:14:17.396 D/HtcPowerSaver(  865): updateBatteryInfo
09-19 15:14:17.396 D/PMS     (  865): runPSCheck
09-19 15:14:17.396 D/HtcPowerSaver(  865): Checking...
09-19 15:14:17.396 I/HtcPowerSaver(  865): >> updateStatus
09-19 15:14:17.406 I/HtcPowerSaver(  865): updateStatus (8000,88,-1,false,false,false,-1)
09-19 15:14:17.406 I/HtcPowerSaver(  865): << updateStatus
09-19 15:14:17.406 D/PowerUI ( 1159): closing low battery warning: level=88
09-19 15:14:17.406 D/PowerUI ( 1159): plugged = true, health = 2, mBatteryLevel = 88, mPluggedBatteryLevel = 88, mLowBatteryWarningLevel2 = 25, mshowLowChargingWarning2 = true
09-19 15:14:17.416 D/PMS     (  865): acquireWL(1d6ff6da): PARTIAL_WAKE_LOCK  BatteryServiceUpdateStats_3 0x1 865 1000 null
09-19 15:14:17.416 I/BatteryService(  865): n_update end
09-19 15:14:17.416 D/PMS     (  865): releaseWL(1d6ff6da): PARTIAL_WAKE_LOCK  BatteryServiceUpdateStats_3 0x1 null
09-19 15:14:17.416 D/HtcPowerSaver(  865): updateBatteryInfo
09-19 15:14:17.426 D/PowerUI ( 1159): closing low battery warning: level=88
09-19 15:14:17.426 D/PowerUI ( 1159): plugged = true, health = 2, mBatteryLevel = 88, mPluggedBatteryLevel = 88, mLowBatteryWarningLevel2 = 25, mshowLowChargingWarning2 = true
09-19 15:14:17.426 D/NotificationService(  865): plugged=true pluggin=true
09-19 15:14:17.426 D/PMS     (  865): runPSCheck
09-19 15:14:17.426 D/HtcPowerSaver(  865): Checking...
09-19 15:14:17.426 I/HtcPowerSaver(  865): >> updateStatus
09-19 15:14:17.426 I/HtcPowerSaver(  865): updateStatus (8000,88,-1,false,false,false,-1)
09-19 15:14:17.426 I/HtcPowerSaver(  865): << updateStatus
09-19 15:14:17.426 D/WifiController(  865): battery changed pluggedType: 2
09-19 15:14:17.536 D/AlarmManager(  865): ACTION_SCREEN_ON
09-19 15:14:17.536 I/AlarmManager(  865): [AlarmQueuing] recover blocked alarms
09-19 15:14:17.536 I/AlarmManager(  865): [AlarmQueuing] done recovering
09-19 15:14:17.536 I/AlarmManager(  865): [AlarmQueuing] recover EPS screen off blocked alarms
09-19 15:14:17.536 I/AlarmManager(  865): [AlarmQueuing] done EPS screen off alarm recovering
09-19 15:14:17.546 D/NetworkPolicy(  865): updateScreenOn: true
09-19 15:14:17.546 V/NetworkPolicy(  865): updateIfacesLocked()
09-19 15:14:17.546 D/WifiDisplayAdapter(  865): getWifiDisplayStatusLocked: result=WifiDisplayStatus{featureState=3, scanState=0, activeDisplayState=0, activeDisplay=null, displays=[], sessionInfo=WifiDisplaySessionInfo:
09-19 15:14:17.546 D/WifiDisplayAdapter(  865):     Client/Owner: Client
09-19 15:14:17.546 D/WifiDisplayAdapter(  865):     GroupId: 
09-19 15:14:17.546 D/WifiDisplayAdapter(  865):     Passphrase: 
09-19 15:14:17.546 D/WifiDisplayAdapter(  865):     SessionId: 0
09-19 15:14:17.546 D/WifiDisplayAdapter(  865):     IP Address: }
09-19 15:14:17.546 D/NetworkManagementService(  865): isBandwidthControlEnabled: doneSignal.getCount()= 0
09-19 15:14:17.546 D/NetworkPolicy(  865): applying policy NetworkPolicy[NetworkTemplate: matchRule=MOBILE_ALL, subscriberId=310410...]: cycleDay=7, cycleTimezone=America/Chicago, warningBytes=2147483648, limitBytes=-1, lastWarningSnooze=-1, lastLimitSnooze=-1, metered=true, inferred=false to ifaces [rmnet0]
09-19 15:14:17.646 D/PMS     (  865): releaseWL(1cac60d0): PARTIAL_WAKE_LOCK  NfcService:mRoutingWakeLock 0x1 null
09-19 15:14:17.656 D/WIFI_ICON( 1159): WifiActivity: 3
09-19 15:14:17.656 D/StatusBar.NetworkController( 1159): dumpIcon[stat_sys_data_4g_lte_connected stat_sys_5signal_4|null stat_sys_wifi_signal_inandout_4 (gone) F]
09-19 15:14:17.706 D/PMS     (  865): acquireWL(2c7eb70b): PARTIAL_WAKE_LOCK  Wakeful StateMachine: GeofencerStateMachine 0x1 2179 10033 WorkSource{10033 com.google.android.gms}
09-19 15:14:17.706 D/PMS     (  865): releaseWL(2c7eb70b): PARTIAL_WAKE_LOCK  Wakeful StateMachine: GeofencerStateMachine 0x1 WorkSource{10033 com.google.android.gms}
09-19 15:14:17.706 D/PMS     (  865): acquireWL(2b3b79e8): PARTIAL_WAKE_LOCK  GCoreFlp 0x1 2179 10033 WorkSource{10033 com.google.android.gms}
09-19 15:14:17.716 D/PMS     (  865): releaseWL(2b3b79e8): PARTIAL_WAKE_LOCK  GCoreFlp 0x1 WorkSource{10033 com.google.android.gms}
09-19 15:14:17.806 D/NetworkManagementService(  865): isBandwidthControlEnabled: doneSignal.getCount()= 0
09-19 15:14:17.806 V/AlarmManager(  865): sending alarm PendingIntent{5a2a594: PendingIntentRecord{192bc83d android broadcastIntent}}, i=com.android.server.WifiManager.action.START_SCAN, t=1, cnt=1, w=1442693657756, Int=20000
09-19 15:14:17.806 V/AlarmManager(  865): sending alarm PendingIntent{2bdfb8e7: PendingIntentRecord{2424c94 com.weather.Weather startService}}, i=null, t=3, cnt=1, w=191674560, Int=0
09-19 15:14:17.826 W/ActivityManager(  865): getTasks: caller 10009 is using old GET_TASKS but privileged; allowing
09-19 15:14:18.036 D/PMS     (  865): acquireWL(1464fc83): PARTIAL_WAKE_LOCK  android.Wakelock 0x1 14808 1000 null
09-19 15:14:18.316 D/PMS     (  865): acquireHCC(4419e00): CPU_MIN_FREQ SystemUIScroll_4.0 0x2000 1159 10051 null
09-19 15:14:18.326 D/PMS     (  865): acquireHCC(2147639): CPU_MIN_NUM SystemUIScroll_4.0 0x8000 1159 10051 null
09-19 15:14:18.436 D/StatusBarManagerService(  865): setSystemUiVisibility(0x8600)
09-19 15:14:18.436 D/StatusBarManagerService(  865): manageDisableList userId=0 what=0x0 pkg=WindowManager.LayoutParams
09-19 15:14:18.436 D/StatusBarManagerService(  865): hiding MENU key
09-19 15:14:18.436 D/NotificationService(  865): onSetDisabled: 0x3200000
09-19 15:14:18.516 D/StatusBarManagerService(  865): setSystemUiVisibility(0x208600)
09-19 15:14:18.526 D/StatusBarManagerService(  865): manageDisableList userId=0 what=0x200000 pkg=WindowManager.LayoutParams
09-19 15:14:18.526 D/StatusBarManagerService(  865): hiding MENU key
09-19 15:14:18.676 D/PMS     (  865): releaseHCC(4419e00): CPU_MIN_FREQ SystemUIScroll_4.0 0x2000 null
09-19 15:14:18.676 D/PMS     (  865): releaseHCC(2147639): CPU_MIN_NUM SystemUIScroll_4.0 0x8000 null
09-19 15:14:18.896 D/PMS     (  865): acquireWL(af1b371): PARTIAL_WAKE_LOCK  hangouts_rtcs 0x1 27769 10134 null
09-19 15:14:19.106 I/ActivityManager(  865): Start proc com.google.android.gms.wearable for service com.google.android.gms/.wearable.service.WearableControlService: pid=28266 uid=10033 gids={50033, 9997, 2001, 3003, 1007, 3006, 1028, 1015, 3002, 3001, 1005, 3007} abi=armeabi-v7a
09-19 15:14:19.116 D/PMS     (  865): acquireWL(38cb20e2): PARTIAL_WAKE_LOCK  Icing 0x1 3459 10033 WorkSource{10033 com.google.android.gms}
09-19 15:14:19.376 D/AutomaticBrightnessController(  865): setAmbientLux to brighter = 1280.0
09-19 15:14:19.376 D/HABCtrl (  865): lsvalue=640(6th)->1280(7th), lValue=170->199
09-19 15:14:19.446 W/ResourcesManager(28266): Asset path '/system/framework/com.android.media.remotedisplay.jar' does not exist or contains no resources.
09-19 15:14:19.446 W/ResourcesManager(28266): Asset path '/system/framework/com.android.location.provider.jar' does not exist or contains no resources.
09-19 15:14:19.546 D/PMS     (  865): acquireWL(1016e65c): PARTIAL_WAKE_LOCK  AsyncService 0x1 27827 10191 null
09-19 15:14:19.546 D/PMS     (  865): acquireWL(320bea3a): PARTIAL_WAKE_LOCK  wake:com.google.android.apps.plus/.service.PhotosAppTransitionService 0x1 27827 10191 null
09-19 15:14:19.556 D/PMS     (  865): releaseWL(af1b371): PARTIAL_WAKE_LOCK  hangouts_rtcs 0x1 null
09-19 15:14:19.566 W/ResourcesManager(27769): Asset path '/system/framework/com.android.media.remotedisplay.jar' does not exist or contains no resources.
09-19 15:14:19.566 W/ResourcesManager(27769): Asset path '/system/framework/com.android.location.provider.jar' does not exist or contains no resources.
09-19 15:14:19.606 W/ActivityThread(28266): ClassLoader.loadClass: The class loader returned by Thread.getContextClassLoader() may fail for processes that host multiple applications. You should explicitly specify a context class loader. For example: Thread.setContextClassLoader(getClass().getClassLoader());
09-19 15:14:19.656 I/PackageManager(  865):  setEnabledSetting(), pkgName=com.google.android.gms, clsName=com.google.android.gms.icing.proxy.SmsMonitor, state=1, flag=1, pid=3459, uid=10033, userID:0
09-19 15:14:19.656 I/PackageManager(  865):  setEnabledSetting(), pkgName=com.google.android.gms, clsName=com.google.android.gms.icing.proxy.AppsMonitor, state=2, flag=1, pid=3459, uid=10033, userID:0
09-19 15:14:19.656 I/PackageManager(  865):  setEnabledSetting(), pkgName=com.google.android.gms, clsName=com.google.android.gms.icing.proxy.ApplicationLauncherReceiver, state=2, flag=1, pid=3459, uid=10033, userID:0
09-19 15:14:19.736 I/PackageManager(  865):  setEnabledSetting(), pkgName=com.google.android.gms, clsName=com.google.android.gms.icing.proxy.SmsMonitor, state=1, flag=1, pid=3459, uid=10033, userID:0
09-19 15:14:19.746 I/PackageManager(  865):  setEnabledSetting(), pkgName=com.google.android.gms, clsName=com.google.android.gms.icing.proxy.AppsMonitor, state=2, flag=1, pid=3459, uid=10033, userID:0
09-19 15:14:19.746 I/PackageManager(  865):  setEnabledSetting(), pkgName=com.google.android.gms, clsName=com.google.android.gms.icing.proxy.ApplicationLauncherReceiver, state=2, flag=1, pid=3459, uid=10033, userID:0
09-19 15:14:19.796 D/PMS     (  865): releaseWL(1016e65c): PARTIAL_WAKE_LOCK  AsyncService 0x1 null
09-19 15:14:19.986 I/PackageManager(  865):  setEnabledSetting(), pkgName=com.google.android.apps.plus, clsName=com.google.android.apps.photos.phone.GetContentActivityAlias, state=2, flag=1, pid=27827, uid=10191, userID:0
09-19 15:14:19.986 I/PackageManager(  865):  setEnabledSetting(), pkgName=com.google.android.apps.plus, clsName=com.google.android.apps.photos.phone.SendContentActivityAlias, state=2, flag=1, pid=27827, uid=10191, userID:0
09-19 15:14:19.986 I/PackageManager(  865):  setEnabledSetting(), pkgName=com.google.android.apps.plus, clsName=com.google.android.apps.photos.phone.SetWallpaperActivityAlias, state=2, flag=1, pid=27827, uid=10191, userID:0
09-19 15:14:19.986 I/PackageManager(  865):  setEnabledSetting(), pkgName=com.google.android.apps.plus, clsName=com.google.android.apps.plus.phone.VideoViewActivityAlias, state=2, flag=1, pid=27827, uid=10191, userID:0
09-19 15:14:19.986 I/PackageManager(  865):  setEnabledSetting(), pkgName=com.google.android.apps.plus, clsName=com.google.android.apps.plus.phone.HostPhotoViewIntentActivityAlias, state=2, flag=1, pid=27827, uid=10191, userID:0
09-19 15:14:19.986 I/PackageManager(  865):  setEnabledSetting(), pkgName=com.google.android.apps.plus, clsName=com.google.android.apps.plus.service.EsDreamService, state=2, flag=1, pid=27827, uid=10191, userID:0
09-19 15:14:19.986 I/PackageManager(  865):  setEnabledSetting(), pkgName=com.google.android.apps.plus, clsName=com.google.android.libraries.social.ingest.IngestActivity, state=2, flag=1, pid=27827, uid=10191, userID:0
09-19 15:14:19.986 I/PackageManager(  865):  setEnabledSetting(), pkgName=com.google.android.apps.plus, clsName=com.google.android.libraries.social.ingest.IngestService, state=2, flag=1, pid=27827, uid=10191, userID:0
09-19 15:14:19.996 I/PackageManager(  865):  setEnabledSetting(), pkgName=com.google.android.apps.plus, clsName=com.google.android.apps.photos.service.GooglePhotoDownsyncService, state=2, flag=1, pid=27827, uid=10191, userID:0
09-19 15:14:19.996 D/PMS     (  865): releaseWL(320bea3a): PARTIAL_WAKE_LOCK  wake:com.google.android.apps.plus/.service.PhotosAppTransitionService 0x1 null
09-19 15:14:20.036 I/ActivityManager(  865): Start proc com.htc.htcpowermanager:remote for broadcast com.htc.htcpowermanager/.battery.PowerUsageReceiver: pid=28337 uid=1000 gids={41000, 9997, 3002, 3001, 3003, 1028, 1015, 5001, 5011, 3006, 1023, 5006} abi=armeabi-v7a
09-19 15:14:20.076 D/PMS     (  865): releaseWL(1464fc83): PARTIAL_WAKE_LOCK  android.Wakelock 0x1 null
09-19 15:14:20.116 W/ContextImpl(28337): Calling a method in the system process without a qualified user: android.app.ContextImpl.startService:1798 android.content.ContextWrapper.startService:515 android.content.ContextWrapper.startService:515 com.htc.htcpowermanager.battery.PowerUsageReceiver.onReceive:13 android.app.ActivityThread.handleReceiver:2712 
09-19 15:14:20.116 W/ContextImpl(28337): Calling a method in the system process without a qualified user: android.app.ContextImpl.startService:1798 android.content.ContextWrapper.startService:515 android.content.ContextWrapper.startService:515 com.htc.htcpowermanager.smartsync.SmartSyncDataLinkTurnOffReceiver.onReceive:22 android.app.ActivityThread.handleReceiver:2712 
09-19 15:14:20.126 D/PMS     (  865): acquireWL(79aee8d): PARTIAL_WAKE_LOCK  SmartSyncScreenOnOffTimeReceiver_3 0x1 28337 1000 null
09-19 15:14:20.126 D/PMS     (  865): releaseWL(38cb20e2): PARTIAL_WAKE_LOCK  Icing 0x1 WorkSource{10033 com.google.android.gms}
09-19 15:14:20.196 W/BatSI   (  865): Couldn't get kernel wake lock stats
09-19 15:14:20.216 D/WIFI_ICON( 1159): WifiActivity: 2
09-19 15:14:20.216 D/StatusBar.NetworkController( 1159): dumpIcon[stat_sys_data_4g_lte_connected stat_sys_5signal_4|null stat_sys_wifi_signal_out_4 (gone) F]
09-19 15:14:20.226 D/TelephonyCallback( 1159): SignalStrength: 4
09-19 15:14:20.226 D/SIGNAL_ICON( 1159): level=4/5
09-19 15:14:20.286 D/StatusBar.NetworkController( 1159): dumpIcon[stat_sys_data_4g_lte_connected stat_sys_5signal_4|null stat_sys_wifi_signal_out_4 (gone) F]
09-19 15:14:20.286 W/ContextImpl(  865): Calling a method in the system process without a qualified user: android.app.ContextImpl.startService:1798 android.content.ContextWrapper.startService:515 android.content.ContextWrapper.startService:515 com.htc.smartdim.SystemIntentReceiver.onReceive:143 android.app.ActivityThread.handleReceiver:2712 
09-19 15:14:20.296 D/WifiDisplayAdapter(  865): getWifiDisplayStatusLocked: result=WifiDisplayStatus{featureState=3, scanState=0, activeDisplayState=0, activeDisplay=null, displays=[], sessionInfo=WifiDisplaySessionInfo:
09-19 15:14:20.296 D/WifiDisplayAdapter(  865):     Client/Owner: Client
09-19 15:14:20.296 D/WifiDisplayAdapter(  865):     GroupId: 
09-19 15:14:20.296 D/WifiDisplayAdapter(  865):     Passphrase: 
09-19 15:14:20.296 D/WifiDisplayAdapter(  865):     SessionId: 0
09-19 15:14:20.296 D/WifiDisplayAdapter(  865):     IP Address: }
09-19 15:14:20.296 D/PMS     (  865): releaseWL(27ebbfbd): PARTIAL_WAKE_LOCK  *alarm* 0x1 WorkSource{1000}
09-19 15:14:20.326 D/PMS     (  865): releaseWL(79aee8d): PARTIAL_WAKE_LOCK  SmartSyncScreenOnOffTimeReceiver_3 0x1 null
09-19 15:14:20.326 D/PMS     (  865): acquireWL(70f0eaf): PARTIAL_WAKE_LOCK  wake:com.google.android.apps.photos/.actionqueue.OnlineActionService 0x1 28144 10208 null
09-19 15:14:20.346 D/PMS     (  865): acquireWL(309c6245): PARTIAL_WAKE_LOCK  wake:com.google.android.apps.photos/.jobqueue.JobService 0x1 28144 10208 null
09-19 15:14:20.346 D/PMS     (  865): acquireWL(1ee50d9a): PARTIAL_WAKE_LOCK  OnlineActionService 0x1 28144 10208 null
09-19 15:14:20.346 D/PMS     (  865): releaseWL(70f0eaf): PARTIAL_WAKE_LOCK  wake:com.google.android.apps.photos/.actionqueue.OnlineActionService 0x1 null
09-19 15:14:20.386 I/PackageManager(  865):  setEnabledSetting(), pkgName=com.google.android.gms, clsName=com.google.android.gms.icing.proxy.SmsMonitor, state=1, flag=1, pid=3459, uid=10033, userID:0
09-19 15:14:20.386 I/PackageManager(  865):  setEnabledSetting(), pkgName=com.google.android.gms, clsName=com.google.android.gms.icing.proxy.AppsMonitor, state=2, flag=1, pid=3459, uid=10033, userID:0
09-19 15:14:20.386 I/PackageManager(  865):  setEnabledSetting(), pkgName=com.google.android.gms, clsName=com.google.android.gms.icing.proxy.ApplicationLauncherReceiver, state=2, flag=1, pid=3459, uid=10033, userID:0
09-19 15:14:20.396 W/BatSI   (  865): Couldn't get kernel wake lock stats
09-19 15:14:20.466 V/ActivityManager(  865): Display changed displayId=0
09-19 15:14:20.496 D/StatusBarManagerService(  865): manageDisableList userId=0 what=0x0 pkg=com.android.systemui
09-19 15:14:20.496 D/NotificationService(  865): onSetDisabled: 0x200000
09-19 15:14:20.536 D/PMS     (  865): acquireWL(2da7019f): PARTIAL_WAKE_LOCK  android.Wakelock 0x1 14808 1000 null
09-19 15:14:20.546 D/StatusBarManagerService(  865): setSystemUiVisibility(0x8600)
09-19 15:14:20.546 D/StatusBarManagerService(  865): manageDisableList userId=0 what=0x0 pkg=WindowManager.LayoutParams
09-19 15:14:20.546 D/StatusBarManagerService(  865): hiding MENU key
09-19 15:14:20.596 I/InputMethodManagerService(  865): Disable input method client, pid=1595
09-19 15:14:20.596 D/StatusBarManagerService(  865): swetImeWindowStatus vis=0 backDisposition=0
09-19 15:14:20.596 I/InputMethodManagerService(  865): Enable input method client, pid=26488
09-19 15:14:20.606 D/WIFI_ICON( 1159): updateWifiState: RSSI_CHANGED 3 -> 3
09-19 15:14:20.606 D/StatusBar.NetworkController( 1159): dumpIcon[stat_sys_data_4g_lte_connected stat_sys_5signal_4|null stat_sys_wifi_signal_out_4 (gone) F]
09-19 15:14:20.626 W/ContextImpl(16632): Calling a method in the system process without a qualified user: android.app.ContextImpl.startService:1798 android.content.ContextWrapper.startService:515 android.content.ContextWrapper.startService:515 com.android.settings.PSReceiver.onReceive:36 android.app.ActivityThread.handleReceiver:2712 
09-19 15:14:20.646 D/WIFI_ICON( 1159): WifiActivity: 3
09-19 15:14:20.656 D/StatusBar.NetworkController( 1159): dumpIcon[stat_sys_data_4g_lte_connected stat_sys_5signal_4|null stat_sys_wifi_signal_inandout_4 (gone) F]
09-19 15:14:20.656 D/NotificationService(  865): onSetDisabled: 0x0
09-19 15:14:20.676 D/PMS     (  865): acquireWL(36b76d): PARTIAL_WAKE_LOCK  DatabaseProcessorService 0x1 28144 10208 null
09-19 15:14:20.706 D/PMS     (  865): releaseWL(36b76d): PARTIAL_WAKE_LOCK  DatabaseProcessorService 0x1 null
09-19 15:14:20.816 I/ActivityManager(  865): Start proc com.estrongs.android.pop for broadcast com.estrongs.android.pop/.app.StartServiceReceiver: pid=28383 uid=10210 gids={50210, 9997, 3003, 3002, 3001, 1028, 1015} abi=armeabi
09-19 15:14:20.866 D/PMS     (  865): releaseWL(1ee50d9a): PARTIAL_WAKE_LOCK  OnlineActionService 0x1 null
09-19 15:14:20.866 D/PMS     (  865): releaseWL(309c6245): PARTIAL_WAKE_LOCK  wake:com.google.android.apps.photos/.jobqueue.JobService 0x1 null
09-19 15:14:20.866 I/ActivityManager(  865): Killing 27461:com.htc.syncml.service/u0a4 (adj 15): empty #17
09-19 15:14:20.876 I/ActivityManager(  865): Recipient 27461
09-19 15:14:21.026 I/ActivityManager(  865): Killing 27488:com.fitbit.FitbitMobile/u0a31 (adj 15): empty #17
09-19 15:14:21.046 D/PMS     (  865): acquireWL(859908f): PARTIAL_WAKE_LOCK  NfcService:mRoutingWakeLock 0x1 1565 1027 null
09-19 15:14:21.056 I/ActivityManager(  865): Recipient 27488
09-19 15:14:21.096 D/NetworkManagementService(  865): onDataConnectionRealTimeInfoChanged: mTime=191677813092802 mDcPowerState=1
09-19 15:14:21.106 D/TelephonyCallback( 1159): DataActivity: 4
09-19 15:14:21.106 D/DATA_ICON( 1159): dataConnected: false/true
09-19 15:14:21.106 D/StatusBar.NetworkController( 1159): dumpIcon[stat_sys_data_4g_lte_connected stat_sys_5signal_4|null stat_sys_wifi_signal_inandout_4 (gone) F]
09-19 15:14:21.186 I/ActivityManager(  865): Killing 27573:com.cequint.ecid/u0a103 (adj 15): empty #17
09-19 15:14:21.196 I/ActivityManager(  865): Recipient 27573
09-19 15:14:21.246 D/PMS     (  865): acquireWL(1291552): PARTIAL_WAKE_LOCK  GCoreFlp 0x1 2179 10033 WorkSource{10033 com.google.android.gms}
09-19 15:14:21.246 D/PMS     (  865): releaseWL(1291552): PARTIAL_WAKE_LOCK  GCoreFlp 0x1 WorkSource{10033 com.google.android.gms}
09-19 15:14:21.246 I/ActivityManager(  865): Killing 27608:com.google.android.apps.maps/u0a180 (adj 15): empty #17
09-19 15:14:21.256 I/ActivityManager(  865): Recipient 27608
09-19 15:14:21.356 D/PMS     (  865): releaseWL(859908f): PARTIAL_WAKE_LOCK  NfcService:mRoutingWakeLock 0x1 null
09-19 15:14:21.516 D/PMS     (  865): acquireWL(25df3976): PARTIAL_WAKE_LOCK  *alarm* 0x1 865 1000 WorkSource{10221}
09-19 15:14:21.526 V/AlarmManager(  865): sending alarm PendingIntent{ad19b77: PendingIntentRecord{2da7a3e4 com.weather.Weather startService}}, i=null, t=3, cnt=1, w=191678272, Int=0
09-19 15:14:21.526 D/PMS     (  865): releaseWL(25df3976): PARTIAL_WAKE_LOCK  *alarm* 0x1 WorkSource{10221}
09-19 15:14:21.966 D/PMS     (  865): acquireWL(113a7813): PARTIAL_WAKE_LOCK  hangouts_rtcs 0x1 27769 10134 null
09-19 15:14:22.016 D/PMS     (  865): releaseWL(113a7813): PARTIAL_WAKE_LOCK  hangouts_rtcs 0x1 null
09-19 15:14:22.056 D/PMS     (  865): acquireWL(304fb381): PARTIAL_WAKE_LOCK  Icing 0x1 3459 10033 WorkSource{10033 com.google.android.gms}
09-19 15:14:22.056 W/ResourcesManager(  865): Asset path '/system/framework/android.test.runner.jar' does not exist or contains no resources.
09-19 15:14:22.066 D/PMS     (  865): acquireWL(3d2dce14): PARTIAL_WAKE_LOCK  AsyncService 0x1 27827 10191 null
09-19 15:14:22.066 D/PMS     (  865): releaseWL(3d2dce14): PARTIAL_WAKE_LOCK  AsyncService 0x1 null
09-19 15:14:22.076 D/PMS     (  865): acquireWL(2b818c03): PARTIAL_WAKE_LOCK  wake:com.google.android.apps.plus/.service.PhotosAppTransitionService 0x1 27827 10191 null
09-19 15:14:22.106 D/PMS     (  865): releaseWL(304fb381): PARTIAL_WAKE_LOCK  Icing 0x1 WorkSource{10033 com.google.android.gms}
09-19 15:14:22.106 I/PackageManager(  865):  setEnabledSetting(), pkgName=com.google.android.apps.plus, clsName=com.google.android.apps.photos.phone.GetContentActivityAlias, state=2, flag=1, pid=27827, uid=10191, userID:0
09-19 15:14:22.116 I/PackageManager(  865):  setEnabledSetting(), pkgName=com.google.android.apps.plus, clsName=com.google.android.apps.photos.phone.SendContentActivityAlias, state=2, flag=1, pid=27827, uid=10191, userID:0
