09-19 15:15:08.846 D/HtcUPManager( 1159): HtcUPServiceProxy onTrimMemory() has been called. Memory Level: 60
09-19 15:15:08.846 D/HtcUPManager( 1159): HtcUPServiceProxy onTrimMemory() has been called. Memory Level: 60
09-19 15:15:08.936 D/PMS     (  865): acquireWL(2ef60abe): PARTIAL_WAKE_LOCK  GCM_CONN 0x1 1965 10033 WorkSource{10033 com.google.android.gms}
09-19 15:15:08.956 I/GCM     ( 1965): GCM message com.android.chrome 0:1442693709033581%0f493ae6f9fd7ecd
09-19 15:15:08.956 D/PMS     (  865): acquireWL(2fca71f): PARTIAL_WAKE_LOCK  GOOGLE_C2DM 0x1 1965 10033 WorkSource{10033 com.google.android.gms}
09-19 15:15:08.966 V/GCMBroadcastReceiver(19176): onReceive: com.google.android.c2dm.intent.RECEIVE
09-19 15:15:08.966 V/GCMBroadcastReceiver(19176): GCM IntentService class: com.google.ipc.invalidation.external.client.contrib.MultiplexingGcmListener
09-19 15:15:08.966 V/GCMBaseIntentService(19176): Acquiring wakelock
09-19 15:15:08.966 V/GCMBaseIntentService(19176): Intent service name: GCMIntentService-DynamicSenderIds-23
09-19 15:15:08.966 V/GCMBaseIntentService(19176): Releasing wakelock
09-19 15:15:08.966 D/PMS     (  865): releaseWL(2ef60abe): PARTIAL_WAKE_LOCK  GCM_CONN 0x1 WorkSource{10033 com.google.android.gms}
09-19 15:15:08.966 D/PMS     (  865): acquireWL(2178ca6c): PARTIAL_WAKE_LOCK  GCM_LIB 0x1 19176 10119 null
09-19 15:15:08.966 D/PMS     (  865): releaseWL(2fca71f): PARTIAL_WAKE_LOCK  GOOGLE_C2DM 0x1 WorkSource{10033 com.google.android.gms}
09-19 15:15:08.966 D/PMS     (  865): releaseWL(2178ca6c): PARTIAL_WAKE_LOCK  GCM_LIB 0x1 null
09-19 15:15:08.966 D/PMS     (  865): acquireWL(288414ca): PARTIAL_WAKE_LOCK  multiplexing-gcm-listener:com.google.ipc.invalidation.ticl.android2.channel.AndroidMessageReceiverService 0x1 19176 10119 null
09-19 15:15:08.976 W/GCMListener(19176): Received push message with no subtype
09-19 15:15:08.976 D/PMS     (  865): acquireWL(324d32b1): PARTIAL_WAKE_LOCK  multiplexing-gcm-listener:org.chromium.chrome.browser.services.gcm.GCMListener 0x1 19176 10119 null
09-19 15:15:08.976 D/PMS     (  865): releaseWL(288414ca): PARTIAL_WAKE_LOCK  multiplexing-gcm-listener:com.google.ipc.invalidation.ticl.android2.channel.AndroidMessageReceiverService 0x1 null
09-19 15:15:08.976 D/PMS     (  865): releaseWL(324d32b1): PARTIAL_WAKE_LOCK  multiplexing-gcm-listener:org.chromium.chrome.browser.services.gcm.GCMListener 0x1 null
09-19 15:15:08.986 D/InvalidationClientService(19176): Registration status for Oid: <1004, AUTOFILL_WALLET>: REGISTERED
09-19 15:15:08.996 D/InvalidationClientService(19176): Registration status for Oid: <1004, MANAGED_USER_WHITELIST>: REGISTERED
09-19 15:15:09.006 D/InvalidationClientService(19176): Registration status for Oid: <1004, DEVICE_INFO>: REGISTERED
09-19 15:15:09.006 E/WifiStateMachine(  865): handleMessage: E msg.what=131155
09-19 15:15:09.006 E/WifiStateMachine(  865): processMsg: ConnectedState
09-19 15:15:09.016 E/WifiStateMachine(  865):  ConnectedState !CMD_RSSI_POLL 460 0 "get_your_own_wifi" 00:1c:7b:f9:8b:bc rssi=-62 f=2462 sc=60 link=72 tx=12.3, 0.0, 0.0  rx=10.9 bcn=0 [on:0 tx:0 rx:0 period:3003] from screen [on:0 period:-415302431] gl hn u24 rssi=-57 ag=0 hr ticks 0,0,1 ls-=0 [56,56,60,60,65] brc=0 lrc=0
09-19 15:15:09.016 E/WifiStateMachine(  865): processMsg: L2ConnectedState
09-19 15:15:09.016 E/WifiStateMachine(  865):  L2ConnectedState !CMD_RSSI_POLL 460 0 "get_your_own_wifi" 00:1c:7b:f9:8b:bc rssi=-62 f=2462 sc=60 link=72 tx=12.3, 0.0, 0.0  rx=10.9 bcn=0 [on:0 tx:0 rx:0 period:1] from screen [on:0 period:-415302430] gl hn u24 rssi=-57 ag=0 hr ticks 0,0,1 ls-=0 [56,56,60,60,65] brc=0 lrc=0
09-19 15:15:09.016 E/WifiStateMachine(  865):  get link layer stats 0
09-19 15:15:09.016 W/WifiHW  (  865): QCOM Debug wifi_send_command "IFNAME=wlan0 SIGNAL_POLL"
09-19 15:15:09.016 D/wpa_supplicant(23144): wlan0: Control interface command 'SIGNAL_POLL'
09-19 15:15:09.016 D/InvalidationClientService(19176): Registration status for Oid: <1004, TYPED_URL>: REGISTERED
09-19 15:15:09.016 I/wpa_supplicant(23144): environment dirty rate=0 [14][0][0]
09-19 15:15:09.016 E/WifiStateMachine(  865): fetchRssiLinkSpeedAndFrequencyNative RSSI = -63 abnormalRssiCnt = 0 newLinkSpeed = 72
09-19 15:15:09.016 E/WifiStateMachine(  865): fetchRssiLinkSpeedAndFrequencyNative rssi=-63 linkspeed=72
09-19 15:15:09.016 E/WifiConfigStore(  865): updateConfiguration freq=2462 BSSID=00:1c:7b:f9:8b:bc RSSI=-61 "get_your_own_wifi"WPA_PSK
09-19 15:15:09.016 E/WifiStateMachine(  865): calculateWifiScore freq=2462 speed=72 score=60 highRSSI  -> txbadrate=0.00 txgoodrate=13.14 txretriesrate=0.00 rxrate=12.46 userTriggerdPenalty0
09-19 15:15:09.016 E/WifiStateMachine(  865):  good link -> stuck count =0
09-19 15:15:09.016 E/WifiStateMachine(  865):  badRSSI count0 lowRSSI count0 --> score 60
09-19 15:15:09.016 E/WifiStateMachine(  865):  isHighRSSI       ---> score=65
09-19 15:15:09.016 E/WifiStateMachine(  865): handleMessage: X
09-19 15:15:09.016 D/WifiWatchdogStateMachine(  865): RSSI current: 3 new: -63, 3
09-19 15:15:09.016 D/InvalidationClientService(19176): Registration status for Oid: <1004, BOOKMARK>: REGISTERED
09-19 15:15:09.016 D/WIFI_ICON( 1159): updateWifiState: RSSI_CHANGED 3 -> 3
09-19 15:15:09.016 D/StatusBar.NetworkController( 1159): dumpIcon[stat_sys_data_4g_lte_connected stat_sys_5signal_3|null stat_sys_wifi_signal_connected_4 (gone) F]
09-19 15:15:09.026 D/InvalidationClientService(19176): Registration status for Oid: <1004, SESSION>: REGISTERED
09-19 15:15:09.036 D/InvalidationClientService(19176): Registration status for Oid: <1004, EXPERIMENTS>: REGISTERED
09-19 15:15:09.036 D/InvalidationClientService(19176): Registration status for Oid: <1004, PASSWORD>: REGISTERED
09-19 15:15:09.046 D/InvalidationClientService(19176): Registration status for Oid: <1004, HISTORY_DELETE_DIRECTIVE>: REGISTERED
09-19 15:15:09.056 D/InvalidationClientService(19176): Registration status for Oid: <1004, FAVICON_IMAGE>: REGISTERED
09-19 15:15:09.056 D/InvalidationClientService(19176): Registration status for Oid: <1004, FAVICON_TRACKING>: REGISTERED
09-19 15:15:09.066 D/InvalidationClientService(19176): Registration status for Oid: <1004, MANAGED_USER_SETTING>: REGISTERED
09-19 15:15:09.076 D/InvalidationClientService(19176): Registration status for Oid: <1004, NIGORI>: REGISTERED
09-19 15:15:09.076 D/InvalidationClientService(19176): Registration status for Oid: <1004, AUTOFILL_PROFILE>: REGISTERED
09-19 15:15:09.076 D/InvalidationClientService(19176): Registration status for Oid: <1004, AUTOFILL>: REGISTERED
09-19 15:15:09.096 D/InvalidationClientService(19176): Registration status for Oid: <1004, PRIORITY_PREFERENCE>: REGISTERED
09-19 15:15:09.156 E/WifiTrafficPoller(  865): TRAFFIC_STATS_POLL true Token 1628 num clients 17
09-19 15:15:09.156 E/WifiTrafficPoller(  865):  packet count Tx=781954 Rx=1059918
09-19 15:15:09.156 E/WifiTrafficPoller(  865): notifying of data activity 3
09-19 15:15:09.156 D/WIFI_ICON( 1159): WifiActivity: 3
09-19 15:15:09.156 D/StatusBar.NetworkController( 1159): dumpIcon[stat_sys_data_4g_lte_connected stat_sys_5signal_3|null stat_sys_wifi_signal_inandout_4 (gone) F]
09-19 15:15:10.076 D/PMS     (  865): acquireWL(293ffb04): PARTIAL_WAKE_LOCK  *alarm* 0x1 865 1000 WorkSource{10119}
09-19 15:15:10.086 V/AlarmManager(  865): sending alarm PendingIntent{37d148ed: PendingIntentRecord{1ca27322 com.android.chrome broadcastIntent}}, i=null, t=1, cnt=1, w=1442693710089, Int=0
09-19 15:15:10.086 D/PMS     (  865): releaseWL(293ffb04): PARTIAL_WAKE_LOCK  *alarm* 0x1 WorkSource{10119}
09-19 15:15:10.156 E/WifiTrafficPoller(  865): TRAFFIC_STATS_POLL true Token 1628 num clients 17
09-19 15:15:10.156 E/WifiTrafficPoller(  865):  packet count Tx=781954 Rx=1059918
09-19 15:15:10.156 E/WifiTrafficPoller(  865): notifying of data activity 0
09-19 15:15:10.156 D/WIFI_ICON( 1159): WifiActivity: 0
09-19 15:15:10.156 D/StatusBar.NetworkController( 1159): dumpIcon[stat_sys_data_4g_lte_connected stat_sys_5signal_3|null stat_sys_wifi_signal_connected_4 (gone) F]
09-19 15:15:10.526 E/MP-Decision( 2260): Update arg 2
09-19 15:15:10.546 I/KeyButtonView( 1159): sendEvent(0,0,96263244,false) home
09-19 15:15:10.636 I/KeyButtonView( 1159): sendEvent(1,0,96263355,false) home
09-19 15:15:10.636 D/StatusBarManagerService(  865): swetImeWindowStatus vis=0 backDisposition=0
09-19 15:15:10.646 I/IntentController( 1159): receive(android.intent.action.CLOSE_SYSTEM_DIALOGS,1,false)
09-19 15:15:10.646 I/CVW     ( 1446): Dismiss CandidateViewWindow WCLID:0
09-19 15:15:10.646 I/PhoneStatusBar( 1159): setImeWindowStatus(false,false)
09-19 15:15:10.646 I/ActivityManager(  865): START u0 {act=android.intent.action.MAIN cat=[android.intent.category.HOME] flg=0x10200000 cmp=com.htc.launcher/.Launcher} from uid 1000 pid 865 on display 0
09-19 15:15:10.656 E/MP-Decision( 2260): Update arg "0 380 380 380".
09-19 15:15:10.656 E/MP-Decision( 2260): Update arg "0 400 400 400".
09-19 15:15:10.666 W/HtcSystemUPManager(  865): HtcSystemUPHandler The policy is disabled. AppId: activity_history, category: launch
09-19 15:15:10.666 D/PMS     (  865): acquireWL(1e8b91b3): PARTIAL_WAKE_LOCK  ActivityManager-Launch 0x1 865 1000 null
09-19 15:15:10.686 W/m       (19176): [TiclService] Ticl being stopped: Client: <ApplicationClientIdP: client_type=1018 client_name=fe3c5b90-0ccf-4fa6-8bee-a86cee635052>, \n\006\n\004\010\003\020\001\022\022\tz\2413H\270|b\225\021\210K\005\377\212}B5\032\007\010\213,\020\003\030\001, <RunState: 2>
09-19 15:15:10.696 D/StatusBarManagerService(  865): swetImeWindowStatus vis=0 backDisposition=0
09-19 15:15:10.706 I/FeedHostManager( 1595): [onResume]
09-19 15:15:10.706 I/FeedProviderManager( 1595): onResume
09-19 15:15:10.706 I/SocialFeedProvider( 1595): +onResume
09-19 15:15:10.706 I/SocialFeedProvider( 1595): updateAccounts - Accounts is no change
09-19 15:15:10.706 I/SocialFeedProvider( 1595): -onResume
09-19 15:15:10.716 I/PhoneStatusBar( 1159): setImeWindowStatus(false,false)
09-19 15:15:10.716 D/StatusBarManagerService(  865): setSystemUiVisibility(0x8700)
09-19 15:15:10.716 D/StatusBarManagerService(  865): manageDisableList userId=0 what=0x0 pkg=WindowManager.LayoutParams
09-19 15:15:10.716 D/StatusBarManagerService(  865): hiding MENU key
09-19 15:15:10.726 I/ThreadedRenderer( 1595): Defer allocateBuffers to drawing time
09-19 15:15:10.766 D/StatusBarManagerService(  865): setSystemUiVisibility(0xc0000700)
09-19 15:15:10.766 D/StatusBarManagerService(  865): manageDisableList userId=0 what=0x0 pkg=WindowManager.LayoutParams
09-19 15:15:10.766 D/StatusBarManagerService(  865): hiding MENU key
09-19 15:15:10.786 I/InputMethodManagerService(  865): Disable input method client, pid=19176
09-19 15:15:10.786 D/StatusBarManagerService(  865): swetImeWindowStatus vis=0 backDisposition=0
09-19 15:15:10.786 I/InputMethodManagerService(  865): Enable input method client, pid=1595
09-19 15:15:10.796 D/AutoSetting(32711): service - handleMessage() stop self
09-19 15:15:10.796 I/PhoneStatusBar( 1159): setImeWindowStatus(false,false)
09-19 15:15:10.796 D/PMS     (  865): releaseWL(1e8b91b3): PARTIAL_WAKE_LOCK  ActivityManager-Launch 0x1 null
09-19 15:15:10.876 D/AutoSetting(32711): service - handleMessage() quit looper
09-19 15:15:10.876 D/AutoSetting(32711): service - onDestroy() END
09-19 15:15:10.876 D/Process (  865): killProcessQuiet, pid=28965
09-19 15:15:10.876 D/Process (  865): com.android.server.am.ProcessRecord.kill:573 com.android.server.am.ActivityManagerService.updateOomAdjLocked:18856 com.android.server.am.ActivityManagerService.updateOomAdjLocked:18699 
09-19 15:15:10.876 I/ActivityManager(  865): Killing 28965:com.htc.mobiledata:remote/u0a56 (adj 15): empty #17
09-19 15:15:10.886 I/ActivityManager(  865): Recipient 28965
09-19 15:15:11.126 D/HtcWifiControlRoamOffload: (  865): Receive mPhoneStateListener
09-19 15:15:11.126 D/HtcWifiControlRoamOffload: (  865): Receive mPhoneStateListener, getGsmSignalStrength99
09-19 15:15:11.136 D/TelephonyCallback( 1159): SignalStrength: 4
09-19 15:15:11.136 D/SIGNAL_ICON( 1159): level=4/5
09-19 15:15:11.136 D/StatusBar.NetworkController( 1159): dumpIcon[stat_sys_data_4g_lte_connected stat_sys_5signal_4|null stat_sys_wifi_signal_connected_4 (gone) F]
09-19 15:15:11.156 E/WifiTrafficPoller(  865): TRAFFIC_STATS_POLL true Token 1628 num clients 17
09-19 15:15:11.156 E/WifiTrafficPoller(  865):  packet count Tx=781954 Rx=1059918
09-19 15:15:11.256 W/OpenGLRenderer( 1595): Incorrectly called buildLayer on View: ShortcutAndWidgetContainer, destroying layer...
09-19 15:15:11.646 E/MP-Decision( 2260): Update arg 1
09-19 15:15:11.856 D/PMS     (  865): acquireWL(16a3475d): PARTIAL_WAKE_LOCK  *alarm* 0x1 865 1000 WorkSource{10211}
09-19 15:15:11.856 V/AlarmManager(  865): sending alarm PendingIntent{3231e8d2: PendingIntentRecord{389c4da3 com.whatsapp broadcastIntent}}, i=com.whatsapp.alarm.CLIENT_PING_TIMEOUT, t=2, cnt=1, w=191728609, Int=0
09-19 15:15:11.866 D/PMS     (  865): releaseWL(16a3475d): PARTIAL_WAKE_LOCK  *alarm* 0x1 WorkSource{10211}
09-19 15:15:12.016 E/WifiStateMachine(  865): handleMessage: E msg.what=131155
09-19 15:15:12.016 E/WifiStateMachine(  865): processMsg: ConnectedState
09-19 15:15:12.026 E/WifiStateMachine(  865):  ConnectedState !CMD_RSSI_POLL 460 0 "get_your_own_wifi" 00:1c:7b:f9:8b:bc rssi=-63 f=2462 sc=60 link=72 tx=13.1, 0.0, 0.0  rx=12.5 bcn=0 [on:0 tx:0 rx:0 period:3005] from screen [on:0 period:-415299421] gl hn u24 rssi=-58 ag=0 hr ticks 0,0,1 ls-=0 [56,56,60,60,65] brc=0 lrc=0
09-19 15:15:12.026 E/WifiStateMachine(  865): processMsg: L2ConnectedState
09-19 15:15:12.026 E/WifiStateMachine(  865):  L2ConnectedState !CMD_RSSI_POLL 460 0 "get_your_own_wifi" 00:1c:7b:f9:8b:bc rssi=-63 f=2462 sc=60 link=72 tx=13.1, 0.0, 0.0  rx=12.5 bcn=0 [on:0 tx:0 rx:0 period:2] from screen [on:0 period:-415299419] gl hn u24 rssi=-58 ag=0 hr ticks 0,0,1 ls-=0 [56,56,60,60,65] brc=0 lrc=0
09-19 15:15:12.026 E/WifiStateMachine(  865):  get link layer stats 0
09-19 15:15:12.026 W/WifiHW  (  865): QCOM Debug wifi_send_command "IFNAME=wlan0 SIGNAL_POLL"
09-19 15:15:12.026 D/wpa_supplicant(23144): wlan0: Control interface command 'SIGNAL_POLL'
09-19 15:15:12.036 I/wpa_supplicant(23144): environment dirty rate=0 [0][0][0]
09-19 15:15:12.036 D/wpa_supplicant(23144): nl80211: Drv Event 103 (NL80211_CMD_VENDOR) received for wlan0
09-19 15:15:12.036 D/wpa_supplicant(23144): nl80211: Vendor event: wiphy=4 vendor_id=0x1374 subcmd=10
09-19 15:15:12.036 D/wpa_supplicant(23144): wlan0: Event AVOID_FREQUENCIES (51) received
09-19 15:15:12.036 I/wpa_supplicant(23144): wlan0: CTRL-EVENT-AVOID-FREQ ranges=
09-19 15:15:12.036 D/wpa_supplicant(23144): wlan0: P2P: Update channel list based on frequency avoid event
09-19 15:15:12.036 D/wpa_supplicant(23144): P2P: Add operating class 81
09-19 15:15:12.036 D/wpa_supplicant(23144): P2P: Channels - hexdump(len=11): 01 02 03 04 05 06 07 08 09 0a 0b
09-19 15:15:12.036 D/wpa_supplicant(23144): P2P: Add operating class 115
09-19 15:15:12.036 D/wpa_supplicant(23144): P2P: Channels - hexdump(len=4): 24 28 2c 30
09-19 15:15:12.036 D/wpa_supplicant(23144): P2P: Add operating class 124
09-19 15:15:12.036 D/wpa_supplicant(23144): P2P: Channels - hexdump(len=4): 95 99 9d a1
09-19 15:15:12.036 D/wpa_supplicant(23144): P2P: Add operating class 116
09-19 15:15:12.036 D/wpa_supplicant(23144): P2P: Channels - hexdump(len=2): 24 2c
09-19 15:15:12.036 D/wpa_supplicant(23144): P2P: Add operating class 117
09-19 15:15:12.036 D/wpa_supplicant(23144): P2P: Channels - hexdump(len=2): 28 30
09-19 15:15:12.036 D/wpa_supplicant(23144): P2P: Add operating class 126
09-19 15:15:12.036 D/wpa_supplicant(23144): P2P: Channels - hexdump(len=2): 95 9d
09-19 15:15:12.036 D/wpa_supplicant(23144): P2P: Add operating class 127
09-19 15:15:12.036 D/wpa_supplicant(23144): P2P: Channels - hexdump(len=2): 99 a1
09-19 15:15:12.036 D/wpa_supplicant(23144): P2P: Update channel list
09-19 15:15:12.036 D/wpa_supplicant(23144): P2P: channels: 81:1,2,3,4,5,6,7,8,9,10,11 115:36,40,44,48 124:149,153,157,161 116:36,44 117:40,48 126:149,157 127:153,161
09-19 15:15:12.036 D/wpa_supplicant(23144): P2P: cli_channels:
09-19 15:15:12.046 E/WifiStateMachine(  865): fetchRssiLinkSpeedAndFrequencyNative RSSI = -57 abnormalRssiCnt = 0 newLinkSpeed = 72
09-19 15:15:12.046 D/WifiMonitor(  865): Event [IFNAME=wlan0 CTRL-EVENT-AVOID-FREQ ranges=]
09-19 15:15:12.046 E/WifiMonitor(  865): WifiMonitor:wlan0 cnt=56792 dispatchEvent: CTRL-EVENT-AVOID-FREQ ranges=
09-19 15:15:12.046 E/WifiStateMachine(  865): fetchRssiLinkSpeedAndFrequencyNative rssi=-57 linkspeed=72
09-19 15:15:12.046 E/WifiConfigStore(  865): updateConfiguration freq=2462 BSSID=00:1c:7b:f9:8b:bc RSSI=-58 "get_your_own_wifi"WPA_PSK
09-19 15:15:12.046 E/WifiMonitor(  865): handleEvent 14  CTRL-EVENT-AVOID-FREQ ranges=
09-19 15:15:12.046 E/WifiMonitor(  865): handleEvent unknown: 14  CTRL-EVENT-AVOID-FREQ ranges=
09-19 15:15:12.056 E/WifiStateMachine(  865): calculateWifiScore freq=2462 speed=72 score=60 highRSSI  -> txbadrate=0.00 txgoodrate=6.57 txretriesrate=0.00 rxrate=6.23 userTriggerdPenalty0
09-19 15:15:12.056 E/WifiStateMachine(  865):  good link -> stuck count =0
09-19 15:15:12.056 E/WifiStateMachine(  865):  badRSSI count0 lowRSSI count0 --> score 60
09-19 15:15:12.056 E/WifiStateMachine(  865):  isHighRSSI       ---> score=65
09-19 15:15:12.056 D/WifiWatchdogStateMachine(  865): RSSI current: 3 new: -57, 3
09-19 15:15:12.056 D/WIFI_ICON( 1159): updateWifiState: RSSI_CHANGED 3 -> 3
09-19 15:15:12.056 D/StatusBar.NetworkController( 1159): dumpIcon[stat_sys_data_4g_lte_connected stat_sys_5signal_4|null stat_sys_wifi_signal_connected_4 (gone) F]
09-19 15:15:12.066 E/WifiStateMachine(  865): handleMessage: X
09-19 15:15:12.156 E/WifiTrafficPoller(  865): TRAFFIC_STATS_POLL true Token 1628 num clients 17
09-19 15:15:12.156 E/WifiTrafficPoller(  865):  packet count Tx=781954 Rx=1059918
09-19 15:15:12.766 E/WifiDataStallTracker(  865): DATA_MONITOR_POLL true Token 539
09-19 15:15:12.796 D/WifiDataStallTracker(  865): updateDataStallInfo: mDataStallTxRxSum={txSum=687261 rxSum=960320} preTxRxSum={txSum=687247 rxSum=960310}
09-19 15:15:12.806 D/WifiDataStallTracker(  865): updateDataStallInfo: IN/OUT
09-19 15:15:12.806 D/WifiDataStallTracker(  865): onDataStallAlarm: Sent 0 pkts since last received, < watchdogTrigger=5
09-19 15:15:12.886 D/PMS     (  865): acquireWL(2946e8a0): PARTIAL_WAKE_LOCK  *alarm* 0x1 865 1000 WorkSource{10119}
09-19 15:15:12.896 V/AlarmManager(  865): sending alarm PendingIntent{39d1fc59: PendingIntentRecord{1f21c01e com.android.chrome broadcastIntent}}, i=null, t=1, cnt=1, w=1442693712894, Int=0
09-19 15:15:12.896 D/PMS     (  865): releaseWL(2946e8a0): PARTIAL_WAKE_LOCK  *alarm* 0x1 WorkSource{10119}
09-19 15:15:12.996 D/TabAdapter( 1674): [3kcxfq] stop PEOPLE_FAVORITES_GROUP
09-19 15:15:13.166 E/WifiTrafficPoller(  865): TRAFFIC_STATS_POLL true Token 1628 num clients 17
09-19 15:15:13.166 E/WifiTrafficPoller(  865):  packet count Tx=781954 Rx=1059918
09-19 15:15:13.246 E/MP-Decision( 2260): Update arg 2
09-19 15:15:13.286 W/ActivityManager(  865): getTasks: caller 10009 is using old GET_TASKS but privileged; allowing
09-19 15:15:13.376 D/PMS     (  865): acquireWL(3541eecc): PARTIAL_WAKE_LOCK  *alarm* 0x1 865 1000 WorkSource{10119}
09-19 15:15:13.386 V/AlarmManager(  865): sending alarm PendingIntent{19d0515: PendingIntentRecord{aa5c02a com.android.chrome broadcastIntent}}, i=null, t=1, cnt=1, w=1442693713393, Int=0
09-19 15:15:13.386 D/PMS     (  865): releaseWL(3541eecc): PARTIAL_WAKE_LOCK  *alarm* 0x1 WorkSource{10119}
09-19 15:15:13.416 V/GLSActivity( 1965): AuthDelegateWrapperCreated with selected intent: Intent { cmp=com.google.android.gms/.auth.DefaultAuthDelegateService }
09-19 15:15:13.426 W/m       (19176): [TiclService] Ticl being stopped: Client: <ApplicationClientIdP: client_type=1018 client_name=fe3c5b90-0ccf-4fa6-8bee-a86cee635052>, \n\006\n\004\010\003\020\001\022\022\tz\2413H\270|b\225\021\210K\005\377\212}B5\032\007\010\213,\020\003\030\001, <RunState: 2>
09-19 15:15:13.456 E/MP-Decision( 2260): Update arg 1
09-19 15:15:13.466 D/libc    (19176): [NET] android_getaddrinfofornet+,hn 19(0x636c69656e7473),sn(),hints(known),family 0,flags 4
09-19 15:15:13.466 D/libc    (19176): [NET] android_getaddrinfofornet-, err=8
09-19 15:15:13.476 D/libc    (19176): [NET] android_getaddrinfofornet+,hn 19(0x636c69656e7473),sn(),hints(known),family 0,flags 1024
09-19 15:15:13.476 D/libc    (19176): [NET] android_getaddrinfofornet-, pass to proxy
09-19 15:15:13.476 D/libc    (19176): [NET] android_getaddrinfo_proxy+
09-19 15:15:13.476 D/libc    (19176): [NET] android_getaddrinfo_proxy get netid:0
09-19 15:15:13.476 D/libc    (  453): [NET] android_getaddrinfofornet+,hn 19(0x636c69656e7473),sn(),hints(known),family 0,flags 1024
09-19 15:15:13.476 D/libc    (  453): [NET] _dns_getaddrinfo+, netid:213, mark:917717
09-19 15:15:13.476 D/libc    (  453): [NET] _dns_getaddrinfo-, (NS_SUCCESS)
09-19 15:15:13.476 D/libc    (  453): [NET] android_getaddrinfofornet-, SUCCESS
09-19 15:15:13.476 D/libc    (19176): [NET] android_getaddrinfo_proxy-, success
09-19 15:15:13.596 D/HtcWifiControlRoamOffload: (  865): Receive mPhoneStateListener
09-19 15:15:13.596 D/HtcWifiControlRoamOffload: (  865): Receive mPhoneStateListener, getGsmSignalStrength99
09-19 15:15:13.596 D/TelephonyCallback( 1159): SignalStrength: 4
09-19 15:15:13.596 D/SIGNAL_ICON( 1159): level=4/5
09-19 15:15:13.596 D/StatusBar.NetworkController( 1159): dumpIcon[stat_sys_data_4g_lte_connected stat_sys_5signal_4|null stat_sys_wifi_signal_connected_4 (gone) F]
09-19 15:15:13.636 D/HtcUPManager( 1159): HtcUPServiceProxy onTrimMemory() has been called. Memory Level: 60
09-19 15:15:13.636 D/HtcUPManager( 1159): HtcUPServiceProxy onTrimMemory() has been called. Memory Level: 60
09-19 15:15:13.696 D/PMS     (  865): acquireWL(88547ef): PARTIAL_WAKE_LOCK  GCM_CONN 0x1 1965 10033 WorkSource{10033 com.google.android.gms}
09-19 15:15:13.716 I/GCM     ( 1965): GCM message com.android.chrome 0:1442693713794884%0f493ae6f9fd7ecd
09-19 15:15:13.726 D/PMS     (  865): acquireWL(e84a2fc): PARTIAL_WAKE_LOCK  GOOGLE_C2DM 0x1 1965 10033 WorkSource{10033 com.google.android.gms}
09-19 15:15:13.736 D/PMS     (  865): releaseWL(88547ef): PARTIAL_WAKE_LOCK  GCM_CONN 0x1 WorkSource{10033 com.google.android.gms}
09-19 15:15:13.786 V/GCMBroadcastReceiver(19176): onReceive: com.google.android.c2dm.intent.RECEIVE
09-19 15:15:13.786 V/GCMBroadcastReceiver(19176): GCM IntentService class: com.google.ipc.invalidation.external.client.contrib.MultiplexingGcmListener
09-19 15:15:13.786 V/GCMBaseIntentService(19176): Acquiring wakelock
09-19 15:15:13.786 V/GCMBaseIntentService(19176): Intent service name: GCMIntentService-DynamicSenderIds-24
09-19 15:15:13.786 D/PMS     (  865): acquireWL(230a5d85): PARTIAL_WAKE_LOCK  GCM_LIB 0x1 19176 10119 null
09-19 15:15:13.796 D/PMS     (  865): releaseWL(e84a2fc): PARTIAL_WAKE_LOCK  GOOGLE_C2DM 0x1 WorkSource{10033 com.google.android.gms}
09-19 15:15:13.806 V/GCMBaseIntentService(19176): Releasing wakelock
09-19 15:15:13.806 D/PMS     (  865): acquireWL(2788740b): PARTIAL_WAKE_LOCK  multiplexing-gcm-listener:com.google.ipc.invalidation.ticl.android2.channel.AndroidMessageReceiverService 0x1 19176 10119 null
09-19 15:15:13.806 D/PMS     (  865): releaseWL(230a5d85): PARTIAL_WAKE_LOCK  GCM_LIB 0x1 null
09-19 15:15:13.806 D/PMS     (  865): acquireWL(25984d01): PARTIAL_WAKE_LOCK  multiplexing-gcm-listener:org.chromium.chrome.browser.services.gcm.GCMListener 0x1 19176 10119 null
09-19 15:15:13.816 D/PMS     (  865): releaseWL(2788740b): PARTIAL_WAKE_LOCK  multiplexing-gcm-listener:com.google.ipc.invalidation.ticl.android2.channel.AndroidMessageReceiverService 0x1 null
09-19 15:15:13.826 W/GCMListener(19176): Received push message with no subtype
09-19 15:15:13.826 D/PMS     (  865): releaseWL(25984d01): PARTIAL_WAKE_LOCK  multiplexing-gcm-listener:org.chromium.chrome.browser.services.gcm.GCMListener 0x1 null
09-19 15:15:13.976 E/MP-Decision( 2260): Update arg 2
09-19 15:15:14.046 I/ActivityManager(  865): START u0 {act=android.intent.action.MAIN cat=[android.intent.category.LAUNCHER] flg=0x10200000 cmp=com.android.chrome/com.google.android.apps.chrome.Main} from uid 10082 pid 1595 on display 0
09-19 15:15:14.056 E/MP-Decision( 2260): Update arg 2
09-19 15:15:14.056 E/MP-Decision( 2260): Update arg "0 190 240 240".
09-19 15:15:14.056 E/MP-Decision( 2260): Update arg "0 75 400 400".
09-19 15:15:14.056 D/PMS     (  865): acquireHCC(313e3832): CPU_MIN_NUM PrismLaunchActivity_4 0x8000 1595 10082 null
09-19 15:15:14.056 D/PMS     (  865): acquireWL(15495983): PARTIAL_WAKE_LOCK  ActivityManager-Launch 0x1 865 1000 null
09-19 15:15:14.056 D/PMS     (  865): acquireHCC(27d33700): CPU_MIN_FREQ PrismLaunchActivity_4 0x2000 1595 10082 null
09-19 15:15:14.066 I/FeedHostManager( 1595): [onPause]
09-19 15:15:14.066 I/FeedProviderManager( 1595): onPause
09-19 15:15:14.066 I/SocialFeedProvider( 1595): +onPause
09-19 15:15:14.066 I/FeedHostManager( 1595): [onLeaveFeedMode] instance: com.htc.launcher.feeds.FeedHostManager@2871e05f
09-19 15:15:14.066 I/SocialFeedProvider( 1595): -onPause
09-19 15:15:14.066 W/HtcSystemUPManager(  865): HtcSystemUPHandler The policy is disabled. AppId: activity_history, category: launch
09-19 15:15:14.096 D/ActivityManager(  865): screenshot for ActivityRecord{2dbc5594 u0 com.android.chrome/com.google.android.apps.chrome.Main t8680}, bitmap=null, time = 0
09-19 15:15:14.096 E/ActivityManager(  865): Invalid thumbnail dimensions: 540x960
09-19 15:15:14.096 D/PMS     (  865): acquireWL(15495983): PARTIAL_WAKE_LOCK  ActivityManager-Launch 0x1 865 1000 null
09-19 15:15:14.106 W/HtcSystemUPManager(  865): HtcSystemUPHandler The policy is disabled. AppId: activity_history, category: launch
09-19 15:15:14.126 D/StatusBarManagerService(  865): setSystemUiVisibility(0xc0000600)
09-19 15:15:14.126 D/StatusBarManagerService(  865): manageDisableList userId=0 what=0x0 pkg=WindowManager.LayoutParams
09-19 15:15:14.126 D/StatusBarManagerService(  865): hiding MENU key
09-19 15:15:14.146 I/PhoneStatusBar( 1159): setImeWindowStatus(false,false)
09-19 15:15:14.146 I/InputMethodManagerService(  865): Disable input method client, pid=1595
09-19 15:15:14.146 D/StatusBarManagerService(  865): swetImeWindowStatus vis=0 backDisposition=0
09-19 15:15:14.146 I/InputMethodManagerService(  865): Enable input method client, pid=19176
09-19 15:15:14.166 E/WifiTrafficPoller(  865): TRAFFIC_STATS_POLL true Token 1628 num clients 17
09-19 15:15:14.166 E/WifiTrafficPoller(  865):  packet count Tx=781966 Rx=1059929
09-19 15:15:14.166 E/WifiTrafficPoller(  865): notifying of data activity 3
09-19 15:15:14.166 D/WIFI_ICON( 1159): WifiActivity: 3
09-19 15:15:14.166 D/StatusBar.NetworkController( 1159): dumpIcon[stat_sys_data_4g_lte_connected stat_sys_5signal_4|null stat_sys_wifi_signal_inandout_4 (gone) F]
09-19 15:15:14.166 D/PMS     (  865): releaseWL(15495983): PARTIAL_WAKE_LOCK  ActivityManager-Launch 0x1 null
09-19 15:15:14.176 D/StatusBarManagerService(  865): setSystemUiVisibility(0x8600)
09-19 15:15:14.176 D/StatusBarManagerService(  865): manageDisableList userId=0 what=0x0 pkg=WindowManager.LayoutParams
09-19 15:15:14.176 D/StatusBarManagerService(  865): hiding MENU key
09-19 15:15:14.346 I/TrimMemoryManager( 1595): [trimMemory] 20
09-19 15:15:15.056 E/WifiStateMachine(  865): handleMessage: E msg.what=131155
09-19 15:15:15.056 E/WifiStateMachine(  865): processMsg: ConnectedState
09-19 15:15:15.056 E/WifiStateMachine(  865):  ConnectedState !CMD_RSSI_POLL 460 0 "get_your_own_wifi" 00:1c:7b:f9:8b:bc rssi=-57 f=2462 sc=60 link=72 tx=6.6, 0.0, 0.0  rx=6.2 bcn=0 [on:0 tx:0 rx:0 period:2998] from screen [on:0 period:-415296384] gl hn u24 rssi=-52 ag=0 hr ticks 0,0,1 ls-=0 [56,56,60,60,65] brc=0 lrc=0
09-19 15:15:15.056 E/WifiStateMachine(  865): processMsg: L2ConnectedState
09-19 15:15:15.056 E/WifiStateMachine(  865):  L2ConnectedState !CMD_RSSI_POLL 460 0 "get_your_own_wifi" 00:1c:7b:f9:8b:bc rssi=-57 f=2462 sc=60 link=72 tx=6.6, 0.0, 0.0  rx=6.2 bcn=0 [on:0 tx:0 rx:0 period:0] from screen [on:0 period:-415296384] gl hn u24 rssi=-52 ag=0 hr ticks 0,0,1 ls-=0 [56,56,60,60,65] brc=0 lrc=0
09-19 15:15:15.056 E/WifiStateMachine(  865):  get link layer stats 0
09-19 15:15:15.056 W/WifiHW  (  865): QCOM Debug wifi_send_command "IFNAME=wlan0 SIGNAL_POLL"
09-19 15:15:15.056 D/wpa_supplicant(23144): wlan0: Control interface command 'SIGNAL_POLL'
09-19 15:15:15.076 I/wpa_supplicant(23144): environment dirty rate=7 [13][1][0]
09-19 15:15:15.076 E/WifiStateMachine(  865): fetchRssiLinkSpeedAndFrequencyNative RSSI = -58 abnormalRssiCnt = 0 newLinkSpeed = 72
09-19 15:15:15.076 E/WifiStateMachine(  865): fetchRssiLinkSpeedAndFrequencyNative rssi=-58 linkspeed=72
09-19 15:15:15.076 E/WifiConfigStore(  865): updateConfiguration freq=2462 BSSID=00:1c:7b:f9:8b:bc RSSI=-57 "get_your_own_wifi"WPA_PSK
09-19 15:15:15.076 E/WifiStateMachine(  865): calculateWifiScore freq=2462 speed=72 score=60 highRSSI  -> txbadrate=0.00 txgoodrate=9.79 txretriesrate=0.00 rxrate=8.61 userTriggerdPenalty0
09-19 15:15:15.076 E/WifiStateMachine(  865):  good link -> stuck count =0
09-19 15:15:15.076 E/WifiStateMachine(  865):  badRSSI count0 lowRSSI count0 --> score 60
09-19 15:15:15.076 E/WifiStateMachine(  865):  isHighRSSI       ---> score=65
09-19 15:15:15.076 E/WifiStateMachine(  865): handleMessage: X
09-19 15:15:15.076 D/WifiWatchdogStateMachine(  865): RSSI current: 3 new: -58, 3
09-19 15:15:15.076 D/WIFI_ICON( 1159): updateWifiState: RSSI_CHANGED 3 -> 3
09-19 15:15:15.076 D/StatusBar.NetworkController( 1159): dumpIcon[stat_sys_data_4g_lte_connected stat_sys_5signal_4|null stat_sys_wifi_signal_inandout_4 (gone) F]
09-19 15:15:15.096 D/PMS     (  865): releaseHCC(313e3832): CPU_MIN_NUM PrismLaunchActivity_4 0x8000 null
09-19 15:15:15.106 E/MP-Decision( 2260): Update arg 2
09-19 15:15:15.106 D/PMS     (  865): releaseHCC(27d33700): CPU_MIN_FREQ PrismLaunchActivity_4 0x2000 null
09-19 15:15:15.166 E/WifiTrafficPoller(  865): TRAFFIC_STATS_POLL true Token 1628 num clients 17
09-19 15:15:15.166 E/WifiTrafficPoller(  865):  packet count Tx=781967 Rx=1059929
09-19 15:15:15.166 E/WifiTrafficPoller(  865): notifying of data activity 2
09-19 15:15:15.166 D/WIFI_ICON( 1159): WifiActivity: 2
09-19 15:15:15.176 D/StatusBar.NetworkController( 1159): dumpIcon[stat_sys_data_4g_lte_connected stat_sys_5signal_4|null stat_sys_wifi_signal_out_4 (gone) F]
09-19 15:15:16.056 E/MP-Decision( 2260): Update arg 1
09-19 15:15:16.166 E/WifiTrafficPoller(  865): TRAFFIC_STATS_POLL true Token 1628 num clients 17
09-19 15:15:16.176 E/WifiTrafficPoller(  865):  packet count Tx=781967 Rx=1059929
09-19 15:15:16.176 E/WifiTrafficPoller(  865): notifying of data activity 0
09-19 15:15:16.176 D/WIFI_ICON( 1159): WifiActivity: 0
09-19 15:15:16.176 D/StatusBar.NetworkController( 1159): dumpIcon[stat_sys_data_4g_lte_connected stat_sys_5signal_4|null stat_sys_wifi_signal_connected_4 (gone) F]
09-19 15:15:16.266 D/PMS     (  865): acquireWL(186a4bc4): PARTIAL_WAKE_LOCK  *alarm* 0x1 865 1000 WorkSource{10119}
09-19 15:15:16.276 V/AlarmManager(  865): sending alarm PendingIntent{31111e2: PendingIntentRecord{3883a973 com.android.chrome broadcastIntent}}, i=null, t=1, cnt=1, w=1442693716274, Int=0
09-19 15:15:16.276 D/PMS     (  865): releaseWL(186a4bc4): PARTIAL_WAKE_LOCK  *alarm* 0x1 WorkSource{10119}
09-19 15:15:16.756 E/MP-Decision( 2260): Update arg 2
09-19 15:15:16.846 D/PMS     (  865): acquireWL(2fa26030): PARTIAL_WAKE_LOCK  *alarm* 0x1 865 1000 WorkSource{10119}
09-19 15:15:16.846 V/AlarmManager(  865): sending alarm PendingIntent{9b26a2e: PendingIntentRecord{ae569cf com.android.chrome broadcastIntent}}, i=null, t=1, cnt=1, w=1442693716854, Int=0
09-19 15:15:16.846 D/PMS     (  865): releaseWL(2fa26030): PARTIAL_WAKE_LOCK  *alarm* 0x1 WorkSource{10119}
09-19 15:15:16.866 I/PhoneStatusBar( 1159): recentClickListener.click!
09-19 15:15:16.886 V/GLSActivity( 1965): AuthDelegateWrapperCreated with selected intent: Intent { cmp=com.google.android.gms/.auth.DefaultAuthDelegateService }
09-19 15:15:16.916 D/PMS     (  865): acquireHCC(61e191d): CPU_MIN_FREQ SystemUIScroll_4.0 0x2000 1159 10051 null
09-19 15:15:16.916 D/PMS     (  865): acquireHCC(fe5b792): CPU_MIN_NUM SystemUIScroll_4.0 0x8000 1159 10051 null
09-19 15:15:16.926 E/MP-Decision( 2260): Update arg 2
09-19 15:15:16.936 D/StatusBarManagerService(  865): swetImeWindowStatus vis=0 backDisposition=0
09-19 15:15:16.946 I/IntentController( 1159): receive(android.intent.action.CLOSE_SYSTEM_DIALOGS,1,false)
09-19 15:15:16.956 E/MP-Decision( 2260): Update arg 2
09-19 15:15:16.956 E/MP-Decision( 2260): Update arg 2
09-19 15:15:16.956 I/ActivityManager(  865): START u0 {act=com.android.systemui.recents.SHOW_RECENTS flg=0x10804000 cmp=com.android.systemui/.recents.RecentsActivity (has extras)} from uid 10051 pid 1159 on display 0
09-19 15:15:16.966 D/PMS     (  865): acquireWL(39882a19): PARTIAL_WAKE_LOCK  ActivityManager-Launch 0x1 865 1000 null
09-19 15:15:16.986 I/PhoneStatusBar( 1159): setImeWindowStatus(false,false)
09-19 15:15:17.026 D/libc    (19176): [NET] android_getaddrinfofornet+,hn 19(0x636c69656e7473),sn(),hints(known),family 0,flags 4
09-19 15:15:17.026 D/libc    (19176): [NET] android_getaddrinfofornet-, err=8
09-19 15:15:17.026 D/libc    (19176): [NET] android_getaddrinfofornet+,hn 19(0x636c69656e7473),sn(),hints(known),family 0,flags 1024
09-19 15:15:17.026 D/libc    (19176): [NET] android_getaddrinfofornet-, pass to proxy
09-19 15:15:17.026 D/libc    (19176): [NET] android_getaddrinfo_proxy+
09-19 15:15:17.026 D/libc    (19176): [NET] android_getaddrinfo_proxy get netid:0
09-19 15:15:17.026 D/libc    (  453): [NET] android_getaddrinfofornet+,hn 19(0x636c69656e7473),sn(),hints(known),family 0,flags 1024
09-19 15:15:17.026 D/libc    (  453): [NET] _dns_getaddrinfo+, netid:213, mark:917717
09-19 15:15:17.026 D/libc    (  453): [NET] _dns_getaddrinfo-, (NS_SUCCESS)
09-19 15:15:17.026 D/libc    (  453): [NET] android_getaddrinfofornet-, SUCCESS
09-19 15:15:17.026 D/libc    (19176): [NET] android_getaddrinfo_proxy-, success
09-19 15:15:17.036 W/m       (19176): [TiclService] Ticl being stopped: Client: <ApplicationClientIdP: client_type=1018 client_name=fe3c5b90-0ccf-4fa6-8bee-a86cee635052>, \n\006\n\004\010\003\020\001\022\022\tz\2413H\270|b\225\021\210K\005\377\212}B5\032\007\010\213,\020\003\030\001, <RunState: 2>
09-19 15:15:17.046 D/RecentsActivity( 1159): appWidgetId = 12
09-19 15:15:17.056 I/RemoteViews( 1159): apply : com.google.android.googlequicksearchbox 0 9 0 0
09-19 15:15:17.096 D/ActivityManager(  865): getTaskThumbnailLocked mainThumbnail is null, TaskRecord{21e60ee5 #8672 A=com.intsig.camscanner U=0 sz=0}
09-19 15:15:17.096 D/StatusBarManagerService(  865): setSystemUiVisibility(0x8700)
09-19 15:15:17.096 D/StatusBarManagerService(  865): manageDisableList userId=0 what=0x0 pkg=WindowManager.LayoutParams
09-19 15:15:17.096 D/StatusBarManagerService(  865): hiding MENU key
09-19 15:15:17.116 I/ThreadedRenderer( 1159): Defer allocateBuffers to drawing time
09-19 15:15:17.136 I/RemoteViews( 1159): apply : com.google.android.googlequicksearchbox 0 3 1 0
09-19 15:15:17.176 E/WifiTrafficPoller(  865): TRAFFIC_STATS_POLL true Token 1628 num clients 17
09-19 15:15:17.176 E/WifiTrafficPoller(  865):  packet count Tx=781975 Rx=1059937
09-19 15:15:17.176 E/WifiTrafficPoller(  865): notifying of data activity 3
09-19 15:15:17.196 I/ActivityManager(  865): Displayed com.android.systemui/.recents.RecentsActivity: +223ms
09-19 15:15:17.196 I/InputMethodManagerService(  865): Disable input method client, pid=19176
09-19 15:15:17.196 D/StatusBarManagerService(  865): swetImeWindowStatus vis=0 backDisposition=0
09-19 15:15:17.196 I/InputMethodManagerService(  865): Enable input method client, pid=1159
09-19 15:15:17.216 D/WIFI_ICON( 1159): WifiActivity: 3
09-19 15:15:17.216 D/PMS     (  865): acquireWL(363bfbaf): PARTIAL_WAKE_LOCK  GCM_CONN 0x1 1965 10033 WorkSource{10033 com.google.android.gms}
09-19 15:15:17.226 I/PhoneStatusBar( 1159): setImeWindowStatus(false,false)
09-19 15:15:17.226 D/AlternateRecentsComponent( 1159): animationStart retry count = 0
09-19 15:15:17.226 I/AlternateRecentsComponent( 1159): fallbackReceive:ok
09-19 15:15:17.226 D/StatusBar.NetworkController( 1159): dumpIcon[stat_sys_data_4g_lte_connected stat_sys_5signal_4|null stat_sys_wifi_signal_inandout_4 (gone) F]
09-19 15:15:17.226 D/PMS     (  865): releaseWL(39882a19): PARTIAL_WAKE_LOCK  ActivityManager-Launch 0x1 null
09-19 15:15:17.236 I/GCM     ( 1965): GCM message com.android.chrome 0:1442693717303962%0f493ae6f9fd7ecd
09-19 15:15:17.236 D/PMS     (  865): acquireWL(3693abbc): PARTIAL_WAKE_LOCK  GOOGLE_C2DM 0x1 1965 10033 WorkSource{10033 com.google.android.gms}
09-19 15:15:17.246 V/GCMBroadcastReceiver(19176): onReceive: com.google.android.c2dm.intent.RECEIVE
09-19 15:15:17.246 V/GCMBroadcastReceiver(19176): GCM IntentService class: com.google.ipc.invalidation.external.client.contrib.MultiplexingGcmListener
09-19 15:15:17.246 V/GCMBaseIntentService(19176): Acquiring wakelock
09-19 15:15:17.246 V/GCMBaseIntentService(19176): Intent service name: GCMIntentService-DynamicSenderIds-25
09-19 15:15:17.246 V/GCMBaseIntentService(19176): Releasing wakelock
09-19 15:15:17.246 D/PMS     (  865): releaseWL(363bfbaf): PARTIAL_WAKE_LOCK  GCM_CONN 0x1 WorkSource{10033 com.google.android.gms}
09-19 15:15:17.246 D/PMS     (  865): acquireWL(a9b9745): PARTIAL_WAKE_LOCK  GCM_LIB 0x1 19176 10119 null
09-19 15:15:17.246 D/PMS     (  865): releaseWL(3693abbc): PARTIAL_WAKE_LOCK  GOOGLE_C2DM 0x1 WorkSource{10033 com.google.android.gms}
09-19 15:15:17.246 D/PMS     (  865): releaseWL(a9b9745): PARTIAL_WAKE_LOCK  GCM_LIB 0x1 null
09-19 15:15:17.256 D/PMS     (  865): acquireWL(a56a3cb): PARTIAL_WAKE_LOCK  multiplexing-gcm-listener:com.google.ipc.invalidation.ticl.android2.channel.AndroidMessageReceiverService 0x1 19176 10119 null
09-19 15:15:17.256 D/PMS     (  865): acquireWL(10ae0a66): PARTIAL_WAKE_LOCK  multiplexing-gcm-listener:org.chromium.chrome.browser.services.gcm.GCMListener 0x1 19176 10119 null
09-19 15:15:17.256 D/PMS     (  865): releaseWL(a56a3cb): PARTIAL_WAKE_LOCK  multiplexing-gcm-listener:com.google.ipc.invalidation.ticl.android2.channel.AndroidMessageReceiverService 0x1 null
09-19 15:15:17.266 W/GCMListener(19176): Received push message with no subtype
09-19 15:15:17.266 D/PMS     (  865): releaseWL(10ae0a66): PARTIAL_WAKE_LOCK  multiplexing-gcm-listener:org.chromium.chrome.browser.services.gcm.GCMListener 0x1 null
09-19 15:15:17.406 E/MP-Decision( 2260): Update arg 2
09-19 15:15:17.406 D/PMS     (  865): releaseHCC(61e191d): CPU_MIN_FREQ SystemUIScroll_4.0 0x2000 null
09-19 15:15:17.406 D/PMS     (  865): releaseHCC(fe5b792): CPU_MIN_NUM SystemUIScroll_4.0 0x8000 null
09-19 15:15:17.406 D/PMS     (  865): acquireWL(3e0bb654): PARTIAL_WAKE_LOCK  BatteryServiceUpdateStats_3 0x1 865 1000 null
09-19 15:15:17.416 D/DotMatrix( 1367): [EventService] reorderCurrEventType, mCurrentEventType = 30, version:1.3
09-19 15:15:17.416 D/DotMatrix( 1367): [EventService] checkEventUpdateCondition, bCheckCondition:true, mCoverOn:false
09-19 15:15:17.416 I/IntentController( 1159): receive(android.intent.action.BATTERY_CHANGED,1,false)
09-19 15:15:17.416 D/UsbnetService(  865): BroadcastReceiver::onReceive+
09-19 15:15:17.416 D/UsbnetService(  865): onReceive BATTERY_CHANGED
09-19 15:15:17.416 D/UsbnetService(  865):  --> pluggedType = 2, mPluggedType = 0, mScreenOff = false
09-19 15:15:17.416 D/UsbnetService(  865): BroadcastReceiver::onReceive-
09-19 15:15:17.416 D/BatteryManager(29644): ***Receiving Battery Change 88.0% ***
09-19 15:15:17.416 D/WifiController(  865): handleMessage: E msg.what=155652
09-19 15:15:17.416 D/WifiController(  865): processMsg: DeviceActiveState
09-19 15:15:17.416 D/WifiController(  865): processMsg: StaEnabledState
09-19 15:15:17.416 D/WifiController(  865): processMsg: DefaultState
09-19 15:15:17.416 D/WifiController(  865): handleMessage: X
09-19 15:15:17.416 W/ctxmgr  ( 2179): [PowerConnectionState]Got same value as before for power connection (Plug state: 2 BatteryLevel: 0.88)
09-19 15:15:17.416 I/BatteryService(  865): n_update end
09-19 15:15:17.416 D/PMS     (  865): releaseWL(3e0bb654): PARTIAL_WAKE_LOCK  BatteryServiceUpdateStats_3 0x1 null
09-19 15:15:17.416 D/HtcPowerSaver(  865): updateBatteryInfo
09-19 15:15:17.416 D/PowerUI ( 1159): closing low battery warning: level=88
09-19 15:15:17.416 D/PowerUI ( 1159): plugged = true, health = 2, mBatteryLevel = 88, mPluggedBatteryLevel = 88, mLowBatteryWarningLevel2 = 25, mshowLowChargingWarning2 = true
09-19 15:15:17.416 D/NotificationService(  865): plugged=true pluggin=true
09-19 15:15:17.416 D/PMS     (  865): runPSCheck
09-19 15:15:17.416 D/HtcPowerSaver(  865): Checking...
09-19 15:15:17.416 I/HtcPowerSaver(  865): >> updateStatus
09-19 15:15:17.416 D/WifiController(  865): battery changed pluggedType: 2
09-19 15:15:17.416 I/HtcPowerSaver(  865): updateStatus (8000,88,-1,false,false,false,-1)
09-19 15:15:17.416 I/HtcPowerSaver(  865): << updateStatus
09-19 15:15:17.426 W/Settings(29493): Setting stay_on_while_plugged_in has moved from android.provider.Settings.System to android.provider.Settings.Global, returning read-only value.
09-19 15:15:17.426 W/Settings(29493): Setting airplane_mode_on has moved from android.provider.Settings.System to android.provider.Settings.Global, returning read-only value.
09-19 15:15:17.436 W/Settings(29493): Setting airplane_mode_on has moved from android.provider.Settings.System to android.provider.Settings.Global, returning read-only value.
09-19 15:15:17.436 I/RemoteViews( 1595): reapply : com.dianxinos.dxbs 0 9
09-19 15:15:17.446 D/DotMatrix( 1367): [NotificationService] onNotificationPosted, pkgName: com.dianxinos.dxbs, id: 2, tag: null, isClearable: false
09-19 15:15:17.466 I/BatteryController( 1159): status:2 level:88 unsupport:false plugged:true
09-19 15:15:17.606 I/art     (  865): Explicit concurrent mark sweep GC freed 52212(3MB) AllocSpace objects, 25(9MB) LOS objects, 32% free, 32MB/48MB, paused 2.295ms total 162.322ms
09-19 15:15:17.606 I/RemoteViews( 1159): reapply : com.dianxinos.dxbs 0 10
09-19 15:15:17.766 E/WifiDataStallTracker(  865): DATA_MONITOR_POLL true Token 539
09-19 15:15:17.766 D/WifiDataStallTracker(  865): updateDataStallInfo: mDataStallTxRxSum={txSum=687283 rxSum=960340} preTxRxSum={txSum=687261 rxSum=960320}
09-19 15:15:17.766 D/WifiDataStallTracker(  865): updateDataStallInfo: IN/OUT
09-19 15:15:17.766 D/WifiDataStallTracker(  865): onDataStallAlarm: Sent 0 pkts since last received, < watchdogTrigger=5
09-19 15:15:18.076 D/HtcWifiControlRoamOffload: (  865): Receive mPhoneStateListener
09-19 15:15:18.076 D/HtcWifiControlRoamOffload: (  865): Receive mPhoneStateListener, getGsmSignalStrength99
09-19 15:15:18.076 E/WifiStateMachine(  865): handleMessage: E msg.what=131155
09-19 15:15:18.076 E/WifiStateMachine(  865): processMsg: ConnectedState
09-19 15:15:18.076 E/WifiStateMachine(  865):  ConnectedState !CMD_RSSI_POLL 460 0 "get_your_own_wifi" 00:1c:7b:f9:8b:bc rssi=-58 f=2462 sc=60 link=72 tx=9.8, 0.0, 0.0  rx=8.6 bcn=0 [on:0 tx:0 rx:0 period:3003] from screen [on:0 period:-415293363] gl hn u24 rssi=-53 ag=0 hr ticks 0,0,1 ls-=0 [56,56,60,60,65] brc=0 lrc=0
09-19 15:15:18.076 E/WifiStateMachine(  865): processMsg: L2ConnectedState
09-19 15:15:18.076 D/TelephonyCallback( 1159): SignalStrength: 4
09-19 15:15:18.076 D/SIGNAL_ICON( 1159): level=4/5
09-19 15:15:18.076 D/StatusBar.NetworkController( 1159): dumpIcon[stat_sys_data_4g_lte_connected stat_sys_5signal_4|null stat_sys_wifi_signal_inandout_4 (gone) F]
09-19 15:15:18.086 E/WifiStateMachine(  865):  L2ConnectedState !CMD_RSSI_POLL 460 0 "get_your_own_wifi" 00:1c:7b:f9:8b:bc rssi=-58 f=2462 sc=60 link=72 tx=9.8, 0.0, 0.0  rx=8.6 bcn=0 [on:0 tx:0 rx:0 period:2] from screen [on:0 period:-415293361] gl hn u24 rssi=-53 ag=0 hr ticks 0,0,1 ls-=0 [56,56,60,60,65] brc=0 lrc=0
09-19 15:15:18.086 E/WifiStateMachine(  865):  get link layer stats 0
09-19 15:15:18.086 W/WifiHW  (  865): QCOM Debug wifi_send_command "IFNAME=wlan0 SIGNAL_POLL"
09-19 15:15:18.086 D/wpa_supplicant(23144): wlan0: Control interface command 'SIGNAL_POLL'
09-19 15:15:18.096 I/wpa_supplicant(23144): environment dirty rate=0 [9][0][0]
09-19 15:15:18.096 E/WifiStateMachine(  865): fetchRssiLinkSpeedAndFrequencyNative RSSI = -58 abnormalRssiCnt = 0 newLinkSpeed = 72
09-19 15:15:18.096 E/WifiStateMachine(  865): fetchRssiLinkSpeedAndFrequencyNative rssi=-58 linkspeed=72
09-19 15:15:18.096 E/WifiConfigStore(  865): updateConfiguration freq=2462 BSSID=00:1c:7b:f9:8b:bc RSSI=-57 "get_your_own_wifi"WPA_PSK
09-19 15:15:18.096 E/WifiStateMachine(  865): calculateWifiScore freq=2462 speed=72 score=60 highRSSI  -> txbadrate=0.00 txgoodrate=9.39 txretriesrate=0.00 rxrate=8.81 userTriggerdPenalty0
09-19 15:15:18.096 E/WifiStateMachine(  865):  good link -> stuck count =0
09-19 15:15:18.096 E/WifiStateMachine(  865):  badRSSI count0 lowRSSI count0 --> score 60
09-19 15:15:18.096 E/WifiStateMachine(  865):  isHighRSSI       ---> score=65
09-19 15:15:18.096 D/WifiWatchdogStateMachine(  865): RSSI current: 3 new: -58, 3
09-19 15:15:18.096 E/WifiStateMachine(  865): handleMessage: X
09-19 15:15:18.096 D/WIFI_ICON( 1159): updateWifiState: RSSI_CHANGED 3 -> 3
09-19 15:15:18.096 D/StatusBar.NetworkController( 1159): dumpIcon[stat_sys_data_4g_lte_connected stat_sys_5signal_4|null stat_sys_wifi_signal_inandout_4 (gone) F]
09-19 15:15:18.176 E/WifiTrafficPoller(  865): TRAFFIC_STATS_POLL true Token 1628 num clients 17
09-19 15:15:18.176 E/WifiTrafficPoller(  865):  packet count Tx=781976 Rx=1059938
09-19 15:15:18.316 W/ActivityManager(  865): getTasks: caller 10009 is using old GET_TASKS but privileged; allowing
09-19 15:15:18.736 D/RecentsActivity( 1159): launch task  id = 8677
09-19 15:15:18.746 D/PMS     (  865): acquireWL(158269fd): PARTIAL_WAKE_LOCK  ActivityManager-Launch 0x1 865 1000 null
09-19 15:15:18.756 I/RecentsOption( 1159): dimiss the menu presenter window
09-19 15:15:18.756 W/HtcSystemUPManager(  865): HtcSystemUPHandler The policy is disabled. AppId: activity_history, category: launch
09-19 15:15:18.776 D/Lifecycle_dpatel96(26488): 11: onRestart() called:
09-19 15:15:18.776 D/Lifecycle_dpatel96(26488): 12: onStart() called:
09-19 15:15:18.776 D/Lifecycle_dpatel96(26488): 13: onResume() called:
09-19 15:15:18.786 D/StatusBarManagerService(  865): setSystemUiVisibility(0x8600)
09-19 15:15:18.786 D/StatusBarManagerService(  865): manageDisableList userId=0 what=0x0 pkg=WindowManager.LayoutParams
09-19 15:15:18.786 D/StatusBarManagerService(  865): hiding MENU key
09-19 15:15:18.816 I/PhoneStatusBar( 1159): setImeWindowStatus(false,false)
09-19 15:15:18.816 I/InputMethodManagerService(  865): Disable input method client, pid=1159
09-19 15:15:18.816 D/StatusBarManagerService(  865): swetImeWindowStatus vis=0 backDisposition=0
09-19 15:15:18.816 I/InputMethodManagerService(  865): Enable input method client, pid=26488
09-19 15:15:18.826 D/PMS     (  865): releaseWL(158269fd): PARTIAL_WAKE_LOCK  ActivityManager-Launch 0x1 null
09-19 15:15:18.956 E/MP-Decision( 2260): Update arg 1
09-19 15:15:19.176 E/WifiTrafficPoller(  865): TRAFFIC_STATS_POLL true Token 1628 num clients 17
09-19 15:15:19.176 E/WifiTrafficPoller(  865):  packet count Tx=781976 Rx=1059938
09-19 15:15:19.176 E/WifiTrafficPoller(  865): notifying of data activity 0
09-19 15:15:19.176 D/WIFI_ICON( 1159): WifiActivity: 0
09-19 15:15:19.186 D/StatusBar.NetworkController( 1159): dumpIcon[stat_sys_data_4g_lte_connected stat_sys_5signal_4|null stat_sys_wifi_signal_connected_4 (gone) F]
09-19 15:15:19.216 D/HtcUPManager( 1159): HtcUPServiceProxy onTrimMemory() has been called. Memory Level: 20
09-19 15:15:19.216 D/HtcUPManager( 1159): HtcUPServiceProxy onTrimMemory() has been called. Memory Level: 20
09-19 15:15:19.226 I/RecentsOption( 1159): dimiss the menu presenter window
09-19 15:15:20.186 E/WifiTrafficPoller(  865): TRAFFIC_STATS_POLL true Token 1628 num clients 17
09-19 15:15:20.186 E/WifiTrafficPoller(  865):  packet count Tx=781976 Rx=1059938
09-19 15:15:20.486 D/PMS     (  865): acquireWL(1b8066f2): PARTIAL_WAKE_LOCK  *alarm* 0x1 865 1000 WorkSource{1000}
09-19 15:15:20.486 D/WifiDisplayAdapter(  865): getWifiDisplayStatusLocked: result=WifiDisplayStatus{featureState=3, scanState=0, activeDisplayState=0, activeDisplay=null, displays=[], sessionInfo=WifiDisplaySessionInfo:
09-19 15:15:20.486 D/WifiDisplayAdapter(  865):     Client/Owner: Client
09-19 15:15:20.486 D/WifiDisplayAdapter(  865):     GroupId: 
09-19 15:15:20.486 D/WifiDisplayAdapter(  865):     Passphrase: 
09-19 15:15:20.486 D/WifiDisplayAdapter(  865):     SessionId: 0
09-19 15:15:20.486 D/WifiDisplayAdapter(  865):     IP Address: }
09-19 15:15:20.496 E/WifiStateMachine(  865): WiFiStateMachine SCAN ALARM
09-19 15:15:20.496 E/WifiStateMachine(  865): handleMessage: E msg.what=131143
09-19 15:15:20.496 E/WifiStateMachine(  865): processMsg: ConnectedState
09-19 15:15:20.496 E/WifiStateMachine(  865):  ConnectedState !CMD_START_SCAN -2 -2 ic=1807 proc(ms):2 dur:46 rssi=-58 f=2462 sc=60 link=72 tx=9.4, 0.0, 0.0  rx=8.8 list=2462 [on:0 tx:0 rx:0 period:2392] from screen [on:0 period:-415290950]
09-19 15:15:20.496 E/WifiStateMachine(  865): processMsg: L2ConnectedState
