09-19 15:14:58.016 I/PhoneStatusBar( 1159): setImeWindowStatus(false,false)
09-19 15:14:58.016 I/InputMethodManagerService(  865): Disable input method client, pid=19176
09-19 15:14:58.016 D/StatusBarManagerService(  865): swetImeWindowStatus vis=0 backDisposition=0
09-19 15:14:58.016 I/InputMethodManagerService(  865): Enable input method client, pid=1595
09-19 15:14:58.046 D/PMS     (  865): releaseWL(396ccf76): PARTIAL_WAKE_LOCK  ActivityManager-Launch 0x1 null
09-19 15:14:58.046 D/PMS     (  865): acquireWL(12e89a5a): PARTIAL_WAKE_LOCK  GCM_CONN 0x1 1965 10033 WorkSource{10033 com.google.android.gms}
09-19 15:14:58.056 D/StatusBarManagerService(  865): setSystemUiVisibility(0xc0000700)
09-19 15:14:58.056 D/StatusBarManagerService(  865): manageDisableList userId=0 what=0x0 pkg=WindowManager.LayoutParams
09-19 15:14:58.056 D/StatusBarManagerService(  865): hiding MENU key
09-19 15:14:58.106 E/WifiTrafficPoller(  865): TRAFFIC_STATS_POLL true Token 1628 num clients 17
09-19 15:14:58.106 E/WifiTrafficPoller(  865):  packet count Tx=781926 Rx=1059887
09-19 15:14:58.106 E/WifiTrafficPoller(  865): notifying of data activity 3
09-19 15:14:58.116 I/GCM     ( 1965): GCM message com.google.android.gsf.gtalkservice 
09-19 15:14:58.116 D/WIFI_ICON( 1159): WifiActivity: 3
09-19 15:14:58.116 D/StatusBar.NetworkController( 1159): dumpIcon[stat_sys_data_4g_lte_connected stat_sys_5signal_3|null stat_sys_wifi_signal_inandout_4 (gone) F]
09-19 15:14:58.126 D/PMS     (  865): releaseWL(12e89a5a): PARTIAL_WAKE_LOCK  GCM_CONN 0x1 WorkSource{10033 com.google.android.gms}
09-19 15:14:58.126 D/PMS     (  865): acquireWL(6860226): PARTIAL_WAKE_LOCK  GCM_CONN 0x1 1965 10033 WorkSource{10033 com.google.android.gms}
09-19 15:14:58.146 I/GCM     ( 1965): GCM message com.android.chrome 0:1442693698139813%0f493ae6f9fd7ecd
09-19 15:14:58.156 V/GCMBroadcastReceiver(19176): onReceive: com.google.android.c2dm.intent.RECEIVE
09-19 15:14:58.156 V/GCMBroadcastReceiver(19176): GCM IntentService class: com.google.ipc.invalidation.external.client.contrib.MultiplexingGcmListener
09-19 15:14:58.156 V/GCMBaseIntentService(19176): Acquiring wakelock
09-19 15:14:58.156 D/PMS     (  865): acquireWL(2b1aae67): PARTIAL_WAKE_LOCK  GOOGLE_C2DM 0x1 1965 10033 WorkSource{10033 com.google.android.gms}
09-19 15:14:58.156 D/PMS     (  865): releaseWL(6860226): PARTIAL_WAKE_LOCK  GCM_CONN 0x1 WorkSource{10033 com.google.android.gms}
09-19 15:14:58.166 V/GCMBaseIntentService(19176): Intent service name: GCMIntentService-DynamicSenderIds-22
09-19 15:14:58.166 V/GCMBaseIntentService(19176): Releasing wakelock
09-19 15:14:58.166 D/PMS     (  865): acquireWL(629d414): PARTIAL_WAKE_LOCK  GCM_LIB 0x1 19176 10119 null
09-19 15:14:58.166 W/ActivityManager(  865): getTasks: caller 10009 is using old GET_TASKS but privileged; allowing
09-19 15:14:58.166 D/PMS     (  865): releaseWL(2b1aae67): PARTIAL_WAKE_LOCK  GOOGLE_C2DM 0x1 WorkSource{10033 com.google.android.gms}
09-19 15:14:58.176 D/PMS     (  865): releaseWL(629d414): PARTIAL_WAKE_LOCK  GCM_LIB 0x1 null
09-19 15:14:58.176 D/PMS     (  865): acquireWL(21401ab2): PARTIAL_WAKE_LOCK  multiplexing-gcm-listener:com.google.ipc.invalidation.ticl.android2.channel.AndroidMessageReceiverService 0x1 19176 10119 null
09-19 15:14:58.186 D/PMS     (  865): acquireWL(fda1d80): PARTIAL_WAKE_LOCK  multiplexing-gcm-listener:org.chromium.chrome.browser.services.gcm.GCMListener 0x1 19176 10119 null
09-19 15:14:58.196 D/PMS     (  865): releaseWL(21401ab2): PARTIAL_WAKE_LOCK  multiplexing-gcm-listener:com.google.ipc.invalidation.ticl.android2.channel.AndroidMessageReceiverService 0x1 null
09-19 15:14:58.206 W/GCMListener(19176): Received push message with no subtype
09-19 15:14:58.206 D/PMS     (  865): releaseWL(fda1d80): PARTIAL_WAKE_LOCK  multiplexing-gcm-listener:org.chromium.chrome.browser.services.gcm.GCMListener 0x1 null
09-19 15:14:58.236 D/InvalidationClientService(19176): Registration status for Oid: <1004, AUTOFILL_WALLET>: REGISTERED
09-19 15:14:58.246 D/InvalidationClientService(19176): Registration status for Oid: <1004, MANAGED_USER_WHITELIST>: REGISTERED
09-19 15:14:58.256 D/InvalidationClientService(19176): Registration status for Oid: <1004, DEVICE_INFO>: REGISTERED
09-19 15:14:58.266 D/InvalidationClientService(19176): Registration status for Oid: <1004, TYPED_URL>: REGISTERED
09-19 15:14:58.276 D/InvalidationClientService(19176): Registration status for Oid: <1004, BOOKMARK>: REGISTERED
09-19 15:14:58.286 W/m       (19176): [TiclService] Ticl being stopped: Client: <ApplicationClientIdP: client_type=1018 client_name=fe3c5b90-0ccf-4fa6-8bee-a86cee635052>, \n\006\n\004\010\003\020\001\022\022\tz\2413H\270|b\225\021\210K\005\377\212}B5\032\007\010\213,\020\003\030\001, <RunState: 2>
09-19 15:14:58.286 D/InvalidationClientService(19176): Registration status for Oid: <1004, SESSION>: REGISTERED
09-19 15:14:58.296 D/InvalidationClientService(19176): Registration status for Oid: <1004, EXPERIMENTS>: REGISTERED
09-19 15:14:58.306 D/InvalidationClientService(19176): Registration status for Oid: <1004, PASSWORD>: REGISTERED
09-19 15:14:58.306 D/InvalidationClientService(19176): Registration status for Oid: <1004, HISTORY_DELETE_DIRECTIVE>: REGISTERED
09-19 15:14:58.316 D/InvalidationClientService(19176): Registration status for Oid: <1004, FAVICON_IMAGE>: REGISTERED
09-19 15:14:58.326 D/InvalidationClientService(19176): Registration status for Oid: <1004, FAVICON_TRACKING>: REGISTERED
09-19 15:14:58.326 D/HtcWifiControlRoamOffload: (  865): Receive mPhoneStateListener
09-19 15:14:58.326 D/HtcWifiControlRoamOffload: (  865): Receive mPhoneStateListener, getGsmSignalStrength99
09-19 15:14:58.326 D/TelephonyCallback( 1159): SignalStrength: 3
09-19 15:14:58.336 D/InvalidationClientService(19176): Registration status for Oid: <1004, MANAGED_USER_SETTING>: REGISTERED
09-19 15:14:58.336 D/InvalidationClientService(19176): Registration status for Oid: <1004, NIGORI>: REGISTERED
09-19 15:14:58.336 D/SIGNAL_ICON( 1159): level=3/5
09-19 15:14:58.336 D/StatusBar.NetworkController( 1159): dumpIcon[stat_sys_data_4g_lte_connected stat_sys_5signal_3|null stat_sys_wifi_signal_inandout_4 (gone) F]
09-19 15:14:58.346 D/InvalidationClientService(19176): Registration status for Oid: <1004, AUTOFILL_PROFILE>: REGISTERED
09-19 15:14:58.356 D/InvalidationClientService(19176): Registration status for Oid: <1004, AUTOFILL>: REGISTERED
09-19 15:14:58.356 D/InvalidationClientService(19176): Registration status for Oid: <1004, PRIORITY_PREFERENCE>: REGISTERED
09-19 15:14:58.536 W/OpenGLRenderer( 1595): Incorrectly called buildLayer on View: ShortcutAndWidgetContainer, destroying layer...
09-19 15:14:58.836 I/Launcher( 1595): updateWallpaperVisibility: false
09-19 15:14:58.906 E/MP-Decision( 2260): Update arg 1
09-19 15:14:59.106 E/WifiTrafficPoller(  865): TRAFFIC_STATS_POLL true Token 1628 num clients 17
09-19 15:14:59.106 E/WifiTrafficPoller(  865):  packet count Tx=781928 Rx=1059894
09-19 15:14:59.356 E/MP-Decision( 2260): Update arg 2
09-19 15:14:59.396 W/ProcessCpuTracker(  865): Skipping unknown process pid 30019
09-19 15:14:59.396 W/ProcessCpuTracker(  865): Skipping unknown process pid 30021
09-19 15:14:59.426 E/MP-Decision( 2260): Update arg 2
09-19 15:14:59.426 E/MP-Decision( 2260): Update arg 2
09-19 15:14:59.426 D/PMS     (  865): acquireHCC(98391ac): CPU_MIN_NUM PrismLaunchActivity_4 0x8000 1595 10082 null
09-19 15:14:59.426 I/ActivityManager(  865): START u0 {act=android.intent.action.MAIN cat=[android.intent.category.LAUNCHER] flg=0x10200000 cmp=dpatel96_a2.cs442.com.activitylifecycle/.MainActivity} from uid 10082 pid 1595 on display 0
09-19 15:14:59.426 D/PMS     (  865): acquireHCC(3a6f9e75): CPU_MIN_FREQ PrismLaunchActivity_4 0x2000 1595 10082 null
09-19 15:14:59.436 E/MP-Decision( 2260): Update arg "0 190 240 240".
09-19 15:14:59.436 E/MP-Decision( 2260): Update arg "0 75 400 400".
09-19 15:14:59.436 I/FeedHostManager( 1595): [onPause]
09-19 15:14:59.436 I/FeedProviderManager( 1595): onPause
09-19 15:14:59.436 I/FeedHostManager( 1595): [onLeaveFeedMode] instance: com.htc.launcher.feeds.FeedHostManager@2871e05f
09-19 15:14:59.436 I/SocialFeedProvider( 1595): +onPause
09-19 15:14:59.436 I/SocialFeedProvider( 1595): -onPause
09-19 15:14:59.436 W/HtcSystemUPManager(  865): HtcSystemUPHandler The policy is disabled. AppId: activity_history, category: launch
09-19 15:14:59.436 D/PMS     (  865): acquireWL(274c4e0a): PARTIAL_WAKE_LOCK  ActivityManager-Launch 0x1 865 1000 null
09-19 15:14:59.456 I/Launcher( 1595): updateWallpaperVisibility: true
09-19 15:14:59.456 D/Lifecycle_dpatel96(26488): 6: onRestart() called:
09-19 15:14:59.456 D/Lifecycle_dpatel96(26488): 7: onStart() called:
09-19 15:14:59.456 D/Lifecycle_dpatel96(26488): 8: onResume() called:
09-19 15:14:59.476 D/StatusBarManagerService(  865): setSystemUiVisibility(0xc0000600)
09-19 15:14:59.476 D/StatusBarManagerService(  865): manageDisableList userId=0 what=0x0 pkg=WindowManager.LayoutParams
09-19 15:14:59.476 D/StatusBarManagerService(  865): hiding MENU key
09-19 15:14:59.496 D/StatusBarManagerService(  865): setSystemUiVisibility(0x8600)
09-19 15:14:59.496 D/StatusBarManagerService(  865): manageDisableList userId=0 what=0x0 pkg=WindowManager.LayoutParams
09-19 15:14:59.496 D/StatusBarManagerService(  865): hiding MENU key
09-19 15:14:59.506 I/InputMethodManagerService(  865): Disable input method client, pid=1595
09-19 15:14:59.506 D/StatusBarManagerService(  865): swetImeWindowStatus vis=0 backDisposition=0
09-19 15:14:59.506 I/InputMethodManagerService(  865): Enable input method client, pid=26488
09-19 15:14:59.506 D/PMS     (  865): releaseWL(274c4e0a): PARTIAL_WAKE_LOCK  ActivityManager-Launch 0x1 null
09-19 15:14:59.526 I/PhoneStatusBar( 1159): setImeWindowStatus(false,false)
09-19 15:14:59.656 I/TrimMemoryManager( 1595): [trimMemory] 20
09-19 15:14:59.736 E/WifiStateMachine(  865): WiFiStateMachine SCAN ALARM
09-19 15:14:59.736 E/WifiStateMachine(  865): handleMessage: E msg.what=131143
09-19 15:14:59.736 E/WifiStateMachine(  865): processMsg: ConnectedState
09-19 15:14:59.736 E/WifiStateMachine(  865):  ConnectedState !CMD_START_SCAN -2 -2 ic=1806 proc(ms):1 dur:91 rssi=-59 f=2462 sc=60 link=72 tx=28.3, 0.0, 0.0  rx=24.3 list=2462 [on:0 tx:0 rx:0 period:2788] from screen [on:0 period:-415311706]
09-19 15:14:59.736 E/WifiStateMachine(  865): processMsg: L2ConnectedState
09-19 15:14:59.736 E/WifiStateMachine(  865):  L2ConnectedState !CMD_START_SCAN -2 -2 ic=1806 proc(ms):1 dur:91 rssi=-59 f=2462 sc=60 link=72 tx=28.3, 0.0, 0.0  rx=24.3 list=2462 [on:0 tx:0 rx:0 period:1] from screen [on:0 period:-415311705]
09-19 15:14:59.736 E/WifiStateMachine(  865): WifiStateMachine CMD_START_SCAN source -2 txSuccessRate=28.31 rxSuccessRate=24.29 targetRoamBSSID=00:1c:7b:f9:8b:bc RSSI=-59
09-19 15:14:59.736 E/WifiStateMachine(  865): WifiStateMachine CMD_START_SCAN with age=39442 interval=60000 maxinterval=300000
09-19 15:14:59.736 E/WifiStateMachine(  865): WifiStateMachine CMD_START_SCAN prevent full band scan due to pkt rate
09-19 15:14:59.736 E/WifiStateMachine(  865): WifiStateMachine CMD_START_SCAN full=false
09-19 15:14:59.736 E/WifiConfigStore(  865): makeChannelList age=3600000 for "get_your_own_wifi"WPA_PSK max=6 bssids=1
09-19 15:14:59.736 E/WifiConfigStore(  865): has 00:1c:7b:f9:8b:bc freq=2462 age=2808 ?=true
09-19 15:14:59.736 E/WifiStateMachine(  865): WifiStateMachine starting scan for "get_your_own_wifi"WPA_PSK with 2462
09-19 15:14:59.736 W/WifiHW  (  865): QCOM Debug wifi_send_command "IFNAME=wlan0 SCAN TYPE=ONLY freq=2462"
09-19 15:14:59.736 D/wpa_supplicant(23144): wlan0: Control interface command 'SCAN TYPE=ONLY freq=2462'
09-19 15:14:59.736 D/wpa_supplicant(23144): wlan0: Setting scan request: 0.000000 sec
09-19 15:14:59.736 I/wpa_supplicant(23144): wpa_supplicant_scan enter
09-19 15:14:59.736 D/wpa_supplicant(23144): wlan0: Starting AP scan for wildcard SSID
09-19 15:14:59.736 D/wpa_supplicant(23144): WPS: Building WPS IE for Probe Request
09-19 15:14:59.736 D/wpa_supplicant(23144): WPS:  * Version (hardcoded 0x10)
09-19 15:14:59.736 D/wpa_supplicant(23144): WPS:  * Request Type
09-19 15:14:59.736 D/wpa_supplicant(23144): WPS:  * Config Methods (4288)
09-19 15:14:59.736 D/wpa_supplicant(23144): WPS:  * UUID-E
09-19 15:14:59.736 D/wpa_supplicant(23144): WPS:  * Primary Device Type
09-19 15:14:59.736 D/wpa_supplicant(23144): WPS:  * RF Bands (3)
09-19 15:14:59.736 D/wpa_supplicant(23144): WPS:  * Association State
09-19 15:14:59.736 D/wpa_supplicant(23144): WPS:  * Configuration Error (0)
09-19 15:14:59.736 D/wpa_supplicant(23144): WPS:  * Device Password ID (0)
09-19 15:14:59.736 D/wpa_supplicant(23144): WPS:  * Manufacturer
09-19 15:14:59.736 D/wpa_supplicant(23144): WPS:  * Model Name
09-19 15:14:59.736 D/wpa_supplicant(23144): WPS:  * Model Number
09-19 15:14:59.736 D/wpa_supplicant(23144): WPS:  * Device Name
09-19 15:14:59.736 D/wpa_supplicant(23144): WPS:  * Version2 (0x20)
09-19 15:14:59.736 D/wpa_supplicant(23144): P2P: * P2P IE header
09-19 15:14:59.736 D/wpa_supplicant(23144): P2P: * Capability dev=25 group=00
09-19 15:14:59.736 D/wpa_supplicant(23144): P2P: * Listen Channel: Regulatory Class 81 Channel 6
09-19 15:14:59.736 D/wpa_supplicant(23144): wlan0: Limit manual scan to specified channels
09-19 15:14:59.736 D/wpa_supplicant(23144): wlan0: Add radio work 'scan'@0xb7f55470
09-19 15:14:59.736 D/wpa_supplicant(23144): wlan0: First radio work item in the queue - schedule start immediately
09-19 15:14:59.736 D/wpa_supplicant(23144): wlan0: Starting radio work 'scan'@0xb7f55470 after 0.000055 second wait
09-19 15:14:59.736 D/wpa_supplicant(23144): wlan0: nl80211: scan request
09-19 15:14:59.736 D/wpa_supplicant(23144): Scan requested (ret=0) - scan timeout 30 seconds
09-19 15:14:59.736 D/wpa_supplicant(23144): nl80211: Drv Event 33 (NL80211_CMD_TRIGGER_SCAN) received for wlan0
09-19 15:14:59.736 D/wpa_supplicant(23144): wlan0: nl80211: Scan trigger
09-19 15:14:59.736 D/wpa_supplicant(23144): wlan0: Event SCAN_STARTED (49) received
09-19 15:14:59.736 D/wpa_supplicant(23144): wlan0: Own scan request started a scan in 0.000098 seconds
09-19 15:14:59.736 I/wpa_supplicant(23144): wlan0: CTRL-EVENT-SCAN-STARTED 
09-19 15:14:59.736 D/WifiMonitor(  865): Event [IFNAME=wlan0 CTRL-EVENT-SCAN-STARTED ]
09-19 15:14:59.736 E/WifiMonitor(  865): WifiMonitor:wlan0 cnt=56789 dispatchEvent: CTRL-EVENT-SCAN-STARTED 
09-19 15:14:59.736 E/WifiMonitor(  865): handleEvent 14  CTRL-EVENT-SCAN-STARTED 
09-19 15:14:59.736 E/WifiMonitor(  865): handleEvent unknown: 14  CTRL-EVENT-SCAN-STARTED 
09-19 15:14:59.736 E/WifiStateMachine(  865): [1,442,693,699,753 ms] noteScanstart no scan source
09-19 15:14:59.736 E/WifiStateMachine(  865): handleMessage: X
09-19 15:14:59.736 D/PMS     (  865): acquireWL(2d6940d6): PARTIAL_WAKE_LOCK  *alarm* 0x1 865 1000 WorkSource{1000}
09-19 15:14:59.736 D/WifiDisplayAdapter(  865): getWifiDisplayStatusLocked: result=WifiDisplayStatus{featureState=3, scanState=0, activeDisplayState=0, activeDisplay=null, displays=[], sessionInfo=WifiDisplaySessionInfo:
09-19 15:14:59.736 D/WifiDisplayAdapter(  865):     Client/Owner: Client
09-19 15:14:59.736 D/WifiDisplayAdapter(  865):     GroupId: 
09-19 15:14:59.736 D/WifiDisplayAdapter(  865):     Passphrase: 
09-19 15:14:59.736 D/WifiDisplayAdapter(  865):     SessionId: 0
09-19 15:14:59.736 D/WifiDisplayAdapter(  865):     IP Address: }
09-19 15:14:59.736 V/AlarmManager(  865): sending alarm PendingIntent{5a2a594: PendingIntentRecord{192bc83d android broadcastIntent}}, i=com.android.server.WifiManager.action.START_SCAN, t=1, cnt=1, w=1442693697756, Int=20000
09-19 15:14:59.736 V/AlarmManager(  865): sending alarm PendingIntent{2315ff57: PendingIntentRecord{38746a44 com.android.chrome broadcastIntent}}, i=null, t=1, cnt=1, w=1442693699749, Int=0
09-19 15:14:59.746 D/PMS     (  865): releaseWL(2d6940d6): PARTIAL_WAKE_LOCK  *alarm* 0x1 WorkSource{10119}
09-19 15:14:59.776 D/wpa_supplicant(23144): nl80211: Drv Event 34 (NL80211_CMD_NEW_SCAN_RESULTS) received for wlan0
09-19 15:14:59.786 D/wpa_supplicant(23144): wlan0: nl80211: New scan results available
09-19 15:14:59.786 D/wpa_supplicant(23144): nl80211: Scan included frequencies: 2462
09-19 15:14:59.786 D/wpa_supplicant(23144): wlan0: Event SCAN_RESULTS (3) received
09-19 15:14:59.786 I/wpa_supplicant(23144): Got an original EVENT_SCAN_RESULTS
09-19 15:14:59.786 D/wpa_supplicant(23144): wlan0: Scan completed in 0.041919 seconds
09-19 15:14:59.786 D/wpa_supplicant(23144): nl80211: Associated on 2462 MHz
09-19 15:14:59.786 D/wpa_supplicant(23144): nl80211: Associated with 00:1c:7b:f9:8b:bc
09-19 15:14:59.786 D/wpa_supplicant(23144): nl80211: Received scan results (9 BSSes)
09-19 15:14:59.786 D/wpa_supplicant(23144): nl80211: Scan results indicate BSS status with 00:1c:7b:f9:8b:bc as associated
09-19 15:14:59.786 I/wpa_supplicant(23144): [NULL] 00:1c:7b:f9:8b:bc freq=2462 level=-59
09-19 15:14:59.786 I/wpa_supplicant(23144): [NULL] b4:75:0e:cb:59:a7 freq=2447 level=-61
09-19 15:14:59.786 I/wpa_supplicant(23144): [NULL] b4:75:0e:cb:59:a8 freq=5785 level=-70
09-19 15:14:59.786 I/wpa_supplicant(23144): [NULL] 90:72:40:1a:c6:0a freq=2462 level=-76
09-19 15:14:59.786 I/wpa_supplicant(23144): [NULL] 60:fe:20:7d:03:ce freq=2412 level=-78
09-19 15:14:59.786 I/wpa_supplicant(23144): [NULL] 90:72:40:1a:c6:0b freq=5745 level=-86
09-19 15:14:59.786 I/wpa_supplicant(23144): [NULL] f8:0b:be:1f:b0:a0 freq=2412 level=-84
09-19 15:14:59.786 I/wpa_supplicant(23144): [NULL] b4:75:0e:d3:2e:3e freq=2462 level=-88
09-19 15:14:59.786 I/wpa_supplicant(23144): [NULL] 08:86:3b:64:b7:16 freq=2412 level=-89
09-19 15:14:59.786 D/wpa_supplicant(23144): wlan0: BSS: Start scan result update 147
09-19 15:14:59.786 D/Tethering(  865): interfaceLinkStateChanged wlan0, true
09-19 15:14:59.786 D/Tethering(  865): interfaceStatusChanged wlan0, true
09-19 15:14:59.786 D/wpa_supplicant(23144): wlan0: BSS: Add new id 378 BSSID b4:75:0e:d3:2e:3e SSID 'Qk'
09-19 15:14:59.786 E/WifiStateMachine(  865): WiFiDisplay: getWifidisplayApEnabled=false
09-19 15:14:59.786 D/wpa_supplicant(23144): BSS: last_scan_res_used=9/64
09-19 15:14:59.786 D/wpa_supplicant(23144): wlan0: Scan-only results received
09-19 15:14:59.786 D/wpa_supplicant(23144): wlan0: Radio work 'scan'@0xb7f55470 done in 0.042727 seconds
09-19 15:14:59.786 D/wpa_supplicant(23144): Wireless event: cmd=0x8b19 len=8
09-19 15:14:59.786 D/wpa_supplicant(23144): RTM_NEWLINK: ifi_index=31 ifname=wlan0 wext ifi_flags=0x11043 ([UP][RUNNING][LOWER_UP])
09-19 15:14:59.786 D/WifiMonitor(  865): Event [IFNAME=wlan0 CTRL-EVENT-BSS-ADDED 378 b4:75:0e:d3:2e:3e]
09-19 15:14:59.786 E/WifiMonitor(  865): WifiMonitor:wlan0 cnt=56791 dispatchEvent: CTRL-EVENT-SCAN-RESULTS 
09-19 15:14:59.786 E/WifiMonitor(  865): handleEvent 4  CTRL-EVENT-SCAN-RESULTS 
09-19 15:14:59.786 E/WifiStateMachine(  865): handleMessage: E msg.what=147461
09-19 15:14:59.786 E/WifiStateMachine(  865): processMsg: ConnectedState
09-19 15:14:59.786 E/WifiStateMachine(  865):  ConnectedState !SCAN_RESULTS_EVENT 0 0 found=10 known=1 got=10 bcn=0
09-19 15:14:59.786 E/WifiStateMachine(  865): processMsg: L2ConnectedState
09-19 15:14:59.786 E/WifiStateMachine(  865):  L2ConnectedState !SCAN_RESULTS_EVENT 0 0 found=10 known=1 got=10 bcn=0
09-19 15:14:59.786 E/WifiStateMachine(  865): processMsg: ConnectModeState
09-19 15:14:59.786 E/WifiStateMachine(  865):  ConnectModeState !SCAN_RESULTS_EVENT 0 0 found=10 known=1 got=10 bcn=0
09-19 15:14:59.786 E/WifiStateMachine(  865): processMsg: DriverStartedState
09-19 15:14:59.786 E/WifiStateMachine(  865):  DriverStartedState !SCAN_RESULTS_EVENT 0 0 found=10 known=1 got=10 bcn=0
09-19 15:14:59.786 E/WifiStateMachine(  865): processMsg: SupplicantStartedState
09-19 15:14:59.786 E/WifiStateMachine(  865):  SupplicantStartedState !SCAN_RESULTS_EVENT 0 0 found=10 known=1 got=10 bcn=0
09-19 15:14:59.786 D/WifiStateMachine(  865): [MLHD] enter handleMediaLinkEvent SupplicantStartedState
09-19 15:14:59.786 W/WifiHW  (  865): QCOM Debug wifi_send_command "IFNAME=wlan0 LIST_DONGLES"
09-19 15:14:59.786 D/wpa_supplicant(23144): wlan0: Control interface command 'LIST_DONGLES'
09-19 15:14:59.786 E/WifiStateMachine(  865): [1,442,693,699,799 ms] noteScanEnd no scan source
09-19 15:14:59.786 W/WifiHW  (  865): QCOM Debug wifi_send_command "IFNAME=wlan0 BSS RANGE=0- MASK=0x21987"
09-19 15:14:59.786 D/wpa_supplicant(23144): wlan0: Control interface command 'BSS RANGE=0- MASK=0x21987'
09-19 15:14:59.786 D/WirelessDisplayService(  865): getDiscoveryDongleList
09-19 15:14:59.786 E/WifiStateMachine(  865): wifi setScanResults statecom.android.server.wifi.WifiStateMachine$ConnectedState@25149b31 sup_state=COMPLETED debouncing=false
09-19 15:14:59.786 E/WifiAutoJoinController (  865): get_your_own_wifi 00:1c:7b:f9:8b:bc rssi=-59 cap [WPA-PSK-CCMP+TKIP][WPA2-PSK-CCMP+TKIP][WPS][ESS] is not scored
09-19 15:14:59.786 E/WifiConfigStore(  865): updateSavedNetworkHistory(): try "get_your_own_wifi"WPA_PSK SSID="get_your_own_wifi" get_your_own_wifi [WPA-PSK-CCMP+TKIP][WPA2-PSK-CCMP+TKIP][WPS][ESS] ajst=0
09-19 15:14:59.786 E/WifiConfigStore(  865): updateSavedNetworkHistory: HTC improve mode
09-19 15:14:59.786 E/WifiConfigStore(  865):         got known scan result 00:1c:7b:f9:8b:bc key : "get_your_own_wifi"WPA_PSK num: 1 rssi=-59 freq=2462
09-19 15:14:59.786 E/WifiAutoJoinController (  865): Linksys34799 b4:75:0e:cb:59:a8 rssi=-70 cap [WPA-PSK-CCMP+TKIP][WPA2-PSK-CCMP+TKIP][WPS][ESS] is not scored
09-19 15:14:59.786 E/WifiAutoJoinController (  865): Linksys34799 #2 b4:75:0e:cb:59:a7 rssi=-61 cap [WPA-PSK-CCMP+TKIP][WPA2-PSK-CCMP+TKIP][WPS][ESS] is not scored
09-19 15:14:59.786 W/ContextImpl(  865): Calling a method in the system process without a qualified user: android.app.ContextImpl.sendBroadcast:1433 com.android.server.wifi.WifiStateMachine.sendDongleScanResultsAvailableBroadcast:13993 com.android.server.wifi.WifiStateMachine.handleMediaLinkEvent:14158 com.android.server.wifi.WifiStateMachine.access$5400:265 com.android.server.wifi.WifiStateMachine$SupplicantStartedState.processMessage:7952 
09-19 15:14:59.796 E/WifiAutoJoinController (  865): Baba's Space 90:72:40:1a:c6:0a rssi=-76 cap [WPA2-PSK-CCMP][ESS] is not scored
09-19 15:14:59.796 E/WifiAutoJoinController (  865): Baba's Space 5GHz 90:72:40:1a:c6:0b rssi=-86 cap [WPA2-PSK-CCMP][ESS] is not scored
09-19 15:14:59.796 E/WifiAutoJoinController (  865): ATT166 60:fe:20:7d:03:ce rssi=-78 cap [WPA-PSK-CCMP+TKIP][WPA2-PSK-CCMP+TKIP][ESS] is not scored
09-19 15:14:59.796 E/WifiAutoJoinController (  865): zoom-nt 08:86:3b:64:b7:16 rssi=-89 cap [WPA-PSK-CCMP][WPA2-PSK-CCMP][WPS][ESS] is not scored
09-19 15:14:59.796 E/WifiAutoJoinController (  865): princess786 20:aa:4b:a0:45:d4 rssi=-87 cap [WPA-PSK-CCMP+TKIP][WPA2-PSK-CCMP+TKIP][WPS][ESS] is not scored
09-19 15:14:59.796 E/WifiAutoJoinController (  865): ATT576 f8:0b:be:1f:b0:a0 rssi=-84 cap [WPA-PSK-CCMP+TKIP][WPA2-PSK-CCMP+TKIP][ESS] is not scored
09-19 15:14:59.796 E/WifiAutoJoinController (  865): Skyfall 84:c9:b2:66:1c:44 rssi=-93 cap [WPA-PSK-CCMP+TKIP][WPS][ESS] is not scored
09-19 15:14:59.796 E/WifiAutoJoinController (  865): Qk b4:75:0e:d3:2e:3e rssi=-88 cap [WPA2-PSK-CCMP][WPS][ESS] is not scored
09-19 15:14:59.796 E/WifiAutoJoinController (  865): ageScanResultsOut delay 40000 size 11 now 1442693699807
09-19 15:14:59.796 E/WifiAutoJoinController (  865): newSupplicantResults size=11 known=1 true
09-19 15:14:59.796 W/WifiHW  (  865): QCOM Debug wifi_send_command "IFNAME=wlan0 STATUS-NO_EVENTS"
09-19 15:14:59.796 D/wpa_supplicant(23144): wlan0: Control interface command 'STATUS-NO_EVENTS'
09-19 15:14:59.796 E/WifiAutoJoinController (  865): attemptAutoJoin() status=bssid=00:1c:7b:f9:8b:bc
09-19 15:14:59.796 E/WifiAutoJoinController (  865): ssid=get_your_own_wifi
09-19 15:14:59.796 E/WifiAutoJoinController (  865): id=1
09-19 15:14:59.796 E/WifiAutoJoinController (  865): mode=station
09-19 15:14:59.796 E/WifiAutoJoinController (  865): pairwise_cipher=CCMP
09-19 15:14:59.796 E/WifiAutoJoinController (  865): group_cipher=TKIP
09-19 15:14:59.796 E/WifiAutoJoinController (  865): key_mgmt=WPA2-PSK
09-19 15:14:59.796 E/WifiAutoJoinController (  865): wpa_state=COMPLETED
09-19 15:14:59.796 E/WifiAutoJoinController (  865): ip_address=192.168.0.28
09-19 15:14:59.796 E/WifiAutoJoinController (  865): p2p_device_address=2e:8a:72:ba:32:dd
09-19 15:14:59.796 E/WifiAutoJoinController (  865): address=XX:XX:XX:XX:XX:XX
09-19 15:14:59.796 E/WifiAutoJoinController (  865): uuid=12345678-9abc-def0-1234-56789abcdef1 split=12
09-19 15:14:59.796 E/WifiAutoJoinController (  865): attemptAutoJoin() num recent config 1 current="get_your_own_wifi"WPA_PSK ---> suppNetId=1
09-19 15:14:59.796 E/WifiAutoJoinController (  865): attemptAutoJoin good candidate seen, bumped hard -> status=0 "get_your_own_wifi"WPA_PSK rssi=(-59,-127) num=(1,0)
09-19 15:14:59.796 E/WifiAutoJoinController (  865): attemptAutoJoin skip current candidate  1 key "get_your_own_wifi"WPA_PSK
09-19 15:14:59.796 E/WifiAutoJoinController (  865): attemptRoam: "get_your_own_wifi"WPA_PSK Found 00:1c:7b:f9:8b:bc rssi=-59 freq=2462 Current: 00:1c:7b:f9:8b:bc
09-19 15:14:59.796 D/HtcWifiControlRoamOffload: (  865): roamCandidate: nullcurrentBSSID: 00:1c:7b:f9:8b:bc
09-19 15:14:59.796 E/WifiStateMachine(  865): WiFiDisplay: getWifidisplayApEnabled=false
09-19 15:14:59.796 E/WifiAutoJoinController (  865): Done attemptAutoJoin status=0
09-19 15:14:59.796 E/WifiConfigStore(  865):  writeKnownNetworkHistory() num networks:7 needWrite=false
09-19 15:14:59.796 E/WifiStateMachine(  865): handleMessage: X
09-19 15:14:59.946 E/WifiStateMachine(  865): handleMessage: E msg.what=131155
09-19 15:14:59.946 E/WifiStateMachine(  865): processMsg: ConnectedState
09-19 15:14:59.946 E/WifiStateMachine(  865):  ConnectedState !CMD_RSSI_POLL 460 0 "get_your_own_wifi" 00:1c:7b:f9:8b:bc rssi=-59 f=2462 sc=60 link=72 tx=28.3, 0.0, 0.0  rx=24.3 bcn=0 [on:0 tx:0 rx:0 period:202] from screen [on:0 period:-415311501] gl hn u24 rssi=-54 ag=0 hr ticks 0,0,1 ls-=0 [56,56,60,60,65] brc=0 lrc=0
09-19 15:14:59.946 E/WifiStateMachine(  865): processMsg: L2ConnectedState
09-19 15:14:59.946 E/WifiStateMachine(  865):  L2ConnectedState !CMD_RSSI_POLL 460 0 "get_your_own_wifi" 00:1c:7b:f9:8b:bc rssi=-59 f=2462 sc=60 link=72 tx=28.3, 0.0, 0.0  rx=24.3 bcn=0 [on:0 tx:0 rx:0 period:2] from screen [on:0 period:-415311499] gl hn u24 rssi=-54 ag=0 hr ticks 0,0,1 ls-=0 [56,56,60,60,65] brc=0 lrc=0
09-19 15:14:59.946 E/WifiStateMachine(  865):  get link layer stats 0
09-19 15:14:59.946 W/WifiHW  (  865): QCOM Debug wifi_send_command "IFNAME=wlan0 SIGNAL_POLL"
09-19 15:14:59.946 D/wpa_supplicant(23144): wlan0: Control interface command 'SIGNAL_POLL'
09-19 15:14:59.956 I/wpa_supplicant(23144): environment dirty rate=18 [22][4][0]
09-19 15:14:59.956 E/WifiStateMachine(  865): fetchRssiLinkSpeedAndFrequencyNative RSSI = -58 abnormalRssiCnt = 0 newLinkSpeed = 72
09-19 15:14:59.956 E/WifiStateMachine(  865): fetchRssiLinkSpeedAndFrequencyNative rssi=-58 linkspeed=72
09-19 15:14:59.956 E/WifiConfigStore(  865): updateConfiguration freq=2462 BSSID=00:1c:7b:f9:8b:bc RSSI=-58 "get_your_own_wifi"WPA_PSK
09-19 15:14:59.966 E/WifiStateMachine(  865): calculateWifiScore freq=2462 speed=72 score=60 highRSSI  -> txbadrate=0.00 txgoodrate=25.15 txretriesrate=0.00 rxrate=25.65 userTriggerdPenalty0
09-19 15:14:59.966 E/WifiStateMachine(  865):  good link -> stuck count =0
09-19 15:14:59.966 E/WifiStateMachine(  865):  badRSSI count0 lowRSSI count0 --> score 60
09-19 15:14:59.966 E/WifiStateMachine(  865):  isHighRSSI       ---> score=65
09-19 15:14:59.966 D/WifiWatchdogStateMachine(  865): RSSI current: 3 new: -58, 3
09-19 15:14:59.966 E/WifiStateMachine(  865): handleMessage: X
09-19 15:14:59.966 D/WIFI_ICON( 1159): updateWifiState: RSSI_CHANGED 3 -> 3
09-19 15:14:59.966 D/StatusBar.NetworkController( 1159): dumpIcon[stat_sys_data_4g_lte_connected stat_sys_5signal_3|null stat_sys_wifi_signal_inandout_4 (gone) F]
09-19 15:14:59.986 D/PMS     (  865): acquireWL(a909462): PARTIAL_WAKE_LOCK  *alarm* 0x40000001 865 1000 WorkSource{1000}
09-19 15:14:59.986 V/AlarmManager(  865): sending alarm PendingIntent{47346ff: PendingIntentRecord{2cf11ccc android broadcastIntent}}, i=android.intent.action.TIME_TICK, t=3, cnt=1, w=191716741, Int=0
09-19 15:14:59.996 D/WeatherUtility( 1159): Weather sync is On
09-19 15:14:59.996 D/PMS     (  865): releaseWL(a909462): PARTIAL_WAKE_LOCK  *alarm* 0x40000001 WorkSource{1000}
09-19 15:15:00.026 I/ClockController( 1159): schedule update now=1442693700041 next=59959
09-19 15:15:00.026 I/Clock   ( 1159): updateClock:15:15 America/Chicago
09-19 15:15:00.026 I/Clock   ( 1159): updateClock:15:15 America/Chicago
09-19 15:15:00.026 I/Clock   ( 1159): updateClock:15:15 America/Chicago
09-19 15:15:00.116 E/WifiTrafficPoller(  865): TRAFFIC_STATS_POLL true Token 1628 num clients 17
09-19 15:15:00.116 E/WifiTrafficPoller(  865):  packet count Tx=781928 Rx=1059895
09-19 15:15:00.116 E/WifiTrafficPoller(  865): notifying of data activity 1
09-19 15:15:00.116 D/WIFI_ICON( 1159): WifiActivity: 1
09-19 15:15:00.116 D/StatusBar.NetworkController( 1159): dumpIcon[stat_sys_data_4g_lte_connected stat_sys_5signal_3|null stat_sys_wifi_signal_in_4 (gone) F]
09-19 15:15:00.136 I/art     (  865): Explicit concurrent mark sweep GC freed 46275(2MB) AllocSpace objects, 6(2MB) LOS objects, 31% free, 34MB/50MB, paused 1.274ms total 132.723ms
09-19 15:15:00.196 D/WeatherUtility( 1159): Weather sync is On
09-19 15:15:00.476 E/MP-Decision( 2260): Update arg 2
09-19 15:15:00.476 D/PMS     (  865): releaseHCC(98391ac): CPU_MIN_NUM PrismLaunchActivity_4 0x8000 null
09-19 15:15:00.476 D/PMS     (  865): releaseHCC(3a6f9e75): CPU_MIN_FREQ PrismLaunchActivity_4 0x2000 null
09-19 15:15:00.896 D/HtcUPManager( 1159): HtcUPServiceProxy onTrimMemory() has been called. Memory Level: 60
09-19 15:15:00.896 D/HtcUPManager( 1159): HtcUPServiceProxy onTrimMemory() has been called. Memory Level: 60
09-19 15:15:01.116 E/WifiTrafficPoller(  865): TRAFFIC_STATS_POLL true Token 1628 num clients 17
09-19 15:15:01.116 E/WifiTrafficPoller(  865):  packet count Tx=781928 Rx=1059895
09-19 15:15:01.116 E/WifiTrafficPoller(  865): notifying of data activity 0
09-19 15:15:01.116 D/WIFI_ICON( 1159): WifiActivity: 0
09-19 15:15:01.116 D/StatusBar.NetworkController( 1159): dumpIcon[stat_sys_data_4g_lte_connected stat_sys_5signal_3|null stat_sys_wifi_signal_connected_4 (gone) F]
09-19 15:15:01.426 E/MP-Decision( 2260): Update arg 1
09-19 15:15:02.116 E/WifiTrafficPoller(  865): TRAFFIC_STATS_POLL true Token 1628 num clients 17
09-19 15:15:02.116 E/WifiTrafficPoller(  865):  packet count Tx=781928 Rx=1059895
09-19 15:15:02.746 E/WifiDataStallTracker(  865): DATA_MONITOR_POLL true Token 539
09-19 15:15:02.756 D/WifiDataStallTracker(  865): updateDataStallInfo: mDataStallTxRxSum={txSum=687235 rxSum=960301} preTxRxSum={txSum=687220 rxSum=960286}
09-19 15:15:02.756 D/WifiDataStallTracker(  865): updateDataStallInfo: IN/OUT
09-19 15:15:02.756 D/WifiDataStallTracker(  865): onDataStallAlarm: Sent 0 pkts since last received, < watchdogTrigger=5
09-19 15:15:02.966 E/WifiStateMachine(  865): handleMessage: E msg.what=131155
09-19 15:15:02.966 E/WifiStateMachine(  865): processMsg: ConnectedState
09-19 15:15:02.966 E/WifiStateMachine(  865):  ConnectedState !CMD_RSSI_POLL 460 0 "get_your_own_wifi" 00:1c:7b:f9:8b:bc rssi=-58 f=2462 sc=60 link=72 tx=25.2, 0.0, 0.0  rx=25.6 bcn=0 [on:0 tx:0 rx:0 period:3003] from screen [on:0 period:-415308477] gl hn u24 rssi=-53 ag=0 hr ticks 0,0,1 ls-=0 [56,56,60,60,65] brc=0 lrc=0
09-19 15:15:02.966 E/WifiStateMachine(  865): processMsg: L2ConnectedState
09-19 15:15:02.966 E/WifiStateMachine(  865):  L2ConnectedState !CMD_RSSI_POLL 460 0 "get_your_own_wifi" 00:1c:7b:f9:8b:bc rssi=-58 f=2462 sc=60 link=72 tx=25.2, 0.0, 0.0  rx=25.6 bcn=0 [on:0 tx:0 rx:0 period:2] from screen [on:0 period:-415308475] gl hn u24 rssi=-53 ag=0 hr ticks 0,0,1 ls-=0 [56,56,60,60,65] brc=0 lrc=0
09-19 15:15:02.966 E/WifiStateMachine(  865):  get link layer stats 0
09-19 15:15:02.966 W/WifiHW  (  865): QCOM Debug wifi_send_command "IFNAME=wlan0 SIGNAL_POLL"
09-19 15:15:02.966 D/wpa_supplicant(23144): wlan0: Control interface command 'SIGNAL_POLL'
09-19 15:15:02.986 I/wpa_supplicant(23144): environment dirty rate=0 [0][0][0]
09-19 15:15:02.986 E/WifiStateMachine(  865): fetchRssiLinkSpeedAndFrequencyNative RSSI = -60 abnormalRssiCnt = 0 newLinkSpeed = 72
09-19 15:15:02.986 E/WifiStateMachine(  865): fetchRssiLinkSpeedAndFrequencyNative rssi=-60 linkspeed=72
09-19 15:15:02.986 E/WifiConfigStore(  865): updateConfiguration freq=2462 BSSID=00:1c:7b:f9:8b:bc RSSI=-59 "get_your_own_wifi"WPA_PSK
09-19 15:15:02.986 E/WifiStateMachine(  865): calculateWifiScore freq=2462 speed=72 score=60 highRSSI  -> txbadrate=0.00 txgoodrate=12.58 txretriesrate=0.00 rxrate=12.82 userTriggerdPenalty0
09-19 15:15:02.986 E/WifiStateMachine(  865):  good link -> stuck count =0
09-19 15:15:02.986 E/WifiStateMachine(  865):  badRSSI count0 lowRSSI count0 --> score 60
09-19 15:15:02.986 E/WifiStateMachine(  865):  isHighRSSI       ---> score=65
09-19 15:15:02.996 D/WifiWatchdogStateMachine(  865): RSSI current: 3 new: -60, 3
09-19 15:15:02.996 E/WifiStateMachine(  865): handleMessage: X
09-19 15:15:02.996 D/WIFI_ICON( 1159): updateWifiState: RSSI_CHANGED 3 -> 3
09-19 15:15:02.996 D/StatusBar.NetworkController( 1159): dumpIcon[stat_sys_data_4g_lte_connected stat_sys_5signal_3|null stat_sys_wifi_signal_connected_4 (gone) F]
09-19 15:15:03.126 E/WifiTrafficPoller(  865): TRAFFIC_STATS_POLL true Token 1628 num clients 17
09-19 15:15:03.126 E/WifiTrafficPoller(  865):  packet count Tx=781928 Rx=1059895
09-19 15:15:03.146 E/MP-Decision( 2260): Update arg 2
09-19 15:15:03.206 W/ActivityManager(  865): getTasks: caller 10009 is using old GET_TASKS but privileged; allowing
09-19 15:15:03.236 I/PhoneStatusBar( 1159): recentClickListener.click!
09-19 15:15:03.246 I/IntentController( 1159): receive(android.intent.action.CLOSE_SYSTEM_DIALOGS,1,false)
09-19 15:15:03.246 D/StatusBarManagerService(  865): swetImeWindowStatus vis=0 backDisposition=0
09-19 15:15:03.256 E/MP-Decision( 2260): Update arg 2
09-19 15:15:03.256 D/PMS     (  865): acquireHCC(329139f3): CPU_MIN_FREQ SystemUIScroll_4.0 0x2000 1159 10051 null
09-19 15:15:03.256 D/PMS     (  865): acquireHCC(c6fe6b0): CPU_MIN_NUM SystemUIScroll_4.0 0x8000 1159 10051 null
09-19 15:15:03.306 W/cr.content(19176): Finalizing TabContentManager: org.chromium.chrome.browser.compositor.layouts.content.TabContentManager@3d7b0424
09-19 15:15:03.306 W/ResourceType( 1159): No package identifier when getting value for resource number 0x00000000
09-19 15:15:03.316 W/PackageManager( 1159): Failure retrieving resources for dpatel96_a2.cs442.com.activitylifecycle: Resource ID #0x0
09-19 15:15:03.326 E/MP-Decision( 2260): Update arg 2
09-19 15:15:03.326 E/MP-Decision( 2260): Update arg 2
09-19 15:15:03.326 I/ActivityManager(  865): START u0 {act=com.android.systemui.recents.SHOW_RECENTS flg=0x10804000 cmp=com.android.systemui/.recents.RecentsActivity (has extras)} from uid 10051 pid 1159 on display 0
09-19 15:15:03.346 D/Lifecycle_dpatel96(26488): 9: onPause() called:
09-19 15:15:03.346 D/PMS     (  865): acquireWL(37b824f): PARTIAL_WAKE_LOCK  ActivityManager-Launch 0x1 865 1000 null
09-19 15:15:03.366 D/Lifecycle_dpatel96(26488): 10: onStop() called:
09-19 15:15:03.366 I/PhoneStatusBar( 1159): setImeWindowStatus(false,false)
09-19 15:15:03.446 D/HtcWifiControlRoamOffload: (  865): Receive mPhoneStateListener
09-19 15:15:03.446 D/HtcWifiControlRoamOffload: (  865): Receive mPhoneStateListener, getGsmSignalStrength99
09-19 15:15:03.456 W/ResourceType( 1159): No package identifier when getting value for resource number 0x00000000
09-19 15:15:03.456 W/PackageManager( 1159): Failure retrieving resources for com.intsig.camscanner: Resource ID #0x0
09-19 15:15:03.466 D/ActivityManager(  865): getTaskThumbnailLocked mainThumbnail is null, TaskRecord{21e60ee5 #8672 A=com.intsig.camscanner U=0 sz=0}
09-19 15:15:03.496 W/ResourceType( 1159): No package identifier when getting value for resource number 0x00000000
09-19 15:15:03.496 W/PackageManager( 1159): Failure retrieving resources for com.htc.contacts: Resource ID #0x0
09-19 15:15:03.496 D/ActivityManager(  865): getTaskThumbnailLocked mainThumbnail is null, TaskRecord{16430af5 #8472 A=android.task.HtcContacts U=0 sz=1}
09-19 15:15:03.516 W/ResourceType( 1159): No package identifier when getting value for resource number 0x00000000
09-19 15:15:03.516 W/PackageManager( 1159): Failure retrieving resources for com.whatsapp: Resource ID #0x0
09-19 15:15:03.526 W/ResourceType( 1159): No package identifier when getting value for resource number 0x00000000
09-19 15:15:03.526 W/PackageManager( 1159): Failure retrieving resources for com.google.android.gm: Resource ID #0x0
09-19 15:15:03.556 W/ResourceType( 1159): No package identifier when getting value for resource number 0x00000000
09-19 15:15:03.556 W/PackageManager( 1159): Failure retrieving resources for dpatel96_a2.cs442.com.activitylifecycle: Resource ID #0x0
09-19 15:15:03.576 D/RecentsActivity( 1159): appWidgetId = 12
09-19 15:15:03.616 I/RemoteViews( 1159): apply : com.google.android.googlequicksearchbox 0 18 3 0
09-19 15:15:03.626 I/art     ( 1159): Background sticky concurrent mark sweep GC freed 51695(2MB) AllocSpace objects, 9(7MB) LOS objects, 19% free, 33MB/41MB, paused 10.220ms total 60.399ms
09-19 15:15:03.706 D/ActivityManager(  865): getTaskThumbnailLocked mainThumbnail is null, TaskRecord{21e60ee5 #8672 A=com.intsig.camscanner U=0 sz=0}
09-19 15:15:03.716 D/StatusBarManagerService(  865): setSystemUiVisibility(0x8700)
09-19 15:15:03.716 D/StatusBarManagerService(  865): manageDisableList userId=0 what=0x0 pkg=WindowManager.LayoutParams
09-19 15:15:03.716 D/StatusBarManagerService(  865): hiding MENU key
09-19 15:15:03.726 D/TabAdapter( 1674): [3kcxfq] stop PEOPLE_FAVORITES_GROUP
09-19 15:15:03.736 I/ThreadedRenderer( 1159): Defer allocateBuffers to drawing time
09-19 15:15:03.746 I/RemoteViews( 1159): apply : com.google.android.googlequicksearchbox 0 2 0 0
09-19 15:15:03.746 D/TelephonyCallback( 1159): SignalStrength: 3
09-19 15:15:03.746 D/SIGNAL_ICON( 1159): level=3/5
09-19 15:15:03.746 D/StatusBar.NetworkController( 1159): dumpIcon[stat_sys_data_4g_lte_connected stat_sys_5signal_3|null stat_sys_wifi_signal_connected_4 (gone) F]
09-19 15:15:03.746 D/PMS     (  865): releaseHCC(329139f3): CPU_MIN_FREQ SystemUIScroll_4.0 0x2000 null
09-19 15:15:03.756 E/MP-Decision( 2260): Update arg 2
09-19 15:15:03.756 D/PMS     (  865): releaseHCC(c6fe6b0): CPU_MIN_NUM SystemUIScroll_4.0 0x8000 null
09-19 15:15:03.816 I/ActivityManager(  865): Displayed com.android.systemui/.recents.RecentsActivity: +467ms
09-19 15:15:03.826 I/InputMethodManagerService(  865): Disable input method client, pid=26488
09-19 15:15:03.826 D/StatusBarManagerService(  865): swetImeWindowStatus vis=0 backDisposition=0
09-19 15:15:03.826 I/InputMethodManagerService(  865): Enable input method client, pid=1159
09-19 15:15:03.846 D/AlternateRecentsComponent( 1159): animationStart retry count = 0
09-19 15:15:03.846 I/PhoneStatusBar( 1159): setImeWindowStatus(false,false)
09-19 15:15:03.846 I/AlternateRecentsComponent( 1159): fallbackReceive:ok
09-19 15:15:03.846 D/PMS     (  865): releaseWL(37b824f): PARTIAL_WAKE_LOCK  ActivityManager-Launch 0x1 null
09-19 15:15:04.126 E/WifiTrafficPoller(  865): TRAFFIC_STATS_POLL true Token 1628 num clients 17
09-19 15:15:04.126 E/WifiTrafficPoller(  865):  packet count Tx=781928 Rx=1059895
09-19 15:15:04.186 W/SurfaceFlinger(  364): couldn't log to binary event log: overflow.
09-19 15:15:05.126 E/WifiTrafficPoller(  865): TRAFFIC_STATS_POLL true Token 1628 num clients 17
09-19 15:15:05.126 E/WifiTrafficPoller(  865):  packet count Tx=781940 Rx=1059904
09-19 15:15:05.126 E/WifiTrafficPoller(  865): notifying of data activity 3
09-19 15:15:05.126 D/WIFI_ICON( 1159): WifiActivity: 3
09-19 15:15:05.126 D/StatusBar.NetworkController( 1159): dumpIcon[stat_sys_data_4g_lte_connected stat_sys_5signal_3|null stat_sys_wifi_signal_inandout_4 (gone) F]
09-19 15:15:05.326 E/MP-Decision( 2260): Update arg 1
09-19 15:15:05.696 E/MP-Decision( 2260): Update arg 2
09-19 15:15:05.806 D/RecentsActivity( 1159): launch task  id = 8468
09-19 15:15:05.826 D/PMS     (  865): acquireWL(1c679d3f): PARTIAL_WAKE_LOCK  ActivityManager-Launch 0x1 865 1000 null
09-19 15:15:05.836 I/RecentsOption( 1159): dimiss the menu presenter window
09-19 15:15:05.846 W/HtcSystemUPManager(  865): HtcSystemUPHandler The policy is disabled. AppId: activity_history, category: launch
09-19 15:15:05.896 E/MP-Decision( 2260): Update arg 1
09-19 15:15:05.896 D/StatusBarManagerService(  865): setSystemUiVisibility(0x8600)
09-19 15:15:05.896 D/StatusBarManagerService(  865): manageDisableList userId=0 what=0x0 pkg=WindowManager.LayoutParams
09-19 15:15:05.896 D/StatusBarManagerService(  865): hiding MENU key
09-19 15:15:05.916 I/InputMethodManagerService(  865): Disable input method client, pid=1159
09-19 15:15:05.916 D/StatusBarManagerService(  865): swetImeWindowStatus vis=0 backDisposition=0
09-19 15:15:05.916 I/InputMethodManagerService(  865): Enable input method client, pid=19176
09-19 15:15:05.926 I/PhoneStatusBar( 1159): setImeWindowStatus(false,false)
09-19 15:15:05.946 D/PMS     (  865): releaseWL(1c679d3f): PARTIAL_WAKE_LOCK  ActivityManager-Launch 0x1 null
09-19 15:15:05.996 E/WifiStateMachine(  865): handleMessage: E msg.what=131155
09-19 15:15:05.996 E/WifiStateMachine(  865): processMsg: ConnectedState
09-19 15:15:05.996 E/WifiStateMachine(  865):  ConnectedState !CMD_RSSI_POLL 460 0 "get_your_own_wifi" 00:1c:7b:f9:8b:bc rssi=-60 f=2462 sc=60 link=72 tx=12.6, 0.0, 0.0  rx=12.8 bcn=0 [on:0 tx:0 rx:0 period:2999] from screen [on:0 period:-415305451] gl hn u24 rssi=-55 ag=0 hr ticks 0,0,1 ls-=0 [56,56,60,60,65] brc=0 lrc=0
09-19 15:15:05.996 E/WifiStateMachine(  865): processMsg: L2ConnectedState
09-19 15:15:05.996 E/WifiStateMachine(  865):  L2ConnectedState !CMD_RSSI_POLL 460 0 "get_your_own_wifi" 00:1c:7b:f9:8b:bc rssi=-60 f=2462 sc=60 link=72 tx=12.6, 0.0, 0.0  rx=12.8 bcn=0 [on:0 tx:0 rx:0 period:0] from screen [on:0 period:-415305451] gl hn u24 rssi=-55 ag=0 hr ticks 0,0,1 ls-=0 [56,56,60,60,65] brc=0 lrc=0
09-19 15:15:05.996 E/WifiStateMachine(  865):  get link layer stats 0
09-19 15:15:05.996 W/WifiHW  (  865): QCOM Debug wifi_send_command "IFNAME=wlan0 SIGNAL_POLL"
09-19 15:15:05.996 D/wpa_supplicant(23144): wlan0: Control interface command 'SIGNAL_POLL'
09-19 15:15:06.006 I/wpa_supplicant(23144): environment dirty rate=8 [11][0][1]
09-19 15:15:06.006 E/WifiStateMachine(  865): fetchRssiLinkSpeedAndFrequencyNative RSSI = -62 abnormalRssiCnt = 0 newLinkSpeed = 72
09-19 15:15:06.006 E/WifiStateMachine(  865): fetchRssiLinkSpeedAndFrequencyNative rssi=-62 linkspeed=72
09-19 15:15:06.006 E/WifiConfigStore(  865): updateConfiguration freq=2462 BSSID=00:1c:7b:f9:8b:bc RSSI=-60 "get_your_own_wifi"WPA_PSK
09-19 15:15:06.006 E/WifiStateMachine(  865): calculateWifiScore freq=2462 speed=72 score=60 highRSSI  -> txbadrate=0.00 txgoodrate=12.29 txretriesrate=0.00 rxrate=10.91 userTriggerdPenalty0
09-19 15:15:06.006 E/WifiStateMachine(  865):  good link -> stuck count =0
09-19 15:15:06.006 E/WifiStateMachine(  865):  badRSSI count0 lowRSSI count0 --> score 60
09-19 15:15:06.006 E/WifiStateMachine(  865):  isHighRSSI       ---> score=65
09-19 15:15:06.006 E/WifiStateMachine(  865): handleMessage: X
09-19 15:15:06.006 D/WifiWatchdogStateMachine(  865): RSSI current: 3 new: -62, 3
09-19 15:15:06.006 D/HtcWifiControlRoamOffload: (  865): Receive mPhoneStateListener
09-19 15:15:06.006 D/HtcWifiControlRoamOffload: (  865): Receive mPhoneStateListener, getGsmSignalStrength99
09-19 15:15:06.006 D/WIFI_ICON( 1159): updateWifiState: RSSI_CHANGED 3 -> 3
09-19 15:15:06.006 D/StatusBar.NetworkController( 1159): dumpIcon[stat_sys_data_4g_lte_connected stat_sys_5signal_3|null stat_sys_wifi_signal_inandout_4 (gone) F]
09-19 15:15:06.016 D/TelephonyCallback( 1159): SignalStrength: 3
09-19 15:15:06.016 D/SIGNAL_ICON( 1159): level=3/5
09-19 15:15:06.016 D/StatusBar.NetworkController( 1159): dumpIcon[stat_sys_data_4g_lte_connected stat_sys_5signal_3|null stat_sys_wifi_signal_inandout_4 (gone) F]
09-19 15:15:06.086 D/PMS     (  865): acquireWL(17b9e236): PARTIAL_WAKE_LOCK  *alarm* 0x1 865 1000 WorkSource{10119}
09-19 15:15:06.086 V/AlarmManager(  865): sending alarm PendingIntent{28d5f537: PendingIntentRecord{335a5aa4 com.android.chrome broadcastIntent}}, i=null, t=1, cnt=1, w=1442693706094, Int=0
09-19 15:15:06.086 D/PMS     (  865): releaseWL(17b9e236): PARTIAL_WAKE_LOCK  *alarm* 0x1 WorkSource{10119}
09-19 15:15:06.126 E/WifiTrafficPoller(  865): TRAFFIC_STATS_POLL true Token 1628 num clients 17
09-19 15:15:06.126 E/WifiTrafficPoller(  865):  packet count Tx=781940 Rx=1059904
09-19 15:15:06.126 E/WifiTrafficPoller(  865): notifying of data activity 0
09-19 15:15:06.126 D/WIFI_ICON( 1159): WifiActivity: 0
09-19 15:15:06.126 D/StatusBar.NetworkController( 1159): dumpIcon[stat_sys_data_4g_lte_connected stat_sys_5signal_3|null stat_sys_wifi_signal_connected_4 (gone) F]
09-19 15:15:06.316 D/HtcUPManager( 1159): HtcUPServiceProxy onTrimMemory() has been called. Memory Level: 20
09-19 15:15:06.316 D/HtcUPManager( 1159): HtcUPServiceProxy onTrimMemory() has been called. Memory Level: 20
09-19 15:15:06.336 I/RecentsOption( 1159): dimiss the menu presenter window
09-19 15:15:07.136 E/WifiTrafficPoller(  865): TRAFFIC_STATS_POLL true Token 1628 num clients 17
09-19 15:15:07.136 E/WifiTrafficPoller(  865):  packet count Tx=781940 Rx=1059908
09-19 15:15:07.136 E/WifiTrafficPoller(  865): notifying of data activity 1
09-19 15:15:07.146 D/WIFI_ICON( 1159): WifiActivity: 1
09-19 15:15:07.156 D/StatusBar.NetworkController( 1159): dumpIcon[stat_sys_data_4g_lte_connected stat_sys_5signal_3|null stat_sys_wifi_signal_in_4 (gone) F]
09-19 15:15:07.756 E/WifiDataStallTracker(  865): DATA_MONITOR_POLL true Token 539
09-19 15:15:07.756 D/WifiDataStallTracker(  865): updateDataStallInfo: mDataStallTxRxSum={txSum=687247 rxSum=960310} preTxRxSum={txSum=687235 rxSum=960301}
09-19 15:15:07.756 D/WifiDataStallTracker(  865): updateDataStallInfo: IN/OUT
09-19 15:15:07.756 D/WifiDataStallTracker(  865): onDataStallAlarm: Sent 0 pkts since last received, < watchdogTrigger=5
09-19 15:15:07.956 D/PMS     (  865): acquireWL(23eec00d): PARTIAL_WAKE_LOCK  *alarm* 0x1 865 1000 WorkSource{10119}
09-19 15:15:07.966 V/AlarmManager(  865): sending alarm PendingIntent{128aadd3: PendingIntentRecord{2a347d10 com.android.chrome broadcastIntent}}, i=null, t=1, cnt=1, w=1442693707972, Int=0
09-19 15:15:07.966 D/PMS     (  865): releaseWL(23eec00d): PARTIAL_WAKE_LOCK  *alarm* 0x1 WorkSource{10119}
09-19 15:15:08.136 E/WifiTrafficPoller(  865): TRAFFIC_STATS_POLL true Token 1628 num clients 17
09-19 15:15:08.146 E/WifiTrafficPoller(  865):  packet count Tx=781940 Rx=1059908
09-19 15:15:08.146 E/WifiTrafficPoller(  865): notifying of data activity 0
09-19 15:15:08.146 D/WIFI_ICON( 1159): WifiActivity: 0
09-19 15:15:08.146 D/StatusBar.NetworkController( 1159): dumpIcon[stat_sys_data_4g_lte_connected stat_sys_5signal_3|null stat_sys_wifi_signal_connected_4 (gone) F]
09-19 15:15:08.246 W/ActivityManager(  865): getTasks: caller 10009 is using old GET_TASKS but privileged; allowing
09-19 15:15:08.476 D/PMS     (  865): acquireWL(d45009): PARTIAL_WAKE_LOCK  *alarm* 0x1 865 1000 WorkSource{10119}
09-19 15:15:08.496 V/AlarmManager(  865): sending alarm PendingIntent{1ac8542f: PendingIntentRecord{3c4c5a3c com.android.chrome broadcastIntent}}, i=null, t=1, cnt=1, w=1442693708477, Int=0
09-19 15:15:08.496 D/PMS     (  865): releaseWL(d45009): PARTIAL_WAKE_LOCK  *alarm* 0x1 WorkSource{10119}
09-19 15:15:08.536 V/GLSActivity( 1965): AuthDelegateWrapperCreated with selected intent: Intent { cmp=com.google.android.gms/.auth.DefaultAuthDelegateService }
09-19 15:15:08.546 V/GLSActivity( 1965): AuthDelegateWrapperCreated with selected intent: Intent { cmp=com.google.android.gms/.auth.DefaultAuthDelegateService }
09-19 15:15:08.546 V/GLSActivity( 1965): AuthDelegateWrapperCreated with selected intent: Intent { cmp=com.google.android.gms/.auth.DefaultAuthDelegateService }
09-19 15:15:08.616 D/libc    (19176): [NET] android_getaddrinfofornet+,hn 19(0x636c69656e7473),sn(),hints(known),family 0,flags 4
09-19 15:15:08.616 D/libc    (19176): [NET] android_getaddrinfofornet-, err=8
09-19 15:15:08.616 D/libc    (19176): [NET] android_getaddrinfofornet+,hn 19(0x636c69656e7473),sn(),hints(known),family 0,flags 1024
09-19 15:15:08.616 D/libc    (19176): [NET] android_getaddrinfofornet-, pass to proxy
09-19 15:15:08.616 D/libc    (19176): [NET] android_getaddrinfo_proxy+
09-19 15:15:08.616 D/libc    (19176): [NET] android_getaddrinfo_proxy get netid:0
09-19 15:15:08.616 D/libc    (  453): [NET] android_getaddrinfofornet+,hn 19(0x636c69656e7473),sn(),hints(known),family 0,flags 1024
09-19 15:15:08.616 D/libc    (  453): [NET] _dns_getaddrinfo+, netid:213, mark:917717
09-19 15:15:08.616 D/libc    (  453): [NET] _dns_getaddrinfo-, (NS_SUCCESS)
09-19 15:15:08.616 D/libc    (  453): [NET] android_getaddrinfofornet-, SUCCESS
09-19 15:15:08.616 D/libc    (19176): [NET] android_getaddrinfo_proxy-, success
