09-19 15:14:44.806 E/WifiStateMachine(  865):  ConnectedState !CMD_RSSI_POLL 460 0 "get_your_own_wifi" 00:1c:7b:f9:8b:bc rssi=-55 f=2462 sc=60 link=72 tx=18.9, 0.0, 0.0  rx=14.3 bcn=0 [on:0 tx:0 rx:0 period:3003] from screen [on:0 period:-415326633] gl hn u24 rssi=-50 ag=0 hr ticks 0,0,1 ls-=0 [56,56,60,60,65] brc=0 lrc=0
09-19 15:14:44.806 E/WifiStateMachine(  865): processMsg: L2ConnectedState
09-19 15:14:44.806 E/IMediaMetadataRetriever(24571): extractMetadata error
09-19 15:14:44.806 E/WifiStateMachine(  865):  L2ConnectedState !CMD_RSSI_POLL 460 0 "get_your_own_wifi" 00:1c:7b:f9:8b:bc rssi=-55 f=2462 sc=60 link=72 tx=18.9, 0.0, 0.0  rx=14.3 bcn=0 [on:0 tx:0 rx:0 period:1] from screen [on:0 period:-415326632] gl hn u24 rssi=-50 ag=0 hr ticks 0,0,1 ls-=0 [56,56,60,60,65] brc=0 lrc=0
09-19 15:14:44.806 E/WifiStateMachine(  865):  get link layer stats 0
09-19 15:14:44.806 W/WifiHW  (  865): QCOM Debug wifi_send_command "IFNAME=wlan0 SIGNAL_POLL"
09-19 15:14:44.806 D/wpa_supplicant(23144): wlan0: Control interface command 'SIGNAL_POLL'
09-19 15:14:44.816 E/IMediaMetadataRetriever(24571): extractMetadata error
09-19 15:14:44.816 E/IMediaMetadataRetriever(24571): extractMetadata error
09-19 15:14:44.816 E/IMediaMetadataRetriever(24571): extractMetadata error
09-19 15:14:44.816 I/wpa_supplicant(23144): environment dirty rate=7 [125][9][0]
09-19 15:14:44.816 E/WifiStateMachine(  865): fetchRssiLinkSpeedAndFrequencyNative RSSI = -57 abnormalRssiCnt = 0 newLinkSpeed = 72
09-19 15:14:44.816 E/WifiStateMachine(  865): fetchRssiLinkSpeedAndFrequencyNative rssi=-57 linkspeed=72
09-19 15:14:44.816 E/WifiConfigStore(  865): updateConfiguration freq=2462 BSSID=00:1c:7b:f9:8b:bc RSSI=-56 "get_your_own_wifi"WPA_PSK
09-19 15:14:44.816 E/WifiStateMachine(  865): calculateWifiScore freq=2462 speed=72 score=60 highRSSI  -> txbadrate=0.00 txgoodrate=71.94 txretriesrate=0.00 rxrate=60.64 userTriggerdPenalty0
09-19 15:14:44.816 E/WifiStateMachine(  865):  good link -> stuck count =0
09-19 15:14:44.816 E/WifiStateMachine(  865):  badRSSI count0 lowRSSI count0 --> score 60
09-19 15:14:44.816 E/WifiStateMachine(  865):  isHighRSSI       ---> score=65
09-19 15:14:44.816 D/WifiWatchdogStateMachine(  865): RSSI current: 3 new: -57, 3
09-19 15:14:44.816 E/WifiStateMachine(  865): handleMessage: X
09-19 15:14:44.816 D/MediaProvider(24571): [update][7]#1#
09-19 15:14:44.816 D/MediaScanner(24571): scansingleFile out
09-19 15:14:44.816 D/WIFI_ICON( 1159): updateWifiState: RSSI_CHANGED 3 -> 3
09-19 15:14:44.816 D/StatusBar.NetworkController( 1159): dumpIcon[stat_sys_data_4g_lte_connected stat_sys_5signal_4|null stat_sys_wifi_signal_inandout_4 (gone) F]
09-19 15:14:44.826 I/SoundUtil(29411): Scanned /storage/emulated/0/Notifications/My Weather.mp3, uri=content://media/external/audio/media/5689
09-19 15:14:44.826 I/SoundUtil(29411): RAIN_SNOW_ALERT_SOUND was already set to content://media/external/audio/media/5689
09-19 15:14:44.826 D/MediaScanner(24571): scanSingleFile in ---- mimeType = 0
09-19 15:14:44.846 D/Process (  865): killProcessQuiet, pid=28946
09-19 15:14:44.846 D/Process (  865): com.android.server.am.ProcessRecord.kill:573 com.android.server.am.ActivityManagerService.updateOomAdjLocked:18856 com.android.server.am.BroadcastQueue.processCurBroadcastLocked:237 
09-19 15:14:44.846 I/ActivityManager(  865): Killing 28946:com.htc.mobiledata/u0a56 (adj 15): empty #17
09-19 15:14:44.856 D/MediaScanner(24571): [prescan] no need to compute original size of images
09-19 15:14:44.856 I/ActivityManager(  865): Recipient 28946
09-19 15:14:44.866 E/IMediaMetadataRetriever(24571): extractMetadata error
09-19 15:14:44.866 E/IMediaMetadataRetriever(24571): extractMetadata error
09-19 15:14:44.866 E/IMediaMetadataRetriever(24571): extractMetadata error
09-19 15:14:44.866 E/IMediaMetadataRetriever(24571): extractMetadata error
09-19 15:14:44.866 E/IMediaMetadataRetriever(24571): extractMetadata error
09-19 15:14:44.866 E/IMediaMetadataRetriever(24571): extractMetadata error
09-19 15:14:44.866 E/IMediaMetadataRetriever(24571): extractMetadata error
09-19 15:14:44.866 I/art     (24571): Explicit concurrent mark sweep GC freed 16951(925KB) AllocSpace objects, 0(0B) LOS objects, 67% free, 1968KB/5MB, paused 375us total 39.853ms
09-19 15:14:44.866 E/IMediaMetadataRetriever(24571): extractMetadata error
09-19 15:14:44.866 E/IMediaMetadataRetriever(24571): extractMetadata error
09-19 15:14:44.876 E/IMediaMetadataRetriever(24571): extractMetadata error
09-19 15:14:44.876 E/IMediaMetadataRetriever(24571): extractMetadata error
09-19 15:14:44.876 E/IMediaMetadataRetriever(24571): extractMetadata error
09-19 15:14:44.876 E/IMediaMetadataRetriever(24571): extractMetadata error
09-19 15:14:44.876 E/IMediaMetadataRetriever(24571): extractMetadata error
09-19 15:14:44.876 E/IMediaMetadataRetriever(24571): extractMetadata error
09-19 15:14:44.876 E/IMediaMetadataRetriever(24571): extractMetadata error
09-19 15:14:44.876 E/IMediaMetadataRetriever(24571): extractMetadata error
09-19 15:14:44.876 E/IMediaMetadataRetriever(24571): extractMetadata error
09-19 15:14:44.896 D/MediaProvider(24571): [update][17]#1#
09-19 15:14:44.896 D/MediaScanner(24571): scansingleFile out
09-19 15:14:44.896 I/SoundUtil(29411): Scanned /storage/emulated/0/Notifications/My Weather.mp3, uri=content://media/external/audio/media/5689
09-19 15:14:44.896 I/SoundUtil(29411): REAL_TIME_RAIN_ALERT_SOUND was already set to content://media/external/audio/media/5689
09-19 15:14:44.916 D/MediaScanner(24571): scanSingleFile in ---- mimeType = 0
09-19 15:14:44.936 D/MediaScanner(24571): [prescan] no need to compute original size of images
09-19 15:14:44.946 E/IMediaMetadataRetriever(24571): extractMetadata error
09-19 15:14:44.946 E/IMediaMetadataRetriever(24571): extractMetadata error
09-19 15:14:44.946 E/IMediaMetadataRetriever(24571): extractMetadata error
09-19 15:14:44.946 D/PMS     (  865): acquireWL(cdb4da9): PARTIAL_WAKE_LOCK  wake:com.google.android.apps.photos/.actionqueue.OnlineActionService 0x1 29557 10208 null
09-19 15:14:44.946 D/PMS     (  865): acquireWL(3d789acf): PARTIAL_WAKE_LOCK  OnlineActionService 0x1 29557 10208 null
09-19 15:14:44.946 D/PMS     (  865): acquireWL(369f2c5c): PARTIAL_WAKE_LOCK  wake:com.google.android.apps.photos/.jobqueue.JobService 0x1 29557 10208 null
09-19 15:14:44.956 E/IMediaMetadataRetriever(24571): extractMetadata error
09-19 15:14:44.956 E/IMediaMetadataRetriever(24571): extractMetadata error
09-19 15:14:44.956 E/IMediaMetadataRetriever(24571): extractMetadata error
09-19 15:14:44.956 E/IMediaMetadataRetriever(24571): extractMetadata error
09-19 15:14:44.956 E/IMediaMetadataRetriever(24571): extractMetadata error
09-19 15:14:44.956 D/PMS     (  865): releaseWL(cdb4da9): PARTIAL_WAKE_LOCK  wake:com.google.android.apps.photos/.actionqueue.OnlineActionService 0x1 null
09-19 15:14:44.966 E/IMediaMetadataRetriever(24571): extractMetadata error
09-19 15:14:44.966 E/IMediaMetadataRetriever(24571): extractMetadata error
09-19 15:14:44.966 E/IMediaMetadataRetriever(24571): extractMetadata error
09-19 15:14:44.966 E/IMediaMetadataRetriever(24571): extractMetadata error
09-19 15:14:44.966 E/IMediaMetadataRetriever(24571): extractMetadata error
09-19 15:14:44.966 E/IMediaMetadataRetriever(24571): extractMetadata error
09-19 15:14:44.966 E/IMediaMetadataRetriever(24571): extractMetadata error
09-19 15:14:44.966 E/IMediaMetadataRetriever(24571): extractMetadata error
09-19 15:14:44.966 E/IMediaMetadataRetriever(24571): extractMetadata error
09-19 15:14:44.966 E/IMediaMetadataRetriever(24571): extractMetadata error
09-19 15:14:44.996 E/WifiTrafficPoller(  865): TRAFFIC_STATS_POLL true Token 1628 num clients 17
09-19 15:14:44.996 E/WifiTrafficPoller(  865):  packet count Tx=781845 Rx=1059813
09-19 15:14:44.996 D/MediaProvider(24571): [update][35]#1#
09-19 15:14:44.996 D/MediaScanner(24571): scansingleFile out
09-19 15:14:44.996 I/SoundUtil(29411): Scanned /storage/emulated/0/Notifications/My Weather.mp3, uri=content://media/external/audio/media/5689
09-19 15:14:44.996 I/SoundUtil(29411): LIGHTNING_ALERT_SOUND was already set to content://media/external/audio/media/5689
09-19 15:14:45.026 E/SQLiteLog(29411): (284) automatic index on marketing_ruleevent(event_name)
09-19 15:14:45.076 E/SQLiteLog(29557): (283) recovered 20 frames from WAL file /data/data/com.google.android.apps.photos/databases/media_store_extras-wal
09-19 15:14:45.136 D/PMS     (  865): acquireWL(2fee08e1): PARTIAL_WAKE_LOCK  DatabaseProcessorService 0x1 29557 10208 null
09-19 15:14:45.156 E/SQLiteLog(29557): (283) recovered 53 frames from WAL file /data/data/com.google.android.apps.photos/databases/gphotos0.db-wal
09-19 15:14:45.156 D/PMS     (  865): releaseWL(2fee08e1): PARTIAL_WAKE_LOCK  DatabaseProcessorService 0x1 null
09-19 15:14:45.186 E/SQLiteLog(29557): (283) recovered 8 frames from WAL file /data/data/com.google.android.apps.photos/databases/gphotos2.db-wal
09-19 15:14:45.196 D/PMS     (  865): releaseWL(3d789acf): PARTIAL_WAKE_LOCK  OnlineActionService 0x1 null
09-19 15:14:45.206 E/MP-Decision( 2260): Update arg 2
09-19 15:14:45.206 D/PMS     (  865): releaseWL(369f2c5c): PARTIAL_WAKE_LOCK  wake:com.google.android.apps.photos/.jobqueue.JobService 0x1 null
09-19 15:14:45.206 D/PMS     (  865): releaseHCC(24cc3acd): CPU_MIN_NUM PrismLaunchActivity_4 0x8000 null
09-19 15:14:45.206 D/PMS     (  865): releaseHCC(2c6daf82): CPU_MIN_FREQ PrismLaunchActivity_4 0x2000 null
09-19 15:14:45.236 D/PMS     (  865): acquireWL(e3714c7): PARTIAL_WAKE_LOCK  *alarm* 0x1 865 1000 WorkSource{10221}
09-19 15:14:45.236 V/AlarmManager(  865): sending alarm PendingIntent{2eb2aaf4: PendingIntentRecord{3ee1521d com.weather.Weather startService}}, i=null, t=3, cnt=1, w=191701986, Int=0
09-19 15:14:45.236 D/PMS     (  865): releaseWL(e3714c7): PARTIAL_WAKE_LOCK  *alarm* 0x1 WorkSource{10221}
09-19 15:14:45.996 E/WifiTrafficPoller(  865): TRAFFIC_STATS_POLL true Token 1628 num clients 17
09-19 15:14:45.996 E/WifiTrafficPoller(  865):  packet count Tx=781845 Rx=1059813
09-19 15:14:45.996 E/WifiTrafficPoller(  865): notifying of data activity 0
09-19 15:14:46.006 D/WIFI_ICON( 1159): WifiActivity: 0
09-19 15:14:46.006 D/StatusBar.NetworkController( 1159): dumpIcon[stat_sys_data_4g_lte_connected stat_sys_5signal_4|null stat_sys_wifi_signal_connected_4 (gone) F]
09-19 15:14:46.186 E/MP-Decision( 2260): Update arg 1
09-19 15:14:46.696 D/ContactMessageStore( 1549): MSG_NOTIFY_CS_TO_SYNC >>
09-19 15:14:46.696 D/ContactMessageStore( 1549): MSG_NOTIFY_CS_TO_SYNC <<
09-19 15:14:46.996 E/WifiTrafficPoller(  865): TRAFFIC_STATS_POLL true Token 1628 num clients 17
09-19 15:14:47.006 E/WifiTrafficPoller(  865):  packet count Tx=781846 Rx=1059813
09-19 15:14:47.006 E/WifiTrafficPoller(  865): notifying of data activity 2
09-19 15:14:47.006 D/WIFI_ICON( 1159): WifiActivity: 2
09-19 15:14:47.006 D/StatusBar.NetworkController( 1159): dumpIcon[stat_sys_data_4g_lte_connected stat_sys_5signal_4|null stat_sys_wifi_signal_out_4 (gone) F]
09-19 15:14:47.536 D/MediaProvider(24571): - Notify Audio Change - 
09-19 15:14:47.606 D/wpa_supplicant(23144): nl80211: Drv Event 103 (NL80211_CMD_VENDOR) received for wlan0
09-19 15:14:47.606 D/wpa_supplicant(23144): nl80211: Vendor event: wiphy=4 vendor_id=0x1374 subcmd=10
09-19 15:14:47.606 D/wpa_supplicant(23144): wlan0: Event AVOID_FREQUENCIES (51) received
09-19 15:14:47.606 I/wpa_supplicant(23144): wlan0: CTRL-EVENT-AVOID-FREQ ranges=
09-19 15:14:47.606 D/wpa_supplicant(23144): wlan0: P2P: Update channel list based on frequency avoid event
09-19 15:14:47.606 D/wpa_supplicant(23144): P2P: Add operating class 81
09-19 15:14:47.606 D/wpa_supplicant(23144): P2P: Channels - hexdump(len=11): 01 02 03 04 05 06 07 08 09 0a 0b
09-19 15:14:47.606 D/wpa_supplicant(23144): P2P: Add operating class 115
09-19 15:14:47.606 D/wpa_supplicant(23144): P2P: Channels - hexdump(len=4): 24 28 2c 30
09-19 15:14:47.606 D/wpa_supplicant(23144): P2P: Add operating class 124
09-19 15:14:47.606 D/wpa_supplicant(23144): P2P: Channels - hexdump(len=4): 95 99 9d a1
09-19 15:14:47.606 D/wpa_supplicant(23144): P2P: Add operating class 116
09-19 15:14:47.606 D/wpa_supplicant(23144): P2P: Channels - hexdump(len=2): 24 2c
09-19 15:14:47.606 D/wpa_supplicant(23144): P2P: Add operating class 117
09-19 15:14:47.606 D/wpa_supplicant(23144): P2P: Channels - hexdump(len=2): 28 30
09-19 15:14:47.606 D/wpa_supplicant(23144): P2P: Add operating class 126
09-19 15:14:47.606 D/wpa_supplicant(23144): P2P: Channels - hexdump(len=2): 95 9d
09-19 15:14:47.606 D/wpa_supplicant(23144): P2P: Add operating class 127
09-19 15:14:47.606 D/wpa_supplicant(23144): P2P: Channels - hexdump(len=2): 99 a1
09-19 15:14:47.606 D/wpa_supplicant(23144): P2P: Update channel list
09-19 15:14:47.606 D/wpa_supplicant(23144): P2P: channels: 81:1,2,3,4,5,6,7,8,9,10,11 115:36,40,44,48 124:149,153,157,161 116:36,44 117:40,48 126:149,157 127:153,161
09-19 15:14:47.606 D/wpa_supplicant(23144): P2P: cli_channels:
09-19 15:14:47.606 D/WifiMonitor(  865): Event [IFNAME=wlan0 CTRL-EVENT-AVOID-FREQ ranges=]
09-19 15:14:47.606 E/WifiMonitor(  865): WifiMonitor:wlan0 cnt=56788 dispatchEvent: CTRL-EVENT-AVOID-FREQ ranges=
09-19 15:14:47.606 E/WifiMonitor(  865): handleEvent 14  CTRL-EVENT-AVOID-FREQ ranges=
09-19 15:14:47.606 E/WifiMonitor(  865): handleEvent unknown: 14  CTRL-EVENT-AVOID-FREQ ranges=
09-19 15:14:47.726 D/TaskPersister(  865): removeObsoleteFile: deleting file=8675_task.xml
09-19 15:14:47.726 D/TaskPersister(  865): removeObsoleteFile: deleting file=8675_task_thumbnail.png
09-19 15:14:47.736 E/WifiDataStallTracker(  865): DATA_MONITOR_POLL true Token 539
09-19 15:14:47.736 D/WifiDataStallTracker(  865): updateDataStallInfo: mDataStallTxRxSum={txSum=687164 rxSum=960243} preTxRxSum={txSum=687033 rxSum=960130}
09-19 15:14:47.736 D/WifiDataStallTracker(  865): updateDataStallInfo: IN/OUT
09-19 15:14:47.736 D/WifiDataStallTracker(  865): onDataStallAlarm: Sent 0 pkts since last received, < watchdogTrigger=5
09-19 15:14:47.816 E/WifiStateMachine(  865): handleMessage: E msg.what=131155
09-19 15:14:47.816 E/WifiStateMachine(  865): processMsg: ConnectedState
09-19 15:14:47.816 E/WifiStateMachine(  865):  ConnectedState !CMD_RSSI_POLL 460 0 "get_your_own_wifi" 00:1c:7b:f9:8b:bc rssi=-57 f=2462 sc=60 link=72 tx=71.9, 0.0, 0.0  rx=60.6 bcn=0 [on:0 tx:0 rx:0 period:3003] from screen [on:0 period:-415323625] gl hn u24 rssi=-52 ag=0 hr ticks 0,0,1 ls-=0 [56,56,60,60,65] brc=0 lrc=0
09-19 15:14:47.816 E/WifiStateMachine(  865): processMsg: L2ConnectedState
09-19 15:14:47.816 E/WifiStateMachine(  865):  L2ConnectedState !CMD_RSSI_POLL 460 0 "get_your_own_wifi" 00:1c:7b:f9:8b:bc rssi=-57 f=2462 sc=60 link=72 tx=71.9, 0.0, 0.0  rx=60.6 bcn=0 [on:0 tx:0 rx:0 period:1] from screen [on:0 period:-415323624] gl hn u24 rssi=-52 ag=0 hr ticks 0,0,1 ls-=0 [56,56,60,60,65] brc=0 lrc=0
09-19 15:14:47.816 E/WifiStateMachine(  865):  get link layer stats 0
09-19 15:14:47.816 W/WifiHW  (  865): QCOM Debug wifi_send_command "IFNAME=wlan0 SIGNAL_POLL"
09-19 15:14:47.816 D/wpa_supplicant(23144): wlan0: Control interface command 'SIGNAL_POLL'
09-19 15:14:47.826 I/wpa_supplicant(23144): environment dirty rate=0 [11][0][0]
09-19 15:14:47.826 E/WifiStateMachine(  865): fetchRssiLinkSpeedAndFrequencyNative RSSI = -59 abnormalRssiCnt = 0 newLinkSpeed = 72
09-19 15:14:47.826 E/WifiStateMachine(  865): fetchRssiLinkSpeedAndFrequencyNative rssi=-59 linkspeed=72
09-19 15:14:47.826 E/WifiConfigStore(  865): updateConfiguration freq=2462 BSSID=00:1c:7b:f9:8b:bc RSSI=-57 "get_your_own_wifi"WPA_PSK
09-19 15:14:47.836 E/WifiStateMachine(  865): calculateWifiScore freq=2462 speed=72 score=60 highRSSI  -> txbadrate=0.00 txgoodrate=41.47 txretriesrate=0.00 rxrate=38.32 userTriggerdPenalty0
09-19 15:14:47.836 E/WifiStateMachine(  865):  good link -> stuck count =0
09-19 15:14:47.836 E/WifiStateMachine(  865):  badRSSI count0 lowRSSI count0 --> score 60
09-19 15:14:47.836 E/WifiStateMachine(  865):  isHighRSSI       ---> score=65
09-19 15:14:47.836 D/WifiWatchdogStateMachine(  865): RSSI current: 3 new: -59, 3
09-19 15:14:47.836 E/WifiStateMachine(  865): handleMessage: X
09-19 15:14:47.836 D/WIFI_ICON( 1159): updateWifiState: RSSI_CHANGED 3 -> 3
09-19 15:14:47.836 D/StatusBar.NetworkController( 1159): dumpIcon[stat_sys_data_4g_lte_connected stat_sys_5signal_4|null stat_sys_wifi_signal_out_4 (gone) F]
09-19 15:14:48.006 E/WifiTrafficPoller(  865): TRAFFIC_STATS_POLL true Token 1628 num clients 17
09-19 15:14:48.006 E/WifiTrafficPoller(  865):  packet count Tx=781846 Rx=1059819
09-19 15:14:48.006 E/WifiTrafficPoller(  865): notifying of data activity 1
09-19 15:14:48.006 D/WIFI_ICON( 1159): WifiActivity: 1
09-19 15:14:48.006 D/StatusBar.NetworkController( 1159): dumpIcon[stat_sys_data_4g_lte_connected stat_sys_5signal_4|null stat_sys_wifi_signal_in_4 (gone) F]
09-19 15:14:48.086 W/ActivityManager(  865): getTasks: caller 10009 is using old GET_TASKS but privileged; allowing
09-19 15:14:48.506 E/MP-Decision( 2260): Update arg 2
09-19 15:14:48.526 I/KeyButtonView( 1159): sendEvent(0,0,96241244,false) home
09-19 15:14:48.596 I/KeyButtonView( 1159): sendEvent(1,0,96241313,false) home
09-19 15:14:48.606 I/IntentController( 1159): receive(android.intent.action.CLOSE_SYSTEM_DIALOGS,1,false)
09-19 15:14:48.606 D/StatusBarManagerService(  865): swetImeWindowStatus vis=0 backDisposition=0
09-19 15:14:48.606 I/ActivityManager(  865): START u0 {act=android.intent.action.MAIN cat=[android.intent.category.HOME] flg=0x10200000 cmp=com.htc.launcher/.Launcher} from uid 1000 pid 865 on display 0
09-19 15:14:48.616 I/PhoneStatusBar( 1159): setImeWindowStatus(false,false)
09-19 15:14:48.616 E/MP-Decision( 2260): Update arg "0 380 380 380".
09-19 15:14:48.616 E/MP-Decision( 2260): Update arg "0 400 400 400".
09-19 15:14:48.626 I/CVW     ( 1446): Dismiss CandidateViewWindow WCLID:0
09-19 15:14:48.636 D/PMS     (  865): acquireWL(2bb04fde): PARTIAL_WAKE_LOCK  ActivityManager-Launch 0x1 865 1000 null
09-19 15:14:48.646 D/Lifecycle_dpatel96(26488): 4: onPause() called:
09-19 15:14:48.676 W/HtcSystemUPManager(  865): HtcSystemUPHandler The policy is disabled. AppId: activity_history, category: launch
09-19 15:14:48.676 D/StatusBarManagerService(  865): swetImeWindowStatus vis=0 backDisposition=0
09-19 15:14:48.696 I/FeedHostManager( 1595): [onResume]
09-19 15:14:48.696 I/FeedProviderManager( 1595): onResume
09-19 15:14:48.696 I/SocialFeedProvider( 1595): +onResume
09-19 15:14:48.696 I/SocialFeedProvider( 1595): updateAccounts - Accounts is no change
09-19 15:14:48.696 I/SocialFeedProvider( 1595): -onResume
09-19 15:14:48.696 D/StatusBarManagerService(  865): setSystemUiVisibility(0x8700)
09-19 15:14:48.696 D/StatusBarManagerService(  865): manageDisableList userId=0 what=0x0 pkg=WindowManager.LayoutParams
09-19 15:14:48.696 D/StatusBarManagerService(  865): hiding MENU key
09-19 15:14:48.706 I/PhoneStatusBar( 1159): setImeWindowStatus(false,false)
09-19 15:14:48.706 I/ThreadedRenderer( 1595): Defer allocateBuffers to drawing time
09-19 15:14:48.746 D/StatusBarManagerService(  865): setSystemUiVisibility(0xc0000700)
09-19 15:14:48.746 D/StatusBarManagerService(  865): manageDisableList userId=0 what=0x0 pkg=WindowManager.LayoutParams
09-19 15:14:48.746 D/StatusBarManagerService(  865): hiding MENU key
09-19 15:14:48.756 I/InputMethodManagerService(  865): Disable input method client, pid=26488
09-19 15:14:48.756 D/StatusBarManagerService(  865): swetImeWindowStatus vis=0 backDisposition=0
09-19 15:14:48.756 I/InputMethodManagerService(  865): Enable input method client, pid=1595
09-19 15:14:48.756 D/PMS     (  865): releaseWL(2bb04fde): PARTIAL_WAKE_LOCK  ActivityManager-Launch 0x1 null
09-19 15:14:48.776 I/PhoneStatusBar( 1159): setImeWindowStatus(false,false)
09-19 15:14:48.786 D/Lifecycle_dpatel96(26488): 5: onStop() called:
09-19 15:14:48.786 W/SurfaceFlinger(  364): couldn't log to binary event log: overflow.
09-19 15:14:49.006 E/WifiTrafficPoller(  865): TRAFFIC_STATS_POLL true Token 1628 num clients 17
09-19 15:14:49.006 E/WifiTrafficPoller(  865):  packet count Tx=781846 Rx=1059819
09-19 15:14:49.006 E/WifiTrafficPoller(  865): notifying of data activity 0
09-19 15:14:49.006 D/WIFI_ICON( 1159): WifiActivity: 0
09-19 15:14:49.006 D/StatusBar.NetworkController( 1159): dumpIcon[stat_sys_data_4g_lte_connected stat_sys_5signal_4|null stat_sys_wifi_signal_connected_4 (gone) F]
09-19 15:14:49.176 D/libc    (29377): [NET] android_getaddrinfofornet+,hn 18(0x67726170682e66),sn(),hints(known),family 0,flags 4
09-19 15:14:49.176 D/libc    (29377): [NET] android_getaddrinfofornet-, err=8
09-19 15:14:49.176 D/libc    (29377): [NET] android_getaddrinfofornet+,hn 18(0x67726170682e66),sn(),hints(known),family 0,flags 1024
09-19 15:14:49.176 D/libc    (29377): [NET] android_getaddrinfofornet-, pass to proxy
09-19 15:14:49.176 D/libc    (29377): [NET] android_getaddrinfo_proxy+
09-19 15:14:49.176 D/libc    (29377): [NET] android_getaddrinfo_proxy get netid:0
09-19 15:14:49.176 D/libc    (  453): [NET] android_getaddrinfofornet+,hn 18(0x67726170682e66),sn(),hints(known),family 0,flags 1024
09-19 15:14:49.176 D/libc    (  453): [NET] _dns_getaddrinfo+, netid:213, mark:917717
09-19 15:14:49.196 D/libc    (  453): [NET] _dns_getaddrinfo-, (NS_SUCCESS)
09-19 15:14:49.196 D/libc    (  453): [NET] android_getaddrinfofornet-, SUCCESS
09-19 15:14:49.196 D/libc    (29377): [NET] android_getaddrinfo_proxy-, success
09-19 15:14:49.226 W/OpenGLRenderer( 1595): Incorrectly called buildLayer on View: ShortcutAndWidgetContainer, destroying layer...
09-19 15:14:49.616 E/MP-Decision( 2260): Update arg 1
09-19 15:14:50.006 E/WifiTrafficPoller(  865): TRAFFIC_STATS_POLL true Token 1628 num clients 17
09-19 15:14:50.006 E/WifiTrafficPoller(  865):  packet count Tx=781860 Rx=1059829
09-19 15:14:50.006 E/WifiTrafficPoller(  865): notifying of data activity 3
09-19 15:14:50.016 D/WIFI_ICON( 1159): WifiActivity: 3
09-19 15:14:50.016 D/StatusBar.NetworkController( 1159): dumpIcon[stat_sys_data_4g_lte_connected stat_sys_5signal_4|null stat_sys_wifi_signal_inandout_4 (gone) F]
09-19 15:14:50.646 D/HtcWifiControlRoamOffload: (  865): Receive mPhoneStateListener
09-19 15:14:50.646 D/HtcWifiControlRoamOffload: (  865): Receive mPhoneStateListener, getGsmSignalStrength99
09-19 15:14:50.646 D/TelephonyCallback( 1159): SignalStrength: 3
09-19 15:14:50.656 D/SIGNAL_ICON( 1159): level=3/5
09-19 15:14:50.656 D/StatusBar.NetworkController( 1159): dumpIcon[stat_sys_data_4g_lte_connected stat_sys_5signal_3|null stat_sys_wifi_signal_inandout_4 (gone) F]
09-19 15:14:50.836 E/WifiStateMachine(  865): handleMessage: E msg.what=131155
09-19 15:14:50.836 E/WifiStateMachine(  865): processMsg: ConnectedState
09-19 15:14:50.836 E/WifiStateMachine(  865):  ConnectedState !CMD_RSSI_POLL 460 0 "get_your_own_wifi" 00:1c:7b:f9:8b:bc rssi=-59 f=2462 sc=60 link=72 tx=41.5, 0.0, 0.0  rx=38.3 bcn=0 [on:0 tx:0 rx:0 period:3003] from screen [on:0 period:-415320606] gl hn u24 rssi=-54 ag=0 hr ticks 0,0,1 ls-=0 [56,56,60,60,65] brc=0 lrc=0
09-19 15:14:50.836 E/WifiStateMachine(  865): processMsg: L2ConnectedState
09-19 15:14:50.836 E/WifiStateMachine(  865):  L2ConnectedState !CMD_RSSI_POLL 460 0 "get_your_own_wifi" 00:1c:7b:f9:8b:bc rssi=-59 f=2462 sc=60 link=72 tx=41.5, 0.0, 0.0  rx=38.3 bcn=0 [on:0 tx:0 rx:0 period:1] from screen [on:0 period:-415320605] gl hn u24 rssi=-54 ag=0 hr ticks 0,0,1 ls-=0 [56,56,60,60,65] brc=0 lrc=0
09-19 15:14:50.836 E/WifiStateMachine(  865):  get link layer stats 0
09-19 15:14:50.836 W/WifiHW  (  865): QCOM Debug wifi_send_command "IFNAME=wlan0 SIGNAL_POLL"
09-19 15:14:50.836 D/wpa_supplicant(23144): wlan0: Control interface command 'SIGNAL_POLL'
09-19 15:14:50.846 I/wpa_supplicant(23144): environment dirty rate=0 [15][0][0]
09-19 15:14:50.846 E/WifiStateMachine(  865): fetchRssiLinkSpeedAndFrequencyNative RSSI = -59 abnormalRssiCnt = 0 newLinkSpeed = 72
09-19 15:14:50.846 E/WifiStateMachine(  865): fetchRssiLinkSpeedAndFrequencyNative rssi=-59 linkspeed=72
09-19 15:14:50.846 E/WifiConfigStore(  865): updateConfiguration freq=2462 BSSID=00:1c:7b:f9:8b:bc RSSI=-58 "get_your_own_wifi"WPA_PSK
09-19 15:14:50.846 E/WifiStateMachine(  865): calculateWifiScore freq=2462 speed=72 score=60 highRSSI  -> txbadrate=0.00 txgoodrate=28.24 txretriesrate=0.00 rxrate=24.16 userTriggerdPenalty0
09-19 15:14:50.846 E/WifiStateMachine(  865):  good link -> stuck count =0
09-19 15:14:50.846 E/WifiStateMachine(  865):  badRSSI count0 lowRSSI count0 --> score 60
09-19 15:14:50.856 E/WifiStateMachine(  865):  isHighRSSI       ---> score=65
09-19 15:14:50.856 D/WifiWatchdogStateMachine(  865): RSSI current: 3 new: -59, 3
09-19 15:14:50.856 E/WifiStateMachine(  865): handleMessage: X
09-19 15:14:50.856 D/WIFI_ICON( 1159): updateWifiState: RSSI_CHANGED 3 -> 3
09-19 15:14:50.856 D/StatusBar.NetworkController( 1159): dumpIcon[stat_sys_data_4g_lte_connected stat_sys_5signal_3|null stat_sys_wifi_signal_inandout_4 (gone) F]
09-19 15:14:51.016 E/WifiTrafficPoller(  865): TRAFFIC_STATS_POLL true Token 1628 num clients 17
09-19 15:14:51.036 E/WifiTrafficPoller(  865):  packet count Tx=781861 Rx=1059829
09-19 15:14:51.036 E/WifiTrafficPoller(  865): notifying of data activity 2
09-19 15:14:51.046 D/WIFI_ICON( 1159): WifiActivity: 2
09-19 15:14:51.046 D/StatusBar.NetworkController( 1159): dumpIcon[stat_sys_data_4g_lte_connected stat_sys_5signal_3|null stat_sys_wifi_signal_out_4 (gone) F]
09-19 15:14:51.516 V/GLSActivity( 1965): AuthDelegateWrapperCreated with selected intent: Intent { cmp=com.google.android.gms/.auth.DefaultAuthDelegateService }
09-19 15:14:51.536 V/GLSActivity( 1965): AuthDelegateWrapperCreated with selected intent: Intent { cmp=com.google.android.gms/.auth.DefaultAuthDelegateService }
09-19 15:14:51.536 V/GLSActivity( 1965): AuthDelegateWrapperCreated with selected intent: Intent { cmp=com.google.android.gms/.auth.DefaultAuthDelegateService }
09-19 15:14:51.596 D/HtcUPManager( 1159): HtcUPServiceProxy onTrimMemory() has been called. Memory Level: 60
09-19 15:14:51.596 D/HtcUPManager( 1159): HtcUPServiceProxy onTrimMemory() has been called. Memory Level: 60
09-19 15:14:51.646 E/MP-Decision( 2260): Update arg 2
09-19 15:14:51.846 E/MP-Decision( 2260): Update arg 1
09-19 15:14:52.056 E/WifiTrafficPoller(  865): TRAFFIC_STATS_POLL true Token 1628 num clients 17
09-19 15:14:52.066 E/WifiTrafficPoller(  865):  packet count Tx=781864 Rx=1059833
09-19 15:14:52.066 E/WifiTrafficPoller(  865): notifying of data activity 3
09-19 15:14:52.066 D/WIFI_ICON( 1159): WifiActivity: 3
09-19 15:14:52.066 D/StatusBar.NetworkController( 1159): dumpIcon[stat_sys_data_4g_lte_connected stat_sys_5signal_3|null stat_sys_wifi_signal_inandout_4 (gone) F]
09-19 15:14:52.186 D/libc    (28415): [NET] android_getaddrinfofornet+,hn 12(0x66616365626f6f),sn(),hints(known),family 2,flags 13
09-19 15:14:52.186 D/libc    (28415): [NET] android_getaddrinfofornet-, err=8
09-19 15:14:52.746 E/WifiDataStallTracker(  865): DATA_MONITOR_POLL true Token 539
09-19 15:14:52.746 D/WifiDataStallTracker(  865): updateDataStallInfo: mDataStallTxRxSum={txSum=687182 rxSum=960256} preTxRxSum={txSum=687164 rxSum=960243}
09-19 15:14:52.746 D/WifiDataStallTracker(  865): updateDataStallInfo: IN/OUT
09-19 15:14:52.746 D/WifiDataStallTracker(  865): onDataStallAlarm: Sent 0 pkts since last received, < watchdogTrigger=5
09-19 15:14:53.066 E/WifiTrafficPoller(  865): TRAFFIC_STATS_POLL true Token 1628 num clients 17
09-19 15:14:53.076 E/WifiTrafficPoller(  865):  packet count Tx=781866 Rx=1059834
09-19 15:14:53.126 W/ActivityManager(  865): getTasks: caller 10009 is using old GET_TASKS but privileged; allowing
09-19 15:14:53.856 E/WifiStateMachine(  865): handleMessage: E msg.what=131155
09-19 15:14:53.856 E/WifiStateMachine(  865): processMsg: ConnectedState
09-19 15:14:53.856 E/WifiStateMachine(  865):  ConnectedState !CMD_RSSI_POLL 460 0 "get_your_own_wifi" 00:1c:7b:f9:8b:bc rssi=-59 f=2462 sc=60 link=72 tx=28.2, 0.0, 0.0  rx=24.2 bcn=0 [on:0 tx:0 rx:0 period:3003] from screen [on:0 period:-415317582] gl hn u24 rssi=-54 ag=0 hr ticks 0,0,1 ls-=0 [56,56,60,60,65] brc=0 lrc=0
09-19 15:14:53.866 E/WifiStateMachine(  865): processMsg: L2ConnectedState
09-19 15:14:53.866 E/WifiStateMachine(  865):  L2ConnectedState !CMD_RSSI_POLL 460 0 "get_your_own_wifi" 00:1c:7b:f9:8b:bc rssi=-59 f=2462 sc=60 link=72 tx=28.2, 0.0, 0.0  rx=24.2 bcn=0 [on:0 tx:0 rx:0 period:4] from screen [on:0 period:-415317578] gl hn u24 rssi=-54 ag=0 hr ticks 0,0,1 ls-=0 [56,56,60,60,65] brc=0 lrc=0
09-19 15:14:53.866 E/WifiStateMachine(  865):  get link layer stats 0
09-19 15:14:53.866 W/WifiHW  (  865): QCOM Debug wifi_send_command "IFNAME=wlan0 SIGNAL_POLL"
09-19 15:14:53.866 D/wpa_supplicant(23144): wlan0: Control interface command 'SIGNAL_POLL'
09-19 15:14:53.886 I/wpa_supplicant(23144): environment dirty rate=20 [5][1][0]
09-19 15:14:53.886 E/WifiStateMachine(  865): fetchRssiLinkSpeedAndFrequencyNative RSSI = -57 abnormalRssiCnt = 0 newLinkSpeed = 72
09-19 15:14:53.886 E/WifiStateMachine(  865): fetchRssiLinkSpeedAndFrequencyNative rssi=-57 linkspeed=72
09-19 15:14:53.886 E/WifiConfigStore(  865): updateConfiguration freq=2462 BSSID=00:1c:7b:f9:8b:bc RSSI=-57 "get_your_own_wifi"WPA_PSK
09-19 15:14:53.896 E/WifiStateMachine(  865): calculateWifiScore freq=2462 speed=72 score=60 highRSSI  -> txbadrate=0.00 txgoodrate=16.62 txretriesrate=0.00 rxrate=14.58 userTriggerdPenalty0
09-19 15:14:53.896 E/WifiStateMachine(  865):  good link -> stuck count =0
09-19 15:14:53.896 E/WifiStateMachine(  865):  badRSSI count0 lowRSSI count0 --> score 60
09-19 15:14:53.896 E/WifiStateMachine(  865):  isHighRSSI       ---> score=65
09-19 15:14:53.896 D/WifiWatchdogStateMachine(  865): RSSI current: 3 new: -57, 3
09-19 15:14:53.896 E/WifiStateMachine(  865): handleMessage: X
09-19 15:14:53.896 D/WIFI_ICON( 1159): updateWifiState: RSSI_CHANGED 3 -> 3
09-19 15:14:53.896 D/StatusBar.NetworkController( 1159): dumpIcon[stat_sys_data_4g_lte_connected stat_sys_5signal_3|null stat_sys_wifi_signal_inandout_4 (gone) F]
09-19 15:14:54.076 E/WifiTrafficPoller(  865): TRAFFIC_STATS_POLL true Token 1628 num clients 17
09-19 15:14:54.076 E/WifiTrafficPoller(  865):  packet count Tx=781866 Rx=1059834
09-19 15:14:54.076 E/WifiTrafficPoller(  865): notifying of data activity 0
09-19 15:14:54.076 D/WIFI_ICON( 1159): WifiActivity: 0
09-19 15:14:54.086 D/StatusBar.NetworkController( 1159): dumpIcon[stat_sys_data_4g_lte_connected stat_sys_5signal_3|null stat_sys_wifi_signal_connected_4 (gone) F]
09-19 15:14:54.266 E/MP-Decision( 2260): Update arg 2
09-19 15:14:54.356 D/PMS     (  865): acquireHCC(32371f9f): CPU_MIN_NUM PrismLaunchActivity_4 0x8000 1595 10082 null
09-19 15:14:54.366 E/MP-Decision( 2260): Update arg 2
09-19 15:14:54.366 E/MP-Decision( 2260): Update arg "0 190 240 240".
09-19 15:14:54.366 E/MP-Decision( 2260): Update arg "0 75 400 400".
09-19 15:14:54.366 I/ActivityManager(  865): START u0 {act=android.intent.action.MAIN cat=[android.intent.category.LAUNCHER] flg=0x10200000 cmp=com.android.chrome/com.google.android.apps.chrome.Main} from uid 10082 pid 1595 on display 0
09-19 15:14:54.366 D/PMS     (  865): acquireHCC(11518ec): CPU_MIN_FREQ PrismLaunchActivity_4 0x2000 1595 10082 null
09-19 15:14:54.366 D/PMS     (  865): acquireWL(147816bb): PARTIAL_WAKE_LOCK  ActivityManager-Launch 0x1 865 1000 null
09-19 15:14:54.376 I/FeedHostManager( 1595): [onPause]
09-19 15:14:54.376 I/FeedProviderManager( 1595): onPause
09-19 15:14:54.376 I/FeedHostManager( 1595): [onLeaveFeedMode] instance: com.htc.launcher.feeds.FeedHostManager@2871e05f
09-19 15:14:54.376 I/SocialFeedProvider( 1595): +onPause
09-19 15:14:54.376 I/SocialFeedProvider( 1595): -onPause
09-19 15:14:54.376 W/HtcSystemUPManager(  865): HtcSystemUPHandler The policy is disabled. AppId: activity_history, category: launch
09-19 15:14:54.446 D/NetworkChangeNotifierAutoDetect(19176): Network connectivity changed, type is: 2
09-19 15:14:54.516 D/ActivityManager(  865): screenshot for ActivityRecord{161bb4b5 u0 com.android.chrome/com.google.android.apps.chrome.Main t8678}, bitmap=null, time = 0
09-19 15:14:54.516 E/ActivityManager(  865): Invalid thumbnail dimensions: 540x960
09-19 15:14:54.516 D/PMS     (  865): acquireWL(147816bb): PARTIAL_WAKE_LOCK  ActivityManager-Launch 0x1 865 1000 null
09-19 15:14:54.536 W/HtcSystemUPManager(  865): HtcSystemUPHandler The policy is disabled. AppId: activity_history, category: launch
09-19 15:14:54.606 D/TabAdapter( 1674): [3kcxfq] stop PEOPLE_FAVORITES_GROUP
09-19 15:14:54.676 D/StatusBarManagerService(  865): setSystemUiVisibility(0xc0000600)
09-19 15:14:54.676 D/StatusBarManagerService(  865): manageDisableList userId=0 what=0x0 pkg=WindowManager.LayoutParams
09-19 15:14:54.676 D/StatusBarManagerService(  865): hiding MENU key
09-19 15:14:54.736 D/libc    (19176): [NET] android_getaddrinfofornet+,hn 14(0x7777772e676f6f),sn(),hints(known),family 2,flags 1024
09-19 15:14:54.736 D/libc    (19176): [NET] android_getaddrinfofornet-, pass to proxy
09-19 15:14:54.736 D/libc    (19176): [NET] android_getaddrinfo_proxy+
09-19 15:14:54.736 D/libc    (19176): [NET] android_getaddrinfo_proxy get netid:0
09-19 15:14:54.736 D/libc    (  453): [NET] android_getaddrinfofornet+,hn 14(0x7777772e676f6f),sn(),hints(known),family 2,flags 1024
09-19 15:14:54.736 D/libc    (  453): [NET] _dns_getaddrinfo+, netid:213, mark:917717
09-19 15:14:54.746 D/libc    (  453): [NET] _dns_getaddrinfo-, (NS_SUCCESS)
09-19 15:14:54.746 D/libc    (  453): [NET] android_getaddrinfofornet-, SUCCESS
09-19 15:14:54.746 D/libc    (19176): [NET] android_getaddrinfo_proxy-, success
09-19 15:14:54.796 D/StatusBarManagerService(  865): setSystemUiVisibility(0x8600)
09-19 15:14:54.796 D/StatusBarManagerService(  865): manageDisableList userId=0 what=0x0 pkg=WindowManager.LayoutParams
09-19 15:14:54.796 D/StatusBarManagerService(  865): hiding MENU key
09-19 15:14:54.806 I/InputMethodManagerService(  865): Disable input method client, pid=1595
09-19 15:14:54.806 D/StatusBarManagerService(  865): swetImeWindowStatus vis=0 backDisposition=0
09-19 15:14:54.806 I/InputMethodManagerService(  865): Enable input method client, pid=19176
09-19 15:14:54.826 I/PhoneStatusBar( 1159): setImeWindowStatus(false,false)
09-19 15:14:54.836 D/libc    (19176): [NET] android_getaddrinfofornet+,hn 14(0x7777772e676f6f),sn(),hints(known),family 2,flags 1024
09-19 15:14:54.836 D/libc    (19176): [NET] android_getaddrinfofornet-, pass to proxy
09-19 15:14:54.836 D/libc    (19176): [NET] android_getaddrinfo_proxy+
09-19 15:14:54.836 D/libc    (19176): [NET] android_getaddrinfo_proxy get netid:0
09-19 15:14:54.836 D/libc    (  453): [NET] android_getaddrinfofornet+,hn 14(0x7777772e676f6f),sn(),hints(known),family 2,flags 1024
09-19 15:14:54.836 D/libc    (  453): [NET] _dns_getaddrinfo+, netid:213, mark:917717
09-19 15:14:54.836 D/libc    (  453): [NET] _dns_getaddrinfo-, (NS_SUCCESS)
09-19 15:14:54.836 D/libc    (  453): [NET] android_getaddrinfofornet-, SUCCESS
09-19 15:14:54.836 D/libc    (19176): [NET] android_getaddrinfo_proxy-, success
09-19 15:14:54.836 D/PMS     (  865): releaseWL(147816bb): PARTIAL_WAKE_LOCK  ActivityManager-Launch 0x1 null
09-19 15:14:54.946 I/TrimMemoryManager( 1595): [trimMemory] 20
09-19 15:14:55.096 E/WifiTrafficPoller(  865): TRAFFIC_STATS_POLL true Token 1628 num clients 17
09-19 15:14:55.096 E/WifiTrafficPoller(  865):  packet count Tx=781898 Rx=1059862
09-19 15:14:55.096 E/WifiTrafficPoller(  865): notifying of data activity 3
09-19 15:14:55.096 D/WIFI_ICON( 1159): WifiActivity: 3
09-19 15:14:55.096 D/StatusBar.NetworkController( 1159): dumpIcon[stat_sys_data_4g_lte_connected stat_sys_5signal_3|null stat_sys_wifi_signal_inandout_4 (gone) F]
09-19 15:14:55.416 E/MP-Decision( 2260): Update arg 2
09-19 15:14:55.416 D/PMS     (  865): releaseHCC(32371f9f): CPU_MIN_NUM PrismLaunchActivity_4 0x8000 null
09-19 15:14:55.416 D/PMS     (  865): releaseHCC(11518ec): CPU_MIN_FREQ PrismLaunchActivity_4 0x2000 null
09-19 15:14:55.556 D/libc    (19176): [NET] android_getaddrinfofornet+,hn 9(0x6667706c747562),sn(),hints(known),family 2,flags 1024
09-19 15:14:55.556 D/libc    (19176): [NET] android_getaddrinfofornet+,hn 14(0x6e76636a636679),sn(),hints(known),family 2,flags 1024
09-19 15:14:55.556 D/libc    (19176): [NET] android_getaddrinfofornet-, pass to proxy
09-19 15:14:55.556 D/libc    (19176): [NET] android_getaddrinfofornet-, pass to proxy
09-19 15:14:55.556 D/libc    (19176): [NET] android_getaddrinfo_proxy+
09-19 15:14:55.556 D/libc    (19176): [NET] android_getaddrinfo_proxy+
09-19 15:14:55.556 D/libc    (19176): [NET] android_getaddrinfofornet+,hn 11(0x77726773716d6e),sn(),hints(known),family 2,flags 1024
09-19 15:14:55.556 D/libc    (19176): [NET] android_getaddrinfofornet-, pass to proxy
09-19 15:14:55.556 D/libc    (19176): [NET] android_getaddrinfo_proxy get netid:0
09-19 15:14:55.556 D/libc    (19176): [NET] android_getaddrinfo_proxy+
09-19 15:14:55.556 D/libc    (  453): [NET] android_getaddrinfofornet+,hn 9(0x6667706c747562),sn(),hints(known),family 2,flags 1024
09-19 15:14:55.556 D/libc    (19176): [NET] android_getaddrinfo_proxy get netid:0
09-19 15:14:55.556 D/libc    (  453): [NET] _dns_getaddrinfo+, netid:213, mark:917717
09-19 15:14:55.556 D/libc    (19176): [NET] android_getaddrinfo_proxy get netid:0
09-19 15:14:55.556 D/libc    (  453): [NET] android_getaddrinfofornet+,hn 11(0x77726773716d6e),sn(),hints(known),family 2,flags 1024
09-19 15:14:55.556 D/libc    (  453): [NET] _dns_getaddrinfo+, netid:213, mark:917717
09-19 15:14:55.556 D/libc    (  453): [NET] android_getaddrinfofornet+,hn 14(0x6e76636a636679),sn(),hints(known),family 2,flags 1024
09-19 15:14:55.556 D/libc    (  453): [NET] _dns_getaddrinfo+, netid:213, mark:917717
09-19 15:14:55.576 D/libc    (  453): [NET]empty answer, try next one server
09-19 15:14:55.586 D/libc    (  453): [NET]empty answer, try next one server
09-19 15:14:55.586 D/libc    (  453): [NET]empty answer, try next one server
09-19 15:14:55.586 D/libc    (  453): [NET]return with empty answer
09-19 15:14:55.586 D/libc    (  453): [NET] _dns_getaddrinfo-, 5 (NS_NOTFOUND)
09-19 15:14:55.586 D/libc    (  453): [NET] android_getaddrinfofornet-, err=7
09-19 15:14:55.586 D/libc    (19176): [NET] android_getaddrinfo_proxy-, NODATA
09-19 15:14:55.596 D/libc    (  453): [NET]return with empty answer
09-19 15:14:55.596 D/libc    (  453): [NET] _dns_getaddrinfo-, 5 (NS_NOTFOUND)
09-19 15:14:55.596 D/libc    (  453): [NET] android_getaddrinfofornet-, err=7
09-19 15:14:55.596 D/libc    (19176): [NET] android_getaddrinfo_proxy-, NODATA
09-19 15:14:55.596 D/libc    (  453): [NET]return with empty answer
09-19 15:14:55.596 D/libc    (  453): [NET] _dns_getaddrinfo-, 5 (NS_NOTFOUND)
09-19 15:14:55.596 D/libc    (  453): [NET] android_getaddrinfofornet-, err=7
09-19 15:14:55.596 D/libc    (19176): [NET] android_getaddrinfo_proxy-, NODATA
09-19 15:14:56.096 E/WifiTrafficPoller(  865): TRAFFIC_STATS_POLL true Token 1628 num clients 17
09-19 15:14:56.096 E/WifiTrafficPoller(  865):  packet count Tx=781906 Rx=1059868
09-19 15:14:56.366 E/MP-Decision( 2260): Update arg 1
09-19 15:14:56.786 D/PMS     (  865): acquireWL(382d2e8f): PARTIAL_WAKE_LOCK  *alarm* 0x1 865 1000 WorkSource{10119}
09-19 15:14:56.796 V/AlarmManager(  865): sending alarm PendingIntent{20e43525: PendingIntentRecord{8fa16fa com.android.chrome broadcastIntent}}, i=null, t=1, cnt=1, w=1442693696798, Int=0
09-19 15:14:56.796 D/PMS     (  865): releaseWL(382d2e8f): PARTIAL_WAKE_LOCK  *alarm* 0x1 WorkSource{10119}
09-19 15:14:56.896 E/WifiStateMachine(  865): handleMessage: E msg.what=131155
09-19 15:14:56.896 E/WifiStateMachine(  865): processMsg: ConnectedState
09-19 15:14:56.906 E/WifiStateMachine(  865):  ConnectedState !CMD_RSSI_POLL 460 0 "get_your_own_wifi" 00:1c:7b:f9:8b:bc rssi=-57 f=2462 sc=60 link=72 tx=16.6, 0.0, 0.0  rx=14.6 bcn=0 [on:0 tx:0 rx:0 period:3005] from screen [on:0 period:-415314539] gl hn u24 rssi=-52 ag=0 hr ticks 0,0,1 ls-=0 [56,56,60,60,65] brc=0 lrc=0
09-19 15:14:56.906 E/WifiStateMachine(  865): processMsg: L2ConnectedState
09-19 15:14:56.906 E/WifiStateMachine(  865):  L2ConnectedState !CMD_RSSI_POLL 460 0 "get_your_own_wifi" 00:1c:7b:f9:8b:bc rssi=-57 f=2462 sc=60 link=72 tx=16.6, 0.0, 0.0  rx=14.6 bcn=0 [on:0 tx:0 rx:0 period:4] from screen [on:0 period:-415314535] gl hn u24 rssi=-52 ag=0 hr ticks 0,0,1 ls-=0 [56,56,60,60,65] brc=0 lrc=0
09-19 15:14:56.906 E/WifiStateMachine(  865):  get link layer stats 0
09-19 15:14:56.906 W/WifiHW  (  865): QCOM Debug wifi_send_command "IFNAME=wlan0 SIGNAL_POLL"
09-19 15:14:56.916 D/wpa_supplicant(23144): wlan0: Control interface command 'SIGNAL_POLL'
09-19 15:14:56.926 I/wpa_supplicant(23144): environment dirty rate=5 [40][2][0]
09-19 15:14:56.926 E/WifiStateMachine(  865): fetchRssiLinkSpeedAndFrequencyNative RSSI = -59 abnormalRssiCnt = 0 newLinkSpeed = 72
09-19 15:14:56.926 E/WifiStateMachine(  865): fetchRssiLinkSpeedAndFrequencyNative rssi=-59 linkspeed=72
09-19 15:14:56.926 E/WifiConfigStore(  865): updateConfiguration freq=2462 BSSID=00:1c:7b:f9:8b:bc RSSI=-58 "get_your_own_wifi"WPA_PSK
09-19 15:14:56.936 E/WifiStateMachine(  865): calculateWifiScore freq=2462 speed=72 score=60 highRSSI  -> txbadrate=0.00 txgoodrate=28.31 txretriesrate=0.00 rxrate=24.29 userTriggerdPenalty0
09-19 15:14:56.936 E/WifiStateMachine(  865):  good link -> stuck count =0
09-19 15:14:56.936 E/WifiStateMachine(  865):  badRSSI count0 lowRSSI count0 --> score 60
09-19 15:14:56.936 E/WifiStateMachine(  865):  isHighRSSI       ---> score=65
09-19 15:14:56.946 D/WifiWatchdogStateMachine(  865): RSSI current: 3 new: -59, 3
09-19 15:14:56.946 E/WifiStateMachine(  865): handleMessage: X
09-19 15:14:56.946 D/WIFI_ICON( 1159): updateWifiState: RSSI_CHANGED 3 -> 3
09-19 15:14:56.946 D/StatusBar.NetworkController( 1159): dumpIcon[stat_sys_data_4g_lte_connected stat_sys_5signal_3|null stat_sys_wifi_signal_inandout_4 (gone) F]
09-19 15:14:57.106 E/WifiTrafficPoller(  865): TRAFFIC_STATS_POLL true Token 1628 num clients 17
09-19 15:14:57.106 E/WifiTrafficPoller(  865):  packet count Tx=781906 Rx=1059868
09-19 15:14:57.106 E/WifiTrafficPoller(  865): notifying of data activity 0
09-19 15:14:57.106 D/WIFI_ICON( 1159): WifiActivity: 0
09-19 15:14:57.106 D/StatusBar.NetworkController( 1159): dumpIcon[stat_sys_data_4g_lte_connected stat_sys_5signal_3|null stat_sys_wifi_signal_connected_4 (gone) F]
09-19 15:14:57.386 D/PMS     (  865): acquireWL(4d824ab): PARTIAL_WAKE_LOCK  *alarm* 0x1 865 1000 WorkSource{10119}
09-19 15:14:57.406 V/AlarmManager(  865): sending alarm PendingIntent{20c7fea1: PendingIntentRecord{3642a8c6 com.android.chrome broadcastIntent}}, i=null, t=1, cnt=1, w=1442693697402, Int=0
09-19 15:14:57.406 D/PMS     (  865): releaseWL(4d824ab): PARTIAL_WAKE_LOCK  *alarm* 0x1 WorkSource{10119}
09-19 15:14:57.446 V/GLSActivity( 1965): AuthDelegateWrapperCreated with selected intent: Intent { cmp=com.google.android.gms/.auth.DefaultAuthDelegateService }
09-19 15:14:57.466 V/GLSActivity( 1965): AuthDelegateWrapperCreated with selected intent: Intent { cmp=com.google.android.gms/.auth.DefaultAuthDelegateService }
09-19 15:14:57.466 V/GLSActivity( 1965): AuthDelegateWrapperCreated with selected intent: Intent { cmp=com.google.android.gms/.auth.DefaultAuthDelegateService }
09-19 15:14:57.546 I/GLSUser ( 1965): [GLSUser] getTokenFromGoogle [account: <ELLIDED:1395175912>, callingPkg: com.android.chrome, service: oauth2:https://www.googleapis.com/auth/chromesync
09-19 15:14:57.586 I/GLSUser ( 1965): [ChannelManager] Attempting to channel bind connection HttpClient.
09-19 15:14:57.586 I/GLSUser ( 1965): [ChannelManager] Checking whether channelId is enabled. isEnabledGmsCore? false, isEnabledSdk? true, isAtLeastKitKat? true
09-19 15:14:57.606 D/libc    ( 1965): [NET] android_getaddrinfofornet+,hn 26(0x616e64726f6964),sn(),hints(known),family 0,flags 4
09-19 15:14:57.606 D/libc    ( 1965): [NET] android_getaddrinfofornet-, err=8
09-19 15:14:57.606 D/libc    ( 1965): [NET] android_getaddrinfofornet+,hn 26(0x616e64726f6964),sn(),hints(known),family 0,flags 1024
09-19 15:14:57.606 D/libc    ( 1965): [NET] android_getaddrinfofornet-, pass to proxy
09-19 15:14:57.606 D/libc    ( 1965): [NET] android_getaddrinfo_proxy+
09-19 15:14:57.606 D/libc    ( 1965): [NET] android_getaddrinfo_proxy get netid:0
09-19 15:14:57.606 D/libc    (  453): [NET] android_getaddrinfofornet+,hn 26(0x616e64726f6964),sn(),hints(known),family 0,flags 1024
09-19 15:14:57.606 D/libc    (  453): [NET] _dns_getaddrinfo+, netid:213, mark:917717
09-19 15:14:57.606 D/libc    (  453): [NET] _dns_getaddrinfo-, (NS_SUCCESS)
09-19 15:14:57.606 D/libc    (  453): [NET] android_getaddrinfofornet-, SUCCESS
09-19 15:14:57.606 D/libc    ( 1965): [NET] android_getaddrinfo_proxy-, success
09-19 15:14:57.626 D/libc    ( 1965): [NET] android_getaddrinfofornet+,hn 26(0x616e64726f6964),sn(),hints(known),family 0,flags 4
09-19 15:14:57.626 D/libc    ( 1965): [NET] android_getaddrinfofornet-, err=8
09-19 15:14:57.666 D/libc    ( 1965): [NET] android_getaddrinfofornet+,hn 26(0x616e64726f6964),sn(),hints(known),family 0,flags 4
09-19 15:14:57.666 D/libc    ( 1965): [NET] android_getaddrinfofornet-, err=8
09-19 15:14:57.676 D/libc    ( 1965): [NET] android_getaddrinfofornet+,hn 26(0x616e64726f6964),sn(),hints(known),family 0,flags 4
09-19 15:14:57.676 D/libc    ( 1965): [NET] android_getaddrinfofornet-, err=8
09-19 15:14:57.746 E/WifiDataStallTracker(  865): DATA_MONITOR_POLL true Token 539
09-19 15:14:57.746 D/WifiDataStallTracker(  865): updateDataStallInfo: mDataStallTxRxSum={txSum=687220 rxSum=960286} preTxRxSum={txSum=687182 rxSum=960256}
09-19 15:14:57.746 D/WifiDataStallTracker(  865): updateDataStallInfo: IN/OUT
09-19 15:14:57.746 D/WifiDataStallTracker(  865): onDataStallAlarm: Sent 0 pkts since last received, < watchdogTrigger=5
09-19 15:14:57.776 I/GLSUser ( 1965): [GLSUser] getAuthtoken(<ELLIDED:1395175912>, oauth2:https://www.googleapis.com/auth/chromesync) -> status: null)
09-19 15:14:57.776 I/GLSUser ( 1965): [GLSUser] Extracting token using key: Auth
09-19 15:14:57.796 W/GLSUser ( 1965): [GLSUser] Permission for com.android.chrome to access oauth2:https://www.googleapis.com/auth/chromesync will be managed locally.
09-19 15:14:57.816 E/MP-Decision( 2260): Update arg 2
09-19 15:14:57.816 I/KeyButtonView( 1159): sendEvent(0,0,96250537,false) home
09-19 15:14:57.836 D/libc    (19176): [NET] android_getaddrinfofornet+,hn 19(0x636c69656e7473),sn(),hints(known),family 0,flags 4
09-19 15:14:57.836 D/libc    (19176): [NET] android_getaddrinfofornet-, err=8
09-19 15:14:57.836 D/libc    (19176): [NET] android_getaddrinfofornet+,hn 19(0x636c69656e7473),sn(),hints(known),family 0,flags 1024
09-19 15:14:57.836 D/libc    (19176): [NET] android_getaddrinfofornet-, pass to proxy
09-19 15:14:57.836 D/libc    (19176): [NET] android_getaddrinfo_proxy+
09-19 15:14:57.836 D/libc    (19176): [NET] android_getaddrinfo_proxy get netid:0
09-19 15:14:57.836 D/libc    (  453): [NET] android_getaddrinfofornet+,hn 19(0x636c69656e7473),sn(),hints(known),family 0,flags 1024
09-19 15:14:57.836 D/libc    (  453): [NET] _dns_getaddrinfo+, netid:213, mark:917717
09-19 15:14:57.836 D/libc    (  453): [NET] _dns_getaddrinfo-, (NS_SUCCESS)
09-19 15:14:57.836 D/libc    (  453): [NET] android_getaddrinfofornet-, SUCCESS
09-19 15:14:57.836 D/libc    (19176): [NET] android_getaddrinfo_proxy-, success
09-19 15:14:57.896 I/KeyButtonView( 1159): sendEvent(1,0,96250615,false) home
09-19 15:14:57.896 D/StatusBarManagerService(  865): swetImeWindowStatus vis=0 backDisposition=0
09-19 15:14:57.906 I/IntentController( 1159): receive(android.intent.action.CLOSE_SYSTEM_DIALOGS,1,false)
09-19 15:14:57.906 I/CVW     ( 1446): Dismiss CandidateViewWindow WCLID:0
09-19 15:14:57.906 E/MP-Decision( 2260): Update arg "0 380 380 380".
09-19 15:14:57.906 E/MP-Decision( 2260): Update arg "0 400 400 400".
09-19 15:14:57.906 I/ActivityManager(  865): START u0 {act=android.intent.action.MAIN cat=[android.intent.category.HOME] flg=0x10200000 cmp=com.htc.launcher/.Launcher} from uid 1000 pid 865 on display 0
09-19 15:14:57.926 I/PhoneStatusBar( 1159): setImeWindowStatus(false,false)
09-19 15:14:57.926 D/PMS     (  865): acquireWL(396ccf76): PARTIAL_WAKE_LOCK  ActivityManager-Launch 0x1 865 1000 null
09-19 15:14:57.946 W/HtcSystemUPManager(  865): HtcSystemUPHandler The policy is disabled. AppId: activity_history, category: launch
09-19 15:14:57.986 I/FeedHostManager( 1595): [onResume]
09-19 15:14:57.986 I/FeedProviderManager( 1595): onResume
09-19 15:14:57.986 I/SocialFeedProvider( 1595): +onResume
09-19 15:14:57.986 I/SocialFeedProvider( 1595): updateAccounts - Accounts is no change
09-19 15:14:57.986 I/SocialFeedProvider( 1595): -onResume
09-19 15:14:57.986 W/m       (19176): [TiclService] Ticl being stopped: Client: <ApplicationClientIdP: client_type=1018 client_name=fe3c5b90-0ccf-4fa6-8bee-a86cee635052>, \n\006\n\004\010\003\020\001\022\022\tz\2413H\270|b\225\021\210K\005\377\212}B5\032\007\010\213,\020\003\030\001, <RunState: 2>
09-19 15:14:57.996 D/StatusBarManagerService(  865): setSystemUiVisibility(0x8700)
09-19 15:14:57.996 D/StatusBarManagerService(  865): manageDisableList userId=0 what=0x0 pkg=WindowManager.LayoutParams
09-19 15:14:57.996 D/StatusBarManagerService(  865): hiding MENU key
09-19 15:14:58.006 I/ThreadedRenderer( 1595): Defer allocateBuffers to drawing time
