W/ContextImpl(  867): Calling a method in the system process without a qualified user: android.app.ContextImpl.sendBroadcast:1433 com.android.server.wifi.WifiStateMachine.sendDongleScanResultsAvailableBroadcast:13993 com.android.server.wifi.WifiStateMachine.handleMediaLinkEvent:14158 com.android.server.wifi.WifiStateMachine.access$5400:265 com.android.server.wifi.WifiStateMachine$SupplicantStartedState.processMessage:7952 
E/WifiTrafficPoller(  867):  packet count Tx=1008311 Rx=1610315
D/wpa_supplicant(24155): Wireless event: cmd=0x8b19 len=8
D/wpa_supplicant(24155): RTM_NEWLINK: ifi_index=24 ifname=wlan0 wext ifi_flags=0x11043 ([UP][RUNNING][LOWER_UP])
D/wpa_supplicant(24155): nl80211: Drv Event 34 (NL80211_CMD_NEW_SCAN_RESULTS) received for wlan0
D/wpa_supplicant(24155): wlan0: nl80211: New scan results available
D/wpa_supplicant(24155): nl80211: Scan included frequencies: 2412 2417 2422 2427 2432 2437 2442 2447 2452 2457 2462 5180 5200 5220 5240 5260 5280 5300 5320 5500 5520 5540 5560 5580 5660 5680 5700 5745 5765 5785 5805 5825
D/wpa_supplicant(24155): wlan0: Event SCAN_RESULTS (3) received
I/wpa_supplicant(24155): Got an original EVENT_SCAN_RESULTS
D/wpa_supplicant(24155): wlan0: Scan completed in 1.963999 seconds
D/wpa_supplicant(24155): nl80211: Associated on 2462 MHz
D/wpa_supplicant(24155): nl80211: Associated with 00:1c:7b:f9:8b:bc
D/wpa_supplicant(24155): nl80211: Received scan results (12 BSSes)
D/wpa_supplicant(24155): nl80211: Scan results indicate BSS status with 00:1c:7b:f9:8b:bc as associated
I/wpa_supplicant(24155): [NULL] 00:1c:7b:f9:8b:bc freq=2462 level=-57
I/wpa_supplicant(24155): [NULL] b4:75:0e:cb:59:a7 freq=2447 level=-60
I/wpa_supplicant(24155): [NULL] b4:75:0e:cb:59:a8 freq=5180 level=-72
I/wpa_supplicant(24155): [NULL] 90:72:40:1a:c6:0a freq=2462 level=-73
I/wpa_supplicant(24155): [NULL] 90:72:40:1a:c6:0b freq=5745 level=-85
I/wpa_supplicant(24155): [NULL] f8:0b:be:1f:b0:a0 freq=2412 level=-82
I/wpa_supplicant(24155): [NULL] 20:aa:4b:a0:45:d4 freq=2442 level=-85
I/wpa_supplicant(24155): [NULL] a4:2b:8c:e7:29:88 freq=2427 level=-91
I/wpa_supplicant(24155): [NULL] b4:75:0e:a3:4a:ec freq=2437 level=-91
I/wpa_supplicant(24155): [NULL] 84:c9:b2:66:1c:44 freq=2462 level=-91
I/wpa_supplicant(24155): [NULL] c8:b3:73:51:54:12 freq=2437 level=-93
I/wpa_supplicant(24155): [NULL] 08:86:3b:64:b7:16 freq=2427 level=-95
D/wpa_supplicant(24155): wlan0: BSS: Start scan result update 311
D/wpa_supplicant(24155): wlan0: BSS: Add new id 875 BSSID 90:72:40:1a:c6:0b SSID 'Baba's Space 5GHz'
D/wpa_supplicant(24155): wlan0: BSS: Add new id 876 BSSID a4:2b:8c:e7:29:88 SSID 'APT501'
D/wpa_supplicant(24155): wlan0: BSS: Add new id 877 BSSID 08:86:3b:64:b7:16 SSID 'zoom-nt'
D/wpa_supplicant(24155): BSS: last_scan_res_used=12/128
D/wpa_supplicant(24155): wlan0: Scan-only results received
D/wpa_supplicant(24155): wlan0: Radio work 'scan'@0xb865c8c8 done in 1.976866 seconds
D/WifiMonitor(  867): Event [IFNAME=wlan0 CTRL-EVENT-BSS-ADDED 875 90:72:40:1a:c6:0b]
D/Tethering(  867): interfaceLinkStateChanged wlan0, true
D/Tethering(  867): interfaceStatusChanged wlan0, true
E/WifiStateMachine(  867): WiFiDisplay: getWifidisplayApEnabled=false
D/WifiMonitor(  867): Event [IFNAME=wlan0 CTRL-EVENT-BSS-ADDED 876 a4:2b:8c:e7:29:88]
D/WifiMonitor(  867): Event [IFNAME=wlan0 CTRL-EVENT-BSS-ADDED 877 08:86:3b:64:b7:16]
E/WifiMonitor(  867): WifiMonitor:wlan0 cnt=36242 dispatchEvent: CTRL-EVENT-SCAN-RESULTS 
E/WifiMonitor(  867): handleEvent 4  CTRL-EVENT-SCAN-RESULTS 
E/WifiStateMachine(  867): handleMessage: E msg.what=147461
E/WifiStateMachine(  867): processMsg: ConnectedState
E/WifiStateMachine(  867):  ConnectedState !SCAN_RESULTS_EVENT 0 0 found=11 known=1 got=11 bcn=0
E/WifiStateMachine(  867): processMsg: L2ConnectedState
E/WifiStateMachine(  867):  L2ConnectedState !SCAN_RESULTS_EVENT 0 0 found=11 known=1 got=11 bcn=0
E/WifiStateMachine(  867): processMsg: ConnectModeState
E/WifiStateMachine(  867):  ConnectModeState !SCAN_RESULTS_EVENT 0 0 found=11 known=1 got=11 bcn=0
E/WifiStateMachine(  867): processMsg: DriverStartedState
E/WifiStateMachine(  867):  DriverStartedState !SCAN_RESULTS_EVENT 0 0 found=11 known=1 got=11 bcn=0
E/WifiStateMachine(  867): processMsg: SupplicantStartedState
E/WifiStateMachine(  867):  SupplicantStartedState !SCAN_RESULTS_EVENT 0 0 found=11 known=1 got=11 bcn=0
D/WifiStateMachine(  867): [MLHD] enter handleMediaLinkEvent SupplicantStartedState
W/WifiHW  (  867): QCOM Debug wifi_send_command "IFNAME=wlan0 LIST_DONGLES"
D/wpa_supplicant(24155): wlan0: Control interface command 'LIST_DONGLES'
E/WifiStateMachine(  867): [1,442,089,483,243 ms] noteScanEnd no scan source
W/WifiHW  (  867): QCOM Debug wifi_send_command "IFNAME=wlan0 BSS RANGE=0- MASK=0x21987"
D/wpa_supplicant(24155): wlan0: Control interface command 'BSS RANGE=0- MASK=0x21987'
E/WifiStateMachine(  867): wifi setScanResults statecom.android.server.wifi.WifiStateMachine$ConnectedState@27571602 sup_state=COMPLETED debouncing=false
E/WifiAutoJoinController (  867): get_your_own_wifi 00:1c:7b:f9:8b:bc rssi=-57 cap [WPA-PSK-CCMP+TKIP][WPA2-PSK-CCMP+TKIP][WPS][ESS] is not scored
E/WifiConfigStore(  867): updateSavedNetworkHistory(): try "get_your_own_wifi"WPA_PSK SSID="get_your_own_wifi" get_your_own_wifi [WPA-PSK-CCMP+TKIP][WPA2-PSK-CCMP+TKIP][WPS][ESS] ajst=0
E/WifiConfigStore(  867): updateSavedNetworkHistory: HTC improve mode
E/WifiConfigStore(  867):         got known scan result 00:1c:7b:f9:8b:bc key : "get_your_own_wifi"WPA_PSK num: 1 rssi=-57 freq=2462 status=16
E/WifiAutoJoinController (  867): Linksys34799 #2 b4:75:0e:cb:59:a7 rssi=-60 cap [WPA-PSK-CCMP+TKIP][WPA2-PSK-CCMP+TKIP][WPS][ESS] is not scored
E/WifiAutoJoinController (  867): Linksys34799 b4:75:0e:cb:59:a8 rssi=-72 cap [WPA-PSK-CCMP+TKIP][WPA2-PSK-CCMP+TKIP][WPS][ESS] is not scored
E/WifiAutoJoinController (  867): Baba's Space 90:72:40:1a:c6:0a rssi=-73 cap [WPA2-PSK-CCMP][ESS] is not scored
E/WifiAutoJoinController (  867): ATT576 f8:0b:be:1f:b0:a0 rssi=-82 cap [WPA-PSK-CCMP+TKIP][WPA2-PSK-CCMP+TKIP][ESS] is not scored
E/WifiAutoJoinController (  867): Aquarius86 58:6d:8f:b3:db:17 rssi=-86 cap [WPA2-PSK-CCMP][WPS][ESS] is not scored
E/WifiAutoJoinController (  867): princess786 20:aa:4b:a0:45:d4 rssi=-85 cap [WPA-PSK-CCMP+TKIP][WPA2-PSK-CCMP+TKIP][WPS][ESS] is not scored
E/WifiAutoJoinController (  867): John b4:75:0e:a3:4a:ec rssi=-91 cap [WPA-PSK-CCMP+TKIP][WPA2-PSK-CCMP+TKIP][WPS][ESS] is not scored
E/WifiAutoJoinController (  867): Qk b4:75:0e:d3:2e:3e rssi=-90 cap [WPA2-PSK-CCMP][WPS][ESS] is not scored
E/WifiAutoJoinController (  867): India 1947 c8:b3:73:51:54:12 rssi=-93 cap [WPA2-PSK-CCMP][WPS][ESS] is not scored
E/WifiAutoJoinController (  867): Skyfall 84:c9:b2:66:1c:44 rssi=-91 cap [WPA-PSK-CCMP+TKIP][WPS][ESS] is not scored
E/WifiAutoJoinController (  867): Baba's Space 5GHz 90:72:40:1a:c6:0b rssi=-85 cap [WPA2-PSK-CCMP][ESS] is not scored
E/WifiAutoJoinController (  867): APT501 a4:2b:8c:e7:29:88 rssi=-91 cap [WPA2-PSK-CCMP][WPS][ESS] is not scored
E/WifiAutoJoinController (  867): zoom-nt 08:86:3b:64:b7:16 rssi=-95 cap [WPA-PSK-CCMP][WPA2-PSK-CCMP][WPS][ESS] is not scored
E/WifiAutoJoinController (  867): ageScanResultsOut delay 40000 size 14 now 1442089483290
E/WifiAutoJoinController (  867): newSupplicantResults size=14 known=1 true
W/WifiHW  (  867): QCOM Debug wifi_send_command "IFNAME=wlan0 STATUS-NO_EVENTS"
D/wpa_supplicant(24155): wlan0: Control interface command 'STATUS-NO_EVENTS'
E/WifiAutoJoinController (  867): attemptAutoJoin() status=bssid=00:1c:7b:f9:8b:bc
E/WifiAutoJoinController (  867): ssid=get_your_own_wifi
E/WifiAutoJoinController (  867): id=1
E/WifiAutoJoinController (  867): mode=station
E/WifiAutoJoinController (  867): pairwise_cipher=CCMP
E/WifiAutoJoinController (  867): group_cipher=TKIP
E/WifiAutoJoinController (  867): key_mgmt=WPA2-PSK
E/WifiAutoJoinController (  867): wpa_state=COMPLETED
E/WifiAutoJoinController (  867): ip_address=192.168.0.28
E/WifiAutoJoinController (  867): p2p_device_address=2e:8a:72:ba:32:dd
E/WifiAutoJoinController (  867): address=XX:XX:XX:XX:XX:XX
E/WifiAutoJoinController (  867): uuid=12345678-9abc-def0-1234-56789abcdef1 split=12
E/WifiAutoJoinController (  867): attemptAutoJoin() num recent config 1 current="get_your_own_wifi"WPA_PSK ---> suppNetId=1
E/WifiAutoJoinController (  867): attemptAutoJoin good candidate seen, bumped hard -> status=0 "get_your_own_wifi"WPA_PSK rssi=(-57,-127) num=(1,0)
E/WifiAutoJoinController (  867): attemptAutoJoin skip current candidate  1 key "get_your_own_wifi"WPA_PSK
D/HtcWifiControlRoamOffload: (  867): roamCandidate: nullcurrentBSSID: 00:1c:7b:f9:8b:bc
E/WifiStateMachine(  867): WiFiDisplay: getWifidisplayApEnabled=false
E/WifiAutoJoinController (  867): Done attemptAutoJoin status=0
E/WifiConfigStore(  867):  writeKnownNetworkHistory() num networks:7 needWrite=false
E/WifiStateMachine(  867): handleMessage: X
D/WirelessDisplayService(  867): getDiscoveryDongleList
D/WirelessDisplayService(  867): getDiscoveryDongleList
D/WifiManager( 2213): getScanResults: Base Package Name=com.google.android.gms, uid=10033
D/HtcWifiControlRoamOffload: (  867): Receive mPhoneStateListener
D/TelephonyCallback( 1158): SignalStrength: 4
D/HtcWifiControlRoamOffload: (  867): Receive mPhoneStateListener, getGsmSignalStrength99
D/SIGNAL_ICON( 1158): level=4/5
D/StatusBar.NetworkController( 1158): dumpIcon[stat_sys_data_4g_lte_connected stat_sys_5signal_4|null stat_sys_wifi_signal_connected_4 (gone) F]
E/WifiTrafficPoller(  867): TRAFFIC_STATS_POLL true Token 1428 num clients 20
E/WifiTrafficPoller(  867):  packet count Tx=1008311 Rx=1610315
E/WifiTrafficPoller(  867): TRAFFIC_STATS_POLL true Token 1428 num clients 20
E/WifiTrafficPoller(  867):  packet count Tx=1008311 Rx=1610315
E/WifiStateMachine(  867): handleMessage: E msg.what=131155
E/WifiStateMachine(  867): processMsg: ConnectedState
E/WifiStateMachine(  867):  ConnectedState !CMD_RSSI_POLL 353 0 "get_your_own_wifi" 00:1c:7b:f9:8b:bc rssi=-57 f=2462 sc=60 link=72 tx=0.6, 0.0, 0.0  rx=0.6 bcn=0 [on:0 tx:0 rx:0 period:3002] from screen [on:0 period:-1019525450] gl hn u24 rssi=-52 ag=0 hr ls-=0 [56,56,56,56,61] brc=0 lrc=0
E/WifiStateMachine(  867): processMsg: L2ConnectedState
E/WifiStateMachine(  867):  L2ConnectedState !CMD_RSSI_POLL 353 0 "get_your_own_wifi" 00:1c:7b:f9:8b:bc rssi=-57 f=2462 sc=60 link=72 tx=0.6, 0.0, 0.0  rx=0.6 bcn=0 [on:0 tx:0 rx:0 period:5] from screen [on:0 period:-1019525445] gl hn u24 rssi=-52 ag=0 hr ls-=0 [56,56,56,56,61] brc=0 lrc=0
E/WifiStateMachine(  867):  get link layer stats 0
W/WifiHW  (  867): QCOM Debug wifi_send_command "IFNAME=wlan0 SIGNAL_POLL"
D/wpa_supplicant(24155): wlan0: Control interface command 'SIGNAL_POLL'
D/WIFI_ICON( 1158): updateWifiState: RSSI_CHANGED 3 -> 3
E/WifiDataStallTracker(  867): DATA_MONITOR_POLL true Token 394
D/StatusBar.NetworkController( 1158): dumpIcon[stat_sys_data_4g_lte_connected stat_sys_5signal_4|null stat_sys_wifi_signal_connected_4 (gone) F]
I/wpa_supplicant(24155): environment dirty rate=0 [0][0][0]
E/WifiStateMachine(  867): fetchRssiLinkSpeedAndFrequencyNative RSSI = -55 abnormalRssiCnt = 0 newLinkSpeed = 72
E/WifiStateMachine(  867): fetchRssiLinkSpeedAndFrequencyNative rssi=-55 linkspeed=72
E/WifiConfigStore(  867): updateConfiguration freq=2462 BSSID=00:1c:7b:f9:8b:bc RSSI=-55 "get_your_own_wifi"WPA_PSK
E/WifiStateMachine(  867): calculateWifiScore freq=2462 speed=72 score=60 highRSSI  -> txbadrate=0.00 txgoodrate=0.29 txretriesrate=0.00 rxrate=0.31 userTriggerdPenalty0
E/WifiStateMachine(  867):  good link -> stuck count =0
E/WifiStateMachine(  867):  badRSSI count0 lowRSSI count0 --> score 56
E/WifiStateMachine(  867):  isHighRSSI       ---> score=61
D/WifiDataStallTracker(  867): updateDataStallInfo: mDataStallTxRxSum={txSum=917568 rxSum=1484200} preTxRxSum={txSum=917568 rxSum=1484200}
D/WifiWatchdogStateMachine(  867): RSSI current: 3 new: -55, 3
E/WifiStateMachine(  867): handleMessage: X
D/WifiDataStallTracker(  867): updateDataStallInfo: NONE
D/WifiDataStallTracker(  867): onDataStallAlarm: Sent 0 pkts since last received, < watchdogTrigger=5
E/WifiTrafficPoller(  867): TRAFFIC_STATS_POLL true Token 1428 num clients 20
E/WifiTrafficPoller(  867):  packet count Tx=1008311 Rx=1610315
W/ActivityManager(  867): getTasks: caller 10009 is using old GET_TASKS but privileged; allowing
E/WifiTrafficPoller(  867): TRAFFIC_STATS_POLL true Token 1428 num clients 20
E/WifiTrafficPoller(  867):  packet count Tx=1008311 Rx=1610315
E/WifiTrafficPoller(  867): TRAFFIC_STATS_POLL true Token 1428 num clients 20
E/WifiTrafficPoller(  867):  packet count Tx=1008311 Rx=1610315
D/HtcWifiControlRoamOffload: (  867): Receive mPhoneStateListener
D/TelephonyCallback( 1158): SignalStrength: 4
D/HtcWifiControlRoamOffload: (  867): Receive mPhoneStateListener, getGsmSignalStrength99
D/SIGNAL_ICON( 1158): level=4/5
D/StatusBar.NetworkController( 1158): dumpIcon[stat_sys_data_4g_lte_connected stat_sys_5signal_4|null stat_sys_wifi_signal_connected_4 (gone) F]
E/WifiStateMachine(  867): handleMessage: E msg.what=131155
E/WifiStateMachine(  867): processMsg: ConnectedState
E/WifiStateMachine(  867):  ConnectedState !CMD_RSSI_POLL 353 0 "get_your_own_wifi" 00:1c:7b:f9:8b:bc rssi=-55 f=2462 sc=60 link=72 tx=0.3, 0.0, 0.0  rx=0.3 bcn=0 [on:0 tx:0 rx:0 period:2996] from screen [on:0 period:-1019522398] gl hn u24 rssi=-50 ag=0 hr ls-=0 [56,56,56,56,61] brc=0 lrc=0
E/WifiStateMachine(  867): processMsg: L2ConnectedState
E/WifiStateMachine(  867):  L2ConnectedState !CMD_RSSI_POLL 353 0 "get_your_own_wifi" 00:1c:7b:f9:8b:bc rssi=-55 f=2462 sc=60 link=72 tx=0.3, 0.0, 0.0  rx=0.3 bcn=0 [on:0 tx:0 rx:0 period:5] from screen [on:0 period:-1019522393] gl hn u24 rssi=-50 ag=0 hr ls-=0 [56,56,56,56,61] brc=0 lrc=0
E/WifiStateMachine(  867):  get link layer stats 0
W/WifiHW  (  867): QCOM Debug wifi_send_command "IFNAME=wlan0 SIGNAL_POLL"
D/wpa_supplicant(24155): wlan0: Control interface command 'SIGNAL_POLL'
I/wpa_supplicant(24155): environment dirty rate=0 [0][0][0]
D/WIFI_ICON( 1158): updateWifiState: RSSI_CHANGED 3 -> 3
E/WifiStateMachine(  867): fetchRssiLinkSpeedAndFrequencyNative RSSI = -53 abnormalRssiCnt = 0 newLinkSpeed = 72
D/StatusBar.NetworkController( 1158): dumpIcon[stat_sys_data_4g_lte_connected stat_sys_5signal_4|null stat_sys_wifi_signal_connected_4 (gone) F]
E/WifiStateMachine(  867): fetchRssiLinkSpeedAndFrequencyNative rssi=-53 linkspeed=72
E/WifiConfigStore(  867): updateConfiguration freq=2462 BSSID=00:1c:7b:f9:8b:bc RSSI=-53 "get_your_own_wifi"WPA_PSK
E/WifiStateMachine(  867): calculateWifiScore freq=2462 speed=72 score=60 highRSSI  -> txbadrate=0.00 txgoodrate=0.15 txretriesrate=0.00 rxrate=0.15 userTriggerdPenalty0
E/WifiStateMachine(  867):  good link -> stuck count =0
E/WifiStateMachine(  867):  badRSSI count0 lowRSSI count0 --> score 56
E/WifiStateMachine(  867):  isHighRSSI       ---> score=61
D/WifiWatchdogStateMachine(  867): RSSI current: 3 new: -53, 3
E/WifiStateMachine(  867): handleMessage: X
E/WifiTrafficPoller(  867): TRAFFIC_STATS_POLL true Token 1428 num clients 20
E/WifiTrafficPoller(  867):  packet count Tx=1008311 Rx=1610315
E/WifiTrafficPoller(  867): TRAFFIC_STATS_POLL true Token 1428 num clients 20
E/WifiTrafficPoller(  867):  packet count Tx=1008311 Rx=1610315
E/WifiDataStallTracker(  867): DATA_MONITOR_POLL true Token 394
D/WifiDataStallTracker(  867): updateDataStallInfo: mDataStallTxRxSum={txSum=917568 rxSum=1484200} preTxRxSum={txSum=917568 rxSum=1484200}
D/WifiDataStallTracker(  867): updateDataStallInfo: NONE
D/WifiDataStallTracker(  867): onDataStallAlarm: Sent 0 pkts since last received, < watchdogTrigger=5
E/WifiTrafficPoller(  867): TRAFFIC_STATS_POLL true Token 1428 num clients 20
E/WifiTrafficPoller(  867):  packet count Tx=1008311 Rx=1610315
W/ActivityManager(  867): getTasks: caller 10009 is using old GET_TASKS but privileged; allowing
E/WifiStateMachine(  867): handleMessage: E msg.what=131155
E/WifiStateMachine(  867): processMsg: ConnectedState
E/WifiStateMachine(  867):  ConnectedState !CMD_RSSI_POLL 353 0 "get_your_own_wifi" 00:1c:7b:f9:8b:bc rssi=-53 f=2462 sc=60 link=72 tx=0.1, 0.0, 0.0  rx=0.2 bcn=0 [on:0 tx:0 rx:0 period:3003] from screen [on:0 period:-1019519362] gl hn u24 rssi=-48 ag=0 hr ls-=0 [56,56,56,56,61] brc=0 lrc=0
E/WifiStateMachine(  867): processMsg: L2ConnectedState
E/WifiStateMachine(  867):  L2ConnectedState !CMD_RSSI_POLL 353 0 "get_your_own_wifi" 00:1c:7b:f9:8b:bc rssi=-53 f=2462 sc=60 link=72 tx=0.1, 0.0, 0.0  rx=0.2 bcn=0 [on:0 tx:0 rx:0 period:2] from screen [on:0 period:-1019519360] gl hn u24 rssi=-48 ag=0 hr ls-=0 [56,56,56,56,61] brc=0 lrc=0
E/WifiStateMachine(  867):  get link layer stats 0
W/WifiHW  (  867): QCOM Debug wifi_send_command "IFNAME=wlan0 SIGNAL_POLL"
D/wpa_supplicant(24155): wlan0: Control interface command 'SIGNAL_POLL'
I/wpa_supplicant(24155): environment dirty rate=0 [0][0][0]
D/WIFI_ICON( 1158): updateWifiState: RSSI_CHANGED 3 -> 3
E/WifiStateMachine(  867): fetchRssiLinkSpeedAndFrequencyNative RSSI = -55 abnormalRssiCnt = 0 newLinkSpeed = 72
D/StatusBar.NetworkController( 1158): dumpIcon[stat_sys_data_4g_lte_connected stat_sys_5signal_4|null stat_sys_wifi_signal_connected_4 (gone) F]
E/WifiStateMachine(  867): fetchRssiLinkSpeedAndFrequencyNative rssi=-55 linkspeed=72
E/WifiConfigStore(  867): updateConfiguration freq=2462 BSSID=00:1c:7b:f9:8b:bc RSSI=-54 "get_your_own_wifi"WPA_PSK
E/WifiStateMachine(  867): calculateWifiScore freq=2462 speed=72 score=60 highRSSI  -> txbadrate=0.00 txgoodrate=0.07 txretriesrate=0.00 rxrate=0.08 userTriggerdPenalty0
E/WifiStateMachine(  867):  good link -> stuck count =0
E/WifiStateMachine(  867):  badRSSI count0 lowRSSI count0 --> score 56
E/WifiStateMachine(  867):  isHighRSSI       ---> score=61
D/WifiWatchdogStateMachine(  867): RSSI current: 3 new: -55, 3
E/WifiStateMachine(  867): handleMessage: X
E/WifiTrafficPoller(  867): TRAFFIC_STATS_POLL true Token 1428 num clients 20
E/WifiTrafficPoller(  867):  packet count Tx=1008311 Rx=1610315
E/WifiTrafficPoller(  867): TRAFFIC_STATS_POLL true Token 1428 num clients 20
E/WifiTrafficPoller(  867):  packet count Tx=1008311 Rx=1610315
D/AutoSetting( 7676): service - handleMessage() stop self
D/AutoSetting( 7676): service - onDestroy() END
D/Process (  867): killProcessQuiet, pid=3905
I/ActivityManager(  867): Killing 3905:com.gaana/u0a231 (adj 15): empty #17
D/Process (  867): com.android.server.am.ProcessRecord.kill:573 com.android.server.am.ActivityManagerService.updateOomAdjLocked:18856 com.android.server.am.ActivityManagerService.updateOomAdjLocked:18699 
D/AutoSetting( 7676): service - handleMessage() quit looper
I/ActivityManager(  867): Recipient 3905
E/WifiTrafficPoller(  867): TRAFFIC_STATS_POLL true Token 1428 num clients 20
E/WifiTrafficPoller(  867):  packet count Tx=1008311 Rx=1610315
E/WifiStateMachine(  867): handleMessage: E msg.what=131155
E/WifiStateMachine(  867): processMsg: ConnectedState
E/WifiStateMachine(  867):  ConnectedState !CMD_RSSI_POLL 353 0 "get_your_own_wifi" 00:1c:7b:f9:8b:bc rssi=-55 f=2462 sc=60 link=72 tx=0.1, 0.0, 0.0  rx=0.1 bcn=0 [on:0 tx:0 rx:0 period:3002] from screen [on:0 period:-1019516329] gl hn u24 rssi=-50 ag=0 hr ls-=0 [56,56,56,56,61] brc=0 lrc=0
E/WifiStateMachine(  867): processMsg: L2ConnectedState
E/WifiStateMachine(  867):  L2ConnectedState !CMD_RSSI_POLL 353 0 "get_your_own_wifi" 00:1c:7b:f9:8b:bc rssi=-55 f=2462 sc=60 link=72 tx=0.1, 0.0, 0.0  rx=0.1 bcn=0 [on:0 tx:0 rx:0 period:4] from screen [on:0 period:-1019516325] gl hn u24 rssi=-50 ag=0 hr ls-=0 [56,56,56,56,61] brc=0 lrc=0
E/WifiStateMachine(  867):  get link layer stats 0
W/WifiHW  (  867): QCOM Debug wifi_send_command "IFNAME=wlan0 SIGNAL_POLL"
D/wpa_supplicant(24155): wlan0: Control interface command 'SIGNAL_POLL'
I/wpa_supplicant(24155): environment dirty rate=0 [0][0][0]
D/WIFI_ICON( 1158): updateWifiState: RSSI_CHANGED 3 -> 3
E/WifiStateMachine(  867): fetchRssiLinkSpeedAndFrequencyNative RSSI = -55 abnormalRssiCnt = 0 newLinkSpeed = 72
D/StatusBar.NetworkController( 1158): dumpIcon[stat_sys_data_4g_lte_connected stat_sys_5signal_4|null stat_sys_wifi_signal_connected_4 (gone) F]
E/WifiStateMachine(  867): fetchRssiLinkSpeedAndFrequencyNative rssi=-55 linkspeed=72
E/WifiConfigStore(  867): updateConfiguration freq=2462 BSSID=00:1c:7b:f9:8b:bc RSSI=-54 "get_your_own_wifi"WPA_PSK
E/WifiStateMachine(  867): calculateWifiScore freq=2462 speed=72 score=60 highRSSI  -> txbadrate=0.00 txgoodrate=0.04 txretriesrate=0.00 rxrate=0.04 userTriggerdPenalty0
E/WifiStateMachine(  867):  good link -> stuck count =0
E/WifiStateMachine(  867):  badRSSI count0 lowRSSI count0 --> score 56
E/WifiStateMachine(  867):  isHighRSSI       ---> score=61
D/WifiWatchdogStateMachine(  867): RSSI current: 3 new: -55, 3
E/WifiStateMachine(  867): handleMessage: X
E/WifiTrafficPoller(  867): TRAFFIC_STATS_POLL true Token 1428 num clients 20
E/WifiTrafficPoller(  867):  packet count Tx=1008311 Rx=1610315
D/PMS     (  867): acquireWL(a2c589): PARTIAL_WAKE_LOCK  BatteryServiceUpdateStats_3 0x1 867 1000 null
D/UsbnetService(  867): BroadcastReceiver::onReceive+
D/UsbnetService(  867): onReceive BATTERY_CHANGED
I/BatteryService(  867): n_update end
D/UsbnetService(  867):  --> pluggedType = 2, mPluggedType = 0, mScreenOff = false
D/NotificationService(  867): plugged=true pluggin=true
D/UsbnetService(  867): BroadcastReceiver::onReceive-
D/WifiController(  867): battery changed pluggedType: 2
D/WifiController(  867): handleMessage: E msg.what=155652
D/PowerUI ( 1158): closing low battery warning: level=100
D/WifiController(  867): processMsg: DeviceActiveState
D/PowerUI ( 1158): plugged = true, health = 2, mBatteryLevel = 100, mPluggedBatteryLevel = 100, mLowBatteryWarningLevel2 = 25, mshowLowChargingWarning2 = true
D/WifiController(  867): processMsg: StaEnabledState
D/HtcPowerSaver(  867): updateBatteryInfo
D/WifiController(  867): processMsg: DefaultState
D/PMS     (  867): runPSCheck
D/WifiController(  867): handleMessage: X
D/HtcPowerSaver(  867): Checking...
D/DotMatrix( 1315): [EventService] reorderCurrEventType, mCurrentEventType = 1000, version:1.3
I/HtcPowerSaver(  867): >> updateStatus
D/DotMatrix( 1315): [EventService] reorderCurrEventType, mCurrentEventType = 1000, version:1.3
I/HtcPowerSaver(  867): updateStatus (8000,100,-1,false,false,false,-1)
I/IntentController( 1158): receive(android.intent.action.BATTERY_CHANGED,1,false)
I/HtcPowerSaver(  867): << updateStatus
D/DotMatrix( 1315): [EventService] checkEventUpdateCondition, bCheckCondition:false, mCoverOn:false
D/PMS     (  867): releaseWL(a2c589): PARTIAL_WAKE_LOCK  BatteryServiceUpdateStats_3 0x1 null
E/WifiDataStallTracker(  867): DATA_MONITOR_POLL true Token 394
D/WifiDataStallTracker(  867): updateDataStallInfo: mDataStallTxRxSum={txSum=917568 rxSum=1484200} preTxRxSum={txSum=917568 rxSum=1484200}
D/WifiDataStallTracker(  867): updateDataStallInfo: NONE
D/WifiDataStallTracker(  867): onDataStallAlarm: Sent 0 pkts since last received, < watchdogTrigger=5
D/BatteryManager( 2101): ***Receiving Battery Change 100.0% ***
W/ctxmgr  ( 2213): [PowerConnectionState]Got same value as before for power connection (Plug state: 2 BatteryLevel: 1.0)
I/BatteryController( 1158): status:5 level:100 unsupport:false plugged:true
E/WifiTrafficPoller(  867): TRAFFIC_STATS_POLL true Token 1428 num clients 20
E/WifiTrafficPoller(  867):  packet count Tx=1008311 Rx=1610315
W/ActivityManager(  867): getTasks: caller 10009 is using old GET_TASKS but privileged; allowing
E/WifiTrafficPoller(  867): TRAFFIC_STATS_POLL true Token 1428 num clients 20
E/WifiTrafficPoller(  867):  packet count Tx=1008311 Rx=1610315
E/WifiStateMachine(  867): handleMessage: E msg.what=131155
E/WifiStateMachine(  867): processMsg: ConnectedState
E/WifiStateMachine(  867):  ConnectedState !CMD_RSSI_POLL 353 0 "get_your_own_wifi" 00:1c:7b:f9:8b:bc rssi=-55 f=2462 sc=60 link=72 tx=0.0, 0.0, 0.0  rx=0.0 bcn=0 [on:0 tx:0 rx:0 period:3001] from screen [on:0 period:-1019513282] gl hn u24 rssi=-50 ag=0 hr ls-=0 [56,56,56,56,61] brc=0 lrc=0
E/WifiStateMachine(  867): processMsg: L2ConnectedState
E/WifiStateMachine(  867):  L2ConnectedState !CMD_RSSI_POLL 353 0 "get_your_own_wifi" 00:1c:7b:f9:8b:bc rssi=-55 f=2462 sc=60 link=72 tx=0.0, 0.0, 0.0  rx=0.0 bcn=0 [on:0 tx:0 rx:0 period:5] from screen [on:0 period:-1019513277] gl hn u24 rssi=-50 ag=0 hr ls-=0 [56,56,56,56,61] brc=0 lrc=0
E/WifiStateMachine(  867):  get link layer stats 0
W/WifiHW  (  867): QCOM Debug wifi_send_command "IFNAME=wlan0 SIGNAL_POLL"
D/wpa_supplicant(24155): wlan0: Control interface command 'SIGNAL_POLL'
I/wpa_supplicant(24155): environment dirty rate=0 [0][0][0]
D/WIFI_ICON( 1158): updateWifiState: RSSI_CHANGED 3 -> 3
E/WifiStateMachine(  867): fetchRssiLinkSpeedAndFrequencyNative RSSI = -54 abnormalRssiCnt = 0 newLinkSpeed = 72
D/StatusBar.NetworkController( 1158): dumpIcon[stat_sys_data_4g_lte_connected stat_sys_5signal_4|null stat_sys_wifi_signal_connected_4 (gone) F]
E/WifiStateMachine(  867): fetchRssiLinkSpeedAndFrequencyNative rssi=-54 linkspeed=72
E/WifiConfigStore(  867): updateConfiguration freq=2462 BSSID=00:1c:7b:f9:8b:bc RSSI=-54 "get_your_own_wifi"WPA_PSK
E/WifiStateMachine(  867): calculateWifiScore freq=2462 speed=72 score=60 highRSSI  -> txbadrate=0.00 txgoodrate=0.02 txretriesrate=0.00 rxrate=0.52 userTriggerdPenalty0
E/WifiStateMachine(  867):  good link -> stuck count =0
E/WifiStateMachine(  867):  badRSSI count0 lowRSSI count0 --> score 56
E/WifiStateMachine(  867):  isHighRSSI       ---> score=61
D/WifiWatchdogStateMachine(  867): RSSI current: 3 new: -54, 3
E/WifiStateMachine(  867): handleMessage: X
E/WifiTrafficPoller(  867): TRAFFIC_STATS_POLL true Token 1428 num clients 20
D/WIFI_ICON( 1158): WifiActivity: 1
E/WifiTrafficPoller(  867):  packet count Tx=1008311 Rx=1610316
D/StatusBar.NetworkController( 1158): dumpIcon[stat_sys_data_4g_lte_connected stat_sys_5signal_4|null stat_sys_wifi_signal_in_4 (gone) F]
E/WifiTrafficPoller(  867): notifying of data activity 1
D/HtcWifiControlRoamOffload: (  867): Receive mPhoneStateListener
D/TelephonyCallback( 1158): SignalStrength: 4
D/HtcWifiControlRoamOffload: (  867): Receive mPhoneStateListener, getGsmSignalStrength99
D/SIGNAL_ICON( 1158): level=4/5
D/StatusBar.NetworkController( 1158): dumpIcon[stat_sys_data_4g_lte_connected stat_sys_5signal_4|null stat_sys_wifi_signal_in_4 (gone) F]
E/WifiTrafficPoller(  867): TRAFFIC_STATS_POLL true Token 1428 num clients 20
D/WIFI_ICON( 1158): WifiActivity: 0
E/WifiTrafficPoller(  867):  packet count Tx=1008311 Rx=1610316
D/StatusBar.NetworkController( 1158): dumpIcon[stat_sys_data_4g_lte_connected stat_sys_5signal_4|null stat_sys_wifi_signal_connected_4 (gone) F]
E/WifiTrafficPoller(  867): notifying of data activity 0
D/PMS     (  867): acquireWL(2e74098e): PARTIAL_WAKE_LOCK  *alarm* 0x40000001 867 1000 WorkSource{1000}
I/ClockController( 1158): schedule update now=1442089500032 next=59968
V/AlarmManager(  867): sending alarm PendingIntent{2c4bbe1d: PendingIntentRecord{179af892 android broadcastIntent}}, i=android.intent.action.TIME_TICK, t=3, cnt=1, w=149201172, Int=0
I/Clock   ( 1158): updateClock:15:25 America/Chicago
D/PMS     (  867): releaseWL(2e74098e): PARTIAL_WAKE_LOCK  *alarm* 0x40000001 WorkSource{1000}
I/Clock   ( 1158): updateClock:15:25 America/Chicago
I/Clock   ( 1158): updateClock:15:25 America/Chicago
D/WeatherUtility( 1158): Weather sync is On
D/WeatherUtility( 1158): Weather sync is On
E/WifiTrafficPoller(  867): TRAFFIC_STATS_POLL true Token 1428 num clients 20
E/WifiTrafficPoller(  867):  packet count Tx=1008311 Rx=1610316
E/WifiDataStallTracker(  867): DATA_MONITOR_POLL true Token 394
D/WifiDataStallTracker(  867): updateDataStallInfo: mDataStallTxRxSum={txSum=917568 rxSum=1484200} preTxRxSum={txSum=917568 rxSum=1484200}
W/ProcessCpuTracker(  867): Skipping unknown process pid 6870
D/WifiDataStallTracker(  867): updateDataStallInfo: NONE
D/WifiDataStallTracker(  867): onDataStallAlarm: Sent 0 pkts since last received, < watchdogTrigger=5
E/WifiStateMachine(  867): handleMessage: E msg.what=131155
D/WifiDisplayAdapter(  867): getWifiDisplayStatusLocked: result=WifiDisplayStatus{featureState=3, scanState=0, activeDisplayState=0, activeDisplay=null, displays=[], sessionInfo=WifiDisplaySessionInfo:
D/WifiDisplayAdapter(  867):     Client/Owner: Client
D/WifiDisplayAdapter(  867):     GroupId: 
D/WifiDisplayAdapter(  867):     Passphrase: 
D/WifiDisplayAdapter(  867):     SessionId: 0
D/WifiDisplayAdapter(  867):     IP Address: }
E/WifiStateMachine(  867): processMsg: ConnectedState
D/PMS     (  867): acquireWL(142585af): PARTIAL_WAKE_LOCK  *alarm* 0x1 867 1000 WorkSource{1000}
E/WifiStateMachine(  867): WiFiStateMachine SCAN ALARM
V/AlarmManager(  867): sending alarm PendingIntent{4b530d9: PendingIntentRecord{16de1a9e android broadcastIntent}}, i=com.android.server.WifiManager.action.START_SCAN, t=1, cnt=1, w=1442089501217, Int=20000
E/WifiStateMachine(  867):  ConnectedState !CMD_RSSI_POLL 353 0 "get_your_own_wifi" 00:1c:7b:f9:8b:bc rssi=-54 f=2462 sc=60 link=72 tx=0.0, 0.0, 0.0  rx=0.5 bcn=0 [on:0 tx:0 rx:0 period:3013] from screen [on:0 period:-1019510223] gl hn u24 rssi=-49 ag=0 hr ls-=0 [56,56,56,56,61] brc=0 lrc=0
D/PMS     (  867): releaseWL(142585af): PARTIAL_WAKE_LOCK  *alarm* 0x1 WorkSource{1000}
E/WifiStateMachine(  867): processMsg: L2ConnectedState
D/WIFI_ICON( 1158): updateWifiState: RSSI_CHANGED 3 -> 3
E/WifiStateMachine(  867):  L2ConnectedState !CMD_RSSI_POLL 353 0 "get_your_own_wifi" 00:1c:7b:f9:8b:bc rssi=-54 f=2462 sc=60 link=72 tx=0.0, 0.0, 0.0  rx=0.5 bcn=0 [on:0 tx:0 rx:0 period:9] from screen [on:0 period:-1019510214] gl hn u24 rssi=-49 ag=0 hr ls-=0 [56,56,56,56,61] brc=0 lrc=0
D/StatusBar.NetworkController( 1158): dumpIcon[stat_sys_data_4g_lte_connected stat_sys_5signal_4|null stat_sys_wifi_signal_connected_4 (gone) F]
E/WifiStateMachine(  867):  get link layer stats 0
D/WIFI_ICON( 1158): WifiActivity: 3
W/WifiHW  (  867): QCOM Debug wifi_send_command "IFNAME=wlan0 SIGNAL_POLL"
D/StatusBar.NetworkController( 1158): dumpIcon[stat_sys_data_4g_lte_connected stat_sys_5signal_4|null stat_sys_wifi_signal_inandout_4 (gone) F]
D/wpa_supplicant(24155): wlan0: Control interface command 'SIGNAL_POLL'
I/wpa_supplicant(24155): environment dirty rate=0 [1][0][0]
E/WifiStateMachine(  867): fetchRssiLinkSpeedAndFrequencyNative RSSI = -51 abnormalRssiCnt = 0 newLinkSpeed = 72
E/WifiStateMachine(  867): fetchRssiLinkSpeedAndFrequencyNative rssi=-51 linkspeed=72
E/WifiConfigStore(  867): updateConfiguration freq=2462 BSSID=00:1c:7b:f9:8b:bc RSSI=-52 "get_your_own_wifi"WPA_PSK
E/WifiStateMachine(  867): calculateWifiScore freq=2462 speed=72 score=60 highRSSI  -> txbadrate=0.00 txgoodrate=1.01 txretriesrate=0.00 rxrate=4.26 userTriggerdPenalty0
E/WifiStateMachine(  867):  good link -> stuck count =0
E/WifiStateMachine(  867):  badRSSI count0 lowRSSI count0 --> score 56
E/WifiStateMachine(  867):  isHighRSSI       ---> score=61
D/WifiWatchdogStateMachine(  867): RSSI current: 3 new: -51, 3
E/WifiStateMachine(  867): handleMessage: X
E/WifiStateMachine(  867): handleMessage: E msg.what=131143
E/WifiStateMachine(  867): processMsg: ConnectedState
E/WifiStateMachine(  867):  ConnectedState !CMD_START_SCAN -2 -2 ic=1275 proc(ms):53 dur:2004 rssi=-51 f=2462 sc=60 link=72 tx=1.0, 0.0, 0.0  rx=4.3 fiv=60000 [on:0 tx:0 rx:0 period:2] from screen [on:0 period:-1019510178]
E/WifiStateMachine(  867): processMsg: L2ConnectedState
E/WifiStateMachine(  867):  L2ConnectedState !CMD_START_SCAN -2 -2 ic=1275 proc(ms):54 dur:2004 rssi=-51 f=2462 sc=60 link=72 tx=1.0, 0.0, 0.0  rx=4.3 fiv=60000 [on:0 tx:0 rx:0 period:1] from screen [on:0 period:-1019510177]
E/WifiStateMachine(  867): WifiStateMachine CMD_START_SCAN source -2 txSuccessRate=1.01 rxSuccessRate=4.26 targetRoamBSSID=00:1c:7b:f9:8b:bc RSSI=-51
E/WifiStateMachine(  867): WifiStateMachine CMD_START_SCAN with age=20046 interval=60000 maxinterval=300000
E/WifiStateMachine(  867): WifiStateMachine CMD_START_SCAN full=false
E/WifiConfigStore(  867): makeChannelList age=3600000 for "get_your_own_wifi"WPA_PSK max=6 bssids=1
E/WifiConfigStore(  867): has 00:1c:7b:f9:8b:bc freq=2462 age=29 ?=true
E/WifiStateMachine(  867): WifiStateMachine starting scan for "get_your_own_wifi"WPA_PSK with 2462
W/WifiHW  (  867): QCOM Debug wifi_send_command "IFNAME=wlan0 SCAN TYPE=ONLY freq=2462"
D/wpa_supplicant(24155): wlan0: Control interface command 'SCAN TYPE=ONLY freq=2462'
D/wpa_supplicant(24155): wlan0: Setting scan request: 0.000000 sec
I/wpa_supplicant(24155): wpa_supplicant_scan enter
D/wpa_supplicant(24155): wlan0: Starting AP scan for wildcard SSID
D/wpa_supplicant(24155): WPS: Building WPS IE for Probe Request
W/ContextImpl(  867): Calling a method in the system process without a qualified user: android.app.ContextImpl.sendBroadcast:1433 com.android.server.wifi.WifiStateMachine.sendDongleScanResultsAvailableBroadcast:13993 com.android.server.wifi.WifiStateMachine.handleMediaLinkEvent:14158 com.android.server.wifi.WifiStateMachine.access$5400:265 com.android.server.wifi.WifiStateMachine$SupplicantStartedState.processMessage:7952 
D/wpa_supplicant(24155): WPS:  * Version (hardcoded 0x10)
D/wpa_supplicant(24155): WPS:  * Request Type
D/wpa_supplicant(24155): WPS:  * Config Methods (4288)
D/wpa_supplicant(24155): WPS:  * UUID-E
D/wpa_supplicant(24155): WPS:  * Primary Device Type
D/wpa_supplicant(24155): WPS:  * RF Bands (3)
D/wpa_supplicant(24155): WPS:  * Association State
D/wpa_supplicant(24155): WPS:  * Configuration Error (0)
D/wpa_supplicant(24155): WPS:  * Device Password ID (0)
D/wpa_supplicant(24155): WPS:  * Manufacturer
D/wpa_supplicant(24155): WPS:  * Model Name
D/wpa_supplicant(24155): WPS:  * Model Number
D/wpa_supplicant(24155): WPS:  * Device Name
D/wpa_supplicant(24155): WPS:  * Version2 (0x20)
D/wpa_supplicant(24155): P2P: * P2P IE header
D/wpa_supplicant(24155): P2P: * Capability dev=25 group=00
D/wpa_supplicant(24155): P2P: * Listen Channel: Regulatory Class 81 Channel 1
D/wpa_supplicant(24155): wlan0: Limit manual scan to specified channels
D/wpa_supplicant(24155): wlan0: Add radio work 'scan'@0xb865c8c8
D/wpa_supplicant(24155): wlan0: First radio work item in the queue - schedule start immediately
D/wpa_supplicant(24155): wlan0: Starting radio work 'scan'@0xb865c8c8 after 0.000048 second wait
D/wpa_supplicant(24155): wlan0: nl80211: scan request
D/wpa_supplicant(24155): Scan requested (ret=0) - scan timeout 30 seconds
D/wpa_supplicant(24155): nl80211: Drv Event 33 (NL80211_CMD_TRIGGER_SCAN) received for wlan0
D/wpa_supplicant(24155): wlan0: nl80211: Scan trigger
D/wpa_supplicant(24155): wlan0: Event SCAN_STARTED (49) received
D/wpa_supplicant(24155): wlan0: Own scan request started a scan in 0.000100 seconds
I/wpa_supplicant(24155): wlan0: CTRL-EVENT-SCAN-STARTED 
D/WifiMonitor(  867): Event [IFNAME=wlan0 CTRL-EVENT-SCAN-STARTED ]
E/WifiTrafficPoller(  867): TRAFFIC_STATS_POLL true Token 1428 num clients 20
E/WifiMonitor(  867): WifiMonitor:wlan0 cnt=36243 dispatchEvent: CTRL-EVENT-SCAN-STARTED 
E/WifiTrafficPoller(  867):  packet count Tx=1008313 Rx=1610324
E/WifiMonitor(  867): handleEvent 14  CTRL-EVENT-SCAN-STARTED 
E/WifiMonitor(  867): handleEvent unknown: 14  CTRL-EVENT-SCAN-STARTED 
E/WifiTrafficPoller(  867): notifying of data activity 3
E/WifiStateMachine(  867): [1,442,089,501,299 ms] noteScanstart no scan source
E/WifiStateMachine(  867): handleMessage: X
D/wpa_supplicant(24155): nl80211: Drv Event 34 (NL80211_CMD_NEW_SCAN_RESULTS) received for wlan0
D/wpa_supplicant(24155): wlan0: nl80211: New scan results available
D/wpa_supplicant(24155): nl80211: Scan included frequencies: 2462
D/wpa_supplicant(24155): wlan0: Event SCAN_RESULTS (3) received
I/wpa_supplicant(24155): Got an original EVENT_SCAN_RESULTS
D/wpa_supplicant(24155): wlan0: Scan completed in 0.061217 seconds
D/wpa_supplicant(24155): nl80211: Associated on 2462 MHz
D/wpa_supplicant(24155): nl80211: Associated with 00:1c:7b:f9:8b:bc
D/wpa_supplicant(24155): nl80211: Received scan results (11 BSSes)
D/wpa_supplicant(24155): nl80211: Scan results indicate BSS status with 00:1c:7b:f9:8b:bc as associated
I/wpa_supplicant(24155): [NULL] 00:1c:7b:f9:8b:bc freq=2462 level=-51
I/wpa_supplicant(24155): [NULL] b4:75:0e:cb:59:a7 freq=2447 level=-60
I/wpa_supplicant(24155): [NULL] b4:75:0e:cb:59:a8 freq=5180 level=-72
I/wpa_supplicant(24155): [NULL] 90:72:40:1a:c6:0a freq=2462 level=-73
I/wpa_supplicant(24155): [NULL] 90:72:40:1a:c6:0b freq=5745 level=-85
I/wpa_supplicant(24155): [NULL] f8:0b:be:1f:b0:a0 freq=2412 level=-82
I/wpa_supplicant(24155): [NULL] 20:aa:4b:a0:45:d4 freq=2442 level=-85
I/wpa_supplicant(24155): [NULL] b4:75:0e:a3:4a:ec freq=2437 level=-91
I/wpa_supplicant(24155): [NULL] a4:2b:8c:e7:29:88 freq=2427 level=-91
I/wpa_supplicant(24155): [NULL] c8:b3:73:51:54:12 freq=2437 level=-93
I/wpa_supplicant(24155): [NULL] 08:86:3b:64:b7:16 freq=2427 level=-95
D/wpa_supplicant(24155): wlan0: BSS: Start scan result update 312
D/wpa_supplicant(24155): wlan0: BSS: Remove id 872 BSSID b4:75:0e:d3:2e:3e SSID 'Qk' due to no match in scan
D/wpa_supplicant(24155): BSS: last_scan_res_used=11/128
D/wpa_supplicant(24155): wlan0: Scan-only results received
D/wpa_supplicant(24155): wlan0: Radio work 'scan'@0xb865c8c8 done in 0.062336 seconds
D/wpa_supplicant(24155): Wireless event: cmd=0x8b19 len=8
D/wpa_supplicant(24155): RTM_NEWLINK: ifi_index=24 ifname=wlan0 wext ifi_flags=0x11043 ([UP][RUNNING][LOWER_UP])
D/WifiMonitor(  867): Event [IFNAME=wlan0 CTRL-EVENT-BSS-REMOVED 872 b4:75:0e:d3:2e:3e]
D/Tethering(  867): interfaceLinkStateChanged wlan0, true
E/WifiMonitor(  867): WifiMonitor:wlan0 cnt=36244 dispatchEvent: CTRL-EVENT-BSS-REMOVED 872 b4:75:0e:d3:2e:3e
D/Tethering(  867): interfaceStatusChanged wlan0, true
E/WifiMonitor(  867): WifiMonitor:wlan0 cnt=36245 dispatchEvent: CTRL-EVENT-SCAN-RESULTS 
E/WifiStateMachine(  867): WiFiDisplay: getWifidisplayApEnabled=false
E/WifiMonitor(  867): handleEvent 4  CTRL-EVENT-SCAN-RESULTS 
E/WifiStateMachine(  867): handleMessage: E msg.what=147461
E/WifiStateMachine(  867): processMsg: ConnectedState
E/WifiStateMachine(  867):  ConnectedState !SCAN_RESULTS_EVENT 0 0 found=14 known=1 got=14 bcn=0
E/WifiStateMachine(  867): processMsg: L2ConnectedState
E/WifiStateMachine(  867):  L2ConnectedState !SCAN_RESULTS_EVENT 0 0 found=14 known=1 got=14 bcn=0
E/WifiStateMachine(  867): processMsg: ConnectModeState
E/WifiStateMachine(  867):  ConnectModeState !SCAN_RESULTS_EVENT 0 0 found=14 known=1 got=14 bcn=0
E/WifiStateMachine(  867): processMsg: DriverStartedState
E/WifiStateMachine(  867):  DriverStartedState !SCAN_RESULTS_EVENT 0 0 found=14 known=1 got=14 bcn=0
E/WifiStateMachine(  867): processMsg: SupplicantStartedState
E/WifiStateMachine(  867):  SupplicantStartedState !SCAN_RESULTS_EVENT 0 0 found=14 known=1 got=14 bcn=0
D/WifiStateMachine(  867): [MLHD] enter handleMediaLinkEvent SupplicantStartedState
W/WifiHW  (  867): QCOM Debug wifi_send_command "IFNAME=wlan0 LIST_DONGLES"
D/wpa_supplicant(24155): wlan0: Control interface command 'LIST_DONGLES'
D/WirelessDisplayService(  867): getDiscoveryDongleList
E/WifiStateMachine(  867): [1,442,089,501,354 ms] noteScanEnd no scan source
W/WifiHW  (  867): QCOM Debug wifi_send_command "IFNAME=wlan0 BSS RANGE=0- MASK=0x21987"
D/wpa_supplicant(24155): wlan0: Control interface command 'BSS RANGE=0- MASK=0x21987'
E/WifiStateMachine(  867): wifi setScanResults statecom.android.server.wifi.WifiStateMachine$ConnectedState@27571602 sup_state=COMPLETED debouncing=false
E/WifiAutoJoinController (  867): get_your_own_wifi 00:1c:7b:f9:8b:bc rssi=-51 cap [WPA-PSK-CCMP+TKIP][WPA2-PSK-CCMP+TKIP][WPS][ESS] is not scored
E/WifiConfigStore(  867): updateSavedNetworkHistory(): try "get_your_own_wifi"WPA_PSK SSID="get_your_own_wifi" get_your_own_wifi [WPA-PSK-CCMP+TKIP][WPA2-PSK-CCMP+TKIP][WPS][ESS] ajst=0
E/WifiConfigStore(  867): updateSavedNetworkHistory: HTC improve mode
E/WifiConfigStore(  867):         got known scan result 00:1c:7b:f9:8b:bc key : "get_your_own_wifi"WPA_PSK num: 1 rssi=-51 freq=2462 status=16
E/WifiAutoJoinController (  867): Linksys34799 #2 b4:75:0e:cb:59:a7 rssi=-60 cap [WPA-PSK-CCMP+TKIP][WPA2-PSK-CCMP+TKIP][WPS][ESS] is not scored
E/WifiAutoJoinController (  867): Linksys34799 b4:75:0e:cb:59:a8 rssi=-72 cap [WPA-PSK-CCMP+TKIP][WPA2-PSK-CCMP+TKIP][WPS][ESS] is not scored
E/WifiAutoJoinController (  867): Baba's Space 90:72:40:1a:c6:0a rssi=-73 cap [WPA2-PSK-CCMP][ESS] is not scored
E/WifiAutoJoinController (  867): ATT576 f8:0b:be:1f:b0:a0 rssi=-82 cap [WPA-PSK-CCMP+TKIP][WPA2-PSK-CCMP+TKIP][ESS] is not scored
E/WifiAutoJoinController (  867): Aquarius86 58:6d:8f:b3:db:17 rssi=-86 cap [WPA2-PSK-CCMP][WPS][ESS] is not scored
E/WifiAutoJoinController (  867): princess786 20:aa:4b:a0:45:d4 rssi=-85 cap [WPA-PSK-CCMP+TKIP][WPA2-PSK-CCMP+TKIP][WPS][ESS] is not scored
E/WifiAutoJoinController (  867): John b4:75:0e:a3:4a:ec rssi=-91 cap [WPA-PSK-CCMP+TKIP][WPA2-PSK-CCMP+TKIP][WPS][ESS] is not scored
E/WifiAutoJoinController (  867): India 1947 c8:b3:73:51:54:12 rssi=-93 cap [WPA2-PSK-CCMP][WPS][ESS] is not scored
E/WifiAutoJoinController (  867): Skyfall 84:c9:b2:66:1c:44 rssi=-91 cap [WPA-PSK-CCMP+TKIP][WPS][ESS] is not scored
E/WifiAutoJoinController (  867): Baba's Space 5GHz 90:72:40:1a:c6:0b rssi=-85 cap [WPA2-PSK-CCMP][ESS] is not scored
E/WifiAutoJoinController (  867): APT501 a4:2b:8c:e7:29:88 rssi=-91 cap [WPA2-PSK-CCMP][WPS][ESS] is not scored
E/WifiAutoJoinController (  867): zoom-nt 08:86:3b:64:b7:16 rssi=-95 cap [WPA-PSK-CCMP][WPA2-PSK-CCMP][WPS][ESS] is not scored
E/WifiAutoJoinController (  867): ageScanResultsOut delay 40000 size 14 now 1442089501364
E/WifiAutoJoinController (  867): newSupplicantResults size=14 known=1 true
W/WifiHW  (  867): QCOM Debug wifi_send_command "IFNAME=wlan0 STATUS-NO_EVENTS"
D/wpa_supplicant(24155): wlan0: Control interface command 'STATUS-NO_EVENTS'
E/WifiAutoJoinController (  867): attemptAutoJoin() status=bssid=00:1c:7b:f9:8b:bc
E/WifiAutoJoinController (  867): ssid=get_your_own_wifi
E/WifiAutoJoinController (  867): id=1
E/WifiAutoJoinController (  867): mode=station
E/WifiAutoJoinController (  867): pairwise_cipher=CCMP
E/WifiAutoJoinController (  867): group_cipher=TKIP
E/WifiAutoJoinController (  867): key_mgmt=WPA2-PSK
E/WifiAutoJoinController (  867): wpa_state=COMPLETED
E/WifiAutoJoinController (  867): ip_address=192.168.0.28
E/WifiAutoJoinController (  867): p2p_device_address=2e:8a:72:ba:32:dd
E/WifiAutoJoinController (  867): address=XX:XX:XX:XX:XX:XX
E/WifiAutoJoinController (  867): uuid=12345678-9abc-def0-1234-56789abcdef1 split=12
E/WifiAutoJoinController (  867): attemptAutoJoin() num recent config 1 current="get_your_own_wifi"WPA_PSK ---> suppNetId=1
E/WifiAutoJoinController (  867): attemptAutoJoin good candidate seen, bumped hard -> status=0 "get_your_own_wifi"WPA_PSK rssi=(-51,-127) num=(1,0)
E/WifiAutoJoinController (  867): attemptAutoJoin skip current candidate  1 key "get_your_own_wifi"WPA_PSK
D/HtcWifiControlRoamOffload: (  867): roamCandidate: nullcurrentBSSID: 00:1c:7b:f9:8b:bc
E/WifiStateMachine(  867): WiFiDisplay: getWifidisplayApEnabled=false
E/WifiAutoJoinController (  867): Done attemptAutoJoin status=0
E/WifiConfigStore(  867):  writeKnownNetworkHistory() num networks:7 needWrite=false
E/WifiStateMachine(  867): handleMessage: X
W/ActivityManager(  867): getTasks: caller 10009 is using old GET_TASKS but privileged; allowing
E/WifiTrafficPoller(  867): TRAFFIC_STATS_POLL true Token 1428 num clients 20
E/WifiTrafficPoller(  867):  packet count Tx=1008314 Rx=1610325
E/WifiTrafficPoller(  867): TRAFFIC_STATS_POLL true Token 1428 num clients 20
D/WIFI_ICON( 1158): WifiActivity: 0
E/WifiTrafficPoller(  867):  packet count Tx=1008314 Rx=1610325
D/StatusBar.NetworkController( 1158): dumpIcon[stat_sys_data_4g_lte_connected stat_sys_5signal_4|null stat_sys_wifi_signal_connected_4 (gone) F]
E/WifiTrafficPoller(  867): notifying of data activity 0
D/HtcWifiControlRoamOffload: (  867): Receive mPhoneStateListener
D/TelephonyCallback( 1158): SignalStrength: 4
D/HtcWifiControlRoamOffload: (  867): Receive mPhoneStateListener, getGsmSignalStrength99
D/SIGNAL_ICON( 1158): level=4/5
D/StatusBar.NetworkController( 1158): dumpIcon[stat_sys_data_4g_lte_connected stat_sys_5signal_4|null stat_sys_wifi_signal_connected_4 (gone) F]
E/WifiStateMachine(  867): handleMessage: E msg.what=131155
E/WifiStateMachine(  867): processMsg: ConnectedState
E/WifiStateMachine(  867):  ConnectedState !CMD_RSSI_POLL 353 0 "get_your_own_wifi" 00:1c:7b:f9:8b:bc rssi=-51 f=2462 sc=60 link=72 tx=1.0, 0.0, 0.0  rx=4.3 bcn=0 [on:0 tx:0 rx:0 period:2965] from screen [on:0 period:-1019507184] gl hn u24 rssi=-46 ag=0 hr ls-=0 [56,56,56,56,61] brc=0 lrc=0
E/WifiStateMachine(  867): processMsg: L2ConnectedState
E/WifiStateMachine(  867):  L2ConnectedState !CMD_RSSI_POLL 353 0 "get_your_own_wifi" 00:1c:7b:f9:8b:bc rssi=-51 f=2462 sc=60 link=72 tx=1.0, 0.0, 0.0  rx=4.3 bcn=0 [on:0 tx:0 rx:0 period:4] from screen [on:0 period:-1019507180] gl hn u24 rssi=-46 ag=0 hr ls-=0 [56,56,56,56,61] brc=0 lrc=0
E/WifiStateMachine(  867):  get link layer stats 0
W/WifiHW  (  867): QCOM Debug wifi_send_command "IFNAME=wlan0 SIGNAL_POLL"
D/wpa_supplicant(24155): wlan0: Control interface command 'SIGNAL_POLL'
I/wpa_supplicant(24155): environment dirty rate=0 [1][0][0]
D/WIFI_ICON( 1158): updateWifiState: RSSI_CHANGED 3 -> 3
E/WifiStateMachine(  867): fetchRssiLinkSpeedAndFrequencyNative RSSI = -54 abnormalRssiCnt = 0 newLinkSpeed = 72
D/StatusBar.NetworkController( 1158): dumpIcon[stat_sys_data_4g_lte_connected stat_sys_5signal_4|null stat_sys_wifi_signal_connected_4 (gone) F]
E/WifiStateMachine(  867): fetchRssiLinkSpeedAndFrequencyNative rssi=-54 linkspeed=72
E/WifiConfigStore(  867): updateConfiguration freq=2462 BSSID=00:1c:7b:f9:8b:bc RSSI=-52 "get_your_own_wifi"WPA_PSK
E/WifiStateMachine(  867): calculateWifiScore freq=2462 speed=72 score=60 highRSSI  -> txbadrate=0.00 txgoodrate=1.00 txretriesrate=0.00 rxrate=2.63 userTriggerdPenalty0
E/WifiStateMachine(  867):  good link -> stuck count =0
E/WifiStateMachine(  867):  badRSSI count0 lowRSSI count0 --> score 56
E/WifiStateMachine(  867):  isHighRSSI       ---> score=61
D/WifiWatchdogStateMachine(  867): RSSI current: 3 new: -54, 3
E/WifiTrafficPoller(  867): TRAFFIC_STATS_POLL true Token 1428 num clients 20
E/WifiTrafficPoller(  867):  packet count Tx=1008314 Rx=1610325
E/WifiStateMachine(  867): handleMessage: X
D/libc    (23921): [NET] android_getaddrinfofornet+,hn 12(0x66616365626f6f),sn(),hints(known),family 2,flags 13
D/libc    (23921): [NET] android_getaddrinfofornet-, err=8
E/WifiTrafficPoller(  867): TRAFFIC_STATS_POLL true Token 1428 num clients 20
E/WifiTrafficPoller(  867):  packet count Tx=1008314 Rx=1610325
E/WifiDataStallTracker(  867): DATA_MONITOR_POLL true Token 394
D/WifiDataStallTracker(  867): updateDataStallInfo: mDataStallTxRxSum={txSum=917569 rxSum=1484201} preTxRxSum={txSum=917568 rxSum=1484200}
D/WifiDataStallTracker(  867): updateDataStallInfo: IN/OUT
D/WifiDataStallTracker(  867): onDataStallAlarm: Sent 0 pkts since last received, < watchdogTrigger=5
E/WifiTrafficPoller(  867): TRAFFIC_STATS_POLL true Token 1428 num clients 20
E/WifiTrafficPoller(  867):  packet count Tx=1008314 Rx=1610326
D/WIFI_ICON( 1158): WifiActivity: 1
E/WifiTrafficPoller(  867): notifying of data activity 1
D/StatusBar.NetworkController( 1158): dumpIcon[stat_sys_data_4g_lte_connected stat_sys_5signal_4|null stat_sys_wifi_signal_in_4 (gone) F]
W/ActivityManager(  867): getTasks: caller 10009 is using old GET_TASKS but privileged; allowing
E/WifiStateMachine(  867): handleMessage: E msg.what=131155
E/WifiStateMachine(  867): processMsg: ConnectedState
E/WifiStateMachine(  867):  ConnectedState !CMD_RSSI_POLL 353 0 "get_your_own_wifi" 00:1c:7b:f9:8b:bc rssi=-54 f=2462 sc=60 link=72 tx=1.0, 0.0, 0.0  rx=2.6 bcn=0 [on:0 tx:0 rx:0 period:2991] from screen [on:0 period:-1019504139] gl hn u24 rssi=-49 ag=0 hr ls-=0 [56,56,56,56,61] brc=0 lrc=0
E/WifiStateMachine(  867): processMsg: L2ConnectedState
E/WifiStateMachine(  867):  L2ConnectedState !CMD_RSSI_POLL 353 0 "get_your_own_wifi" 00:1c:7b:f9:8b:bc rssi=-54 f=2462 sc=60 link=72 tx=1.0, 0.0, 0.0  rx=2.6 bcn=0 [on:0 tx:0 rx:0 period:4] from screen [on:0 period:-1019504135] gl hn u24 rssi=-49 ag=0 hr ls-=0 [56,56,56,56,61] brc=0 lrc=0
E/WifiStateMachine(  867):  get link layer stats 0
W/WifiHW  (  867): QCOM Debug wifi_send_command "IFNAME=wlan0 SIGNAL_POLL"
D/wpa_supplicant(24155): wlan0: Control interface command 'SIGNAL_POLL'
E/WifiTrafficPoller(  867): TRAFFIC_STATS_POLL true Token 1428 num clients 20
D/WIFI_ICON( 1158): WifiActivity: 0
I/wpa_supplicant(24155): environment dirty rate=0 [0][0][0]
D/StatusBar.NetworkController( 1158): dumpIcon[stat_sys_data_4g_lte_connected stat_sys_5signal_4|null stat_sys_wifi_signal_connected_4 (gone) F]
E/WifiStateMachine(  867): fetchRssiLinkSpeedAndFrequencyNative RSSI = -55 abnormalRssiCnt = 0 newLinkSpeed = 72
E/WifiStateMachine(  867): fetchRssiLinkSpeedAndFrequencyNative rssi=-55 linkspeed=72
E/WifiTrafficPoller(  867):  packet count Tx=1008314 Rx=1610326
E/WifiConfigStore(  867): updateConfiguration freq=2462 BSSID=00:1c:7b:f9:8b:bc RSSI=-53 "get_your_own_wifi"WPA_PSK
