I/art     ( 1827): Explicit concurrent mark sweep GC freed 44705(2MB) AllocSpace objects, 6(96KB) LOS objects, 40% free, 5MB/9MB, paused 766us total 31.242ms
E/WifiStateMachine(  867): handleMessage: E msg.what=131131
E/WifiStateMachine(  867): processMsg: ConnectedState
E/WifiStateMachine(  867):  ConnectedState !CMD_GET_CONFIGURED_NETWORKS uid=10033 10033 0 num=7
E/WifiStateMachine(  867): processMsg: L2ConnectedState
E/WifiStateMachine(  867):  L2ConnectedState !CMD_GET_CONFIGURED_NETWORKS uid=10033 10033 0 num=7
E/WifiStateMachine(  867): processMsg: ConnectModeState
E/WifiStateMachine(  867):  ConnectModeState !CMD_GET_CONFIGURED_NETWORKS uid=10033 10033 0 num=7
E/WifiStateMachine(  867): handleMessage: X
I/GCoreUlr( 2213): Successfully inserted location
I/GCoreUlr( 2213): Not calling LocationReporter, hasMoved: false, elapsed millis: 2044372, request: Stationary(3600000)
D/PMS     (  867): releaseWL(28275bd0): PARTIAL_WAKE_LOCK  UlrDispSvcFastWL 0x1 WorkSource{10033 com.google.android.gms}
D/NfcService( 1510): applyRouting -2
D/NfcService( 1510): applyRouting
D/NfcService( 1510): setScreenState=ON_UNLOCKED
D/NfcService( 1510): computeEmulationParameters
D/PMS     (  867): acquireWL(35bad4e8): PARTIAL_WAKE_LOCK  NfcService:mRoutingWakeLock 0x1 1510 1027 null
D/NfcService( 1510): SCREEN_STATE_ON_UNLOCKED
D/NfcService( 1510): configure EE routing
D/NfcService( 1510): configure HCE routing
D/NfcService( 1510): configure routing table false
D/NfcService( 1510): computeDiscoveryParameters
D/NfcService( 1510): NFC-C ON, shouldRestart = false
E/MP-Decision( 2287): Update arg 2
D/PMS     (  867): releaseWL(35bad4e8): PARTIAL_WAKE_LOCK  NfcService:mRoutingWakeLock 0x1 null
D/HTCIMEService( 1391): [onCreateInputView]
I/HTCIMEService( 1391): [onStartInputView] EditorInfo { packageName=dpatel96_a1.cs442.com.myfirstapp, inputType=0x20001, imeOptions=0x40000006, privateImeOptions=null }, restarting=false
I/PowerSavingUtil( 1391): [evaluateSkipIMEVibration] user_powersaver_enable = 0, powersaver_haptic_feedback = 1, sys.psaver.haptic = false, skipIMEVibration = false
I/HTCIMEService( 1391): Sound Enable:false, level:0
I/XT9IME  ( 1391): [handleLdbChange] handle LDBs change. (109, 0)
I/XT9_C   ( 1391): [registerXT9LDB] Allocate memory of 'gLdbInfo[i].pbLdbBuff' (size=4810151)
I/XT9_JNI ( 1391): [loadFile] size=4810151 (loaded)
I/XT9_C   ( 1391): [registerXT9LDB] LDB(00000109) loading [done]
D/XT9_C   ( 1391): [registerXT9LDB] current LdbNum=0x109, First LdbNum=0x109, Second LdbNum=0x0
I/XT9_KDB ( 1391): [Load_ConfigKDBinner] Done (KDB#0=0d09 (Page=0), STM=TRUE, STM-PKF=0.800000)
D/XT9_C   ( 1391): [registerXT9KDB] active Kdb=0xd09, 1st Kdb=0xd09 (Page=0), 2nd Kdb=0x0 (Page=0)
D/XT9_C   ( 1391): [T9_SetKdbPage] active Kdb=0xd09, 1st Kdb=0xd09 (Page=0), 2nd Kdb=0x0 (Page=0)
I/HTCIMEService( 1391): [onStartInputView] mCurrSIP=com.htc.sense.ime.ezsip.PortQwertySIPView{10eb3d5b V.ED.... ......ID 0,0-1080,675}, mCurrIM=com.htc.sense.ime.XT9IME.XT9IME@303d09f8, sipid=2
I/PhoneStatusBar( 1158): setImeWindowStatus(false,false)
I/PhoneStatusBar( 1158): setImeWindowStatus(true,true)
D/StatusBarManagerService(  867): swetImeWindowStatus vis=1 backDisposition=0
D/StatusBarManagerService(  867): swetImeWindowStatus vis=3 backDisposition=0
I/ThreadedRenderer( 1391): Defer allocateBuffers to drawing time
E/WifiTrafficPoller(  867): TRAFFIC_STATS_POLL true Token 1428 num clients 20
E/WifiTrafficPoller(  867):  packet count Tx=1008305 Rx=1610307
E/WifiStateMachine(  867): handleMessage: E msg.what=131155
E/WifiStateMachine(  867): processMsg: ConnectedState
E/WifiStateMachine(  867):  ConnectedState !CMD_RSSI_POLL 353 0 "get_your_own_wifi" 00:1c:7b:f9:8b:bc rssi=-58 f=2462 sc=60 link=72 tx=0.0, 0.0, 0.0  rx=0.0 bcn=0 [on:0 tx:0 rx:0 period:2850] from screen [on:0 period:-1019547433] gl hn u24 rssi=-51 ag=0 hr ls-=0 [56,56,56,56,61] brc=0 lrc=0
E/WifiStateMachine(  867): processMsg: L2ConnectedState
E/WifiStateMachine(  867):  L2ConnectedState !CMD_RSSI_POLL 353 0 "get_your_own_wifi" 00:1c:7b:f9:8b:bc rssi=-58 f=2462 sc=60 link=72 tx=0.0, 0.0, 0.0  rx=0.0 bcn=0 [on:0 tx:0 rx:0 period:0] from screen [on:0 period:-1019547433] gl hn u24 rssi=-51 ag=0 hr ls-=0 [56,56,56,56,61] brc=0 lrc=0
E/WifiStateMachine(  867):  get link layer stats 0
W/WifiHW  (  867): QCOM Debug wifi_send_command "IFNAME=wlan0 SIGNAL_POLL"
D/wpa_supplicant(24155): wlan0: Control interface command 'SIGNAL_POLL'
I/wpa_supplicant(24155): environment dirty rate=50 [4][2][0]
E/WifiStateMachine(  867): fetchRssiLinkSpeedAndFrequencyNative RSSI = -59 abnormalRssiCnt = 0 newLinkSpeed = 72
E/WifiStateMachine(  867): fetchRssiLinkSpeedAndFrequencyNative rssi=-59 linkspeed=72
E/WifiConfigStore(  867): updateConfiguration freq=2462 BSSID=00:1c:7b:f9:8b:bc RSSI=-58 "get_your_own_wifi"WPA_PSK
E/WifiStateMachine(  867): calculateWifiScore freq=2462 speed=72 score=60 highRSSI  -> txbadrate=0.00 txgoodrate=10.50 txretriesrate=0.00 rxrate=5.50 userTriggerdPenalty0
E/WifiStateMachine(  867):  good link -> stuck count =0
E/WifiStateMachine(  867):  badRSSI count0 lowRSSI count0 --> score 60
E/WifiStateMachine(  867):  isHighRSSI       ---> score=65
E/WifiStateMachine(  867): handleMessage: X
D/WifiWatchdogStateMachine(  867): RSSI current: 3 new: -59, 3
D/WIFI_ICON( 1158): updateWifiState: RSSI_CHANGED 3 -> 3
D/StatusBar.NetworkController( 1158): dumpIcon[stat_sys_data_4g_lte_connected stat_sys_5signal_3|null stat_sys_wifi_signal_connected_4 (gone) F]
E/WifiStateMachine(  867): WiFiStateMachine SCAN ALARM
E/WifiStateMachine(  867): handleMessage: E msg.what=131143
E/WifiStateMachine(  867): processMsg: ConnectedState
E/WifiStateMachine(  867):  ConnectedState !CMD_START_SCAN -2 -2 ic=1273 proc(ms):1 dur:1975 rssi=-59 f=2462 sc=60 link=72 tx=10.5, 0.0, 0.0  rx=5.5 fiv=40000 [on:0 tx:0 rx:0 period:13] from screen [on:0 period:-1019547402]
E/WifiStateMachine(  867): processMsg: L2ConnectedState
E/WifiStateMachine(  867):  L2ConnectedState !CMD_START_SCAN -2 -2 ic=1273 proc(ms):2 dur:1975 rssi=-59 f=2462 sc=60 link=72 tx=10.5, 0.0, 0.0  rx=5.5 fiv=40000 [on:0 tx:0 rx:0 period:1] from screen [on:0 period:-1019547401]
E/WifiStateMachine(  867): WifiStateMachine CMD_START_SCAN source -2 txSuccessRate=10.50 rxSuccessRate=5.50 targetRoamBSSID=00:1c:7b:f9:8b:bc RSSI=-59
E/WifiStateMachine(  867): WifiStateMachine CMD_START_SCAN with age=40371 interval=40000 maxinterval=300000
E/WifiStateMachine(  867): WifiStateMachine CMD_START_SCAN try full band scan age=40371 interval=40000 maxinterval=300000
E/WifiStateMachine(  867): WifiStateMachine CMD_START_SCAN prevent full band scan due to pkt rate
E/WifiStateMachine(  867): WifiStateMachine CMD_START_SCAN full=false
E/WifiConfigStore(  867): makeChannelList age=3600000 for "get_your_own_wifi"WPA_PSK max=6 bssids=1
E/WifiConfigStore(  867): has 00:1c:7b:f9:8b:bc freq=2462 age=16 ?=true
E/WifiStateMachine(  867): WifiStateMachine starting scan for "get_your_own_wifi"WPA_PSK with 2462
W/WifiHW  (  867): QCOM Debug wifi_send_command "IFNAME=wlan0 SCAN TYPE=ONLY freq=2462"
D/wpa_supplicant(24155): wlan0: Control interface command 'SCAN TYPE=ONLY freq=2462'
D/wpa_supplicant(24155): wlan0: Setting scan request: 0.000000 sec
I/wpa_supplicant(24155): wpa_supplicant_scan enter
D/wpa_supplicant(24155): wlan0: Starting AP scan for wildcard SSID
D/wpa_supplicant(24155): WPS: Building WPS IE for Probe Request
D/wpa_supplicant(24155): WPS:  * Version (hardcoded 0x10)
D/wpa_supplicant(24155): WPS:  * Request Type
D/wpa_supplicant(24155): WPS:  * Config Methods (4288)
D/wpa_supplicant(24155): WPS:  * UUID-E
D/wpa_supplicant(24155): WPS:  * Primary Device Type
D/wpa_supplicant(24155): WPS:  * RF Bands (3)
D/wpa_supplicant(24155): WPS:  * Association State
D/wpa_supplicant(24155): WPS:  * Configuration Error (0)
D/wpa_supplicant(24155): WPS:  * Device Password ID (0)
D/wpa_supplicant(24155): WPS:  * Manufacturer
D/wpa_supplicant(24155): WPS:  * Model Name
D/wpa_supplicant(24155): WPS:  * Model Number
D/wpa_supplicant(24155): WPS:  * Device Name
D/wpa_supplicant(24155): WPS:  * Version2 (0x20)
D/wpa_supplicant(24155): P2P: * P2P IE header
D/wpa_supplicant(24155): P2P: * Capability dev=25 group=00
D/wpa_supplicant(24155): P2P: * Listen Channel: Regulatory Class 81 Channel 1
D/wpa_supplicant(24155): wlan0: Limit manual scan to specified channels
D/wpa_supplicant(24155): wlan0: Add radio work 'scan'@0xb8673a70
D/wpa_supplicant(24155): wlan0: First radio work item in the queue - schedule start immediately
D/wpa_supplicant(24155): wlan0: Starting radio work 'scan'@0xb8673a70 after 0.000030 second wait
D/wpa_supplicant(24155): wlan0: nl80211: scan request
D/wpa_supplicant(24155): Scan requested (ret=0) - scan timeout 30 seconds
D/wpa_supplicant(24155): nl80211: Drv Event 33 (NL80211_CMD_TRIGGER_SCAN) received for wlan0
D/wpa_supplicant(24155): wlan0: nl80211: Scan trigger
D/wpa_supplicant(24155): wlan0: Event SCAN_STARTED (49) received
D/wpa_supplicant(24155): wlan0: Own scan request started a scan in 0.000056 seconds
I/wpa_supplicant(24155): wlan0: CTRL-EVENT-SCAN-STARTED 
D/WifiMonitor(  867): Event [IFNAME=wlan0 CTRL-EVENT-SCAN-STARTED ]
E/WifiMonitor(  867): WifiMonitor:wlan0 cnt=36236 dispatchEvent: CTRL-EVENT-SCAN-STARTED 
E/WifiMonitor(  867): handleEvent 14  CTRL-EVENT-SCAN-STARTED 
E/WifiMonitor(  867): handleEvent unknown: 14  CTRL-EVENT-SCAN-STARTED 
E/WifiStateMachine(  867): [1,442,089,464,056 ms] noteScanstart no scan source
E/WifiStateMachine(  867): handleMessage: X
D/PMS     (  867): acquireWL(4f8923d): PARTIAL_WAKE_LOCK  *alarm* 0x1 867 1000 WorkSource{1000}
V/AlarmManager(  867): sending alarm PendingIntent{4b530d9: PendingIntentRecord{16de1a9e android broadcastIntent}}, i=com.android.server.WifiManager.action.START_SCAN, t=1, cnt=1, w=1442089461217, Int=20000
D/WifiDisplayAdapter(  867): getWifiDisplayStatusLocked: result=WifiDisplayStatus{featureState=3, scanState=0, activeDisplayState=0, activeDisplay=null, displays=[], sessionInfo=WifiDisplaySessionInfo:
D/WifiDisplayAdapter(  867):     Client/Owner: Client
D/WifiDisplayAdapter(  867):     GroupId: 
D/WifiDisplayAdapter(  867):     Passphrase: 
D/WifiDisplayAdapter(  867):     SessionId: 0
D/WifiDisplayAdapter(  867):     IP Address: }
V/AlarmManager(  867): sending alarm PendingIntent{2a62c383: PendingIntentRecord{1df15900 com.weather.Weather startService}}, i=null, t=3, cnt=1, w=149165224, Int=0
D/PMS     (  867): releaseWL(4f8923d): PARTIAL_WAKE_LOCK  *alarm* 0x1 WorkSource{10221}
E/MP-Decision( 2287): Update arg 1
D/wpa_supplicant(24155): nl80211: Drv Event 34 (NL80211_CMD_NEW_SCAN_RESULTS) received for wlan0
D/wpa_supplicant(24155): wlan0: nl80211: New scan results available
D/wpa_supplicant(24155): nl80211: Scan included frequencies: 2462
D/wpa_supplicant(24155): wlan0: Event SCAN_RESULTS (3) received
I/wpa_supplicant(24155): Got an original EVENT_SCAN_RESULTS
D/wpa_supplicant(24155): wlan0: Scan completed in 0.065957 seconds
D/wpa_supplicant(24155): nl80211: Associated on 2462 MHz
D/wpa_supplicant(24155): nl80211: Associated with 00:1c:7b:f9:8b:bc
D/wpa_supplicant(24155): nl80211: Received scan results (11 BSSes)
D/wpa_supplicant(24155): nl80211: Scan results indicate BSS status with 00:1c:7b:f9:8b:bc as associated
I/wpa_supplicant(24155): [NULL] 00:1c:7b:f9:8b:bc freq=2462 level=-59
I/wpa_supplicant(24155): [NULL] b4:75:0e:cb:59:a7 freq=2447 level=-68
I/wpa_supplicant(24155): [NULL] b4:75:0e:cb:59:a8 freq=5180 level=-74
I/wpa_supplicant(24155): [NULL] 90:72:40:1a:c6:0a freq=2462 level=-75
I/wpa_supplicant(24155): [NULL] f8:0b:be:1f:b0:a0 freq=2412 level=-82
I/wpa_supplicant(24155): [NULL] 58:6d:8f:b3:db:17 freq=2437 level=-86
I/wpa_supplicant(24155): [NULL] 20:aa:4b:a0:45:d4 freq=2442 level=-86
I/wpa_supplicant(24155): [NULL] b4:75:0e:d3:2e:3e freq=2462 level=-90
I/wpa_supplicant(24155): [NULL] b4:75:0e:a3:4a:ec freq=2437 level=-91
I/wpa_supplicant(24155): [NULL] 84:c9:b2:66:1c:44 freq=2462 level=-91
I/wpa_supplicant(24155): [NULL] c8:b3:73:51:54:12 freq=2437 level=-93
D/wpa_supplicant(24155): wlan0: BSS: Start scan result update 310
D/wpa_supplicant(24155): BSS: last_scan_res_used=11/128
D/wpa_supplicant(24155): wlan0: Scan-only results received
D/wpa_supplicant(24155): wlan0: Radio work 'scan'@0xb8673a70 done in 0.066608 seconds
D/wpa_supplicant(24155): Wireless event: cmd=0x8b19 len=8
D/wpa_supplicant(24155): RTM_NEWLINK: ifi_index=24 ifname=wlan0 wext ifi_flags=0x11043 ([UP][RUNNING][LOWER_UP])
E/WifiMonitor(  867): WifiMonitor:wlan0 cnt=36237 dispatchEvent: CTRL-EVENT-SCAN-RESULTS 
E/WifiMonitor(  867): handleEvent 4  CTRL-EVENT-SCAN-RESULTS 
E/WifiStateMachine(  867): handleMessage: E msg.what=147461
E/WifiStateMachine(  867): processMsg: ConnectedState
E/WifiStateMachine(  867):  ConnectedState !SCAN_RESULTS_EVENT 0 0 found=11 known=1 got=11 bcn=0
E/WifiStateMachine(  867): processMsg: L2ConnectedState
E/WifiStateMachine(  867):  L2ConnectedState !SCAN_RESULTS_EVENT 0 0 found=11 known=1 got=11 bcn=0
E/WifiStateMachine(  867): processMsg: ConnectModeState
E/WifiStateMachine(  867):  ConnectModeState !SCAN_RESULTS_EVENT 0 0 found=11 known=1 got=11 bcn=0
E/WifiStateMachine(  867): processMsg: DriverStartedState
D/Tethering(  867): interfaceLinkStateChanged wlan0, true
D/Tethering(  867): interfaceStatusChanged wlan0, true
E/WifiStateMachine(  867): WiFiDisplay: getWifidisplayApEnabled=false
E/WifiStateMachine(  867):  DriverStartedState !SCAN_RESULTS_EVENT 0 0 found=11 known=1 got=11 bcn=0
E/WifiStateMachine(  867): processMsg: SupplicantStartedState
E/WifiStateMachine(  867):  SupplicantStartedState !SCAN_RESULTS_EVENT 0 0 found=11 known=1 got=11 bcn=0
D/WifiStateMachine(  867): [MLHD] enter handleMediaLinkEvent SupplicantStartedState
W/WifiHW  (  867): QCOM Debug wifi_send_command "IFNAME=wlan0 LIST_DONGLES"
D/wpa_supplicant(24155): wlan0: Control interface command 'LIST_DONGLES'
E/WifiStateMachine(  867): [1,442,089,464,126 ms] noteScanEnd no scan source
W/WifiHW  (  867): QCOM Debug wifi_send_command "IFNAME=wlan0 BSS RANGE=0- MASK=0x21987"
D/wpa_supplicant(24155): wlan0: Control interface command 'BSS RANGE=0- MASK=0x21987'
D/WirelessDisplayService(  867): getDiscoveryDongleList
E/WifiStateMachine(  867): wifi setScanResults statecom.android.server.wifi.WifiStateMachine$ConnectedState@27571602 sup_state=COMPLETED debouncing=false
E/WifiAutoJoinController (  867): get_your_own_wifi 00:1c:7b:f9:8b:bc rssi=-59 cap [WPA-PSK-CCMP+TKIP][WPA2-PSK-CCMP+TKIP][WPS][ESS] is not scored
E/WifiConfigStore(  867): updateSavedNetworkHistory(): try "get_your_own_wifi"WPA_PSK SSID="get_your_own_wifi" get_your_own_wifi [WPA-PSK-CCMP+TKIP][WPA2-PSK-CCMP+TKIP][WPS][ESS] ajst=0
E/WifiConfigStore(  867): updateSavedNetworkHistory: HTC improve mode
E/WifiConfigStore(  867):         got known scan result 00:1c:7b:f9:8b:bc key : "get_your_own_wifi"WPA_PSK num: 1 rssi=-59 freq=2462 status=16
E/WifiAutoJoinController (  867): Linksys34799 #2 b4:75:0e:cb:59:a7 rssi=-68 cap [WPA-PSK-CCMP+TKIP][WPA2-PSK-CCMP+TKIP][WPS][ESS] is not scored
E/WifiAutoJoinController (  867): Linksys34799 b4:75:0e:cb:59:a8 rssi=-74 cap [WPA-PSK-CCMP+TKIP][WPA2-PSK-CCMP+TKIP][WPS][ESS] is not scored
E/WifiAutoJoinController (  867): Baba's Space 90:72:40:1a:c6:0a rssi=-75 cap [WPA2-PSK-CCMP][ESS] is not scored
E/WifiAutoJoinController (  867): ATT576 f8:0b:be:1f:b0:a0 rssi=-82 cap [WPA-PSK-CCMP+TKIP][WPA2-PSK-CCMP+TKIP][ESS] is not scored
E/WifiAutoJoinController (  867): Aquarius86 58:6d:8f:b3:db:17 rssi=-86 cap [WPA2-PSK-CCMP][WPS][ESS] is not scored
E/WifiAutoJoinController (  867): princess786 20:aa:4b:a0:45:d4 rssi=-86 cap [WPA-PSK-CCMP+TKIP][WPA2-PSK-CCMP+TKIP][WPS][ESS] is not scored
E/WifiAutoJoinController (  867): John b4:75:0e:a3:4a:ec rssi=-91 cap [WPA-PSK-CCMP+TKIP][WPA2-PSK-CCMP+TKIP][WPS][ESS] is not scored
E/WifiAutoJoinController (  867): Qk b4:75:0e:d3:2e:3e rssi=-90 cap [WPA2-PSK-CCMP][WPS][ESS] is not scored
W/ContextImpl(  867): Calling a method in the system process without a qualified user: android.app.ContextImpl.sendBroadcast:1433 com.android.server.wifi.WifiStateMachine.sendDongleScanResultsAvailableBroadcast:13993 com.android.server.wifi.WifiStateMachine.handleMediaLinkEvent:14158 com.android.server.wifi.WifiStateMachine.access$5400:265 com.android.server.wifi.WifiStateMachine$SupplicantStartedState.processMessage:7952 
E/WifiAutoJoinController (  867): India 1947 c8:b3:73:51:54:12 rssi=-93 cap [WPA2-PSK-CCMP][WPS][ESS] is not scored
E/WifiAutoJoinController (  867): Skyfall 84:c9:b2:66:1c:44 rssi=-91 cap [WPA-PSK-CCMP+TKIP][WPS][ESS] is not scored
E/WifiAutoJoinController (  867): ageScanResultsOut delay 40000 size 11 now 1442089464135
E/WifiAutoJoinController (  867): newSupplicantResults size=11 known=1 true
W/WifiHW  (  867): QCOM Debug wifi_send_command "IFNAME=wlan0 STATUS-NO_EVENTS"
D/wpa_supplicant(24155): wlan0: Control interface command 'STATUS-NO_EVENTS'
E/WifiAutoJoinController (  867): attemptAutoJoin() status=bssid=00:1c:7b:f9:8b:bc
E/WifiAutoJoinController (  867): ssid=get_your_own_wifi
E/WifiAutoJoinController (  867): id=1
E/WifiAutoJoinController (  867): mode=station
E/WifiAutoJoinController (  867): pairwise_cipher=CCMP
E/WifiAutoJoinController (  867): group_cipher=TKIP
E/WifiAutoJoinController (  867): key_mgmt=WPA2-PSK
E/WifiAutoJoinController (  867): wpa_state=COMPLETED
E/WifiAutoJoinController (  867): ip_address=192.168.0.28
E/WifiAutoJoinController (  867): p2p_device_address=2e:8a:72:ba:32:dd
E/WifiAutoJoinController (  867): address=XX:XX:XX:XX:XX:XX
E/WifiAutoJoinController (  867): uuid=12345678-9abc-def0-1234-56789abcdef1 split=12
E/WifiAutoJoinController (  867): attemptAutoJoin() num recent config 1 current="get_your_own_wifi"WPA_PSK ---> suppNetId=1
E/WifiAutoJoinController (  867): attemptAutoJoin good candidate seen, bumped hard -> status=0 "get_your_own_wifi"WPA_PSK rssi=(-59,-127) num=(1,0)
E/WifiAutoJoinController (  867): attemptAutoJoin skip current candidate  1 key "get_your_own_wifi"WPA_PSK
D/HtcWifiControlRoamOffload: (  867): roamCandidate: nullcurrentBSSID: 00:1c:7b:f9:8b:bc
E/WifiStateMachine(  867): WiFiDisplay: getWifidisplayApEnabled=false
E/WifiAutoJoinController (  867): Done attemptAutoJoin status=0
E/WifiConfigStore(  867):  writeKnownNetworkHistory() num networks:7 needWrite=false
E/WifiStateMachine(  867): handleMessage: X
D/HtcUPManager( 1158): HtcUPServiceProxy onTrimMemory() has been called. Memory Level: 60
D/HtcUPManager( 1158): HtcUPServiceProxy onTrimMemory() has been called. Memory Level: 60
E/WifiTrafficPoller(  867): TRAFFIC_STATS_POLL true Token 1428 num clients 20
E/WifiTrafficPoller(  867):  packet count Tx=1008305 Rx=1610307
D/PMS     (  867): releaseWL(bb76235): PARTIAL_WAKE_LOCK  android.Wakelock 0x1 null
E/MP-Decision( 2287): Update arg 2
W/XT9IME  ( 1391): [preBuildWordBeforeCursor] InputConnection.getTextBeforeCursor() failed, do nothing.
I/CVW     ( 1391): showWindow(0, 0) WCLID:0
E/MP-Decision( 2287): Update arg 1
D/HtcWifiControlRoamOffload: (  867): Receive mPhoneStateListener
D/HtcWifiControlRoamOffload: (  867): Receive mPhoneStateListener, getGsmSignalStrength99
D/TelephonyCallback( 1158): SignalStrength: 3
D/SIGNAL_ICON( 1158): level=3/5
D/StatusBar.NetworkController( 1158): dumpIcon[stat_sys_data_4g_lte_connected stat_sys_5signal_3|null stat_sys_wifi_signal_connected_4 (gone) F]
E/WifiDataStallTracker(  867): DATA_MONITOR_POLL true Token 394
D/WifiDataStallTracker(  867): updateDataStallInfo: mDataStallTxRxSum={txSum=917566 rxSum=1484198} preTxRxSum={txSum=917565 rxSum=1484197}
E/WifiTrafficPoller(  867): TRAFFIC_STATS_POLL true Token 1428 num clients 20
E/WifiTrafficPoller(  867):  packet count Tx=1008307 Rx=1610308
E/WifiTrafficPoller(  867): notifying of data activity 3
D/WifiDataStallTracker(  867): updateDataStallInfo: IN/OUT
D/WifiDataStallTracker(  867): onDataStallAlarm: Sent 0 pkts since last received, < watchdogTrigger=5
D/WIFI_ICON( 1158): WifiActivity: 3
D/StatusBar.NetworkController( 1158): dumpIcon[stat_sys_data_4g_lte_connected stat_sys_5signal_3|null stat_sys_wifi_signal_inandout_4 (gone) F]
I/PhoneStatusBar( 1158): setAlphaTagVisible:false
E/MP-Decision( 2287): Update arg 2
W/ActivityManager(  867): getTasks: caller 10009 is using old GET_TASKS but privileged; allowing
E/MP-Decision( 2287): Update arg 1
E/MP-Decision( 2287): Update arg 2
E/MP-Decision( 2287): Update arg 1
E/MP-Decision( 2287): Update arg 2
E/WifiTrafficPoller(  867): TRAFFIC_STATS_POLL true Token 1428 num clients 20
E/WifiTrafficPoller(  867):  packet count Tx=1008308 Rx=1610309
E/WifiStateMachine(  867): handleMessage: E msg.what=131155
E/WifiStateMachine(  867): processMsg: ConnectedState
E/WifiStateMachine(  867):  ConnectedState !CMD_RSSI_POLL 353 0 "get_your_own_wifi" 00:1c:7b:f9:8b:bc rssi=-59 f=2462 sc=60 link=72 tx=10.5, 0.0, 0.0  rx=5.5 bcn=0 [on:0 tx:0 rx:0 period:2987] from screen [on:0 period:-1019544412] gl hn u24 rssi=-54 ag=0 hr ticks 0,0,2 ls-=0 [56,56,60,60,65] brc=0 lrc=0
E/WifiStateMachine(  867): processMsg: L2ConnectedState
E/WifiStateMachine(  867):  L2ConnectedState !CMD_RSSI_POLL 353 0 "get_your_own_wifi" 00:1c:7b:f9:8b:bc rssi=-59 f=2462 sc=60 link=72 tx=10.5, 0.0, 0.0  rx=5.5 bcn=0 [on:0 tx:0 rx:0 period:1] from screen [on:0 period:-1019544411] gl hn u24 rssi=-54 ag=0 hr ticks 0,0,2 ls-=0 [56,56,60,60,65] brc=0 lrc=0
E/WifiStateMachine(  867):  get link layer stats 0
W/WifiHW  (  867): QCOM Debug wifi_send_command "IFNAME=wlan0 SIGNAL_POLL"
D/wpa_supplicant(24155): wlan0: Control interface command 'SIGNAL_POLL'
I/wpa_supplicant(24155): environment dirty rate=0 [2][0][0]
E/WifiStateMachine(  867): fetchRssiLinkSpeedAndFrequencyNative RSSI = -59 abnormalRssiCnt = 0 newLinkSpeed = 72
E/WifiStateMachine(  867): fetchRssiLinkSpeedAndFrequencyNative rssi=-59 linkspeed=72
E/WifiConfigStore(  867): updateConfiguration freq=2462 BSSID=00:1c:7b:f9:8b:bc RSSI=-58 "get_your_own_wifi"WPA_PSK
E/WifiStateMachine(  867): calculateWifiScore freq=2462 speed=72 score=60 highRSSI  -> txbadrate=0.00 txgoodrate=6.75 txretriesrate=0.00 rxrate=3.75 userTriggerdPenalty0
E/WifiStateMachine(  867):  good link -> stuck count =0
E/WifiStateMachine(  867):  badRSSI count0 lowRSSI count0 --> score 60
E/WifiStateMachine(  867):  isHighRSSI       ---> score=65
D/WifiWatchdogStateMachine(  867): RSSI current: 3 new: -59, 3
E/WifiStateMachine(  867): handleMessage: X
D/WIFI_ICON( 1158): updateWifiState: RSSI_CHANGED 3 -> 3
D/StatusBar.NetworkController( 1158): dumpIcon[stat_sys_data_4g_lte_connected stat_sys_5signal_3|null stat_sys_wifi_signal_inandout_4 (gone) F]
E/MP-Decision( 2287): Update arg 1
E/MP-Decision( 2287): Update arg 2
E/MP-Decision( 2287): Update arg 1
E/MP-Decision( 2287): Update arg 2
I/ActivityManager(  867): START u0 {cmp=dpatel96_a1.cs442.com.myfirstapp/.DisplayActivity (has extras)} from uid 10243 pid 5457 on display 0
D/  MyFirstApp : ( 5457): Second Screen Opened.
D/PMS     (  867): acquireWL(2d33271): PARTIAL_WAKE_LOCK  ActivityManager-Launch 0x1 867 1000 null
W/HtcSystemUPManager(  867): HtcSystemUPHandler The policy is disabled. AppId: activity_history, category: launch
D/PMS     (  867): acquireWL(91784ad): SCREEN_BRIGHT_WAKE_LOCK  ON_AFTER_RELEASE WindowManager 0x2000000a 867 1000 WorkSource{10243}
D/StatusBarManagerService(  867): setSystemUiVisibility(0x8600)
D/StatusBarManagerService(  867): manageDisableList userId=0 what=0x0 pkg=WindowManager.LayoutParams
D/StatusBarManagerService(  867): hiding MENU key
I/ActivityManager(  867): Displayed dpatel96_a1.cs442.com.myfirstapp/.DisplayActivity: +171ms
I/CVW     ( 1391): Dismiss CandidateViewWindow WCLID:0
I/PhoneStatusBar( 1158): setImeWindowStatus(false,false)
D/StatusBarManagerService(  867): swetImeWindowStatus vis=0 backDisposition=0
W/XT9_C   ( 1391): [T9_ContextBreak] ET9AWSelLstBuild() failed!  (wCoreStatus=4)
I/XT9_C   ( 1391): [T9_ReleaseBuffer] Reset LDB#0
I/XT9_C   ( 1391): [T9_ReleaseBuffer] Release memory of 'gLdbInfo[i].pbLdbBuff'
I/XT9_C   ( 1391): [T9_ReleaseBuffer] Reset LDB#1
D/XT9_C   ( 1391): [T9_ReleaseBuffer] Done. Current LdbNum=0x100, First LdbNum=0x100, Second LdbNum=0x0
E/WifiTrafficPoller(  867): TRAFFIC_STATS_POLL true Token 1428 num clients 20
E/WifiTrafficPoller(  867):  packet count Tx=1008308 Rx=1610310
E/WifiTrafficPoller(  867): notifying of data activity 1
D/WIFI_ICON( 1158): WifiActivity: 1
D/StatusBar.NetworkController( 1158): dumpIcon[stat_sys_data_4g_lte_connected stat_sys_5signal_3|null stat_sys_wifi_signal_in_4 (gone) F]
D/PMS     (  867): releaseWL(2d33271): PARTIAL_WAKE_LOCK  ActivityManager-Launch 0x1 null
E/MP-Decision( 2287): Update arg 1
E/WifiTrafficPoller(  867): TRAFFIC_STATS_POLL true Token 1428 num clients 20
E/WifiTrafficPoller(  867):  packet count Tx=1008308 Rx=1610311
D/HtcWifiControlRoamOffload: (  867): Receive mPhoneStateListener
D/HtcWifiControlRoamOffload: (  867): Receive mPhoneStateListener, getGsmSignalStrength99
D/TelephonyCallback( 1158): SignalStrength: 4
D/SIGNAL_ICON( 1158): level=4/5
D/StatusBar.NetworkController( 1158): dumpIcon[stat_sys_data_4g_lte_connected stat_sys_5signal_4|null stat_sys_wifi_signal_in_4 (gone) F]
E/WifiTrafficPoller(  867): TRAFFIC_STATS_POLL true Token 1428 num clients 20
E/WifiTrafficPoller(  867):  packet count Tx=1008308 Rx=1610311
E/WifiTrafficPoller(  867): notifying of data activity 0
D/WIFI_ICON( 1158): WifiActivity: 0
D/StatusBar.NetworkController( 1158): dumpIcon[stat_sys_data_4g_lte_connected stat_sys_5signal_4|null stat_sys_wifi_signal_connected_4 (gone) F]
E/WifiStateMachine(  867): handleMessage: E msg.what=131155
E/WifiStateMachine(  867): processMsg: ConnectedState
E/WifiStateMachine(  867):  ConnectedState !CMD_RSSI_POLL 353 0 "get_your_own_wifi" 00:1c:7b:f9:8b:bc rssi=-59 f=2462 sc=60 link=72 tx=6.8, 0.0, 0.0  rx=3.8 bcn=0 [on:0 tx:0 rx:0 period:3014] from screen [on:0 period:-1019541391] gl hn u24 rssi=-54 ag=0 hr ticks 0,0,2 ls-=0 [56,56,60,60,65] brc=0 lrc=0
E/WifiStateMachine(  867): processMsg: L2ConnectedState
E/WifiStateMachine(  867):  L2ConnectedState !CMD_RSSI_POLL 353 0 "get_your_own_wifi" 00:1c:7b:f9:8b:bc rssi=-59 f=2462 sc=60 link=72 tx=6.8, 0.0, 0.0  rx=3.8 bcn=0 [on:0 tx:0 rx:0 period:26] from screen [on:0 period:-1019541365] gl hn u24 rssi=-54 ag=0 hr ticks 0,0,2 ls-=0 [56,56,60,60,65] brc=0 lrc=0
E/WifiStateMachine(  867):  get link layer stats 0
W/WifiHW  (  867): QCOM Debug wifi_send_command "IFNAME=wlan0 SIGNAL_POLL"
D/wpa_supplicant(24155): wlan0: Control interface command 'SIGNAL_POLL'
I/wpa_supplicant(24155): environment dirty rate=0 [0][0][0]
E/WifiStateMachine(  867): fetchRssiLinkSpeedAndFrequencyNative RSSI = -59 abnormalRssiCnt = 0 newLinkSpeed = 72
E/WifiStateMachine(  867): fetchRssiLinkSpeedAndFrequencyNative rssi=-59 linkspeed=72
E/WifiConfigStore(  867): updateConfiguration freq=2462 BSSID=00:1c:7b:f9:8b:bc RSSI=-58 "get_your_own_wifi"WPA_PSK
E/WifiStateMachine(  867): calculateWifiScore freq=2462 speed=72 score=60 highRSSI  -> txbadrate=0.00 txgoodrate=3.38 txretriesrate=0.00 rxrate=2.88 userTriggerdPenalty0
E/WifiStateMachine(  867):  good link -> stuck count =0
E/WifiStateMachine(  867):  badRSSI count0 lowRSSI count0 --> score 56
E/WifiStateMachine(  867):  isHighRSSI       ---> score=61
D/WifiWatchdogStateMachine(  867): RSSI current: 3 new: -59, 3
E/WifiStateMachine(  867): handleMessage: X
D/WIFI_ICON( 1158): updateWifiState: RSSI_CHANGED 3 -> 3
D/StatusBar.NetworkController( 1158): dumpIcon[stat_sys_data_4g_lte_connected stat_sys_5signal_4|null stat_sys_wifi_signal_connected_4 (gone) F]
E/WifiDataStallTracker(  867): DATA_MONITOR_POLL true Token 394
D/WifiDataStallTracker(  867): updateDataStallInfo: mDataStallTxRxSum={txSum=917567 rxSum=1484199} preTxRxSum={txSum=917566 rxSum=1484198}
D/WIFI_ICON( 1158): WifiActivity: 1
D/WifiDataStallTracker(  867): updateDataStallInfo: IN/OUT
D/StatusBar.NetworkController( 1158): dumpIcon[stat_sys_data_4g_lte_connected stat_sys_5signal_4|null stat_sys_wifi_signal_in_4 (gone) F]
D/WifiDataStallTracker(  867): onDataStallAlarm: Sent 0 pkts since last received, < watchdogTrigger=5
E/WifiTrafficPoller(  867): TRAFFIC_STATS_POLL true Token 1428 num clients 20
E/WifiTrafficPoller(  867):  packet count Tx=1008308 Rx=1610312
E/WifiTrafficPoller(  867): notifying of data activity 1
W/ActivityManager(  867): getTasks: caller 10009 is using old GET_TASKS but privileged; allowing
E/MP-Decision( 2287): Update arg 2
D/PMS     (  867): releaseWL(91784ad): SCREEN_BRIGHT_WAKE_LOCK  ON_AFTER_RELEASE WindowManager 0x2000000a WorkSource{10243}
E/WifiTrafficPoller(  867): TRAFFIC_STATS_POLL true Token 1428 num clients 20
E/WifiTrafficPoller(  867):  packet count Tx=1008308 Rx=1610312
D/WIFI_ICON( 1158): WifiActivity: 0
E/WifiTrafficPoller(  867): notifying of data activity 0
D/StatusBar.NetworkController( 1158): dumpIcon[stat_sys_data_4g_lte_connected stat_sys_5signal_4|null stat_sys_wifi_signal_connected_4 (gone) F]
E/MP-Decision( 2287): Update arg 1
E/WifiTrafficPoller(  867): TRAFFIC_STATS_POLL true Token 1428 num clients 20
E/WifiTrafficPoller(  867):  packet count Tx=1008308 Rx=1610312
E/WifiStateMachine(  867): handleMessage: E msg.what=131155
E/WifiStateMachine(  867): processMsg: ConnectedState
E/WifiStateMachine(  867):  ConnectedState !CMD_RSSI_POLL 353 0 "get_your_own_wifi" 00:1c:7b:f9:8b:bc rssi=-59 f=2462 sc=60 link=72 tx=3.4, 0.0, 0.0  rx=2.9 bcn=0 [on:0 tx:0 rx:0 period:3001] from screen [on:0 period:-1019538335] gl hn u24 rssi=-54 ag=0 hr ls-=0 [56,56,56,56,61] brc=0 lrc=0
E/WifiStateMachine(  867): processMsg: L2ConnectedState
E/WifiStateMachine(  867):  L2ConnectedState !CMD_RSSI_POLL 353 0 "get_your_own_wifi" 00:1c:7b:f9:8b:bc rssi=-59 f=2462 sc=60 link=72 tx=3.4, 0.0, 0.0  rx=2.9 bcn=0 [on:0 tx:0 rx:0 period:2] from screen [on:0 period:-1019538333] gl hn u24 rssi=-54 ag=0 hr ls-=0 [56,56,56,56,61] brc=0 lrc=0
E/WifiStateMachine(  867):  get link layer stats 0
W/WifiHW  (  867): QCOM Debug wifi_send_command "IFNAME=wlan0 SIGNAL_POLL"
D/wpa_supplicant(24155): wlan0: Control interface command 'SIGNAL_POLL'
D/AutoSetting( 7676): service - mRequestRunnable: screen on delay 10s, request NLP now
D/AutoSetting( 7676): service - requestNLP() to last request within 2hrs, don't request 5848449
I/wpa_supplicant(24155): environment dirty rate=0 [0][0][0]
D/WIFI_ICON( 1158): updateWifiState: RSSI_CHANGED 3 -> 3
E/WifiStateMachine(  867): fetchRssiLinkSpeedAndFrequencyNative RSSI = -58 abnormalRssiCnt = 0 newLinkSpeed = 72
D/StatusBar.NetworkController( 1158): dumpIcon[stat_sys_data_4g_lte_connected stat_sys_5signal_4|null stat_sys_wifi_signal_connected_4 (gone) F]
E/WifiStateMachine(  867): fetchRssiLinkSpeedAndFrequencyNative rssi=-58 linkspeed=72
E/WifiConfigStore(  867): updateConfiguration freq=2462 BSSID=00:1c:7b:f9:8b:bc RSSI=-58 "get_your_own_wifi"WPA_PSK
E/WifiStateMachine(  867): calculateWifiScore freq=2462 speed=72 score=60 highRSSI  -> txbadrate=0.00 txgoodrate=1.69 txretriesrate=0.00 rxrate=1.94 userTriggerdPenalty0
E/WifiStateMachine(  867):  good link -> stuck count =0
E/WifiStateMachine(  867):  badRSSI count0 lowRSSI count0 --> score 56
E/WifiStateMachine(  867):  isHighRSSI       ---> score=61
D/WifiWatchdogStateMachine(  867): RSSI current: 3 new: -58, 3
E/WifiStateMachine(  867): handleMessage: X
D/HtcWifiControlRoamOffload: (  867): Receive mPhoneStateListener
D/TelephonyCallback( 1158): SignalStrength: 3
D/HtcWifiControlRoamOffload: (  867): Receive mPhoneStateListener, getGsmSignalStrength99
D/SIGNAL_ICON( 1158): level=3/5
D/StatusBar.NetworkController( 1158): dumpIcon[stat_sys_data_4g_lte_connected stat_sys_5signal_3|null stat_sys_wifi_signal_connected_4 (gone) F]
E/WifiTrafficPoller(  867): TRAFFIC_STATS_POLL true Token 1428 num clients 20
D/WIFI_ICON( 1158): WifiActivity: 3
E/WifiTrafficPoller(  867):  packet count Tx=1008309 Rx=1610313
D/StatusBar.NetworkController( 1158): dumpIcon[stat_sys_data_4g_lte_connected stat_sys_5signal_3|null stat_sys_wifi_signal_inandout_4 (gone) F]
E/WifiTrafficPoller(  867): notifying of data activity 3
E/WifiTrafficPoller(  867): TRAFFIC_STATS_POLL true Token 1428 num clients 20
D/WIFI_ICON( 1158): WifiActivity: 1
E/WifiTrafficPoller(  867):  packet count Tx=1008309 Rx=1610314
D/StatusBar.NetworkController( 1158): dumpIcon[stat_sys_data_4g_lte_connected stat_sys_5signal_3|null stat_sys_wifi_signal_in_4 (gone) F]
E/WifiTrafficPoller(  867): notifying of data activity 1
E/WifiDataStallTracker(  867): DATA_MONITOR_POLL true Token 394
D/WifiDataStallTracker(  867): updateDataStallInfo: mDataStallTxRxSum={txSum=917568 rxSum=1484200} preTxRxSum={txSum=917567 rxSum=1484199}
D/WifiDataStallTracker(  867): updateDataStallInfo: IN/OUT
D/WifiDataStallTracker(  867): onDataStallAlarm: Sent 0 pkts since last received, < watchdogTrigger=5
D/HtcWifiControlRoamOffload: (  867): Receive mPhoneStateListener
D/TelephonyCallback( 1158): SignalStrength: 3
D/HtcWifiControlRoamOffload: (  867): Receive mPhoneStateListener, getGsmSignalStrength99
D/SIGNAL_ICON( 1158): level=3/5
D/StatusBar.NetworkController( 1158): dumpIcon[stat_sys_data_4g_lte_connected stat_sys_5signal_3|null stat_sys_wifi_signal_in_4 (gone) F]
E/WifiTrafficPoller(  867): TRAFFIC_STATS_POLL true Token 1428 num clients 20
D/WIFI_ICON( 1158): WifiActivity: 3
E/WifiTrafficPoller(  867):  packet count Tx=1008311 Rx=1610315
D/StatusBar.NetworkController( 1158): dumpIcon[stat_sys_data_4g_lte_connected stat_sys_5signal_3|null stat_sys_wifi_signal_inandout_4 (gone) F]
E/WifiTrafficPoller(  867): notifying of data activity 3
E/WifiStateMachine(  867): handleMessage: E msg.what=131155
E/WifiStateMachine(  867): processMsg: ConnectedState
E/WifiStateMachine(  867):  ConnectedState !CMD_RSSI_POLL 353 0 "get_your_own_wifi" 00:1c:7b:f9:8b:bc rssi=-58 f=2462 sc=60 link=72 tx=1.7, 0.0, 0.0  rx=1.9 bcn=0 [on:0 tx:0 rx:0 period:2997] from screen [on:0 period:-1019535309] gl hn u24 rssi=-53 ag=0 hr ls-=0 [56,56,56,56,61] brc=0 lrc=0
E/WifiStateMachine(  867): processMsg: L2ConnectedState
E/WifiStateMachine(  867):  L2ConnectedState !CMD_RSSI_POLL 353 0 "get_your_own_wifi" 00:1c:7b:f9:8b:bc rssi=-58 f=2462 sc=60 link=72 tx=1.7, 0.0, 0.0  rx=1.9 bcn=0 [on:0 tx:0 rx:0 period:2] from screen [on:0 period:-1019535307] gl hn u24 rssi=-53 ag=0 hr ls-=0 [56,56,56,56,61] brc=0 lrc=0
E/WifiStateMachine(  867):  get link layer stats 0
W/WifiHW  (  867): QCOM Debug wifi_send_command "IFNAME=wlan0 SIGNAL_POLL"
D/WIFI_ICON( 1158): updateWifiState: RSSI_CHANGED 3 -> 3
D/wpa_supplicant(24155): wlan0: Control interface command 'SIGNAL_POLL'
D/StatusBar.NetworkController( 1158): dumpIcon[stat_sys_data_4g_lte_connected stat_sys_5signal_3|null stat_sys_wifi_signal_inandout_4 (gone) F]
I/wpa_supplicant(24155): environment dirty rate=50 [2][1][0]
E/WifiStateMachine(  867): fetchRssiLinkSpeedAndFrequencyNative RSSI = -53 abnormalRssiCnt = 0 newLinkSpeed = 72
E/WifiStateMachine(  867): fetchRssiLinkSpeedAndFrequencyNative rssi=-53 linkspeed=72
E/WifiConfigStore(  867): updateConfiguration freq=2462 BSSID=00:1c:7b:f9:8b:bc RSSI=-55 "get_your_own_wifi"WPA_PSK
E/WifiStateMachine(  867): calculateWifiScore freq=2462 speed=72 score=60 highRSSI  -> txbadrate=0.00 txgoodrate=2.34 txretriesrate=0.00 rxrate=2.47 userTriggerdPenalty0
E/WifiStateMachine(  867):  good link -> stuck count =0
E/WifiStateMachine(  867):  badRSSI count0 lowRSSI count0 --> score 56
E/WifiStateMachine(  867):  isHighRSSI       ---> score=61
D/WifiWatchdogStateMachine(  867): RSSI current: 3 new: -53, 3
E/WifiStateMachine(  867): handleMessage: X
W/ActivityManager(  867): getTasks: caller 10009 is using old GET_TASKS but privileged; allowing
E/WifiTrafficPoller(  867): TRAFFIC_STATS_POLL true Token 1428 num clients 20
D/WIFI_ICON( 1158): WifiActivity: 0
E/WifiTrafficPoller(  867):  packet count Tx=1008311 Rx=1610315
D/StatusBar.NetworkController( 1158): dumpIcon[stat_sys_data_4g_lte_connected stat_sys_5signal_3|null stat_sys_wifi_signal_connected_4 (gone) F]
E/WifiTrafficPoller(  867): notifying of data activity 0
E/MP-Decision( 2287): Update arg 2
I/KeyButtonView( 1158): sendEvent(0,0,79868291,false) back
E/WifiTrafficPoller(  867): TRAFFIC_STATS_POLL true Token 1428 num clients 20
E/WifiTrafficPoller(  867):  packet count Tx=1008311 Rx=1610315
I/KeyButtonView( 1158): sendEvent(1,0,79868424,false) back
D/PMS     (  867): acquireWL(325e4306): PARTIAL_WAKE_LOCK  ActivityManager-Launch 0x1 867 1000 null
W/HtcSystemUPManager(  867): HtcSystemUPHandler The policy is disabled. AppId: activity_history, category: launch
D/StatusBarManagerService(  867): setSystemUiVisibility(0x8600)
D/StatusBarManagerService(  867): manageDisableList userId=0 what=0x0 pkg=WindowManager.LayoutParams
D/StatusBarManagerService(  867): hiding MENU key
I/InputMethodManager( 5457): [startInputInner] EditorInfo { packageName=dpatel96_a1.cs442.com.myfirstapp, inputType=0x20001, imeOptions=0x40000006, privateImeOptions=null }, windowGainingFocus=android.view.ViewRootImpl$W@3c17479, mServedView=android.support.v7.widget.AppCompatEditText{1971a5be VFED..CL .F....ID 48,48-768,172 #7f0c004d app:id/edit_message}, mServedInputConnectionWrapper=android.view.inputmethod.InputMethodManager$ControlledInputConnectionWrapper@8037e5d
D/PMS     (  867): releaseWL(325e4306): PARTIAL_WAKE_LOCK  ActivityManager-Launch 0x1 null
E/MP-Decision( 2287): Update arg 1
E/MP-Decision( 2287): Update arg 2
I/KeyButtonView( 1158): sendEvent(0,0,79868841,false) back
I/KeyButtonView( 1158): sendEvent(1,0,79868950,false) back
D/PMS     (  867): acquireWL(13bd5760): PARTIAL_WAKE_LOCK  ActivityManager-Launch 0x1 867 1000 null
W/HtcSystemUPManager(  867): HtcSystemUPHandler The policy is disabled. AppId: activity_history, category: launch
E/MP-Decision( 2287): Update arg "0 380 380 380".
E/MP-Decision( 2287): Update arg "0 400 400 400".
I/FeedHostManager( 1533): [onResume]
I/FeedProviderManager( 1533): onResume
I/SocialFeedProvider( 1533): +onResume
I/SocialFeedProvider( 1533): updateAccounts - Accounts is no change
I/SocialFeedProvider( 1533): -onResume
E/MP-Decision( 2287): Update arg 1
I/ThreadedRenderer( 1533): Defer allocateBuffers to drawing time
D/StatusBarManagerService(  867): setSystemUiVisibility(0x8700)
D/StatusBarManagerService(  867): manageDisableList userId=0 what=0x0 pkg=WindowManager.LayoutParams
D/StatusBarManagerService(  867): hiding MENU key
D/StatusBarManagerService(  867): setSystemUiVisibility(0xc0000700)
D/StatusBarManagerService(  867): manageDisableList userId=0 what=0x0 pkg=WindowManager.LayoutParams
D/StatusBarManagerService(  867): hiding MENU key
I/InputMethodManagerService(  867): Disable input method client, pid=5457
D/StatusBarManagerService(  867): swetImeWindowStatus vis=0 backDisposition=0
I/InputMethodManagerService(  867): Enable input method client, pid=1533
D/PMS     (  867): releaseWL(13bd5760): PARTIAL_WAKE_LOCK  ActivityManager-Launch 0x1 null
I/PhoneStatusBar( 1158): setImeWindowStatus(false,false)
W/IInputConnectionWrapper( 5457): reportFullscreenMode on inactive InputConnection
E/WifiTrafficPoller(  867): TRAFFIC_STATS_POLL true Token 1428 num clients 20
E/WifiTrafficPoller(  867):  packet count Tx=1008311 Rx=1610315
E/WifiStateMachine(  867): handleMessage: E msg.what=131155
E/WifiStateMachine(  867): processMsg: ConnectedState
E/WifiStateMachine(  867):  ConnectedState !CMD_RSSI_POLL 353 0 "get_your_own_wifi" 00:1c:7b:f9:8b:bc rssi=-53 f=2462 sc=60 link=72 tx=2.3, 0.0, 0.0  rx=2.5 bcn=0 [on:0 tx:0 rx:0 period:3001] from screen [on:0 period:-1019532295] gl hn u24 rssi=-48 ag=0 hr ls-=0 [56,56,56,56,61] brc=0 lrc=0
E/WifiStateMachine(  867): processMsg: L2ConnectedState
E/WifiStateMachine(  867):  L2ConnectedState !CMD_RSSI_POLL 353 0 "get_your_own_wifi" 00:1c:7b:f9:8b:bc rssi=-53 f=2462 sc=60 link=72 tx=2.3, 0.0, 0.0  rx=2.5 bcn=0 [on:0 tx:0 rx:0 period:0] from screen [on:0 period:-1019532295] gl hn u24 rssi=-48 ag=0 hr ls-=0 [56,56,56,56,61] brc=0 lrc=0
E/WifiStateMachine(  867):  get link layer stats 0
W/WifiHW  (  867): QCOM Debug wifi_send_command "IFNAME=wlan0 SIGNAL_POLL"
D/wpa_supplicant(24155): wlan0: Control interface command 'SIGNAL_POLL'
I/wpa_supplicant(24155): environment dirty rate=0 [0][0][0]
E/WifiStateMachine(  867): fetchRssiLinkSpeedAndFrequencyNative RSSI = -57 abnormalRssiCnt = 0 newLinkSpeed = 72
E/WifiStateMachine(  867): fetchRssiLinkSpeedAndFrequencyNative rssi=-57 linkspeed=72
E/WifiConfigStore(  867): updateConfiguration freq=2462 BSSID=00:1c:7b:f9:8b:bc RSSI=-56 "get_your_own_wifi"WPA_PSK
E/WifiStateMachine(  867): calculateWifiScore freq=2462 speed=72 score=60 highRSSI  -> txbadrate=0.00 txgoodrate=1.17 txretriesrate=0.00 rxrate=1.23 userTriggerdPenalty0
E/WifiStateMachine(  867):  good link -> stuck count =0
E/WifiStateMachine(  867):  badRSSI count0 lowRSSI count0 --> score 56
E/WifiStateMachine(  867):  isHighRSSI       ---> score=61
D/WifiWatchdogStateMachine(  867): RSSI current: 3 new: -57, 3
D/WIFI_ICON( 1158): updateWifiState: RSSI_CHANGED 3 -> 3
E/WifiStateMachine(  867): handleMessage: X
D/StatusBar.NetworkController( 1158): dumpIcon[stat_sys_data_4g_lte_connected stat_sys_5signal_3|null stat_sys_wifi_signal_connected_4 (gone) F]
W/OpenGLRenderer( 1533): Incorrectly called buildLayer on View: ShortcutAndWidgetContainer, destroying layer...
E/WifiTrafficPoller(  867): TRAFFIC_STATS_POLL true Token 1428 num clients 20
E/WifiTrafficPoller(  867):  packet count Tx=1008311 Rx=1610315
E/WifiDataStallTracker(  867): DATA_MONITOR_POLL true Token 394
D/WifiDataStallTracker(  867): updateDataStallInfo: mDataStallTxRxSum={txSum=917568 rxSum=1484200} preTxRxSum={txSum=917568 rxSum=1484200}
D/WifiDataStallTracker(  867): updateDataStallInfo: NONE
D/WifiDataStallTracker(  867): onDataStallAlarm: Sent 0 pkts since last received, < watchdogTrigger=5
E/WifiTrafficPoller(  867): TRAFFIC_STATS_POLL true Token 1428 num clients 20
E/WifiTrafficPoller(  867):  packet count Tx=1008311 Rx=1610315
D/HtcWifiControlRoamOffload: (  867): Receive mPhoneStateListener
D/TelephonyCallback( 1158): SignalStrength: 3
D/HtcWifiControlRoamOffload: (  867): Receive mPhoneStateListener, getGsmSignalStrength99
D/SIGNAL_ICON( 1158): level=3/5
D/StatusBar.NetworkController( 1158): dumpIcon[stat_sys_data_4g_lte_connected stat_sys_5signal_3|null stat_sys_wifi_signal_connected_4 (gone) F]
D/PMS     (  867): acquireWL(25c379b6): PARTIAL_WAKE_LOCK  *alarm* 0x1 867 1000 WorkSource{10033}
E/WifiStateMachine(  867): WiFiStateMachine SCAN ALARM
E/WifiStateMachine(  867): handleMessage: E msg.what=131143
V/AlarmManager(  867): sending alarm PendingIntent{196c7e24: PendingIntentRecord{20280333 com.google.android.gms broadcastIntent}}, i=null, t=3, cnt=1, w=149176803, Int=0
E/WifiStateMachine(  867): processMsg: ConnectedState
V/AlarmManager(  867): sending alarm PendingIntent{4b530d9: PendingIntentRecord{16de1a9e android broadcastIntent}}, i=com.android.server.WifiManager.action.START_SCAN, t=1, cnt=1, w=1442089481217, Int=20000
E/WifiStateMachine(  867):  ConnectedState !CMD_START_SCAN -2 -2 ic=1274 proc(ms):2 dur:70 rssi=-57 f=2462 sc=60 link=72 tx=1.2, 0.0, 0.0  rx=1.2 list=2462 [on:0 tx:0 rx:0 period:2052] from screen [on:0 period:-1019530227]
D/WifiDisplayAdapter(  867): getWifiDisplayStatusLocked: result=WifiDisplayStatus{featureState=3, scanState=0, activeDisplayState=0, activeDisplay=null, displays=[], sessionInfo=WifiDisplaySessionInfo:
D/WifiDisplayAdapter(  867):     Client/Owner: Client
D/WifiDisplayAdapter(  867):     GroupId: 
D/WifiDisplayAdapter(  867):     Passphrase: 
D/WifiDisplayAdapter(  867):     SessionId: 0
D/WifiDisplayAdapter(  867):     IP Address: }
E/WifiStateMachine(  867): processMsg: L2ConnectedState
D/PMS     (  867): releaseWL(25c379b6): PARTIAL_WAKE_LOCK  *alarm* 0x1 WorkSource{1000}
E/WifiStateMachine(  867):  L2ConnectedState !CMD_START_SCAN -2 -2 ic=1274 proc(ms):4 dur:70 rssi=-57 f=2462 sc=60 link=72 tx=1.2, 0.0, 0.0  rx=1.2 list=2462 [on:0 tx:0 rx:0 period:2] from screen [on:0 period:-1019530225]
W/ActivityManager(  867): getTasks: caller 10009 is using old GET_TASKS but privileged; allowing
E/WifiStateMachine(  867): WifiStateMachine CMD_START_SCAN source -2 txSuccessRate=1.17 rxSuccessRate=1.23 targetRoamBSSID=00:1c:7b:f9:8b:bc RSSI=-57
E/WifiStateMachine(  867): WifiStateMachine CMD_START_SCAN with age=57549 interval=40000 maxinterval=300000
E/WifiStateMachine(  867): WifiStateMachine CMD_START_SCAN try full band scan age=57549 interval=40000 maxinterval=300000
E/WifiStateMachine(  867): WifiStateMachine CMD_START_SCAN full=true
E/WifiStateMachine(  867): WifiStateMachine CMD_START_SCAN bump interval =60000
W/WifiHW  (  867): QCOM Debug wifi_send_command "IFNAME=wlan0 SCAN TYPE=ONLY"
D/wpa_supplicant(24155): wlan0: Control interface command 'SCAN TYPE=ONLY'
D/wpa_supplicant(24155): wlan0: Setting scan request: 0.000000 sec
I/wpa_supplicant(24155): wpa_supplicant_scan enter
D/wpa_supplicant(24155): wlan0: Starting AP scan for wildcard SSID
D/wpa_supplicant(24155): WPS: Building WPS IE for Probe Request
D/wpa_supplicant(24155): WPS:  * Version (hardcoded 0x10)
D/wpa_supplicant(24155): WPS:  * Request Type
D/wpa_supplicant(24155): WPS:  * Config Methods (4288)
D/wpa_supplicant(24155): WPS:  * UUID-E
D/wpa_supplicant(24155): WPS:  * Primary Device Type
D/wpa_supplicant(24155): WPS:  * RF Bands (3)
D/wpa_supplicant(24155): WPS:  * Association State
D/wpa_supplicant(24155): WPS:  * Configuration Error (0)
D/wpa_supplicant(24155): WPS:  * Device Password ID (0)
D/wpa_supplicant(24155): WPS:  * Manufacturer
D/wpa_supplicant(24155): WPS:  * Model Name
D/wpa_supplicant(24155): WPS:  * Model Number
D/wpa_supplicant(24155): WPS:  * Device Name
D/wpa_supplicant(24155): WPS:  * Version2 (0x20)
D/wpa_supplicant(24155): P2P: * P2P IE header
D/wpa_supplicant(24155): P2P: * Capability dev=25 group=00
D/wpa_supplicant(24155): P2P: * Listen Channel: Regulatory Class 81 Channel 1
D/wpa_supplicant(24155): wlan0: Add radio work 'scan'@0xb865c8c8
D/wpa_supplicant(24155): wlan0: First radio work item in the queue - schedule start immediately
D/wpa_supplicant(24155): wlan0: Starting radio work 'scan'@0xb865c8c8 after 0.000048 second wait
D/wpa_supplicant(24155): wlan0: nl80211: scan request
D/wpa_supplicant(24155): Scan requested (ret=0) - scan timeout 30 seconds
D/wpa_supplicant(24155): nl80211: Drv Event 33 (NL80211_CMD_TRIGGER_SCAN) received for wlan0
D/wpa_supplicant(24155): wlan0: nl80211: Scan trigger
D/wpa_supplicant(24155): wlan0: Event SCAN_STARTED (49) received
D/wpa_supplicant(24155): wlan0: Own scan request started a scan in 0.000100 seconds
I/wpa_supplicant(24155): wlan0: CTRL-EVENT-SCAN-STARTED 
D/WifiMonitor(  867): Event [IFNAME=wlan0 CTRL-EVENT-SCAN-STARTED ]
E/WifiMonitor(  867): WifiMonitor:wlan0 cnt=36238 dispatchEvent: CTRL-EVENT-SCAN-STARTED 
E/WifiMonitor(  867): handleEvent 14  CTRL-EVENT-SCAN-STARTED 
E/WifiMonitor(  867): handleEvent unknown: 14  CTRL-EVENT-SCAN-STARTED 
E/WifiStateMachine(  867): [1,442,089,481,239 ms] noteScanstart no scan source
E/WifiStateMachine(  867): handleMessage: X
D/HtcUPManager( 1158): HtcUPServiceProxy onTrimMemory() has been called. Memory Level: 60
D/HtcUPManager( 1158): HtcUPServiceProxy onTrimMemory() has been called. Memory Level: 60
E/WifiTrafficPoller(  867): TRAFFIC_STATS_POLL true Token 1428 num clients 20
E/WifiTrafficPoller(  867):  packet count Tx=1008311 Rx=1610315
E/WifiStateMachine(  867): handleMessage: E msg.what=131155
E/WifiStateMachine(  867): processMsg: ConnectedState
E/WifiStateMachine(  867):  ConnectedState !CMD_RSSI_POLL 353 0 "get_your_own_wifi" 00:1c:7b:f9:8b:bc rssi=-57 f=2462 sc=60 link=72 tx=1.2, 0.0, 0.0  rx=1.2 bcn=0 [on:0 tx:0 rx:0 period:941] from screen [on:0 period:-1019529276] gl hn u24 rssi=-52 ag=0 hr ls-=0 [56,56,56,56,61] brc=0 lrc=0
E/WifiStateMachine(  867): processMsg: L2ConnectedState
E/WifiStateMachine(  867):  L2ConnectedState !CMD_RSSI_POLL 353 0 "get_your_own_wifi" 00:1c:7b:f9:8b:bc rssi=-57 f=2462 sc=60 link=72 tx=1.2, 0.0, 0.0  rx=1.2 bcn=0 [on:0 tx:0 rx:0 period:1] from screen [on:0 period:-1019529275] gl hn u24 rssi=-52 ag=0 hr ls-=0 [56,56,56,56,61] brc=0 lrc=0
E/WifiStateMachine(  867):  get link layer stats 0
W/WifiHW  (  867): QCOM Debug wifi_send_command "IFNAME=wlan0 SIGNAL_POLL"
D/wpa_supplicant(24155): wlan0: Control interface command 'SIGNAL_POLL'
I/wpa_supplicant(24155): environment dirty rate=0 [0][0][0]
D/WIFI_ICON( 1158): updateWifiState: RSSI_CHANGED 3 -> 3
E/WifiStateMachine(  867): fetchRssiLinkSpeedAndFrequencyNative RSSI = -57 abnormalRssiCnt = 0 newLinkSpeed = 72
D/StatusBar.NetworkController( 1158): dumpIcon[stat_sys_data_4g_lte_connected stat_sys_5signal_3|null stat_sys_wifi_signal_connected_4 (gone) F]
E/WifiStateMachine(  867): fetchRssiLinkSpeedAndFrequencyNative rssi=-57 linkspeed=72
E/WifiConfigStore(  867): updateConfiguration freq=2462 BSSID=00:1c:7b:f9:8b:bc RSSI=-56 "get_your_own_wifi"WPA_PSK
E/WifiStateMachine(  867): calculateWifiScore freq=2462 speed=72 score=60 highRSSI  -> txbadrate=0.00 txgoodrate=0.59 txretriesrate=0.00 rxrate=0.62 userTriggerdPenalty0
E/WifiStateMachine(  867):  good link -> stuck count =0
E/WifiStateMachine(  867):  badRSSI count0 lowRSSI count0 --> score 56
E/WifiStateMachine(  867):  isHighRSSI       ---> score=61
D/WifiWatchdogStateMachine(  867): RSSI current: 3 new: -57, 3
E/WifiStateMachine(  867): handleMessage: X
E/WifiTrafficPoller(  867): TRAFFIC_STATS_POLL true Token 1428 num clients 20
