D/Tethering(  867): interfaceLinkStateChanged wlan0, true
E/WifiStateMachine(  867): fetchRssiLinkSpeedAndFrequencyNative RSSI = -59 abnormalRssiCnt = 0 newLinkSpeed = 72
E/WifiMonitor(  867): handleEvent 4  CTRL-EVENT-SCAN-RESULTS 
D/Tethering(  867): interfaceStatusChanged wlan0, true
E/WifiStateMachine(  867): fetchRssiLinkSpeedAndFrequencyNative rssi=-59 linkspeed=72
E/WifiStateMachine(  867): WiFiDisplay: getWifidisplayApEnabled=false
E/WifiConfigStore(  867): updateConfiguration freq=2462 BSSID=00:1c:7b:f9:8b:bc RSSI=-57 "get_your_own_wifi"WPA_PSK
E/WifiStateMachine(  867): calculateWifiScore freq=2462 speed=72 score=60 highRSSI  -> txbadrate=0.00 txgoodrate=0.01 txretriesrate=0.00 rxrate=0.15 userTriggerdPenalty0
E/WifiStateMachine(  867):  good link -> stuck count =0
E/WifiStateMachine(  867):  badRSSI count0 lowRSSI count0 --> score 56
E/WifiStateMachine(  867):  isHighRSSI       ---> score=61
D/WifiWatchdogStateMachine(  867): RSSI current: 3 new: -59, 3
E/WifiStateMachine(  867): handleMessage: X
E/WifiStateMachine(  867): handleMessage: E msg.what=147461
E/WifiStateMachine(  867): processMsg: ConnectedState
E/WifiStateMachine(  867):  ConnectedState !SCAN_RESULTS_EVENT 0 0 found=10 known=1 got=10 bcn=0
E/WifiStateMachine(  867): processMsg: L2ConnectedState
E/WifiStateMachine(  867):  L2ConnectedState !SCAN_RESULTS_EVENT 0 0 found=10 known=1 got=10 bcn=0
E/WifiStateMachine(  867): processMsg: ConnectModeState
E/WifiStateMachine(  867):  ConnectModeState !SCAN_RESULTS_EVENT 0 0 found=10 known=1 got=10 bcn=0
E/WifiStateMachine(  867): processMsg: DriverStartedState
E/WifiStateMachine(  867):  DriverStartedState !SCAN_RESULTS_EVENT 0 0 found=10 known=1 got=10 bcn=0
E/WifiStateMachine(  867): processMsg: SupplicantStartedState
E/WifiStateMachine(  867):  SupplicantStartedState !SCAN_RESULTS_EVENT 0 0 found=10 known=1 got=10 bcn=0
D/WifiStateMachine(  867): [MLHD] enter handleMediaLinkEvent SupplicantStartedState
W/WifiHW  (  867): QCOM Debug wifi_send_command "IFNAME=wlan0 LIST_DONGLES"
D/wpa_supplicant(24155): wlan0: Control interface command 'LIST_DONGLES'
E/WifiTrafficPoller(  867): TRAFFIC_STATS_POLL true Token 1426 num clients 20
E/WifiTrafficPoller(  867):  packet count Tx=1008284 Rx=1610296
D/WIFI_ICON( 1158): updateWifiState: RSSI_CHANGED 3 -> 3
D/StatusBar.NetworkController( 1158): dumpIcon[stat_sys_data_4g_lte_connected stat_sys_5signal_3|null stat_sys_wifi_signal_connected_4 (gone) F]
W/ContextImpl(  867): Calling a method in the system process without a qualified user: android.app.ContextImpl.sendBroadcast:1433 com.android.server.wifi.WifiStateMachine.sendDongleScanResultsAvailableBroadcast:13993 com.android.server.wifi.WifiStateMachine.handleMediaLinkEvent:14158 com.android.server.wifi.WifiStateMachine.access$5400:265 com.android.server.wifi.WifiStateMachine$SupplicantStartedState.processMessage:7952 
D/WirelessDisplayService(  867): getDiscoveryDongleList
E/WifiStateMachine(  867): [1,442,089,443,792 ms] noteScanEnd no scan source
W/WifiHW  (  867): QCOM Debug wifi_send_command "IFNAME=wlan0 BSS RANGE=0- MASK=0x21987"
D/wpa_supplicant(24155): wlan0: Control interface command 'BSS RANGE=0- MASK=0x21987'
E/WifiStateMachine(  867): wifi setScanResults statecom.android.server.wifi.WifiStateMachine$ConnectedState@27571602 sup_state=COMPLETED debouncing=false
E/WifiAutoJoinController (  867): get_your_own_wifi 00:1c:7b:f9:8b:bc rssi=-59 cap [WPA-PSK-CCMP+TKIP][WPA2-PSK-CCMP+TKIP][WPS][ESS] is not scored
E/WifiConfigStore(  867): updateSavedNetworkHistory(): try "get_your_own_wifi"WPA_PSK SSID="get_your_own_wifi" get_your_own_wifi [WPA-PSK-CCMP+TKIP][WPA2-PSK-CCMP+TKIP][WPS][ESS] ajst=0
E/WifiConfigStore(  867): updateSavedNetworkHistory: HTC improve mode
E/WifiConfigStore(  867):         got known scan result 00:1c:7b:f9:8b:bc key : "get_your_own_wifi"WPA_PSK num: 1 rssi=-59 freq=2462 status=16
E/WifiAutoJoinController (  867): Linksys34799 #2 b4:75:0e:cb:59:a7 rssi=-66 cap [WPA-PSK-CCMP+TKIP][WPA2-PSK-CCMP+TKIP][WPS][ESS] is not scored
E/WifiAutoJoinController (  867): Linksys34799 b4:75:0e:cb:59:a8 rssi=-70 cap [WPA-PSK-CCMP+TKIP][WPA2-PSK-CCMP+TKIP][WPS][ESS] is not scored
E/WifiAutoJoinController (  867): Baba's Space 90:72:40:1a:c6:0a rssi=-83 cap [WPA2-PSK-CCMP][ESS] is not scored
E/WifiAutoJoinController (  867): ATT576 f8:0b:be:1f:b0:a0 rssi=-79 cap [WPA-PSK-CCMP+TKIP][WPA2-PSK-CCMP+TKIP][ESS] is not scored
E/WifiAutoJoinController (  867): Aquarius86 58:6d:8f:b3:db:17 rssi=-86 cap [WPA2-PSK-CCMP][WPS][ESS] is not scored
E/WifiAutoJoinController (  867): princess786 20:aa:4b:a0:45:d4 rssi=-86 cap [WPA-PSK-CCMP+TKIP][WPA2-PSK-CCMP+TKIP][WPS][ESS] is not scored
E/WifiAutoJoinController (  867): John b4:75:0e:a3:4a:ec rssi=-88 cap [WPA-PSK-CCMP+TKIP][WPA2-PSK-CCMP+TKIP][WPS][ESS] is not scored
E/WifiAutoJoinController (  867): Qk b4:75:0e:d3:2e:3e rssi=-90 cap [WPA2-PSK-CCMP][WPS][ESS] is not scored
E/WifiAutoJoinController (  867): India 1947 c8:b3:73:51:54:12 rssi=-93 cap [WPA2-PSK-CCMP][WPS][ESS] is not scored
E/WifiAutoJoinController (  867): ageScanResultsOut delay 40000 size 11 now 1442089443800
E/WifiAutoJoinController (  867): newSupplicantResults size=11 known=1 true
W/WifiHW  (  867): QCOM Debug wifi_send_command "IFNAME=wlan0 STATUS-NO_EVENTS"
D/wpa_supplicant(24155): wlan0: Control interface command 'STATUS-NO_EVENTS'
E/WifiAutoJoinController (  867): attemptAutoJoin() status=bssid=00:1c:7b:f9:8b:bc
E/WifiAutoJoinController (  867): ssid=get_your_own_wifi
E/WifiAutoJoinController (  867): id=1
E/WifiAutoJoinController (  867): mode=station
E/WifiAutoJoinController (  867): pairwise_cipher=CCMP
E/WifiAutoJoinController (  867): group_cipher=TKIP
E/WifiAutoJoinController (  867): key_mgmt=WPA2-PSK
E/WifiAutoJoinController (  867): wpa_state=COMPLETED
E/WifiAutoJoinController (  867): ip_address=192.168.0.28
E/WifiAutoJoinController (  867): p2p_device_address=2e:8a:72:ba:32:dd
E/WifiAutoJoinController (  867): address=XX:XX:XX:XX:XX:XX
E/WifiAutoJoinController (  867): uuid=12345678-9abc-def0-1234-56789abcdef1 split=12
E/WifiAutoJoinController (  867): attemptAutoJoin() num recent config 1 current="get_your_own_wifi"WPA_PSK ---> suppNetId=1
E/WifiAutoJoinController (  867): attemptAutoJoin good candidate seen, bumped hard -> status=0 "get_your_own_wifi"WPA_PSK rssi=(-59,-127) num=(1,0)
E/WifiAutoJoinController (  867): attemptAutoJoin skip current candidate  1 key "get_your_own_wifi"WPA_PSK
D/HtcWifiControlRoamOffload: (  867): roamCandidate: nullcurrentBSSID: 00:1c:7b:f9:8b:bc
E/WifiStateMachine(  867): WiFiDisplay: getWifidisplayApEnabled=false
E/WifiAutoJoinController (  867): Done attemptAutoJoin status=0
E/WifiConfigStore(  867):  writeKnownNetworkHistory() num networks:7 needWrite=false
E/WifiStateMachine(  867): handleMessage: X
W/ActivityManager(  867): getTasks: caller 10009 is using old GET_TASKS but privileged; allowing
E/WifiTrafficPoller(  867): TRAFFIC_STATS_POLL true Token 1426 num clients 20
E/WifiTrafficPoller(  867):  packet count Tx=1008284 Rx=1610296
D/libc    (23921): [NET] android_getaddrinfofornet+,hn 12(0x66616365626f6f),sn(),hints(known),family 2,flags 13
D/libc    (23921): [NET] android_getaddrinfofornet-, err=8
D/HtcWifiControlRoamOffload: (  867): Receive mPhoneStateListener
D/HtcWifiControlRoamOffload: (  867): Receive mPhoneStateListener, getGsmSignalStrength99
D/TelephonyCallback( 1158): SignalStrength: 3
D/SIGNAL_ICON( 1158): level=3/5
D/StatusBar.NetworkController( 1158): dumpIcon[stat_sys_data_4g_lte_connected stat_sys_5signal_3|null stat_sys_wifi_signal_connected_4 (gone) F]
E/WifiTrafficPoller(  867): TRAFFIC_STATS_POLL true Token 1426 num clients 20
E/WifiTrafficPoller(  867):  packet count Tx=1008284 Rx=1610296
D/ContactMessageStore( 1502): MSG_CHECK_DELETION >>
D/ContactMessageStore( 1502): mDeleteTask = null, bDeleting = false
D/AccFlag ( 1502): sku_id=7
D/ContactMessageStore( 1502): start background delete task...
D/ContactMessageStore( 1502): MSG_CHECK_DELETION <<
D/ContactMessageStore( 1502): size: 0 , 0
D/ContactMessageStore( 1502): Background delete complete
E/WifiStateMachine(  867): handleMessage: E msg.what=131155
E/WifiStateMachine(  867): processMsg: ConnectedState
E/WifiStateMachine(  867):  ConnectedState !CMD_RSSI_POLL 351 0 "get_your_own_wifi" 00:1c:7b:f9:8b:bc rssi=-59 f=2462 sc=60 link=72 tx=0.0, 0.0, 0.0  rx=0.2 bcn=0 [on:0 tx:0 rx:0 period:3006] from screen [on:0 period:-1019564665] gl hn u24 rssi=-54 ag=0 hr ls-=0 [56,56,56,56,61] brc=0 lrc=0
E/WifiStateMachine(  867): processMsg: L2ConnectedState
E/WifiStateMachine(  867):  L2ConnectedState !CMD_RSSI_POLL 351 0 "get_your_own_wifi" 00:1c:7b:f9:8b:bc rssi=-59 f=2462 sc=60 link=72 tx=0.0, 0.0, 0.0  rx=0.2 bcn=0 [on:0 tx:0 rx:0 period:6] from screen [on:0 period:-1019564659] gl hn u24 rssi=-54 ag=0 hr ls-=0 [56,56,56,56,61] brc=0 lrc=0
E/WifiStateMachine(  867):  get link layer stats 0
W/WifiHW  (  867): QCOM Debug wifi_send_command "IFNAME=wlan0 SIGNAL_POLL"
D/wpa_supplicant(24155): wlan0: Control interface command 'SIGNAL_POLL'
E/WifiTrafficPoller(  867): TRAFFIC_STATS_POLL true Token 1426 num clients 20
I/wpa_supplicant(24155): environment dirty rate=0 [0][0][0]
E/WifiStateMachine(  867): fetchRssiLinkSpeedAndFrequencyNative RSSI = -57 abnormalRssiCnt = 0 newLinkSpeed = 72
E/WifiStateMachine(  867): fetchRssiLinkSpeedAndFrequencyNative rssi=-57 linkspeed=72
E/WifiConfigStore(  867): updateConfiguration freq=2462 BSSID=00:1c:7b:f9:8b:bc RSSI=-57 "get_your_own_wifi"WPA_PSK
E/WifiTrafficPoller(  867):  packet count Tx=1008284 Rx=1610296
E/WifiStateMachine(  867): calculateWifiScore freq=2462 speed=72 score=60 highRSSI  -> txbadrate=0.00 txgoodrate=0.00 txretriesrate=0.00 rxrate=0.08 userTriggerdPenalty0
E/WifiStateMachine(  867):  good link -> stuck count =0
E/WifiStateMachine(  867):  badRSSI count0 lowRSSI count0 --> score 56
E/WifiStateMachine(  867):  isHighRSSI       ---> score=61
D/WifiWatchdogStateMachine(  867): RSSI current: 3 new: -57, 3
E/WifiStateMachine(  867): handleMessage: X
D/WIFI_ICON( 1158): updateWifiState: RSSI_CHANGED 3 -> 3
D/StatusBar.NetworkController( 1158): dumpIcon[stat_sys_data_4g_lte_connected stat_sys_5signal_3|null stat_sys_wifi_signal_connected_4 (gone) F]
E/WifiTrafficPoller(  867): TRAFFIC_STATS_POLL true Token 1426 num clients 20
E/WifiTrafficPoller(  867):  packet count Tx=1008284 Rx=1610296
D/HtcWifiControlRoamOffload: (  867): Receive mPhoneStateListener
D/HtcWifiControlRoamOffload: (  867): Receive mPhoneStateListener, getGsmSignalStrength99
D/TelephonyCallback( 1158): SignalStrength: 3
D/SIGNAL_ICON( 1158): level=3/5
D/StatusBar.NetworkController( 1158): dumpIcon[stat_sys_data_4g_lte_connected stat_sys_5signal_3|null stat_sys_wifi_signal_connected_4 (gone) F]
E/WifiDataStallTracker(  867): DATA_MONITOR_POLL true Token 392
D/WifiDataStallTracker(  867): updateDataStallInfo: mDataStallTxRxSum={txSum=917556 rxSum=1484192} preTxRxSum={txSum=917556 rxSum=1484192}
D/WifiDataStallTracker(  867): updateDataStallInfo: NONE
D/WifiDataStallTracker(  867): onDataStallAlarm: Sent 0 pkts since last received, < watchdogTrigger=5
E/WifiTrafficPoller(  867): TRAFFIC_STATS_POLL true Token 1426 num clients 20
E/WifiTrafficPoller(  867):  packet count Tx=1008284 Rx=1610296
W/ActivityManager(  867): getTasks: caller 10009 is using old GET_TASKS but privileged; allowing
E/WifiStateMachine(  867): handleMessage: E msg.what=131155
E/WifiStateMachine(  867): processMsg: ConnectedState
E/WifiStateMachine(  867):  ConnectedState !CMD_RSSI_POLL 351 0 "get_your_own_wifi" 00:1c:7b:f9:8b:bc rssi=-57 f=2462 sc=60 link=72 tx=0.0, 0.0, 0.0  rx=0.1 bcn=0 [on:0 tx:0 rx:0 period:2990] from screen [on:0 period:-1019561605] gl hn u24 rssi=-52 ag=0 hr ls-=0 [56,56,56,56,61] brc=0 lrc=0
E/WifiTrafficPoller(  867): TRAFFIC_STATS_POLL true Token 1426 num clients 20
E/WifiTrafficPoller(  867):  packet count Tx=1008284 Rx=1610296
E/WifiStateMachine(  867): processMsg: L2ConnectedState
E/WifiStateMachine(  867):  L2ConnectedState !CMD_RSSI_POLL 351 0 "get_your_own_wifi" 00:1c:7b:f9:8b:bc rssi=-57 f=2462 sc=60 link=72 tx=0.0, 0.0, 0.0  rx=0.1 bcn=0 [on:0 tx:0 rx:0 period:9] from screen [on:0 period:-1019561596] gl hn u24 rssi=-52 ag=0 hr ls-=0 [56,56,56,56,61] brc=0 lrc=0
E/WifiStateMachine(  867):  get link layer stats 0
W/WifiHW  (  867): QCOM Debug wifi_send_command "IFNAME=wlan0 SIGNAL_POLL"
D/wpa_supplicant(24155): wlan0: Control interface command 'SIGNAL_POLL'
I/wpa_supplicant(24155): environment dirty rate=0 [0][0][0]
E/WifiStateMachine(  867): fetchRssiLinkSpeedAndFrequencyNative RSSI = -56 abnormalRssiCnt = 0 newLinkSpeed = 72
E/WifiStateMachine(  867): fetchRssiLinkSpeedAndFrequencyNative rssi=-56 linkspeed=72
E/WifiConfigStore(  867): updateConfiguration freq=2462 BSSID=00:1c:7b:f9:8b:bc RSSI=-56 "get_your_own_wifi"WPA_PSK
E/WifiStateMachine(  867): calculateWifiScore freq=2462 speed=72 score=60 highRSSI  -> txbadrate=0.00 txgoodrate=0.00 txretriesrate=0.00 rxrate=0.04 userTriggerdPenalty0
E/WifiStateMachine(  867):  good link -> stuck count =0
E/WifiStateMachine(  867):  badRSSI count0 lowRSSI count0 --> score 56
E/WifiStateMachine(  867):  isHighRSSI       ---> score=61
D/WifiWatchdogStateMachine(  867): RSSI current: 3 new: -56, 3
E/WifiStateMachine(  867): handleMessage: X
D/WIFI_ICON( 1158): updateWifiState: RSSI_CHANGED 3 -> 3
D/StatusBar.NetworkController( 1158): dumpIcon[stat_sys_data_4g_lte_connected stat_sys_5signal_3|null stat_sys_wifi_signal_connected_4 (gone) F]
I/SensorManager(  867): unregisterListenerImpl++: listener = com.android.internal.policy.impl.WindowOrientationListener$SensorEventListenerImpl@2128afee
W/SensorService(  867): Following SensorService logs are not warning, just make sure they are printed
W/SensorService(  867): disable: get sensor name = Accelerometer Sensor
I/PMS     (  867): Going to sleep due to screen timeout (uid 1000)...
D/PMN     (  867): goingToSleep
W/SensorService(  867): pid=867, uid=1000
W/SensorService(  867): Active sensors: size = 2
W/SensorService(  867): CM36282 Light sensor (handle=0x00000003, connections=1)
W/SensorService(  867): Significant Motion (handle=0x0000000e, connections=2)
W/SensorService(  867): SensorService::listenerSensor++: mName = com.android.internal.policy.impl.WindowOrientationListener$SensorEventListenerImpl@2128afee, eanble = 0, strlen(mName) = 91
W/SensorService(  867): Active Listeners: mActiveListeners.size() = 1
W/SensorService(  867): Listener[0] = com.android.server.display.AutomaticBrightnessController$1@260240a3
W/SensorService(  867): void android::SensorService::listenerSensor(const char*, int32_t)--:
D/PMS     (  867): acquireWL(1aaf3647): PARTIAL_WAKE_LOCK  show keyguard 0x1 1158 10051 null
D/EmptyKeyguardStatusView( 1158): onVisibilityChanged: KeyguardStatusView Visibility = 0
D/EmptyKeyguardStatusView( 1158): mKeyguardBouncer: com.htc.lockscreen.keyguard.KeyguardBouncer@38249393
I/PhoneStatusBar( 1158): updatePublicMode(true,false,true)
D/PMS     (  867): acquireWL(10dee74): PARTIAL_WAKE_LOCK  ActivityManager-Sleep 0x1 867 1000 null
I/PMS     (  867): Sleeping (uid 1000)...
D/XAN-DPS (  867): prepareColorFade 1
D/WirelessDisplayService(  867): Screen File Receiver; callOnGoing: false, Screen On: false
D/WirelessDisplayService(  867): ScreenReceiver: ACTION_SCREEN_OFF && Not in DongleWait nor MirrorEnabling State: REQ_JOIN_GROUP - FALSE
D/PhoneStatusBar( 1158): disable: 0x00000000 -> 0x00120000 (diff: 0x00120000)
D/PhoneStatusBar( 1158): disable: < expand ICONS* alerts SYSTEM_INFO* back home recent clock search >
D/XAN-DPS (  867): prepareColorFade done
D/XAN-DPS (  867): setBrightness to 0
D/HtcFooter( 1158): layerDrawableIndex = 3
W/HtcSystemUPManager(  867): HtcSystemUPHandler The policy is disabled. AppId: activity_history, category: launch
D/PMS     (  867): releaseWL(10dee74): PARTIAL_WAKE_LOCK  ActivityManager-Sleep 0x1 null
I/SensorManager(  867): unregisterListenerImpl++: listener = com.android.server.display.AutomaticBrightnessController$1@260240a3
D/DotMatrix( 1315): [EventService]  onDisplayChanged: 0
W/SensorService(  867): Following SensorService logs are not warning, just make sure they are printed
W/SensorService(  867): disable: get sensor name = CM36282 Light sensor
W/SensorService(  867): pid=867, uid=1000
W/SensorService(  867): Active sensors: size = 1
W/SensorService(  867): Significant Motion (handle=0x0000000e, connections=2)
W/SensorService(  867): SensorService::listenerSensor++: mName = com.android.server.display.AutomaticBrightnessController$1@260240a3, eanble = 0, strlen(mName) = 67
W/SensorService(  867): Active Listeners: mActiveListeners.size() = 0
W/SensorService(  867): void android::SensorService::listenerSensor(const char*, int32_t)--:
W/ContextImpl( 4638): Calling a method in the system process without a qualified user: android.app.ContextImpl.startService:1798 android.content.ContextWrapper.startService:515 android.content.ContextWrapper.startService:515 com.htc.htcpowermanager.battery.PowerUsageReceiver.onReceive:13 android.app.ActivityThread.handleReceiver:2712 
I/DisplayManagerService(  867): Display device changed: DisplayDeviceInfo{"Built-in Screen": 1080 x 1920, 60.0 fps, supportedRefreshRates [60.0], density 480, 449.704 x 447.412 dpi, appVsyncOff 0, presDeadline 17666667, touch INTERNAL, rotation 0, type BUILT_IN, state OFF, FLAG_DEFAULT_DISPLAY, FLAG_ROTATES_WITH_CONTENT, FLAG_SECURE, FLAG_SUPPORTS_PROTECTED_BUFFERS}
V/ActivityManager(  867): Display changed displayId=0
D/DotMatrix( 1315): [EventService] mbHDMIConnect: false, mCoverOn:false
D/PowerUsageList:PowerUsageHelper( 4638): MY_DEBUG = false
W/ContextImpl( 4638): Calling a method in the system process without a qualified user: android.app.ContextImpl.startService:1798 android.content.ContextWrapper.startService:515 android.content.ContextWrapper.startService:515 com.htc.htcpowermanager.smartsync.SmartSyncDataLinkTurnOffReceiver.onReceive:22 android.app.ActivityThread.handleReceiver:2712 
W/BatSI   (  867): Couldn't get kernel wake lock stats
D/SmartSyncUtils( 4638): isEpsOn(), nState = 0
D/SmartSyncUtils( 4638): isEpsOn(), nState = 0
E/WifiTrafficPoller(  867): ENABLE_TRAFFIC_STATS_POLL false Token 1426
D/WifiDataStallTracker(  867): stopDataStallAlarm 
E/WifiDataStallTracker(  867): ENABLE_DATA_MONITOR_POLL false Token 392
E/WifiStateMachine(  867): handleMessage: E msg.what=131167
E/WifiStateMachine(  867): processMsg: ConnectedState
E/WifiStateMachine(  867):  ConnectedState !CMD_SCREEN_STATE_CHANGED 0 0
E/WifiStateMachine(  867): processMsg: L2ConnectedState
E/WifiStateMachine(  867):  L2ConnectedState !CMD_SCREEN_STATE_CHANGED 0 0
E/WifiStateMachine(  867): processMsg: ConnectModeState
E/WifiStateMachine(  867):  ConnectModeState !CMD_SCREEN_STATE_CHANGED 0 0
V/SRS_Proc(  457): ParamSet string: screen_state=off
E/WifiStateMachine(  867): processMsg: DriverStartedState
E/audio_a2dp_hw(  457): adev_set_parameters: ERROR: set param called even when stream out is null
E/WifiStateMachine(  867):  DriverStartedState !CMD_SCREEN_STATE_CHANGED 0 0
E/WifiStateMachine(  867): processMsg: SupplicantStartedState
E/WifiStateMachine(  867):  SupplicantStartedState !CMD_SCREEN_STATE_CHANGED 0 0
E/WifiStateMachine(  867): processMsg: DefaultState
E/WifiStateMachine(  867):  DefaultState !CMD_SCREEN_STATE_CHANGED 0 0
E/WifiStateMachine(  867):  handleScreenStateChanged Enter: screenOn=false mCurrentScanAlarmMs = 20000 mUserWantsSuspendOpt=true state ConnectedState suppState:CompletedState
W/WifiHW  (  867): QCOM Debug wifi_send_command "IFNAME=wlan0 SET_SCREEN_ON 0"
D/AlarmManager(  867): ACTION_SCREEN_OFF
I/AlarmManager(  867): [AlarmQueuing] screen off now: 
I/AlarmManager(  867): [AlarmQueuing] data connection: true
I/AlarmManager(  867): [AlarmQueuing] wifi connection: true
D/PMS     (  867): acquireWL(37509555): PARTIAL_WAKE_LOCK  WifiSuspend 0x1 867 1000 null
D/wpa_supplicant(24155): wlan0: Control interface command 'SET_SCREEN_ON 0'
I/wpa_supplicant(24155): SET_SCREEN_ON:Off
I/wpa_supplicant(24155): htc_wext_set_keepalive +
I/wpa_supplicant(24155): htc_wext_set_keepalive: enable=1, type=2, interval=15
D/wpa_supplicant(24155): getPrivFuncNum +	
I/wpa_supplicant(24155): getPrivFuncNum -, cmd = 0x8bf6
I/wpa_supplicant(24155): htc_wext_set_keepalive fnum = 0x8bf6
I/wpa_supplicant(24155): get_ip_address source addr = c0a8001c
I/wpa_supplicant(24155): htc_wext_set_keepalive gateway addr = c0a80001
I/wpa_supplicant(24155): htc_wext_set_keepalive - ret = 0
E/WifiStateMachine(  867): setScanAlarm false period 20000 initial delay 0
D/WirelessDisplayService(  867): getMirrorDisplayStatus:falsecurState:1
D/WifiController(  867): handleMessage: E msg.what=155651
D/WifiController(  867): processMsg: DeviceActiveState
D/WifiController(  867): processMsg: StaEnabledState
D/WifiController(  867): processMsg: DefaultState
D/WifiController(  867): handleMessage: X
D/WifiStateMachine(  867): backgroundScan enabled=true startBackgroundScanIfNeeded:false
E/WifiStateMachine(  867): handleScreenStateChanged Exit: false
E/WifiStateMachine(  867): handleMessage: X
E/WifiStateMachine(  867): handleMessage: E msg.what=131154
E/WifiStateMachine(  867): processMsg: ConnectedState
E/WifiStateMachine(  867):  ConnectedState CMD_ENABLE_RSSI_POLL 0 0
E/WifiStateMachine(  867): processMsg: L2ConnectedState
E/WifiStateMachine(  867):  L2ConnectedState CMD_ENABLE_RSSI_POLL 0 0
E/WifiStateMachine(  867): handleMessage: X
E/WifiStateMachine(  867): handleMessage: E msg.what=131158
E/WifiStateMachine(  867): processMsg: ConnectedState
E/WifiStateMachine(  867):  ConnectedState CMD_SET_SUSPEND_OPT_ENABLED 1 0
E/WifiStateMachine(  867): processMsg: L2ConnectedState
E/WifiStateMachine(  867):  L2ConnectedState CMD_SET_SUSPEND_OPT_ENABLED 1 0
E/WifiStateMachine(  867): processMsg: ConnectModeState
E/WifiStateMachine(  867):  ConnectModeState CMD_SET_SUSPEND_OPT_ENABLED 1 0
E/WifiStateMachine(  867): processMsg: DriverStartedState
E/WifiStateMachine(  867):  DriverStartedState CMD_SET_SUSPEND_OPT_ENABLED 1 0
E/WifiStateMachine(  867): setSuspendOptimizationsNative: 4 true -want true stack:setSuspendOptimizationsNative - access$17000 - processMessage - processMsg
D/WifiDisplayAdapter(  867): getWifiDisplayStatusLocked: result=WifiDisplayStatus{featureState=3, scanState=0, activeDisplayState=0, activeDisplay=null, displays=[], sessionInfo=WifiDisplaySessionInfo:
D/WifiDisplayAdapter(  867):     Client/Owner: Client
D/WifiDisplayAdapter(  867):     GroupId: 
D/WifiDisplayAdapter(  867):     Passphrase: 
D/WifiDisplayAdapter(  867):     SessionId: 0
D/WifiDisplayAdapter(  867):     IP Address: }
W/ContextImpl( 4638): Calling a method in the system process without a qualified user: android.app.ContextImpl.startService:1798 android.content.ContextWrapper.startService:515 android.content.ContextWrapper.startService:515 com.htc.htcpowermanager.extremepowersaver.ExtremePowerSaverReceiver.onReceive:73 android.app.ActivityThread.handleReceiver:2712 
W/ContextImpl(  867): Calling a method in the system process without a qualified user: android.app.ContextImpl.stopService:1804 android.content.ContextWrapper.stopService:520 android.content.ContextWrapper.stopService:520 com.htc.smartdim.SystemIntentReceiver.onReceive:123 android.app.ActivityThread.handleReceiver:2712 
E/WifiStateMachine(  867): setSuspendOptimizationsNative do it 4 true stack:setSuspendOptimizationsNative - access$17000 - processMessage - processMsg
E/native  (  867): do suspend true
W/WifiHW  (  867): QCOM Debug wifi_send_command "IFNAME=wlan0 DRIVER SETSUSPENDMODE 1"
D/wpa_supplicant(24155): wlan0: Control interface command 'DRIVER SETSUSPENDMODE 1'
E/MP-Decision( 2287): Update arg 2
D/StatusBarManagerService(  867): manageDisableList userId=0 what=0x3200000 pkg=com.android.systemui
D/NotificationService(  867): onSetDisabled: 0x3200000
D/PMS     (  867): releaseWL(1aaf3647): PARTIAL_WAKE_LOCK  show keyguard 0x1 null
D/StatusBarManagerService(  867): manageDisableList userId=0 what=0x3200000 pkg=com.android.systemui
I/QuickTipsController( 1158): QuickTipsEdit.show(false,false) anchor(true,true,true,1.0)
I/PhoneStatusBar( 1158): updatePublicMode(true,false,true)
V/GLSActivity( 1827): AuthDelegateWrapperCreated with selected intent: Intent { cmp=com.google.android.gms/.auth.DefaultAuthDelegateService }
I/GLSActivity( 1827): [GmsAccountAuthenticatorImpl] confirmCredentials invoked for account: <ELLIDED:-24673>
D/wpa_supplicant(24155): wpa_driver_nl80211_driver_cmd SETSUSPENDMODE 1 len = 0, 8192
D/PhoneStatusBar( 1158): disable: 0x00120000 -> 0x00120000 (diff: 0x00000000)
D/PhoneStatusBar( 1158): disable: < expand ICONS alerts SYSTEM_INFO back home recent clock search >
E/WifiStateMachine(  867): handleMessage: X
D/PMS     (  867): releaseWL(37509555): PARTIAL_WAKE_LOCK  WifiSuspend 0x1 null
D/StatusBarManagerService(  867): setSystemUiVisibility(0x408600)
D/StatusBarManagerService(  867): manageDisableList userId=0 what=0x400000 pkg=WindowManager.LayoutParams
D/StatusBarManagerService(  867): hiding MENU key
D/NotificationService(  867): onSetDisabled: 0x3600000
D/SmartSyncUtils( 4638): getMobilePolicyEnabled, result = true
W/BatSI   (  867): Couldn't get kernel wake lock stats
E/WifiTrafficPoller(  867): TRAFFIC_STATS_POLL false Token 1427 num clients 20
I/PowerUsageList:PowerUsageHelper( 4638): PowerProfile::POWER_SCREEN_FULL = 154.8
D/PowerUsageList:BatterySipperExt( 4638): gen(), null == sipper.uidObj, userId = 0
D/PowerUsageList:BatterySipperExt( 4638): gen(), null == sipper.uidObj, userId = 0
D/PowerUsageList:BatterySipperExt( 4638): gen(), null == sipper.uidObj, userId = 0
D/PowerUsageService( 4638): calcPower(), no data
W/Settings(19932): Setting airplane_mode_on has moved from android.provider.Settings.System to android.provider.Settings.Global, returning read-only value.
W/Settings(19932): Setting airplane_mode_on has moved from android.provider.Settings.System to android.provider.Settings.Global, returning read-only value.
W/Settings(19932): Setting airplane_mode_on has moved from android.provider.Settings.System to android.provider.Settings.Global, returning read-only value.
D/SurfaceControl(  867): Excessive delay in setPowerMode(): 216ms
W/HtcSystemUPManager(  867): HtcSystemUPHandler The policy is disabled. AppId: UTD_BI, category: C0006
D/DotMatrix( 1315): [EventService]  onDisplayChanged: 0
D/PMS     (  867): Setting HAL interactive mode to false
D/PMS     (  867): Setting HAL interactive mode to false done
D/PMS     (  867): Setting HAL auto-suspend mode to true
D/PMS     (  867): Setting HAL auto-suspend mode done
D/HABCtrl (  867): TPE algorithm. remove timeout.
D/PMS     (  867): OOBE c monitor 11
I/ActivityManager(  867): Config changes=480 {0 1.0 310mcc410mnc en_US ldltr sw360dp w360dp h567dp 480dpi nrml port finger -keyb/v/h -nav/h s.115}
V/ActivityManager(  867): Display changed displayId=0
I/InputMethodManagerService(  867): screenObserver, isScreenOn=false
D/StatusBarManagerService(  867): swetImeWindowStatus vis=0 backDisposition=0
E/Typeface( 1533): SANS_LOC file not found.
D/NfcService( 1510): ScreenObserver: OFF
D/NfcService( 1510): applyRouting - 0
W/Settings(19932): Setting airplane_mode_on has moved from android.provider.Settings.System to android.provider.Settings.Global, returning read-only value.
W/InputReader(  867):   VirtualKey 158: could not obtain key code, ignoring
W/InputReader(  867):   VirtualKey 102: could not obtain key code, ignoring
E/InputReader(  867): Invalid region of VirtualKeyTouchFilter, it may incur abnormal Mis-Touch & HOME_SWIPE detection
D/NfcService( 1510): applyRouting -2
I/InputMethodManagerService(  867): Disable input method client, pid=5457
D/PMS     (  867): acquireWL(e341f10): PARTIAL_WAKE_LOCK  NfcService:mRoutingWakeLock 0x1 1510 1027 null
E/Typeface(  867): SANS_LOC file not found.
E/Typeface(  867): SANS_LOC file not found.
E/Typeface(  867): SANS_LOC file not found.
E/Typeface(  867): SANS_LOC file not found.
I/RemoteViews( 1533): reapply : com.dianxinos.dxbs 2 8
E/Typeface(18592): SANS_LOC file not found.
E/Typeface( 1794): SANS_LOC file not found.
E/Typeface( 2859): SANS_LOC file not found.
D/DotMatrix( 1315): [EventService] mbHDMIConnect: false, mCoverOn:false
E/Typeface(26919): SANS_LOC file not found.
E/Typeface(19446): SANS_LOC file not found.
E/Typeface(23921): SANS_LOC file not found.
E/Typeface( 8146): SANS_LOC file not found.
E/Typeface( 4685): SANS_LOC file not found.
E/Typeface( 3522): SANS_LOC file not found.
E/Typeface( 8146): SANS_LOC file not found.
E/Typeface( 8146): SANS_LOC file not found.
D/DialerApp( 8146): [MirrorLink] getIsMirrorLinkEstablished() isconnected=false
D/DialerApp( 8146): [MirrorLink] getIsMirrorLinkEstablished() isconnected=false
D/NfcService( 1510): applyRouting
E/Typeface( 2101): SANS_LOC file not found.
D/NfcService( 1510): setScreenState=OFF
E/MP-Decision( 2287): Update arg 1
E/Typeface( 1353): SANS_LOC file not found.
E/Typeface(24336): SANS_LOC file not found.
E/Typeface(11528): SANS_LOC file not found.
E/Typeface(12268): SANS_LOC file not found.
E/Typeface(11674): SANS_LOC file not found.
E/Typeface(23745): SANS_LOC file not found.
E/Typeface( 8905): SANS_LOC file not found.
E/Typeface( 4291): SANS_LOC file not found.
E/Typeface( 8905): SANS_LOC file not found.
E/Typeface( 3905): SANS_LOC file not found.
D/NfcService( 1510): computeEmulationParameters
E/Typeface(12545): SANS_LOC file not found.
E/Typeface( 1315): SANS_LOC file not found.
E/Typeface( 5457): SANS_LOC file not found.
E/Typeface( 4085): SANS_LOC file not found.
E/Typeface( 1827): SANS_LOC file not found.
E/Typeface(15123): SANS_LOC file not found.
E/Typeface( 1827): SANS_LOC file not found.
E/Typeface( 1827): SANS_LOC file not found.
E/Typeface( 4523): SANS_LOC file not found.
E/Typeface( 4291): SANS_LOC file not found.
E/Typeface( 8519): SANS_LOC file not found.
E/Typeface(28833): SANS_LOC file not found.
E/Typeface( 3938): SANS_LOC file not found.
E/Typeface( 1510): SANS_LOC file not found.
E/Typeface( 3766): SANS_LOC file not found.
E/Typeface( 6773): SANS_LOC file not found.
E/Typeface(11499): SANS_LOC file not found.
E/Typeface(11499): SANS_LOC file not found.
E/Typeface( 3878): SANS_LOC file not found.
E/Typeface( 2213): SANS_LOC file not found.
E/Typeface( 1502): SANS_LOC file not found.
D/VoLTEUtils( 1502): getCurrentConnection() conn: null
D/VoLTEUtils( 1502): getCurrentConnection() conn: null
D/CommonListView( 3792): delete screenshot file:/data/user/0/com.htc.sense.mms/cache/screenshot_1
D/CommonListView( 3792): delete screenshot file:/data/user/0/com.htc.sense.mms/cache/screenshot_2
E/Typeface(12344): SANS_LOC file not found.
D/DialerApp( 8146): Has soft key
D/DialerApp( 8146): [MirrorLink] getIsMirrorLinkEstablished() isconnected=false
E/Typeface(30298): SANS_LOC file not found.
E/Typeface( 4334): SANS_LOC file not found.
E/Typeface( 8267): SANS_LOC file not found.
E/Typeface( 4131): SANS_LOC file not found.
E/Typeface( 1243): SANS_LOC file not found.
E/Typeface(  720): SANS_LOC file not found.
E/Typeface( 3368): SANS_LOC file not found.
E/Typeface( 7676): SANS_LOC file not found.
E/Typeface( 4638): SANS_LOC file not found.
E/Typeface( 1391): SANS_LOC file not found.
E/Typeface( 3978): SANS_LOC file not found.
E/WifiStateMachine(  867): WiFiDisplay: getWifidisplayApEnabled=false
I/CVW     ( 1391): Dismiss CandidateViewWindow WCLID:0
D/AudioService(  867): handleConfigurationChanged, mCameraSoundForced = false, isHtcCameraSoundForced = false, cameraSoundForced = false
D/AudioService(  867): onConfigureSafeVolume mMcc=310, mcc=310, mEnableListenNotify=true, force=false
D/VoLTEUtils( 1502): Call is not active
E/Typeface( 8190): SANS_LOC file not found.
D/VoLTEUtils( 1502): getCurrentConnection() conn: null
D/PhoneApp( 1502): Has soft key
E/Typeface( 1502): SANS_LOC file not found.
E/Typeface( 1502): SANS_LOC file not found.
E/Typeface( 1502): SANS_LOC file not found.
E/Typeface( 1502): SANS_LOC file not found.
E/Typeface( 1502): SANS_LOC file not found.
I/IntentController( 1158): receive(android.intent.action.CONFIGURATION_CHANGED,4,false)
E/Typeface(26245): SANS_LOC file not found.
D/DotMatrix( 1315): [NotificationService] onNotificationPosted, pkgName: com.dianxinos.dxbs, id: 2, tag: null, isClearable: false
D/NfcService( 1510): SCREEN_STATE_OFF
D/NfcService( 1510): configure EE routing
D/NfcService( 1510): configure HCE routing
D/NfcService( 1510): NFC-HCE OFF
W/Settings(19932): Setting airplane_mode_on has moved from android.provider.Settings.System to android.provider.Settings.Global, returning read-only value.
W/Settings(19932): Setting airplane_mode_on has moved from android.provider.Settings.System to android.provider.Settings.Global, returning read-only value.
W/Settings(19932): Setting airplane_mode_on has moved from android.provider.Settings.System to android.provider.Settings.Global, returning read-only value.
W/Settings(19932): Setting airplane_mode_on has moved from android.provider.Settings.System to android.provider.Settings.Global, returning read-only value.
I/RemoteViews( 1533): reapply : com.dianxinos.dxbs 1 8
I/SensorManager( 1158): registerListenerImpl: listener = com.htc.sense.easyaccessservice.SensorHubService@91d3507, sensor = {Sensor name="hTC Gesture Motion HIDI", vendor="HTC Group Ltd.", version=1, type=10, maxRange=200.0, resolution=1.0, power=0.2, minDelay=20000}, delay = 200000, handler = null
W/SensorService(  867): Following SensorService logs are not warning, just make sure they are printed
E/sensohubinterface( 1158): switchDebug: could not open i2c (13,Permission denied)
E/sensohubinterface( 1158): switchDebug: cmd[0] 0xff
W/SensorService(  867): enable: get sensor name = hTC Gesture Motion HIDI
E/sensohubinterface( 1158): switchDebug: cmd[1] 0x1
E/sensohubinterface( 1158): switchDebug: failed errno = 9
W/SensorService(  867): pid=1158, uid=10051
W/SensorService(  867): Active sensors: size = 2
W/SensorService(  867): Significant Motion (handle=0x0000000e, connections=2)
W/SensorService(  867): hTC Gesture Motion HIDI (handle=0x00000015, connections=1)
W/SensorService(  867): SensorService::listenerSensor++: mName = com.htc.sense.easyaccessservice.SensorHubService@91d3507, eanble = 1, strlen(mName) = 56
W/SensorService(  867): Active Listeners: mActiveListeners.size() = 1
W/SensorService(  867): Listener[0] = com.htc.sense.easyaccessservice.SensorHubService@91d3507
W/SensorService(  867): void android::SensorService::listenerSensor(const char*, int32_t)--:
D/PhoneStatusBar( 1158): disable: 0x00120000 -> 0x03720000 (diff: 0x03600000)
D/PhoneStatusBar( 1158): disable: < expand ICONS alerts SYSTEM_INFO BACK* HOME* RECENT* clock SEARCH* >
I/QuickTipsController( 1158): QuickTipsMore.show(false,false,false)
I/PhoneStatusBar( 1158): setImeWindowStatus(false,false)
E/Typeface( 1158): SANS_LOC file not found.
D/RecentsConfig( 1158): update search id = 12, current recents config = -553836830
I/RecentsConfig( 1158): enable hardware layer for task view
D/DotMatrix( 1315): [NotificationService] onNotificationPosted, pkgName: com.dianxinos.dxbs, id: 2, tag: null, isClearable: false
W/Settings(19932): Setting airplane_mode_on has moved from android.provider.Settings.System to android.provider.Settings.Global, returning read-only value.
W/Settings(19932): Setting airplane_mode_on has moved from android.provider.Settings.System to android.provider.Settings.Global, returning read-only value.
I/StatusBar( 1158): orientationChange(1)
W/Settings(19932): Setting airplane_mode_on has moved from android.provider.Settings.System to android.provider.Settings.Global, returning read-only value.
I/AutoTest( 1158): [SystemUI][ConfigurationChange_PhoneStatusBar][12][ms][Lower is better]
E/Typeface( 1158): SANS_LOC file not found.
E/Typeface( 1158): SANS_LOC file not found.
E/Typeface( 1158): SANS_LOC file not found.
I/PanelView( 1158): recModeThreshold(50,0)
W/Settings(19932): Setting airplane_mode_on has moved from android.provider.Settings.System to android.provider.Settings.Global, returning read-only value.
I/RemoteViews( 1533): reapply : com.dianxinos.dxbs 0 8
D/DotMatrix( 1315): [NotificationService] onNotificationPosted, pkgName: com.dianxinos.dxbs, id: 2, tag: null, isClearable: false
D/NfcService( 1510): configure routing table false
D/NfcService( 1510): computeDiscoveryParameters
D/NfcService( 1510): NFC-C OFF
D/UsbnetService(  867): BroadcastReceiver::onReceive+
D/UsbnetService(  867): onReceive BATTERY_CHANGED
D/UsbnetService(  867):  --> pluggedType = 2, mPluggedType = 0, mScreenOff = false
D/UsbnetService(  867): BroadcastReceiver::onReceive-
D/WifiController(  867): handleMessage: E msg.what=155652
I/IntentController( 1158): receive(android.intent.action.BATTERY_CHANGED,1,false)
D/WifiController(  867): processMsg: DeviceActiveState
D/WifiController(  867): processMsg: StaEnabledState
D/WifiController(  867): processMsg: DefaultState
D/DotMatrix( 1315): [EventService] reorderCurrEventType, mCurrentEventType = 1000, version:1.3
D/WifiController(  867): handleMessage: X
D/DotMatrix( 1315): [EventService] reorderCurrEventType, mCurrentEventType = 1000, version:1.3
D/DotMatrix( 1315): [EventService] checkEventUpdateCondition, bCheckCondition:false, mCoverOn:false
W/ctxmgr  ( 2213): [PowerConnectionState]Got same value as before for power connection (Plug state: 2 BatteryLevel: 1.0)
D/BatteryManager( 2101): ***Receiving Battery Change 100.0% ***
D/PMS     (  867): acquireWL(11e27dc5): PARTIAL_WAKE_LOCK  BatteryServiceUpdateStats_3 0x1 867 1000 null
I/BatteryService(  867): n_update end
D/PMS     (  867): releaseWL(11e27dc5): PARTIAL_WAKE_LOCK  BatteryServiceUpdateStats_3 0x1 null
D/HtcPowerSaver(  867): updateBatteryInfo
D/NotificationService(  867): plugged=true pluggin=true
D/PMS     (  867): runPSCheck
D/HtcPowerSaver(  867): Checking...
I/HtcPowerSaver(  867): >> updateStatus
I/HtcPowerSaver(  867): updateStatus (8000,100,-1,false,false,false,-1)
I/HtcPowerSaver(  867): << updateStatus
D/WifiController(  867): battery changed pluggedType: 2
W/Settings(19932): Setting airplane_mode_on has moved from android.provider.Settings.System to android.provider.Settings.Global, returning read-only value.
W/Settings(19932): Setting airplane_mode_on has moved from android.provider.Settings.System to android.provider.Settings.Global, returning read-only value.
I/RemoteViews( 1533): reapply : com.dianxinos.dxbs 1 8
D/DotMatrix( 1315): [NotificationService] onNotificationPosted, pkgName: com.dianxinos.dxbs, id: 2, tag: null, isClearable: false
D/PMS     (  867): releaseWL(e341f10): PARTIAL_WAKE_LOCK  NfcService:mRoutingWakeLock 0x1 null
I/RemoteViews( 1158): reapply : com.dianxinos.dxbs 0 10
D/CarrierLabel( 1158): ---------- mIntentReceiver : android.intent.action.CONFIGURATION_CHANGED
D/CarrierLabel( 1158): ServiceStatus = 0, SimState = UNKNOWN
D/CarrierLabel( 1158): updateNetworkName showSpn=false spn=null showPlmn=true plmn=AT&T
D/CarrierLabel( 1158): Locale changed = false, newLocale = en_US
I/Clock   ( 1158): updateClock:15:24 America/Chicago
I/Clock   ( 1158): updateClock:15:24 America/Chicago
I/Clock   ( 1158): updateClock:15:24 America/Chicago
I/PhoneStatusBar( 1158): updatePublicMode(true,false,true)
D/PhoneStatusBar( 1158): disable: 0x03720000 -> 0x03720000 (diff: 0x00000000)
D/PhoneStatusBar( 1158): disable: < expand ICONS alerts SYSTEM_INFO BACK HOME RECENT clock SEARCH >
I/RemoteViews( 1158): reapply : com.dianxinos.dxbs 0 10
D/DotMatrix( 1315): [EventService] reorderCurrEventType, mCurrentEventType = 1000, version:1.3
D/StatusBarManagerService(  867): manageDisableList userId=0 what=0x3200000 pkg=com.android.systemui
D/NetworkPolicy(  867): updateScreenOn: false
V/NetworkPolicy(  867): updateIfacesLocked()
D/NetworkManagementService(  867): isBandwidthControlEnabled: doneSignal.getCount()= 0
D/DotMatrix( 1315): [EventService] getTotalRam: 1823 Mb
D/GpsLocationProvider(  867): receive broadcast intent, action: android.intent.action.SCREEN_OFF
D/ContactMessageStore( 1502): start background delete task...
I/IntentController( 1158): receive(android.intent.action.SCREEN_OFF,1,false)
D/ContactMessageStore( 1502): size: 0 , 0
D/ContactMessageStore( 1502): Background delete complete
I/RemoteViews( 1158): reapply : com.dianxinos.dxbs 0 10
I/RemoteViews( 1158): reapply : com.dianxinos.dxbs 0 10
I/BatteryController( 1158): status:5 level:100 unsupport:false plugged:true
D/PowerUI ( 1158): closing low battery warning: level=100
D/PowerUI ( 1158): plugged = true, health = 2, mBatteryLevel = 100, mPluggedBatteryLevel = 100, mLowBatteryWarningLevel2 = 25, mshowLowChargingWarning2 = true
D/PMS     (  867): acquireWL(2b1fc31a): PARTIAL_WAKE_LOCK  Wakeful StateMachine: GeofencerStateMachine 0x1 2213 10033 WorkSource{10033 com.google.android.gms}
D/PMS     (  867): releaseWL(2b1fc31a): PARTIAL_WAKE_LOCK  Wakeful StateMachine: GeofencerStateMachine 0x1 WorkSource{10033 com.google.android.gms}
D/PMS     (  867): acquireWL(a142e4b): PARTIAL_WAKE_LOCK  GCoreFlp 0x1 2213 10033 WorkSource{10033 com.google.android.gms}
D/PMS     (  867): releaseWL(a142e4b): PARTIAL_WAKE_LOCK  GCoreFlp 0x1 WorkSource{10033 com.google.android.gms}
I/entered bcast receiver(11674): timpall
D/Event   (12268): No subscribers registered for event class com.aiqidii.mercury.service.ScreenStateReceiver$ScreenStateChangedEvent
D/Event   (12268): No subscribers registered for event class de.greenrobot.event.NoSubscriberEvent
D/PMS     (  867): acquireWL(9b4c028): PARTIAL_WAKE_LOCK  android.Wakelock 0x1 720 1000 null
D/ScreenOnOffReceiver( 2213): Received intent: Intent { act=android.intent.action.SCREEN_OFF flg=0x50000010 (has extras) }.
I/IntentController( 1158): receive(com.htc.server.HtcPMSExtension.ACTUAL_SCREEN_OFF,1,false)
I/InputManager(  867): Cancel all due to getting PMS screen off broadcast
I/ClockController( 1158): stop clock update:screen off
E/WifiStateMachine(  867): handleMessage: E msg.what=131156
E/WifiStateMachine(  867): processMsg: ConnectedState
D/WifiService(  867): releaseMulticastLock pid=4523, uid=10210
D/WifiService(  867): removeMulticasterLocked
E/WifiStateMachine(  867):  ConnectedState CMD_START_PACKET_FILTERING 0 0
E/WifiStateMachine(  867): processMsg: L2ConnectedState
E/WifiStateMachine(  867):  L2ConnectedState CMD_START_PACKET_FILTERING 0 0
E/WifiStateMachine(  867): processMsg: ConnectModeState
E/WifiStateMachine(  867):  ConnectModeState CMD_START_PACKET_FILTERING 0 0
E/WifiStateMachine(  867): processMsg: DriverStartedState
E/WifiStateMachine(  867):  DriverStartedState CMD_START_PACKET_FILTERING 0 0
W/WifiHW  (  867): QCOM Debug wifi_send_command "IFNAME=wlan0 DRIVER RXFILTER-STOP"
D/wpa_supplicant(24155): wlan0: Control interface command 'DRIVER RXFILTER-STOP'
D/wpa_supplicant(24155): wpa_driver_nl80211_driver_cmd RXFILTER-STOP len = 0, 8192
W/WifiHW  (  867): QCOM Debug wifi_send_command "IFNAME=wlan0 DRIVER RXFILTER-REMOVE 2"
D/wpa_supplicant(24155): wlan0: Control interface command 'DRIVER RXFILTER-REMOVE 2'
D/wpa_supplicant(24155): wpa_driver_nl80211_driver_cmd RXFILTER-REMOVE 2 len = 0, 8192
W/WifiHW  (  867): QCOM Debug wifi_send_command "IFNAME=wlan0 DRIVER RXFILTER-START"
D/wpa_supplicant(24155): wlan0: Control interface command 'DRIVER RXFILTER-START'
D/wpa_supplicant(24155): wpa_driver_nl80211_driver_cmd RXFILTER-START len = 0, 8192
E/WifiStateMachine(  867): handleMessage: X
E/WifiStateMachine(  867): handleMessage: E msg.what=131155
E/WifiStateMachine(  867): processMsg: ConnectedState
E/WifiStateMachine(  867):  ConnectedState CMD_RSSI_POLL 351 0 "get_your_own_wifi" 00:1c:7b:f9:8b:bc rssi=-56 f=2462 sc=60 link=72 tx=0.0, 0.0, 0.0  rx=0.0 bcn=0 [on:0 tx:0 rx:0 period:2996] from screen [on:0 period:-1019558552] gl hn u24 rssi=-51 ag=0 hr ls-=0 [56,56,56,56,61] brc=0 lrc=0
E/WifiStateMachine(  867): processMsg: L2ConnectedState
E/WifiStateMachine(  867):  L2ConnectedState CMD_RSSI_POLL 351 0 "get_your_own_wifi" 00:1c:7b:f9:8b:bc rssi=-56 f=2462 sc=60 link=72 tx=0.0, 0.0, 0.0  rx=0.0 bcn=0 [on:0 tx:0 rx:0 period:4] from screen [on:0 period:-1019558548] gl hn u24 rssi=-51 ag=0 hr ls-=0 [56,56,56,56,61] brc=0 lrc=0
E/WifiStateMachine(  867): handleMessage: X
D/PMS     (  867): releaseWL(9b4c028): PARTIAL_WAKE_LOCK  android.Wakelock 0x1 null
E/WifiDataStallTracker(  867): DATA_MONITOR_POLL false Token 393
D/HtcUPManager( 1158): HtcUPServiceProxy onTrimMemory() has been called. Memory Level: 60
D/HtcUPManager( 1158): HtcUPServiceProxy onTrimMemory() has been called. Memory Level: 60
W/WindowManager(  867): App freeze timeout expired.
D/PMS     (  867): acquireWL(3b723141): PARTIAL_WAKE_LOCK  *alarm* 0x1 867 1000 WorkSource{10213}
V/AlarmManager(  867): sending alarm PendingIntent{33e6f6e6: PendingIntentRecord{282c1805 com.facebook.katana broadcastIntent}}, i=com.facebook.common.executors.WakingExecutorService.ACTION_ALARM.com.facebook.katana.Mqtt_Wakeup, t=2, cnt=1, w=149161865, Int=0
V/AlarmManager(  867): sending alarm PendingIntent{14756427: PendingIntentRecord{2a45cf68 com.facebook.orca broadcastIntent}}, i=com.facebook.common.executors.do.ACTION_ALARM.com.facebook.orca.Mqtt_Wakeup, t=2, cnt=1, w=149161871, Int=0
D/PMS     (  867): releaseWL(3b723141): PARTIAL_WAKE_LOCK  *alarm* 0x1 WorkSource{10212}
D/InputDispatcher(  867): ActualScreenOn=0
V/KeyguardServiceDelegate(  867): onScreenTurnedOn(showListener = com.android.internal.policy.impl.PhoneWindowManager$2@331e3cc)
I/SensorManager( 1158): unregisterListenerImpl++: listener = com.htc.sense.easyaccessservice.SensorHubService@91d3507
E/MP-Decision( 2287): Update arg 2
D/InputDispatcher(  867): notify PowerKey:0
I/PMS     (  867): Waking up from sleep (uid 1000)...
D/PMN     (  867): wakingUp
E/sensohubinterface( 1158): switchDebug: could not open i2c (13,Permission denied)
E/sensohubinterface( 1158): switchDebug: cmd[0] 0xff
E/sensohubinterface( 1158): switchDebug: cmd[1] 0x0
E/sensohubinterface( 1158): switchDebug: failed errno = 9
W/SensorService(  867): Following SensorService logs are not warning, just make sure they are printed
W/SensorService(  867): disable: get sensor name = hTC Gesture Motion HIDI
W/SensorService(  867): pid=1158, uid=10051
W/SensorService(  867): Active sensors: size = 1
W/SensorService(  867): Significant Motion (handle=0x0000000e, connections=2)
W/SensorService(  867): SensorService::listenerSensor++: mName = com.htc.sense.easyaccessservice.SensorHubService@91d3507, eanble = 0, strlen(mName) = 56
W/SensorService(  867): Active Listeners: mActiveListeners.size() = 0
W/SensorService(  867): void android::SensorService::listenerSensor(const char*, int32_t)--:
I/SensorManager(  867): registerListenerImpl: listener = com.android.internal.policy.impl.WindowOrientationListener$SensorEventListenerImpl@2128afee, sensor = {Sensor name="Accelerometer Sensor", vendor="HTC Group Ltd.", version=1, type=1, maxRange=19.6133, resolution=0.01, power=0.17, minDelay=10000}, delay = 66667, handler = Handler (com.android.internal.policy.impl.PhoneWindowManager$PolicyHandler) {4019c8f}
W/SensorService(  867): Following SensorService logs are not warning, just make sure they are printed
W/SensorService(  867): enable: get sensor name = Accelerometer Sensor
I/XAN-DPC (  867): Blocking screen on until initial contents have been drawn.
D/PMS     (  867): Setting HAL auto-suspend mode to false
D/PMS     (  867): Setting HAL auto-suspend mode done
D/PMS     (  867): Setting HAL interactive mode to true
D/PMS     (  867): Setting HAL interactive mode to true done
W/SensorService(  867): pid=867, uid=1000
W/SensorService(  867): Active sensors: size = 2
W/SensorService(  867): Accelerometer Sensor (handle=0x00000000, connections=1)
W/SensorService(  867): Significant Motion (handle=0x0000000e, connections=2)
W/SensorService(  867): SensorService::listenerSensor++: mName = com.android.internal.policy.impl.WindowOrientationListener$SensorEventListenerImpl@2128afee, eanble = 1, strlen(mName) = 91
W/SensorService(  867): Active Listeners: mActiveListeners.size() = 1
W/SensorService(  867): Listener[0] = com.android.internal.policy.impl.WindowOrientationListener$SensorEventListenerImpl@2128afee
W/SensorService(  867): void android::SensorService::listenerSensor(const char*, int32_t)--:
I/SensorManager(  867): registerListenerImpl: listener = com.android.server.display.AutomaticBrightnessController$1@260240a3, sensor = {Sensor name="CM36282 Light sensor", vendor="Capella Microsystems", version=1, type=5, maxRange=10240.0, resolution=1.0, power=0.15, minDelay=0}, delay = 1000000, handler = Handler (com.android.server.display.AutomaticBrightnessController$AutomaticBrightnessHandler) {3fb95fa0}
W/SensorService(  867): Following SensorService logs are not warning, just make sure they are printed
W/SensorService(  867): enable: get sensor name = CM36282 Light sensor
D/PMS     (  867): OOBE c monitor 11
I/InputMethodManagerService(  867): screenObserver, isScreenOn=true
W/SensorService(  867): pid=867, uid=1000
W/SensorService(  867): Active sensors: size = 3
W/SensorService(  867): Accelerometer Sensor (handle=0x00000000, connections=1)
W/SensorService(  867): CM36282 Light sensor (handle=0x00000003, connections=1)
W/SensorService(  867): Significant Motion (handle=0x0000000e, connections=2)
