E/WifiTrafficPoller(  867): notifying of data activity 0
E/WifiStateMachine(  867): calculateWifiScore freq=2462 speed=72 score=60 highRSSI  -> txbadrate=0.00 txgoodrate=0.50 txretriesrate=0.00 rxrate=1.81 userTriggerdPenalty0
D/WIFI_ICON( 1158): updateWifiState: RSSI_CHANGED 3 -> 3
E/WifiStateMachine(  867):  good link -> stuck count =0
D/StatusBar.NetworkController( 1158): dumpIcon[stat_sys_data_4g_lte_connected stat_sys_5signal_4|null stat_sys_wifi_signal_connected_4 (gone) F]
E/WifiStateMachine(  867):  badRSSI count0 lowRSSI count0 --> score 56
E/WifiStateMachine(  867):  isHighRSSI       ---> score=61
D/WifiWatchdogStateMachine(  867): RSSI current: 3 new: -55, 3
E/WifiStateMachine(  867): handleMessage: X
E/WifiTrafficPoller(  867): TRAFFIC_STATS_POLL true Token 1428 num clients 20
E/WifiTrafficPoller(  867):  packet count Tx=1008314 Rx=1610326
E/WifiTrafficPoller(  867): TRAFFIC_STATS_POLL true Token 1428 num clients 20
D/WIFI_ICON( 1158): WifiActivity: 1
E/WifiTrafficPoller(  867):  packet count Tx=1008314 Rx=1610327
D/StatusBar.NetworkController( 1158): dumpIcon[stat_sys_data_4g_lte_connected stat_sys_5signal_4|null stat_sys_wifi_signal_in_4 (gone) F]
E/WifiTrafficPoller(  867): notifying of data activity 1
E/WifiStateMachine(  867): handleMessage: E msg.what=131155
D/WIFI_ICON( 1158): WifiActivity: 0
E/WifiStateMachine(  867): processMsg: ConnectedState
D/StatusBar.NetworkController( 1158): dumpIcon[stat_sys_data_4g_lte_connected stat_sys_5signal_4|null stat_sys_wifi_signal_connected_4 (gone) F]
E/WifiStateMachine(  867):  ConnectedState !CMD_RSSI_POLL 353 0 "get_your_own_wifi" 00:1c:7b:f9:8b:bc rssi=-55 f=2462 sc=60 link=72 tx=0.5, 0.0, 0.0  rx=1.8 bcn=0 [on:0 tx:0 rx:0 period:3001] from screen [on:0 period:-1019501079] gl hn u24 rssi=-50 ag=0 hr ls-=0 [56,56,56,56,61] brc=0 lrc=0
D/WIFI_ICON( 1158): updateWifiState: RSSI_CHANGED 3 -> 3
E/WifiStateMachine(  867): processMsg: L2ConnectedState
D/StatusBar.NetworkController( 1158): dumpIcon[stat_sys_data_4g_lte_connected stat_sys_5signal_4|null stat_sys_wifi_signal_connected_4 (gone) F]
E/WifiTrafficPoller(  867): TRAFFIC_STATS_POLL true Token 1428 num clients 20
E/WifiTrafficPoller(  867):  packet count Tx=1008314 Rx=1610327
E/WifiTrafficPoller(  867): notifying of data activity 0
E/WifiStateMachine(  867):  L2ConnectedState !CMD_RSSI_POLL 353 0 "get_your_own_wifi" 00:1c:7b:f9:8b:bc rssi=-55 f=2462 sc=60 link=72 tx=0.5, 0.0, 0.0  rx=1.8 bcn=0 [on:0 tx:0 rx:0 period:66] from screen [on:0 period:-1019501013] gl hn u24 rssi=-50 ag=0 hr ls-=0 [56,56,56,56,61] brc=0 lrc=0
E/WifiStateMachine(  867):  get link layer stats 0
W/WifiHW  (  867): QCOM Debug wifi_send_command "IFNAME=wlan0 SIGNAL_POLL"
D/wpa_supplicant(24155): wlan0: Control interface command 'SIGNAL_POLL'
I/wpa_supplicant(24155): environment dirty rate=0 [0][0][0]
E/WifiStateMachine(  867): fetchRssiLinkSpeedAndFrequencyNative RSSI = -54 abnormalRssiCnt = 0 newLinkSpeed = 72
E/WifiStateMachine(  867): fetchRssiLinkSpeedAndFrequencyNative rssi=-54 linkspeed=72
E/WifiConfigStore(  867): updateConfiguration freq=2462 BSSID=00:1c:7b:f9:8b:bc RSSI=-53 "get_your_own_wifi"WPA_PSK
E/WifiStateMachine(  867): calculateWifiScore freq=2462 speed=72 score=60 highRSSI  -> txbadrate=0.00 txgoodrate=0.25 txretriesrate=0.00 rxrate=1.41 userTriggerdPenalty0
E/WifiStateMachine(  867):  good link -> stuck count =0
E/WifiStateMachine(  867):  badRSSI count0 lowRSSI count0 --> score 56
E/WifiStateMachine(  867):  isHighRSSI       ---> score=61
D/WifiWatchdogStateMachine(  867): RSSI current: 3 new: -54, 3
E/WifiStateMachine(  867): handleMessage: X
E/WifiDataStallTracker(  867): DATA_MONITOR_POLL true Token 394
D/WifiDataStallTracker(  867): updateDataStallInfo: mDataStallTxRxSum={txSum=917569 rxSum=1484201} preTxRxSum={txSum=917569 rxSum=1484201}
D/WifiDataStallTracker(  867): updateDataStallInfo: NONE
D/WifiDataStallTracker(  867): onDataStallAlarm: Sent 0 pkts since last received, < watchdogTrigger=5
E/WifiTrafficPoller(  867): TRAFFIC_STATS_POLL true Token 1428 num clients 20
D/WIFI_ICON( 1158): WifiActivity: 1
E/WifiTrafficPoller(  867):  packet count Tx=1008314 Rx=1610334
D/StatusBar.NetworkController( 1158): dumpIcon[stat_sys_data_4g_lte_connected stat_sys_5signal_4|null stat_sys_wifi_signal_in_4 (gone) F]
E/WifiTrafficPoller(  867): notifying of data activity 1
W/ActivityManager(  867): getTasks: caller 10009 is using old GET_TASKS but privileged; allowing
E/WifiTrafficPoller(  867): TRAFFIC_STATS_POLL true Token 1428 num clients 20
D/WIFI_ICON( 1158): WifiActivity: 0
E/WifiTrafficPoller(  867):  packet count Tx=1008314 Rx=1610334
D/StatusBar.NetworkController( 1158): dumpIcon[stat_sys_data_4g_lte_connected stat_sys_5signal_4|null stat_sys_wifi_signal_connected_4 (gone) F]
E/WifiTrafficPoller(  867): notifying of data activity 0
E/WifiStateMachine(  867): handleMessage: E msg.what=131155
E/WifiStateMachine(  867): processMsg: ConnectedState
E/WifiStateMachine(  867):  ConnectedState !CMD_RSSI_POLL 353 0 "get_your_own_wifi" 00:1c:7b:f9:8b:bc rssi=-54 f=2462 sc=60 link=72 tx=0.3, 0.0, 0.0  rx=1.4 bcn=0 [on:0 tx:0 rx:0 period:3005] from screen [on:0 period:-1019497970] gl hn u24 rssi=-49 ag=0 hr ls-=0 [56,56,56,56,61] brc=0 lrc=0
D/WIFI_ICON( 1158): WifiActivity: 1
E/WifiStateMachine(  867): processMsg: L2ConnectedState
D/StatusBar.NetworkController( 1158): dumpIcon[stat_sys_data_4g_lte_connected stat_sys_5signal_4|null stat_sys_wifi_signal_in_4 (gone) F]
E/WifiStateMachine(  867):  L2ConnectedState !CMD_RSSI_POLL 353 0 "get_your_own_wifi" 00:1c:7b:f9:8b:bc rssi=-54 f=2462 sc=60 link=72 tx=0.3, 0.0, 0.0  rx=1.4 bcn=0 [on:0 tx:0 rx:0 period:5] from screen [on:0 period:-1019497965] gl hn u24 rssi=-49 ag=0 hr ls-=0 [56,56,56,56,61] brc=0 lrc=0
D/WIFI_ICON( 1158): updateWifiState: RSSI_CHANGED 3 -> 3
E/WifiStateMachine(  867):  get link layer stats 0
D/StatusBar.NetworkController( 1158): dumpIcon[stat_sys_data_4g_lte_connected stat_sys_5signal_4|null stat_sys_wifi_signal_in_4 (gone) F]
W/WifiHW  (  867): QCOM Debug wifi_send_command "IFNAME=wlan0 SIGNAL_POLL"
D/wpa_supplicant(24155): wlan0: Control interface command 'SIGNAL_POLL'
E/WifiTrafficPoller(  867): TRAFFIC_STATS_POLL true Token 1428 num clients 20
E/WifiTrafficPoller(  867):  packet count Tx=1008314 Rx=1610335
E/WifiTrafficPoller(  867): notifying of data activity 1
I/wpa_supplicant(24155): environment dirty rate=0 [0][0][0]
E/WifiStateMachine(  867): fetchRssiLinkSpeedAndFrequencyNative RSSI = -52 abnormalRssiCnt = 0 newLinkSpeed = 72
E/WifiStateMachine(  867): fetchRssiLinkSpeedAndFrequencyNative rssi=-52 linkspeed=72
E/WifiConfigStore(  867): updateConfiguration freq=2462 BSSID=00:1c:7b:f9:8b:bc RSSI=-52 "get_your_own_wifi"WPA_PSK
E/WifiStateMachine(  867): calculateWifiScore freq=2462 speed=72 score=60 highRSSI  -> txbadrate=0.00 txgoodrate=0.13 txretriesrate=0.00 rxrate=4.70 userTriggerdPenalty0
E/WifiStateMachine(  867):  good link -> stuck count =0
E/WifiStateMachine(  867):  badRSSI count0 lowRSSI count0 --> score 56
E/WifiStateMachine(  867):  isHighRSSI       ---> score=61
D/WifiWatchdogStateMachine(  867): RSSI current: 3 new: -52, 3
E/WifiStateMachine(  867): handleMessage: X
E/WifiTrafficPoller(  867): TRAFFIC_STATS_POLL true Token 1428 num clients 20
D/WIFI_ICON( 1158): WifiActivity: 0
E/WifiTrafficPoller(  867):  packet count Tx=1008314 Rx=1610335
D/StatusBar.NetworkController( 1158): dumpIcon[stat_sys_data_4g_lte_connected stat_sys_5signal_4|null stat_sys_wifi_signal_connected_4 (gone) F]
E/WifiTrafficPoller(  867): notifying of data activity 0
E/WifiTrafficPoller(  867): TRAFFIC_STATS_POLL true Token 1428 num clients 20
E/WifiTrafficPoller(  867):  packet count Tx=1008314 Rx=1610335
E/WifiDataStallTracker(  867): DATA_MONITOR_POLL true Token 394
D/WifiDataStallTracker(  867): updateDataStallInfo: mDataStallTxRxSum={txSum=917569 rxSum=1484201} preTxRxSum={txSum=917569 rxSum=1484201}
D/WifiDataStallTracker(  867): updateDataStallInfo: NONE
D/WifiDataStallTracker(  867): onDataStallAlarm: Sent 0 pkts since last received, < watchdogTrigger=5
E/WifiStateMachine(  867): handleMessage: E msg.what=131155
E/WifiStateMachine(  867): processMsg: ConnectedState
E/WifiStateMachine(  867):  ConnectedState !CMD_RSSI_POLL 353 0 "get_your_own_wifi" 00:1c:7b:f9:8b:bc rssi=-52 f=2462 sc=60 link=72 tx=0.1, 0.0, 0.0  rx=4.7 bcn=0 [on:0 tx:0 rx:0 period:2990] from screen [on:0 period:-1019494895] gl hn u24 rssi=-47 ag=0 hr ls-=0 [56,56,56,56,61] brc=0 lrc=0
E/WifiStateMachine(  867): processMsg: L2ConnectedState
E/WifiStateMachine(  867):  L2ConnectedState !CMD_RSSI_POLL 353 0 "get_your_own_wifi" 00:1c:7b:f9:8b:bc rssi=-52 f=2462 sc=60 link=72 tx=0.1, 0.0, 0.0  rx=4.7 bcn=0 [on:0 tx:0 rx:0 period:5] from screen [on:0 period:-1019494890] gl hn u24 rssi=-47 ag=0 hr ls-=0 [56,56,56,56,61] brc=0 lrc=0
D/WIFI_ICON( 1158): updateWifiState: RSSI_CHANGED 3 -> 3
E/WifiStateMachine(  867):  get link layer stats 0
D/StatusBar.NetworkController( 1158): dumpIcon[stat_sys_data_4g_lte_connected stat_sys_5signal_4|null stat_sys_wifi_signal_connected_4 (gone) F]
W/WifiHW  (  867): QCOM Debug wifi_send_command "IFNAME=wlan0 SIGNAL_POLL"
D/wpa_supplicant(24155): wlan0: Control interface command 'SIGNAL_POLL'
E/WifiTrafficPoller(  867): TRAFFIC_STATS_POLL true Token 1428 num clients 20
E/WifiTrafficPoller(  867):  packet count Tx=1008314 Rx=1610335
I/wpa_supplicant(24155): environment dirty rate=0 [0][0][0]
E/WifiStateMachine(  867): fetchRssiLinkSpeedAndFrequencyNative RSSI = -53 abnormalRssiCnt = 0 newLinkSpeed = 72
E/WifiStateMachine(  867): fetchRssiLinkSpeedAndFrequencyNative rssi=-53 linkspeed=72
E/WifiConfigStore(  867): updateConfiguration freq=2462 BSSID=00:1c:7b:f9:8b:bc RSSI=-52 "get_your_own_wifi"WPA_PSK
E/WifiStateMachine(  867): calculateWifiScore freq=2462 speed=72 score=60 highRSSI  -> txbadrate=0.00 txgoodrate=0.06 txretriesrate=0.00 rxrate=2.35 userTriggerdPenalty0
E/WifiStateMachine(  867):  good link -> stuck count =0
E/WifiStateMachine(  867):  badRSSI count0 lowRSSI count0 --> score 56
E/WifiStateMachine(  867):  isHighRSSI       ---> score=61
D/WifiWatchdogStateMachine(  867): RSSI current: 3 new: -53, 3
E/WifiStateMachine(  867): handleMessage: X
W/ActivityManager(  867): getTasks: caller 10009 is using old GET_TASKS but privileged; allowing
E/WifiTrafficPoller(  867): TRAFFIC_STATS_POLL true Token 1428 num clients 20
E/WifiTrafficPoller(  867):  packet count Tx=1008314 Rx=1610335
E/WifiTrafficPoller(  867): TRAFFIC_STATS_POLL true Token 1428 num clients 20
E/WifiTrafficPoller(  867):  packet count Tx=1008314 Rx=1610335
E/WifiTrafficPoller(  867): TRAFFIC_STATS_POLL true Token 1428 num clients 20
E/WifiTrafficPoller(  867):  packet count Tx=1008314 Rx=1610335
E/WifiStateMachine(  867): handleMessage: E msg.what=131155
E/WifiStateMachine(  867): processMsg: ConnectedState
E/WifiStateMachine(  867):  ConnectedState !CMD_RSSI_POLL 353 0 "get_your_own_wifi" 00:1c:7b:f9:8b:bc rssi=-53 f=2462 sc=60 link=72 tx=0.1, 0.0, 0.0  rx=2.4 bcn=0 [on:0 tx:0 rx:0 period:2996] from screen [on:0 period:-1019491847] gl hn u24 rssi=-48 ag=0 hr ls-=0 [56,56,56,56,61] brc=0 lrc=0
E/WifiStateMachine(  867): processMsg: L2ConnectedState
E/WifiStateMachine(  867):  L2ConnectedState !CMD_RSSI_POLL 353 0 "get_your_own_wifi" 00:1c:7b:f9:8b:bc rssi=-53 f=2462 sc=60 link=72 tx=0.1, 0.0, 0.0  rx=2.4 bcn=0 [on:0 tx:0 rx:0 period:4] from screen [on:0 period:-1019491843] gl hn u24 rssi=-48 ag=0 hr ls-=0 [56,56,56,56,61] brc=0 lrc=0
E/WifiStateMachine(  867):  get link layer stats 0
W/WifiHW  (  867): QCOM Debug wifi_send_command "IFNAME=wlan0 SIGNAL_POLL"
D/wpa_supplicant(24155): wlan0: Control interface command 'SIGNAL_POLL'
I/wpa_supplicant(24155): environment dirty rate=0 [0][0][0]
D/WIFI_ICON( 1158): updateWifiState: RSSI_CHANGED 3 -> 3
E/WifiStateMachine(  867): fetchRssiLinkSpeedAndFrequencyNative RSSI = -53 abnormalRssiCnt = 0 newLinkSpeed = 72
D/StatusBar.NetworkController( 1158): dumpIcon[stat_sys_data_4g_lte_connected stat_sys_5signal_4|null stat_sys_wifi_signal_connected_4 (gone) F]
E/WifiStateMachine(  867): fetchRssiLinkSpeedAndFrequencyNative rssi=-53 linkspeed=72
E/WifiConfigStore(  867): updateConfiguration freq=2462 BSSID=00:1c:7b:f9:8b:bc RSSI=-52 "get_your_own_wifi"WPA_PSK
E/WifiStateMachine(  867): calculateWifiScore freq=2462 speed=72 score=60 highRSSI  -> txbadrate=0.00 txgoodrate=0.03 txretriesrate=0.00 rxrate=1.18 userTriggerdPenalty0
E/WifiStateMachine(  867):  good link -> stuck count =0
E/WifiStateMachine(  867):  badRSSI count0 lowRSSI count0 --> score 56
E/WifiStateMachine(  867):  isHighRSSI       ---> score=61
D/WifiWatchdogStateMachine(  867): RSSI current: 3 new: -53, 3
E/WifiStateMachine(  867): handleMessage: X
E/WifiTrafficPoller(  867): TRAFFIC_STATS_POLL true Token 1428 num clients 20
D/WIFI_ICON( 1158): WifiActivity: 3
E/WifiTrafficPoller(  867):  packet count Tx=1008315 Rx=1610336
D/StatusBar.NetworkController( 1158): dumpIcon[stat_sys_data_4g_lte_connected stat_sys_5signal_4|null stat_sys_wifi_signal_inandout_4 (gone) F]
E/WifiTrafficPoller(  867): notifying of data activity 3
E/WifiDataStallTracker(  867): DATA_MONITOR_POLL true Token 394
D/WifiDataStallTracker(  867): updateDataStallInfo: mDataStallTxRxSum={txSum=917570 rxSum=1484202} preTxRxSum={txSum=917569 rxSum=1484201}
D/WifiDataStallTracker(  867): updateDataStallInfo: IN/OUT
D/WifiDataStallTracker(  867): onDataStallAlarm: Sent 0 pkts since last received, < watchdogTrigger=5
E/WifiStateMachine(  867): WiFiStateMachine SCAN ALARM
D/PMS     (  867): acquireWL(170f6dbc): PARTIAL_WAKE_LOCK  *alarm* 0x1 867 1000 WorkSource{1000}
E/WifiStateMachine(  867): handleMessage: E msg.what=131143
D/WifiDisplayAdapter(  867): getWifiDisplayStatusLocked: result=WifiDisplayStatus{featureState=3, scanState=0, activeDisplayState=0, activeDisplay=null, displays=[], sessionInfo=WifiDisplaySessionInfo:
D/WifiDisplayAdapter(  867):     Client/Owner: Client
D/WifiDisplayAdapter(  867):     GroupId: 
D/WifiDisplayAdapter(  867):     Passphrase: 
D/WifiDisplayAdapter(  867):     SessionId: 0
D/WifiDisplayAdapter(  867):     IP Address: }
E/WifiStateMachine(  867): processMsg: ConnectedState
V/AlarmManager(  867): sending alarm PendingIntent{4b530d9: PendingIntentRecord{16de1a9e android broadcastIntent}}, i=com.android.server.WifiManager.action.START_SCAN, t=1, cnt=1, w=1442089521217, Int=20000
E/WifiStateMachine(  867):  ConnectedState !CMD_START_SCAN -2 -2 ic=1276 proc(ms):2 dur:55 rssi=-53 f=2462 sc=60 link=72 tx=0.0, 0.0, 0.0  rx=1.2 list=2462 [on:0 tx:0 rx:0 period:1580] from screen [on:0 period:-1019490236]
D/PMS     (  867): releaseWL(170f6dbc): PARTIAL_WAKE_LOCK  *alarm* 0x1 WorkSource{1000}
E/WifiStateMachine(  867): processMsg: L2ConnectedState
E/WifiStateMachine(  867):  L2ConnectedState !CMD_START_SCAN -2 -2 ic=1276 proc(ms):6 dur:55 rssi=-53 f=2462 sc=60 link=72 tx=0.0, 0.0, 0.0  rx=1.2 list=2462 [on:0 tx:0 rx:0 period:4] from screen [on:0 period:-1019490232]
E/WifiStateMachine(  867): WifiStateMachine CMD_START_SCAN source -2 txSuccessRate=0.03 rxSuccessRate=1.18 targetRoamBSSID=00:1c:7b:f9:8b:bc RSSI=-53
E/WifiStateMachine(  867): WifiStateMachine CMD_START_SCAN with age=39995 interval=60000 maxinterval=300000
E/WifiStateMachine(  867): WifiStateMachine CMD_START_SCAN full=false
E/WifiConfigStore(  867): makeChannelList age=3600000 for "get_your_own_wifi"WPA_PSK max=6 bssids=1
E/WifiConfigStore(  867): has 00:1c:7b:f9:8b:bc freq=2462 age=1596 ?=true
E/WifiStateMachine(  867): WifiStateMachine starting scan for "get_your_own_wifi"WPA_PSK with 2462
W/WifiHW  (  867): QCOM Debug wifi_send_command "IFNAME=wlan0 SCAN TYPE=ONLY freq=2462"
D/wpa_supplicant(24155): wlan0: Control interface command 'SCAN TYPE=ONLY freq=2462'
D/wpa_supplicant(24155): wlan0: Setting scan request: 0.000000 sec
I/wpa_supplicant(24155): wpa_supplicant_scan enter
D/wpa_supplicant(24155): wlan0: Starting AP scan for wildcard SSID
D/wpa_supplicant(24155): WPS: Building WPS IE for Probe Request
D/wpa_supplicant(24155): WPS:  * Version (hardcoded 0x10)
D/wpa_supplicant(24155): WPS:  * Request Type
D/wpa_supplicant(24155): WPS:  * Config Methods (4288)
D/wpa_supplicant(24155): WPS:  * UUID-E
D/wpa_supplicant(24155): WPS:  * Primary Device Type
D/wpa_supplicant(24155): WPS:  * RF Bands (3)
D/wpa_supplicant(24155): WPS:  * Association State
D/wpa_supplicant(24155): WPS:  * Configuration Error (0)
D/wpa_supplicant(24155): WPS:  * Device Password ID (0)
D/wpa_supplicant(24155): WPS:  * Manufacturer
D/wpa_supplicant(24155): WPS:  * Model Name
D/wpa_supplicant(24155): WPS:  * Model Number
D/wpa_supplicant(24155): WPS:  * Device Name
D/wpa_supplicant(24155): WPS:  * Version2 (0x20)
D/wpa_supplicant(24155): P2P: * P2P IE header
D/wpa_supplicant(24155): P2P: * Capability dev=25 group=00
D/wpa_supplicant(24155): P2P: * Listen Channel: Regulatory Class 81 Channel 1
D/wpa_supplicant(24155): wlan0: Limit manual scan to specified channels
D/wpa_supplicant(24155): wlan0: Add radio work 'scan'@0xb8673a70
D/wpa_supplicant(24155): wlan0: First radio work item in the queue - schedule start immediately
D/wpa_supplicant(24155): wlan0: Starting radio work 'scan'@0xb8673a70 after 0.000075 second wait
D/wpa_supplicant(24155): wlan0: nl80211: scan request
D/wpa_supplicant(24155): Scan requested (ret=0) - scan timeout 30 seconds
D/wpa_supplicant(24155): nl80211: Drv Event 33 (NL80211_CMD_TRIGGER_SCAN) received for wlan0
D/wpa_supplicant(24155): wlan0: nl80211: Scan trigger
D/wpa_supplicant(24155): wlan0: Event SCAN_STARTED (49) received
D/wpa_supplicant(24155): wlan0: Own scan request started a scan in 0.000154 seconds
I/wpa_supplicant(24155): wlan0: CTRL-EVENT-SCAN-STARTED 
D/WifiMonitor(  867): Event [IFNAME=wlan0 CTRL-EVENT-SCAN-STARTED ]
E/WifiMonitor(  867): WifiMonitor:wlan0 cnt=36246 dispatchEvent: CTRL-EVENT-SCAN-STARTED 
E/WifiMonitor(  867): handleEvent 14  CTRL-EVENT-SCAN-STARTED 
E/WifiMonitor(  867): handleEvent unknown: 14  CTRL-EVENT-SCAN-STARTED 
E/WifiStateMachine(  867): [1,442,089,521,240 ms] noteScanstart no scan source
E/WifiStateMachine(  867): handleMessage: X
D/wpa_supplicant(24155): nl80211: Drv Event 34 (NL80211_CMD_NEW_SCAN_RESULTS) received for wlan0
W/ContextImpl(  867): Calling a method in the system process without a qualified user: android.app.ContextImpl.sendBroadcast:1433 com.android.server.wifi.WifiStateMachine.sendDongleScanResultsAvailableBroadcast:13993 com.android.server.wifi.WifiStateMachine.handleMediaLinkEvent:14158 com.android.server.wifi.WifiStateMachine.access$5400:265 com.android.server.wifi.WifiStateMachine$SupplicantStartedState.processMessage:7952 
D/wpa_supplicant(24155): wlan0: nl80211: New scan results available
D/wpa_supplicant(24155): nl80211: Scan included frequencies: 2462
D/wpa_supplicant(24155): wlan0: Event SCAN_RESULTS (3) received
I/wpa_supplicant(24155): Got an original EVENT_SCAN_RESULTS
D/wpa_supplicant(24155): wlan0: Scan completed in 0.071340 seconds
D/wpa_supplicant(24155): nl80211: Associated on 2462 MHz
D/wpa_supplicant(24155): nl80211: Associated with 00:1c:7b:f9:8b:bc
D/wpa_supplicant(24155): nl80211: Received scan results (11 BSSes)
D/wpa_supplicant(24155): nl80211: Scan results indicate BSS status with 00:1c:7b:f9:8b:bc as associated
I/wpa_supplicant(24155): [NULL] 00:1c:7b:f9:8b:bc freq=2462 level=-53
I/wpa_supplicant(24155): [NULL] b4:75:0e:cb:59:a7 freq=2447 level=-60
I/wpa_supplicant(24155): [NULL] b4:75:0e:cb:59:a8 freq=5180 level=-72
I/wpa_supplicant(24155): [NULL] 90:72:40:1a:c6:0a freq=2462 level=-72
I/wpa_supplicant(24155): [NULL] 90:72:40:1a:c6:0b freq=5745 level=-85
I/wpa_supplicant(24155): [NULL] f8:0b:be:1f:b0:a0 freq=2412 level=-82
I/wpa_supplicant(24155): [NULL] 20:aa:4b:a0:45:d4 freq=2442 level=-85
I/wpa_supplicant(24155): [NULL] b4:75:0e:a3:4a:ec freq=2437 level=-91
I/wpa_supplicant(24155): [NULL] a4:2b:8c:e7:29:88 freq=2427 level=-91
I/wpa_supplicant(24155): [NULL] c8:b3:73:51:54:12 freq=2437 level=-93
I/wpa_supplicant(24155): [NULL] 08:86:3b:64:b7:16 freq=2427 level=-95
D/wpa_supplicant(24155): wlan0: BSS: Start scan result update 313
D/wpa_supplicant(24155): wlan0: BSS: Remove id 874 BSSID 84:c9:b2:66:1c:44 SSID 'Skyfall' due to no match in scan
D/wpa_supplicant(24155): BSS: last_scan_res_used=11/128
D/wpa_supplicant(24155): wlan0: Scan-only results received
D/wpa_supplicant(24155): wlan0: Radio work 'scan'@0xb8673a70 done in 0.072824 seconds
D/wpa_supplicant(24155): Wireless event: cmd=0x8b19 len=8
D/wpa_supplicant(24155): RTM_NEWLINK: ifi_index=24 ifname=wlan0 wext ifi_flags=0x11043 ([UP][RUNNING][LOWER_UP])
D/WifiMonitor(  867): Event [IFNAME=wlan0 CTRL-EVENT-BSS-REMOVED 874 84:c9:b2:66:1c:44]
D/Tethering(  867): interfaceLinkStateChanged wlan0, true
E/WifiMonitor(  867): WifiMonitor:wlan0 cnt=36247 dispatchEvent: CTRL-EVENT-BSS-REMOVED 874 84:c9:b2:66:1c:44
D/Tethering(  867): interfaceStatusChanged wlan0, true
E/WifiMonitor(  867): WifiMonitor:wlan0 cnt=36248 dispatchEvent: CTRL-EVENT-SCAN-RESULTS 
E/WifiStateMachine(  867): WiFiDisplay: getWifidisplayApEnabled=false
E/WifiMonitor(  867): handleEvent 4  CTRL-EVENT-SCAN-RESULTS 
E/WifiStateMachine(  867): handleMessage: E msg.what=147461
E/WifiStateMachine(  867): processMsg: ConnectedState
E/WifiStateMachine(  867):  ConnectedState !SCAN_RESULTS_EVENT 0 0 found=13 known=1 got=13 bcn=0
E/WifiStateMachine(  867): processMsg: L2ConnectedState
E/WifiStateMachine(  867):  L2ConnectedState !SCAN_RESULTS_EVENT 0 0 found=13 known=1 got=13 bcn=0
E/WifiStateMachine(  867): processMsg: ConnectModeState
E/WifiStateMachine(  867):  ConnectModeState !SCAN_RESULTS_EVENT 0 0 found=13 known=1 got=13 bcn=0
E/WifiStateMachine(  867): processMsg: DriverStartedState
E/WifiStateMachine(  867):  DriverStartedState !SCAN_RESULTS_EVENT 0 0 found=13 known=1 got=13 bcn=0
E/WifiStateMachine(  867): processMsg: SupplicantStartedState
E/WifiStateMachine(  867):  SupplicantStartedState !SCAN_RESULTS_EVENT 0 0 found=13 known=1 got=13 bcn=0
D/WifiStateMachine(  867): [MLHD] enter handleMediaLinkEvent SupplicantStartedState
W/WifiHW  (  867): QCOM Debug wifi_send_command "IFNAME=wlan0 LIST_DONGLES"
D/wpa_supplicant(24155): wlan0: Control interface command 'LIST_DONGLES'
D/WirelessDisplayService(  867): getDiscoveryDongleList
E/WifiStateMachine(  867): [1,442,089,521,318 ms] noteScanEnd no scan source
W/WifiHW  (  867): QCOM Debug wifi_send_command "IFNAME=wlan0 BSS RANGE=0- MASK=0x21987"
D/wpa_supplicant(24155): wlan0: Control interface command 'BSS RANGE=0- MASK=0x21987'
E/WifiStateMachine(  867): wifi setScanResults statecom.android.server.wifi.WifiStateMachine$ConnectedState@27571602 sup_state=COMPLETED debouncing=false
E/WifiAutoJoinController (  867): get_your_own_wifi 00:1c:7b:f9:8b:bc rssi=-53 cap [WPA-PSK-CCMP+TKIP][WPA2-PSK-CCMP+TKIP][WPS][ESS] is not scored
E/WifiConfigStore(  867): updateSavedNetworkHistory(): try "get_your_own_wifi"WPA_PSK SSID="get_your_own_wifi" get_your_own_wifi [WPA-PSK-CCMP+TKIP][WPA2-PSK-CCMP+TKIP][WPS][ESS] ajst=0
E/WifiConfigStore(  867): updateSavedNetworkHistory: HTC improve mode
E/WifiConfigStore(  867):         got known scan result 00:1c:7b:f9:8b:bc key : "get_your_own_wifi"WPA_PSK num: 1 rssi=-53 freq=2462 status=16
E/WifiAutoJoinController (  867): Linksys34799 #2 b4:75:0e:cb:59:a7 rssi=-60 cap [WPA-PSK-CCMP+TKIP][WPA2-PSK-CCMP+TKIP][WPS][ESS] is not scored
E/WifiAutoJoinController (  867): Linksys34799 b4:75:0e:cb:59:a8 rssi=-72 cap [WPA-PSK-CCMP+TKIP][WPA2-PSK-CCMP+TKIP][WPS][ESS] is not scored
E/WifiAutoJoinController (  867): Baba's Space 90:72:40:1a:c6:0a rssi=-72 cap [WPA2-PSK-CCMP][ESS] is not scored
E/WifiAutoJoinController (  867): ATT576 f8:0b:be:1f:b0:a0 rssi=-82 cap [WPA-PSK-CCMP+TKIP][WPA2-PSK-CCMP+TKIP][ESS] is not scored
E/WifiAutoJoinController (  867): Aquarius86 58:6d:8f:b3:db:17 rssi=-86 cap [WPA2-PSK-CCMP][WPS][ESS] is not scored
E/WifiAutoJoinController (  867): princess786 20:aa:4b:a0:45:d4 rssi=-85 cap [WPA-PSK-CCMP+TKIP][WPA2-PSK-CCMP+TKIP][WPS][ESS] is not scored
E/WifiAutoJoinController (  867): John b4:75:0e:a3:4a:ec rssi=-91 cap [WPA-PSK-CCMP+TKIP][WPA2-PSK-CCMP+TKIP][WPS][ESS] is not scored
E/WifiAutoJoinController (  867): India 1947 c8:b3:73:51:54:12 rssi=-93 cap [WPA2-PSK-CCMP][WPS][ESS] is not scored
E/WifiAutoJoinController (  867): Baba's Space 5GHz 90:72:40:1a:c6:0b rssi=-85 cap [WPA2-PSK-CCMP][ESS] is not scored
E/WifiAutoJoinController (  867): APT501 a4:2b:8c:e7:29:88 rssi=-91 cap [WPA2-PSK-CCMP][WPS][ESS] is not scored
E/WifiAutoJoinController (  867): zoom-nt 08:86:3b:64:b7:16 rssi=-95 cap [WPA-PSK-CCMP][WPA2-PSK-CCMP][WPS][ESS] is not scored
E/WifiAutoJoinController (  867): ageScanResultsOut delay 40000 size 14 now 1442089521330
E/WifiAutoJoinController (  867): newSupplicantResults size=14 known=1 true
W/WifiHW  (  867): QCOM Debug wifi_send_command "IFNAME=wlan0 STATUS-NO_EVENTS"
D/wpa_supplicant(24155): wlan0: Control interface command 'STATUS-NO_EVENTS'
E/WifiAutoJoinController (  867): attemptAutoJoin() status=bssid=00:1c:7b:f9:8b:bc
E/WifiAutoJoinController (  867): ssid=get_your_own_wifi
E/WifiAutoJoinController (  867): id=1
E/WifiAutoJoinController (  867): mode=station
E/WifiAutoJoinController (  867): pairwise_cipher=CCMP
E/WifiAutoJoinController (  867): group_cipher=TKIP
E/WifiAutoJoinController (  867): key_mgmt=WPA2-PSK
E/WifiAutoJoinController (  867): wpa_state=COMPLETED
E/WifiAutoJoinController (  867): ip_address=192.168.0.28
E/WifiAutoJoinController (  867): p2p_device_address=2e:8a:72:ba:32:dd
E/WifiAutoJoinController (  867): address=XX:XX:XX:XX:XX:XX
E/WifiAutoJoinController (  867): uuid=12345678-9abc-def0-1234-56789abcdef1 split=12
E/WifiAutoJoinController (  867): attemptAutoJoin() num recent config 1 current="get_your_own_wifi"WPA_PSK ---> suppNetId=1
E/WifiAutoJoinController (  867): attemptAutoJoin good candidate seen, bumped hard -> status=0 "get_your_own_wifi"WPA_PSK rssi=(-53,-127) num=(1,0)
E/WifiAutoJoinController (  867): attemptAutoJoin skip current candidate  1 key "get_your_own_wifi"WPA_PSK
D/HtcWifiControlRoamOffload: (  867): roamCandidate: nullcurrentBSSID: 00:1c:7b:f9:8b:bc
E/WifiStateMachine(  867): WiFiDisplay: getWifidisplayApEnabled=false
E/WifiAutoJoinController (  867): Done attemptAutoJoin status=0
E/WifiConfigStore(  867):  writeKnownNetworkHistory() num networks:7 needWrite=false
E/WifiStateMachine(  867): handleMessage: X
D/PMS     (  867): acquireWL(20693145): PARTIAL_WAKE_LOCK  BatteryServiceUpdateStats_3 0x1 867 1000 null
I/BatteryService(  867): n_update end
D/UsbnetService(  867): BroadcastReceiver::onReceive+
D/PMS     (  867): releaseWL(20693145): PARTIAL_WAKE_LOCK  BatteryServiceUpdateStats_3 0x1 null
D/UsbnetService(  867): onReceive BATTERY_CHANGED
D/HtcPowerSaver(  867): updateBatteryInfo
D/UsbnetService(  867):  --> pluggedType = 2, mPluggedType = 0, mScreenOff = false
D/NotificationService(  867): plugged=true pluggin=true
D/UsbnetService(  867): BroadcastReceiver::onReceive-
D/PMS     (  867): runPSCheck
D/WifiController(  867): handleMessage: E msg.what=155652
D/HtcPowerSaver(  867): Checking...
D/WifiController(  867): processMsg: DeviceActiveState
I/HtcPowerSaver(  867): >> updateStatus
D/WifiController(  867): processMsg: StaEnabledState
D/PowerUI ( 1158): closing low battery warning: level=100
D/WifiController(  867): processMsg: DefaultState
D/WifiController(  867): battery changed pluggedType: 2
D/WifiController(  867): handleMessage: X
I/HtcPowerSaver(  867): updateStatus (8000,100,-1,false,false,false,-1)
D/BatteryManager( 2101): ***Receiving Battery Change 100.0% ***
I/HtcPowerSaver(  867): << updateStatus
I/IntentController( 1158): receive(android.intent.action.BATTERY_CHANGED,1,false)
D/PowerUI ( 1158): plugged = true, health = 2, mBatteryLevel = 100, mPluggedBatteryLevel = 100, mLowBatteryWarningLevel2 = 25, mshowLowChargingWarning2 = true
D/DotMatrix( 1315): [EventService] reorderCurrEventType, mCurrentEventType = 1000, version:1.3
D/DotMatrix( 1315): [EventService] reorderCurrEventType, mCurrentEventType = 1000, version:1.3
D/DotMatrix( 1315): [EventService] checkEventUpdateCondition, bCheckCondition:false, mCoverOn:false
W/ctxmgr  ( 2213): [PowerConnectionState]Got same value as before for power connection (Plug state: 2 BatteryLevel: 1.0)
W/Settings(19932): Setting airplane_mode_on has moved from android.provider.Settings.System to android.provider.Settings.Global, returning read-only value.
W/Settings(19932): Setting airplane_mode_on has moved from android.provider.Settings.System to android.provider.Settings.Global, returning read-only value.
I/RemoteViews( 1533): reapply : com.dianxinos.dxbs 0 8
D/DotMatrix( 1315): [NotificationService] onNotificationPosted, pkgName: com.dianxinos.dxbs, id: 2, tag: null, isClearable: false
I/RemoteViews( 1158): reapply : com.dianxinos.dxbs 1 10
I/BatteryController( 1158): status:5 level:100 unsupport:false plugged:true
E/WifiTrafficPoller(  867): TRAFFIC_STATS_POLL true Token 1428 num clients 20
E/WifiTrafficPoller(  867):  packet count Tx=1008315 Rx=1610336
E/WifiTrafficPoller(  867): notifying of data activity 0
D/WIFI_ICON( 1158): WifiActivity: 0
D/StatusBar.NetworkController( 1158): dumpIcon[stat_sys_data_4g_lte_connected stat_sys_5signal_4|null stat_sys_wifi_signal_connected_4 (gone) F]
W/ActivityManager(  867): getTasks: caller 10009 is using old GET_TASKS but privileged; allowing
D/HtcWifiControlRoamOffload: (  867): Receive mPhoneStateListener
D/TelephonyCallback( 1158): SignalStrength: 4
D/HtcWifiControlRoamOffload: (  867): Receive mPhoneStateListener, getGsmSignalStrength99
D/SIGNAL_ICON( 1158): level=4/5
D/StatusBar.NetworkController( 1158): dumpIcon[stat_sys_data_4g_lte_connected stat_sys_5signal_4|null stat_sys_wifi_signal_connected_4 (gone) F]
E/WifiTrafficPoller(  867): TRAFFIC_STATS_POLL true Token 1428 num clients 20
D/WIFI_ICON( 1158): WifiActivity: 3
E/WifiTrafficPoller(  867):  packet count Tx=1008316 Rx=1610337
D/StatusBar.NetworkController( 1158): dumpIcon[stat_sys_data_4g_lte_connected stat_sys_5signal_4|null stat_sys_wifi_signal_inandout_4 (gone) F]
E/WifiTrafficPoller(  867): notifying of data activity 3
D/WIFI_ICON( 1158): updateWifiState: RSSI_CHANGED 3 -> 3
E/WifiStateMachine(  867): handleMessage: E msg.what=131155
D/StatusBar.NetworkController( 1158): dumpIcon[stat_sys_data_4g_lte_connected stat_sys_5signal_4|null stat_sys_wifi_signal_inandout_4 (gone) F]
E/WifiStateMachine(  867): processMsg: ConnectedState
E/WifiStateMachine(  867):  ConnectedState !CMD_RSSI_POLL 353 0 "get_your_own_wifi" 00:1c:7b:f9:8b:bc rssi=-53 f=2462 sc=60 link=72 tx=0.0, 0.0, 0.0  rx=1.2 bcn=0 [on:0 tx:0 rx:0 period:1400] from screen [on:0 period:-1019488815] gl hn u24 rssi=-48 ag=0 hr ls-=0 [56,56,56,56,61] brc=0 lrc=0
E/WifiStateMachine(  867): processMsg: L2ConnectedState
E/WifiStateMachine(  867):  L2ConnectedState !CMD_RSSI_POLL 353 0 "get_your_own_wifi" 00:1c:7b:f9:8b:bc rssi=-53 f=2462 sc=60 link=72 tx=0.0, 0.0, 0.0  rx=1.2 bcn=0 [on:0 tx:0 rx:0 period:13] from screen [on:0 period:-1019488802] gl hn u24 rssi=-48 ag=0 hr ls-=0 [56,56,56,56,61] brc=0 lrc=0
E/WifiStateMachine(  867):  get link layer stats 0
W/WifiHW  (  867): QCOM Debug wifi_send_command "IFNAME=wlan0 SIGNAL_POLL"
D/wpa_supplicant(24155): wlan0: Control interface command 'SIGNAL_POLL'
I/wpa_supplicant(24155): environment dirty rate=0 [2][0][0]
E/WifiStateMachine(  867): fetchRssiLinkSpeedAndFrequencyNative RSSI = -53 abnormalRssiCnt = 0 newLinkSpeed = 72
E/WifiStateMachine(  867): fetchRssiLinkSpeedAndFrequencyNative rssi=-53 linkspeed=72
E/WifiConfigStore(  867): updateConfiguration freq=2462 BSSID=00:1c:7b:f9:8b:bc RSSI=-53 "get_your_own_wifi"WPA_PSK
E/WifiStateMachine(  867): calculateWifiScore freq=2462 speed=72 score=60 highRSSI  -> txbadrate=0.00 txgoodrate=1.02 txretriesrate=0.00 rxrate=1.59 userTriggerdPenalty0
E/WifiStateMachine(  867):  good link -> stuck count =0
E/WifiStateMachine(  867):  badRSSI count0 lowRSSI count0 --> score 56
E/WifiStateMachine(  867):  isHighRSSI       ---> score=61
D/WifiWatchdogStateMachine(  867): RSSI current: 3 new: -53, 3
E/WifiStateMachine(  867): handleMessage: X
I/SensorManager(  867): unregisterListenerImpl++: listener = com.android.internal.policy.impl.WindowOrientationListener$SensorEventListenerImpl@2128afee
I/PMS     (  867): Going to sleep due to screen timeout (uid 1000)...
W/SensorService(  867): Following SensorService logs are not warning, just make sure they are printed
D/ActivityManager(  867): getTaskThumbnailLocked mainThumbnail is null, TaskRecord{6899fd2 #7881 A=.Prism U=0 sz=1}
W/SensorService(  867): disable: get sensor name = Accelerometer Sensor
D/PMN     (  867): goingToSleep
D/WirelessDisplayService(  867): Screen File Receiver; callOnGoing: false, Screen On: false
I/PMS     (  867): Sleeping (uid 1000)...
D/XAN-DPS (  867): prepareColorFade 1
D/WirelessDisplayService(  867): ScreenReceiver: ACTION_SCREEN_OFF && Not in DongleWait nor MirrorEnabling State: REQ_JOIN_GROUP - FALSE
W/SensorService(  867): pid=867, uid=1000
D/PMS     (  867): acquireWL(3a2b309a): PARTIAL_WAKE_LOCK  ActivityManager-Sleep 0x1 867 1000 null
W/SensorService(  867): Active sensors: size = 2
D/PMS     (  867): acquireWL(1e4ecdcb): PARTIAL_WAKE_LOCK  show keyguard 0x1 1158 10051 null
W/SensorService(  867): CM36282 Light sensor (handle=0x00000003, connections=1)
D/XAN-DPS (  867): prepareColorFade done
W/SensorService(  867): Significant Motion (handle=0x0000000e, connections=2)
D/XAN-DPS (  867): setBrightness to 0
W/SensorService(  867): SensorService::listenerSensor++: mName = com.android.internal.policy.impl.WindowOrientationListener$SensorEventListenerImpl@2128afee, eanble = 0, strlen(mName) = 91
W/SensorService(  867): Active Listeners: mActiveListeners.size() = 1
W/SensorService(  867): Listener[0] = com.android.server.display.AutomaticBrightnessController$1@260240a3
W/SensorService(  867): void android::SensorService::listenerSensor(const char*, int32_t)--:
D/EmptyKeyguardStatusView( 1158): onVisibilityChanged: KeyguardStatusView Visibility = 0
D/EmptyKeyguardStatusView( 1158): mKeyguardBouncer: com.htc.lockscreen.keyguard.KeyguardBouncer@38249393
I/PhoneStatusBar( 1158): updatePublicMode(true,false,true)
D/PhoneStatusBar( 1158): disable: 0x00000000 -> 0x00120000 (diff: 0x00120000)
D/PhoneStatusBar( 1158): disable: < expand ICONS* alerts SYSTEM_INFO* back home recent clock search >
D/HtcFooter( 1158): layerDrawableIndex = 0
I/FeedHostManager( 1533): [onPause]
I/FeedProviderManager( 1533): onPause
I/FeedHostManager( 1533): [onLeaveFeedMode] instance: com.htc.launcher.feeds.FeedHostManager@32228cea
I/SocialFeedProvider( 1533): +onPause
I/SocialFeedProvider( 1533): -onPause
D/PMS     (  867): releaseWL(3a2b309a): PARTIAL_WAKE_LOCK  ActivityManager-Sleep 0x1 null
E/WifiTrafficPoller(  867): TRAFFIC_STATS_POLL true Token 1428 num clients 20
W/HtcSystemUPManager(  867): HtcSystemUPHandler The policy is disabled. AppId: activity_history, category: launch
E/WifiTrafficPoller(  867):  packet count Tx=1008317 Rx=1610338
I/DisplayManagerService(  867): Display device changed: DisplayDeviceInfo{"Built-in Screen": 1080 x 1920, 60.0 fps, supportedRefreshRates [60.0], density 480, 449.704 x 447.412 dpi, appVsyncOff 0, presDeadline 17666667, touch INTERNAL, rotation 0, type BUILT_IN, state OFF, FLAG_DEFAULT_DISPLAY, FLAG_ROTATES_WITH_CONTENT, FLAG_SECURE, FLAG_SUPPORTS_PROTECTED_BUFFERS}
I/SensorManager(  867): unregisterListenerImpl++: listener = com.android.server.display.AutomaticBrightnessController$1@260240a3
W/ContextImpl( 4638): Calling a method in the system process without a qualified user: android.app.ContextImpl.startService:1798 android.content.ContextWrapper.startService:515 android.content.ContextWrapper.startService:515 com.htc.htcpowermanager.battery.PowerUsageReceiver.onReceive:13 android.app.ActivityThread.handleReceiver:2712 
W/SensorService(  867): Following SensorService logs are not warning, just make sure they are printed
V/ActivityManager(  867): Display changed displayId=0
W/SensorService(  867): disable: get sensor name = CM36282 Light sensor
W/SensorService(  867): pid=867, uid=1000
W/SensorService(  867): Active sensors: size = 1
W/SensorService(  867): Significant Motion (handle=0x0000000e, connections=2)
W/SensorService(  867): SensorService::listenerSensor++: mName = com.android.server.display.AutomaticBrightnessController$1@260240a3, eanble = 0, strlen(mName) = 67
W/SensorService(  867): Active Listeners: mActiveListeners.size() = 0
W/SensorService(  867): void android::SensorService::listenerSensor(const char*, int32_t)--:
D/DotMatrix( 1315): [EventService]  onDisplayChanged: 0
D/DotMatrix( 1315): [EventService] mbHDMIConnect: false, mCoverOn:false
D/PowerUsageList:PowerUsageHelper( 4638): MY_DEBUG = false
W/ContextImpl( 4638): Calling a method in the system process without a qualified user: android.app.ContextImpl.startService:1798 android.content.ContextWrapper.startService:515 android.content.ContextWrapper.startService:515 com.htc.htcpowermanager.smartsync.SmartSyncDataLinkTurnOffReceiver.onReceive:22 android.app.ActivityThread.handleReceiver:2712 
D/SmartSyncUtils( 4638): isEpsOn(), nState = 0
W/BatSI   (  867): Couldn't get kernel wake lock stats
D/SmartSyncUtils( 4638): isEpsOn(), nState = 0
D/PMS     (  867): acquireWL(34a805c0): PARTIAL_WAKE_LOCK  *alarm* 0x1 867 1000 WorkSource{1000}
V/AlarmManager(  867): sending alarm PendingIntent{397e2a31: PendingIntentRecord{3e791516 android broadcastIntent}}, i=android.content.jobscheduler.JOB_DELAY_EXPIRED, t=3, cnt=1, w=149219855, Int=0
D/SmartSyncUtils( 4638): getMobilePolicyEnabled, result = true
D/AlarmManager(  867): ACTION_SCREEN_OFF
I/AlarmManager(  867): [AlarmQueuing] screen off now: 
I/AlarmManager(  867): [AlarmQueuing] data connection: true
I/AlarmManager(  867): [AlarmQueuing] wifi connection: true
W/ContextImpl( 4638): Calling a method in the system process without a qualified user: android.app.ContextImpl.startService:1798 android.content.ContextWrapper.startService:515 android.content.ContextWrapper.startService:515 com.htc.htcpowermanager.extremepowersaver.ExtremePowerSaverReceiver.onReceive:73 android.app.ActivityThread.handleReceiver:2712 
E/WifiTrafficPoller(  867): ENABLE_TRAFFIC_STATS_POLL false Token 1428
D/StatusBarManagerService(  867): manageDisableList userId=0 what=0x3200000 pkg=com.android.systemui
D/WifiDataStallTracker(  867): stopDataStallAlarm 
D/NotificationService(  867): onSetDisabled: 0x3200000
E/WifiDataStallTracker(  867): ENABLE_DATA_MONITOR_POLL false Token 394
E/WifiStateMachine(  867): handleMessage: E msg.what=131167
E/WifiStateMachine(  867): processMsg: ConnectedState
D/PMS     (  867): acquireWL(14c9389f): PARTIAL_WAKE_LOCK  WifiSuspend 0x1 867 1000 null
E/WifiStateMachine(  867):  ConnectedState !CMD_SCREEN_STATE_CHANGED 0 0
D/WifiDisplayAdapter(  867): getWifiDisplayStatusLocked: result=WifiDisplayStatus{featureState=3, scanState=0, activeDisplayState=0, activeDisplay=null, displays=[], sessionInfo=WifiDisplaySessionInfo:
D/WifiDisplayAdapter(  867):     Client/Owner: Client
D/WifiDisplayAdapter(  867):     GroupId: 
D/WifiDisplayAdapter(  867):     Passphrase: 
D/WifiDisplayAdapter(  867):     SessionId: 0
D/WifiDisplayAdapter(  867):     IP Address: }
E/WifiStateMachine(  867): processMsg: L2ConnectedState
E/WifiStateMachine(  867):  L2ConnectedState !CMD_SCREEN_STATE_CHANGED 0 0
E/WifiStateMachine(  867): processMsg: ConnectModeState
E/WifiStateMachine(  867):  ConnectModeState !CMD_SCREEN_STATE_CHANGED 0 0
E/WifiStateMachine(  867): processMsg: DriverStartedState
E/WifiStateMachine(  867):  DriverStartedState !CMD_SCREEN_STATE_CHANGED 0 0
E/WifiStateMachine(  867): processMsg: SupplicantStartedState
D/PMS     (  867): releaseWL(1e4ecdcb): PARTIAL_WAKE_LOCK  show keyguard 0x1 null
V/SRS_Proc(  457): ParamSet string: screen_state=off
E/WifiStateMachine(  867):  SupplicantStartedState !CMD_SCREEN_STATE_CHANGED 0 0
E/WifiStateMachine(  867): processMsg: DefaultState
E/audio_a2dp_hw(  457): adev_set_parameters: ERROR: set param called even when stream out is null
E/MP-Decision( 2287): Update arg 2
E/WifiStateMachine(  867):  DefaultState !CMD_SCREEN_STATE_CHANGED 0 0
E/WifiStateMachine(  867):  handleScreenStateChanged Enter: screenOn=false mCurrentScanAlarmMs = 20000 mUserWantsSuspendOpt=true state ConnectedState suppState:CompletedState
W/WifiHW  (  867): QCOM Debug wifi_send_command "IFNAME=wlan0 SET_SCREEN_ON 0"
D/wpa_supplicant(24155): wlan0: Control interface command 'SET_SCREEN_ON 0'
I/wpa_supplicant(24155): SET_SCREEN_ON:Off
I/wpa_supplicant(24155): htc_wext_set_keepalive +
I/wpa_supplicant(24155): htc_wext_set_keepalive: enable=1, type=2, interval=15
D/wpa_supplicant(24155): getPrivFuncNum +	
I/wpa_supplicant(24155): getPrivFuncNum -, cmd = 0x8bf6
I/wpa_supplicant(24155): htc_wext_set_keepalive fnum = 0x8bf6
I/wpa_supplicant(24155): get_ip_address source addr = c0a8001c
D/StatusBarManagerService(  867): manageDisableList userId=0 what=0x3200000 pkg=com.android.systemui
I/wpa_supplicant(24155): htc_wext_set_keepalive gateway addr = c0a80001
W/ContextImpl(  867): Calling a method in the system process without a qualified user: android.app.ContextImpl.stopService:1804 android.content.ContextWrapper.stopService:520 android.content.ContextWrapper.stopService:520 com.htc.smartdim.SystemIntentReceiver.onReceive:123 android.app.ActivityThread.handleReceiver:2712 
I/wpa_supplicant(24155): htc_wext_set_keepalive - ret = 0
D/PMS     (  867): releaseWL(34a805c0): PARTIAL_WAKE_LOCK  *alarm* 0x1 WorkSource{1000}
E/WifiStateMachine(  867): setScanAlarm false period 20000 initial delay 0
D/WirelessDisplayService(  867): getMirrorDisplayStatus:falsecurState:1
D/WifiController(  867): handleMessage: E msg.what=155651
D/WifiController(  867): processMsg: DeviceActiveState
D/WifiController(  867): processMsg: StaEnabledState
D/WifiController(  867): processMsg: DefaultState
D/WifiController(  867): handleMessage: X
D/WifiStateMachine(  867): backgroundScan enabled=true startBackgroundScanIfNeeded:false
E/WifiStateMachine(  867): handleScreenStateChanged Exit: false
E/WifiStateMachine(  867): handleMessage: X
E/WifiStateMachine(  867): handleMessage: E msg.what=131154
E/WifiStateMachine(  867): processMsg: ConnectedState
E/WifiStateMachine(  867):  ConnectedState CMD_ENABLE_RSSI_POLL 0 0
E/WifiStateMachine(  867): processMsg: L2ConnectedState
E/WifiStateMachine(  867):  L2ConnectedState CMD_ENABLE_RSSI_POLL 0 0
E/WifiStateMachine(  867): handleMessage: X
E/WifiStateMachine(  867): handleMessage: E msg.what=131158
E/WifiStateMachine(  867): processMsg: ConnectedState
E/WifiStateMachine(  867):  ConnectedState CMD_SET_SUSPEND_OPT_ENABLED 1 0
E/WifiStateMachine(  867): processMsg: L2ConnectedState
V/GLSActivity( 1827): AuthDelegateWrapperCreated with selected intent: Intent { cmp=com.google.android.gms/.auth.DefaultAuthDelegateService }
E/WifiStateMachine(  867):  L2ConnectedState CMD_SET_SUSPEND_OPT_ENABLED 1 0
E/WifiStateMachine(  867): processMsg: ConnectModeState
E/WifiStateMachine(  867):  ConnectModeState CMD_SET_SUSPEND_OPT_ENABLED 1 0
E/WifiStateMachine(  867): processMsg: DriverStartedState
E/WifiStateMachine(  867):  DriverStartedState CMD_SET_SUSPEND_OPT_ENABLED 1 0
E/WifiStateMachine(  867): setSuspendOptimizationsNative: 4 true -want true stack:setSuspendOptimizationsNative - access$17000 - processMessage - processMsg
E/WifiStateMachine(  867): setSuspendOptimizationsNative do it 4 true stack:setSuspendOptimizationsNative - access$17000 - processMessage - processMsg
E/native  (  867): do suspend true
W/WifiHW  (  867): QCOM Debug wifi_send_command "IFNAME=wlan0 DRIVER SETSUSPENDMODE 1"
D/wpa_supplicant(24155): wlan0: Control interface command 'DRIVER SETSUSPENDMODE 1'
I/QuickTipsController( 1158): QuickTipsEdit.show(false,false) anchor(true,true,true,1.0)
I/PhoneStatusBar( 1158): updatePublicMode(true,false,true)
I/GLSActivity( 1827): [GmsAccountAuthenticatorImpl] confirmCredentials invoked for account: <ELLIDED:-24673>
D/PhoneStatusBar( 1158): disable: 0x00120000 -> 0x00120000 (diff: 0x00000000)
D/PhoneStatusBar( 1158): disable: < expand ICONS alerts SYSTEM_INFO back home recent clock search >
D/wpa_supplicant(24155): wpa_driver_nl80211_driver_cmd SETSUSPENDMODE 1 len = 0, 8192
D/PMS     (  867): releaseWL(14c9389f): PARTIAL_WAKE_LOCK  WifiSuspend 0x1 null
E/WifiStateMachine(  867): handleMessage: X
D/StatusBarManagerService(  867): setSystemUiVisibility(0x408600)
D/StatusBarManagerService(  867): manageDisableList userId=0 what=0x400000 pkg=WindowManager.LayoutParams
D/StatusBarManagerService(  867): hiding MENU key
D/NotificationService(  867): onSetDisabled: 0x3600000
W/BatSI   (  867): Couldn't get kernel wake lock stats
I/PowerUsageList:PowerUsageHelper( 4638): PowerProfile::POWER_SCREEN_FULL = 154.8
D/PowerUsageList:BatterySipperExt( 4638): gen(), null == sipper.uidObj, userId = 0
D/PowerUsageList:BatterySipperExt( 4638): gen(), null == sipper.uidObj, userId = 0
D/PowerUsageList:BatterySipperExt( 4638): gen(), null == sipper.uidObj, userId = 0
D/PMS     (  867): Setting HAL interactive mode to false
W/HtcSystemUPManager(  867): HtcSystemUPHandler The policy is disabled. AppId: UTD_BI, category: C0006
D/PMS     (  867): Setting HAL interactive mode to false done
D/NfcService( 1510): ScreenObserver: OFF
D/PMS     (  867): Setting HAL auto-suspend mode to true
D/NfcService( 1510): applyRouting - 0
D/PMS     (  867): Setting HAL auto-suspend mode done
D/HABCtrl (  867): TPE algorithm. remove timeout.
D/PMS     (  867): OOBE c monitor 11
I/InputMethodManagerService(  867): screenObserver, isScreenOn=false
D/StatusBarManagerService(  867): swetImeWindowStatus vis=0 backDisposition=0
I/InputMethodManagerService(  867): Disable input method client, pid=1533
D/PMS     (  867): acquireWL(2429de84): PARTIAL_WAKE_LOCK  NfcService:mRoutingWakeLock 0x1 1510 1027 null
D/NfcService( 1510): applyRouting -2
D/NfcService( 1510): applyRouting
D/NfcService( 1510): setScreenState=OFF
D/NfcService( 1510): computeEmulationParameters
E/MP-Decision( 2287): Update arg 1
W/Settings(19932): Setting airplane_mode_on has moved from android.provider.Settings.System to android.provider.Settings.Global, returning read-only value.
W/Settings(19932): Setting airplane_mode_on has moved from android.provider.Settings.System to android.provider.Settings.Global, returning read-only value.
D/PowerUsageService( 4638): calcPower(), no data
W/Settings(19932): Setting airplane_mode_on has moved from android.provider.Settings.System to android.provider.Settings.Global, returning read-only value.
W/Settings(19932): Setting airplane_mode_on has moved from android.provider.Settings.System to android.provider.Settings.Global, returning read-only value.
I/RemoteViews( 1533): reapply : com.dianxinos.dxbs 0 8
D/DotMatrix( 1315): [NotificationService] onNotificationPosted, pkgName: com.dianxinos.dxbs, id: 2, tag: null, isClearable: false
D/NfcService( 1510): SCREEN_STATE_OFF
D/NfcService( 1510): configure EE routing
D/NfcService( 1510): configure HCE routing
D/NfcService( 1510): NFC-HCE OFF
W/Settings(19932): Setting airplane_mode_on has moved from android.provider.Settings.System to android.provider.Settings.Global, returning read-only value.
W/Settings(19932): Setting airplane_mode_on has moved from android.provider.Settings.System to android.provider.Settings.Global, returning read-only value.
W/Settings(19932): Setting airplane_mode_on has moved from android.provider.Settings.System to android.provider.Settings.Global, returning read-only value.
W/Settings(19932): Setting airplane_mode_on has moved from android.provider.Settings.System to android.provider.Settings.Global, returning read-only value.
I/RemoteViews( 1533): reapply : com.dianxinos.dxbs 1 8
D/DotMatrix( 1315): [NotificationService] onNotificationPosted, pkgName: com.dianxinos.dxbs, id: 2, tag: null, isClearable: false
W/Settings(19932): Setting airplane_mode_on has moved from android.provider.Settings.System to android.provider.Settings.Global, returning read-only value.
W/Settings(19932): Setting airplane_mode_on has moved from android.provider.Settings.System to android.provider.Settings.Global, returning read-only value.
W/Settings(19932): Setting airplane_mode_on has moved from android.provider.Settings.System to android.provider.Settings.Global, returning read-only value.
W/Settings(19932): Setting airplane_mode_on has moved from android.provider.Settings.System to android.provider.Settings.Global, returning read-only value.
I/RemoteViews( 1533): reapply : com.dianxinos.dxbs 1 8
I/SensorManager( 1158): registerListenerImpl: listener = com.htc.sense.easyaccessservice.SensorHubService@91d3507, sensor = {Sensor name="hTC Gesture Motion HIDI", vendor="HTC Group Ltd.", version=1, type=10, maxRange=200.0, resolution=1.0, power=0.2, minDelay=20000}, delay = 200000, handler = null
E/sensohubinterface( 1158): switchDebug: could not open i2c (13,Permission denied)
E/sensohubinterface( 1158): switchDebug: cmd[0] 0xff
E/sensohubinterface( 1158): switchDebug: cmd[1] 0x1
E/sensohubinterface( 1158): switchDebug: failed errno = 9
W/SensorService(  867): Following SensorService logs are not warning, just make sure they are printed
W/SensorService(  867): enable: get sensor name = hTC Gesture Motion HIDI
W/SensorService(  867): pid=1158, uid=10051
W/SensorService(  867): Active sensors: size = 2
