09-19 14:32:39.964 W/MountService( 1300): No primary storage defined yet; hacking together a stub
09-19 14:32:39.964 W/MountService( 1300): No primary storage defined yet; hacking together a stub
09-19 14:32:39.965 W/MountService( 1300): No primary storage defined yet; hacking together a stub
09-19 14:32:39.965 W/MountService( 1300): No primary storage defined yet; hacking together a stub
09-19 14:32:39.967 W/MountService( 1300): No primary storage defined yet; hacking together a stub
09-19 14:32:39.967 W/MountService( 1300): No primary storage defined yet; hacking together a stub
09-19 14:32:39.967 W/MountService( 1300): No primary storage defined yet; hacking together a stub
09-19 14:32:39.981 W/ProcStatsManager( 5172): No process com.google.android.gms/10007 for service com.google.android.gms.security.verifier.InternalApkUploadService
09-19 14:32:39.982 W/ProcStatsManager( 5172): No process com.google.android.gms/10007 for service com.google.android.gms.chromesync.sync.SyncReceiverService
09-19 14:32:39.982 W/ProcStatsManager( 5172): No process com.google.android.gms/10007 for service com.google.android.gms.icing.service.IndexWorkerService
09-19 14:32:39.982 W/ProcStatsManager( 5172): No process com.google.android.gms/10007 for service com.google.android.gms.security.snet.SafeBrowsingUpdateIntentService
09-19 14:32:39.982 W/ProcStatsManager( 5172): No process com.google.android.gms/10007 for service com.google.android.gms.ads.jams.NegotiationService
09-19 14:32:39.982 W/ProcStatsManager( 5172): No process com.google.android.gms/10007 for service com.google.android.gms.analytics.service.PlayLogMonitorIntervalService
09-19 14:32:39.982 W/ProcStatsManager( 5172): No process com.google.android.gms/10007 for service com.google.android.gms.herrevad.services.NetworkQualityService$NetworkQualityWorkerService
09-19 14:32:39.982 W/ProcStatsManager( 5172): No process com.google.android.gms/10007 for service com.google.android.gms.security.snet.SnetAlarmService
09-19 14:32:39.982 W/ProcStatsManager( 5172): No process com.google.android.gms/10007 for service com.google.android.gms.common.download.DownloadCompleteIntentService
09-19 14:32:39.982 W/ProcStatsManager( 5172): No process com.google.android.gms/10007 for service com.google.android.gms.reminders.notification.NotificationService
09-19 14:32:39.982 W/ProcStatsManager( 5172): No process com.google.android.gms/10007 for service com.google.android.gms.app.service.BootCompletedBroadcastService
09-19 14:32:39.982 W/ProcStatsManager( 5172): No process com.google.android.gms/10007 for service com.google.android.gms.reminders.provider.TimeZoneChangeService
09-19 14:32:39.982 W/ProcStatsManager( 5172): No process com.google.android.gms/10007 for service com.google.android.gms.vision.VisionDependencyIntentServiceProxy
09-19 14:32:39.982 W/ProcStatsManager( 5172): No process com.google.android.gms/10007 for service com.google.android.gms.init.InitializeIntentService
09-19 14:32:39.982 W/ProcStatsManager( 5172): No process com.google.android.gms/10007 for service com.google.android.gms.gcm.gmsproc.GcmReceiverService
09-19 14:32:39.983 W/ProcStatsManager( 5172): No process com.google.android.gms.wearable/10007 for service com.google.android.gms.wearable.service.WearableService
09-19 14:32:39.983 W/ProcStatsManager( 5172): No process com.google.android.gms/10007 for service com.google.android.gms.kids.chimera.KidsApiServiceProxy
09-19 14:32:39.983 W/ProcStatsManager( 5172): No process com.google.android.gms/10007 for service com.google.android.gms.chimera.container.FileApkService
09-19 14:32:39.983 W/ProcStatsManager( 5172): No process com.google.android.gms/10007 for service com.google.android.gms.gcm.PushMessagingRegistrarProxy
09-19 14:32:39.983 W/ProcStatsManager( 5172): No process com.google.android.gms/10007 for service com.google.android.gms.icing.service.IndexService
09-19 14:32:39.983 W/ProcStatsManager( 5172): No process com.google.android.gms/10007 for service com.google.android.gms.mdm.services.NetworkQualityAndroidService
09-19 14:32:39.983 W/ProcStatsManager( 5172): No process com.google.android.gms.wearable/10007 for service com.google.android.gms.wearable.service.WearableControlService
09-19 14:32:39.983 W/ProcStatsManager( 5172): No process com.google.android.gms/10007 for service com.google.android.libraries.social.mediamonitor.MediaMonitorIntentService
09-19 14:32:39.983 W/ProcStatsManager( 5172): No process com.android.email/10028 for service com.android.email.service.EmailBroadcastProcessorService
09-19 14:32:39.983 W/ProcStatsManager( 5172): No process com.android.exchange/10030 for service com.android.exchange.service.EasService
09-19 14:32:40.054 W/MountService( 1300): No primary storage defined yet; hacking together a stub
09-19 14:32:40.056 W/MountService( 1300): No primary storage defined yet; hacking together a stub
09-19 14:32:40.057 W/MountService( 1300): No primary storage defined yet; hacking together a stub
09-19 14:32:40.057 W/MountService( 1300): No primary storage defined yet; hacking together a stub
09-19 14:32:40.057 W/MountService( 1300): No primary storage defined yet; hacking together a stub
09-19 14:32:40.074 W/ProcStatsManager( 5172): No process com.android.providers.calendar/10001 for service com.android.providers.calendar.EmptyService
09-19 14:32:40.074 W/ProcStatsManager( 5172): No process com.android.providers.calendar/10001 for service com.android.providers.calendar.CalendarProviderIntentService
09-19 14:32:40.074 W/ProcStatsManager( 5172): No process android.process.media/10005 for service com.android.providers.media.MediaScannerService
09-19 14:32:40.074 W/ProcStatsManager( 5172): No process android.process.media/10005 for service com.android.providers.downloads.DownloadService
09-19 14:32:40.074 W/ProcStatsManager( 5172): No process com.google.android.apps.messaging/10043 for service com.google.android.apps.messaging.datamodel.action.BackgroundWorkerService
09-19 14:32:40.074 W/ProcStatsManager( 5172): No process com.google.android.apps.messaging/10043 for service com.google.android.apps.messaging.datamodel.action.ActionServiceImpl
09-19 14:32:40.074 W/ProcStatsManager( 5172): No process com.google.android.apps.messaging/10043 for service com.google.android.apps.messaging.datamodel.sticker.StickerSyncService
09-19 14:32:40.074 W/ProcStatsManager( 5172): No process com.android.printspooler/10044 for service com.android.printspooler.model.PrintSpoolerService
09-19 14:32:40.074 W/ProcStatsManager( 5172): No process com.android.keychain/1000 for service com.android.keychain.KeyChainService
09-19 14:32:40.074 W/ProcStatsManager( 5172): No process com.android.dialer/10004 for service com.android.dialer.calllog.CallLogNotificationsService
09-19 14:32:40.075 W/ProcStatsManager( 5172): No process com.google.android.gms/10007 for service com.google.android.gms.people.service.bg.PeopleBackgroundTasks
09-19 14:32:40.075 W/ProcStatsManager( 5172): No process com.google.android.gms.unstable/10007 for service com.google.android.gms.droidguard.DroidGuardService
09-19 14:32:40.075 W/ProcStatsManager( 5172): No process com.google.android.gms/10007 for service com.google.android.gms.ads.identifier.service.AdvertisingIdNotificationService
09-19 14:32:40.075 W/ProcStatsManager( 5172): No process com.google.android.gms/10007 for service com.google.android.gms.common.download.DownloadService
09-19 14:32:40.076 W/ProcStatsManager( 5172): No process com.google.android.gms/10007 for service com.google.android.gms.auth.api.credentials.sync.CredentialSyncReceiverService
09-19 14:32:40.076 W/ProcStatsManager( 5172): No process com.google.android.gms/10007 for service com.google.android.gms.auth.authzen.GcmReceiverService
09-19 14:32:40.076 W/ProcStatsManager( 5172): No process com.google.android.gms/10007 for service com.google.android.gms.usagereporting.service.UsageReportingService
09-19 14:32:40.076 W/ProcStatsManager( 5172): No process com.google.android.gms/10007 for service com.google.android.gms.tron.CollectionService
09-19 14:32:40.076 W/ProcStatsManager( 5172): No process com.google.android.gms/10007 for service com.google.android.gms.config.ConfigFetchService
09-19 14:32:40.076 W/ProcStatsManager( 5172): No process com.google.android.gms/10007 for service com.google.android.gms.update.SystemUpdateService
09-19 14:32:40.077 W/ProcStatsManager( 5172): No process com.google.android.gms/10007 for service com.google.android.gms.analytics.service.RefreshEnabledStateService
09-19 14:32:40.077 W/ProcStatsManager( 5172): No process com.google.android.gms/10007 for service com.google.android.gms.checkin.CheckinService
09-19 14:32:40.077 W/ProcStatsManager( 5172): No process com.google.android.gms/10007 for service com.google.android.gms.checkin.EventLogService
09-19 14:32:40.077 W/ProcStatsManager( 5172): No process com.google.android.gms/10007 for service com.google.android.gms.app.service.PackageBroadcastService
09-19 14:32:40.077 W/ProcStatsManager( 5172): No process com.google.android.gms/10007 for service com.google.android.gms.reminders.service.RemindersProviderChangeService
09-19 14:32:40.077 W/ProcStatsManager( 5172): No process com.google.android.gms/10007 for service com.google.android.gms.security.verifier.InternalApkUploadService
09-19 14:32:40.077 W/ProcStatsManager( 5172): No process com.google.android.gms/10007 for service com.google.android.gms.chromesync.sync.SyncReceiverService
09-19 14:32:40.077 W/ProcStatsManager( 5172): No process com.google.android.gms/10007 for service com.google.android.gms.icing.service.IndexWorkerService
09-19 14:32:40.077 W/ProcStatsManager( 5172): No process com.google.android.gms/10007 for service com.google.android.gms.security.snet.SafeBrowsingUpdateIntentService
09-19 14:32:40.077 W/ProcStatsManager( 5172): No process com.google.android.gms/10007 for service com.google.android.gms.ads.jams.NegotiationService
09-19 14:32:40.078 W/ProcStatsManager( 5172): No process com.google.android.gms/10007 for service com.google.android.gms.analytics.service.PlayLogMonitorIntervalService
09-19 14:32:40.078 W/ProcStatsManager( 5172): No process com.google.android.gms/10007 for service com.google.android.gms.herrevad.services.NetworkQualityService$NetworkQualityWorkerService
09-19 14:32:40.078 W/ProcStatsManager( 5172): No process com.google.android.gms/10007 for service com.google.android.gms.security.snet.SnetAlarmService
09-19 14:32:40.078 W/ProcStatsManager( 5172): No process com.google.android.gms/10007 for service com.google.android.gms.common.download.DownloadCompleteIntentService
09-19 14:32:40.078 W/ProcStatsManager( 5172): No process com.google.android.gms/10007 for service com.google.android.gms.reminders.notification.NotificationService
09-19 14:32:40.078 W/ProcStatsManager( 5172): No process com.google.android.gms/10007 for service com.google.android.gms.app.service.BootCompletedBroadcastService
09-19 14:32:40.078 W/ProcStatsManager( 5172): No process com.google.android.gms/10007 for service com.google.android.gms.reminders.provider.TimeZoneChangeService
09-19 14:32:40.078 W/ProcStatsManager( 5172): No process com.google.android.gms/10007 for service com.google.android.gms.vision.VisionDependencyIntentServiceProxy
09-19 14:32:40.078 W/ProcStatsManager( 5172): No process com.google.android.gms/10007 for service com.google.android.gms.init.InitializeIntentService
09-19 14:32:40.092 W/MountService( 1300): No primary storage defined yet; hacking together a stub
09-19 14:32:40.093 W/MountService( 1300): No primary storage defined yet; hacking together a stub
09-19 14:32:40.093 W/MountService( 1300): No primary storage defined yet; hacking together a stub
09-19 14:32:40.093 W/MountService( 1300): No primary storage defined yet; hacking together a stub
09-19 14:32:40.094 W/MountService( 1300): No primary storage defined yet; hacking together a stub
09-19 14:32:40.095 W/MountService( 1300): No primary storage defined yet; hacking together a stub
09-19 14:32:40.095 W/MountService( 1300): No primary storage defined yet; hacking together a stub
09-19 14:32:40.095 W/MountService( 1300): No primary storage defined yet; hacking together a stub
09-19 14:32:40.097 W/MountService( 1300): No primary storage defined yet; hacking together a stub
09-19 14:32:40.098 W/MountService( 1300): No primary storage defined yet; hacking together a stub
09-19 14:32:40.098 W/MountService( 1300): No primary storage defined yet; hacking together a stub
09-19 14:32:40.098 W/MountService( 1300): No primary storage defined yet; hacking together a stub
09-19 14:32:40.117 W/ProcStatsManager( 5172): No process com.google.android.gms/10007 for service com.google.android.gms.gcm.gmsproc.GcmReceiverService
09-19 14:32:40.117 W/ProcStatsManager( 5172): No process com.google.android.gms.wearable/10007 for service com.google.android.gms.wearable.service.WearableService
09-19 14:32:40.117 W/ProcStatsManager( 5172): No process com.google.android.gms/10007 for service com.google.android.gms.kids.chimera.KidsApiServiceProxy
09-19 14:32:40.131 W/ProcStatsManager( 5172): No process com.google.android.gms/10007 for service com.google.android.gms.chimera.container.FileApkService
09-19 14:32:40.131 W/ProcStatsManager( 5172): No process com.google.android.gms/10007 for service com.google.android.gms.gcm.PushMessagingRegistrarProxy
09-19 14:32:40.131 W/ProcStatsManager( 5172): No process com.google.android.gms/10007 for service com.google.android.gms.icing.service.IndexService
09-19 14:32:40.132 W/ProcStatsManager( 5172): No process com.google.android.gms/10007 for service com.google.android.gms.mdm.services.NetworkQualityAndroidService
09-19 14:32:40.132 W/ProcStatsManager( 5172): No process com.google.android.gms.wearable/10007 for service com.google.android.gms.wearable.service.WearableControlService
09-19 14:32:40.132 W/ProcStatsManager( 5172): No process com.google.android.gms/10007 for service com.google.android.libraries.social.mediamonitor.MediaMonitorIntentService
09-19 14:32:40.132 W/ProcStatsManager( 5172): No process com.android.email/10028 for service com.android.email.service.EmailBroadcastProcessorService
09-19 14:32:40.132 W/ProcStatsManager( 5172): No process com.android.exchange/10030 for service com.android.exchange.service.EasService
09-19 14:32:40.157 W/MountService( 1300): No primary storage defined yet; hacking together a stub
09-19 14:32:40.160 W/MountService( 1300): No primary storage defined yet; hacking together a stub
09-19 14:32:40.164 W/MountService( 1300): No primary storage defined yet; hacking together a stub
09-19 14:32:40.167 W/MountService( 1300): No primary storage defined yet; hacking together a stub
09-19 14:32:40.173 W/MountService( 1300): No primary storage defined yet; hacking together a stub
09-19 14:32:40.176 W/MountService( 1300): No primary storage defined yet; hacking together a stub
09-19 14:32:40.180 W/MountService( 1300): No primary storage defined yet; hacking together a stub
09-19 14:32:40.183 W/MountService( 1300): No primary storage defined yet; hacking together a stub
09-19 14:32:40.189 W/installd(  954): Failed to open /data/data/android: No such file or directory
09-19 14:32:40.191 W/MountService( 1300): No primary storage defined yet; hacking together a stub
09-19 14:32:40.194 W/MountService( 1300): No primary storage defined yet; hacking together a stub
09-19 14:32:40.197 W/MountService( 1300): No primary storage defined yet; hacking together a stub
09-19 14:32:40.204 W/MountService( 1300): No primary storage defined yet; hacking together a stub
09-19 14:32:40.210 W/MountService( 1300): No primary storage defined yet; hacking together a stub
09-19 14:32:40.210 W/MountService( 1300): No primary storage defined yet; hacking together a stub
09-19 14:32:40.211 W/MountService( 1300): No primary storage defined yet; hacking together a stub
09-19 14:32:40.211 W/MountService( 1300): No primary storage defined yet; hacking together a stub
09-19 14:32:40.212 W/MountService( 1300): No primary storage defined yet; hacking together a stub
09-19 14:32:40.212 W/MountService( 1300): No primary storage defined yet; hacking together a stub
09-19 14:32:40.213 W/MountService( 1300): No primary storage defined yet; hacking together a stub
09-19 14:32:40.213 W/MountService( 1300): No primary storage defined yet; hacking together a stub
09-19 14:32:40.215 W/MountService( 1300): No primary storage defined yet; hacking together a stub
09-19 14:32:40.215 W/MountService( 1300): No primary storage defined yet; hacking together a stub
09-19 14:32:40.215 W/MountService( 1300): No primary storage defined yet; hacking together a stub
09-19 14:32:40.216 W/MountService( 1300): No primary storage defined yet; hacking together a stub
09-19 14:32:40.217 W/MountService( 1300): No primary storage defined yet; hacking together a stub
09-19 14:32:40.237 W/MountService( 1300): No primary storage defined yet; hacking together a stub
09-19 14:32:40.243 W/MountService( 1300): No primary storage defined yet; hacking together a stub
09-19 14:32:40.247 W/MountService( 1300): No primary storage defined yet; hacking together a stub
09-19 14:32:40.254 W/MountService( 1300): No primary storage defined yet; hacking together a stub
09-19 14:32:40.257 W/MountService( 1300): No primary storage defined yet; hacking together a stub
09-19 14:32:40.277 W/MountService( 1300): No primary storage defined yet; hacking together a stub
09-19 14:32:40.280 W/MountService( 1300): No primary storage defined yet; hacking together a stub
09-19 14:32:40.281 W/MountService( 1300): No primary storage defined yet; hacking together a stub
09-19 14:32:40.282 W/MountService( 1300): No primary storage defined yet; hacking together a stub
09-19 14:32:40.282 W/MountService( 1300): No primary storage defined yet; hacking together a stub
09-19 14:32:40.282 W/MountService( 1300): No primary storage defined yet; hacking together a stub
09-19 14:32:40.283 W/MountService( 1300): No primary storage defined yet; hacking together a stub
09-19 14:32:40.284 W/MountService( 1300): No primary storage defined yet; hacking together a stub
09-19 14:32:40.284 W/MountService( 1300): No primary storage defined yet; hacking together a stub
09-19 14:32:40.284 W/MountService( 1300): No primary storage defined yet; hacking together a stub
09-19 14:32:40.286 W/MountService( 1300): No primary storage defined yet; hacking together a stub
09-19 14:32:40.287 W/MountService( 1300): No primary storage defined yet; hacking together a stub
09-19 14:32:40.287 W/MountService( 1300): No primary storage defined yet; hacking together a stub
09-19 14:32:40.287 W/MountService( 1300): No primary storage defined yet; hacking together a stub
09-19 14:32:40.297 W/MountService( 1300): No primary storage defined yet; hacking together a stub
09-19 14:32:40.305 W/MountService( 1300): No primary storage defined yet; hacking together a stub
09-19 14:32:40.311 W/MountService( 1300): No primary storage defined yet; hacking together a stub
09-19 14:32:40.311 W/MountService( 1300): No primary storage defined yet; hacking together a stub
09-19 14:32:40.313 W/MountService( 1300): No primary storage defined yet; hacking together a stub
09-19 14:32:40.314 W/MountService( 1300): No primary storage defined yet; hacking together a stub
09-19 14:32:40.314 W/MountService( 1300): No primary storage defined yet; hacking together a stub
09-19 14:32:40.315 W/MountService( 1300): No primary storage defined yet; hacking together a stub
09-19 14:32:40.317 W/MountService( 1300): No primary storage defined yet; hacking together a stub
09-19 14:32:40.317 W/MountService( 1300): No primary storage defined yet; hacking together a stub
09-19 14:32:40.317 W/MountService( 1300): No primary storage defined yet; hacking together a stub
09-19 14:32:40.317 W/MountService( 1300): No primary storage defined yet; hacking together a stub
09-19 14:32:40.319 W/MountService( 1300): No primary storage defined yet; hacking together a stub
09-19 14:32:40.320 W/MountService( 1300): No primary storage defined yet; hacking together a stub
09-19 14:32:40.320 W/MountService( 1300): No primary storage defined yet; hacking together a stub
09-19 14:32:40.320 W/MountService( 1300): No primary storage defined yet; hacking together a stub
09-19 14:32:40.322 W/MountService( 1300): No primary storage defined yet; hacking together a stub
09-19 14:32:40.322 W/MountService( 1300): No primary storage defined yet; hacking together a stub
09-19 14:32:40.322 W/MountService( 1300): No primary storage defined yet; hacking together a stub
09-19 14:32:40.323 W/MountService( 1300): No primary storage defined yet; hacking together a stub
09-19 14:32:40.324 W/MountService( 1300): No primary storage defined yet; hacking together a stub
09-19 14:32:40.325 W/MountService( 1300): No primary storage defined yet; hacking together a stub
09-19 14:32:40.325 W/MountService( 1300): No primary storage defined yet; hacking together a stub
09-19 14:32:40.325 W/MountService( 1300): No primary storage defined yet; hacking together a stub
09-19 14:32:40.327 W/MountService( 1300): No primary storage defined yet; hacking together a stub
09-19 14:32:40.327 W/MountService( 1300): No primary storage defined yet; hacking together a stub
09-19 14:32:40.327 W/MountService( 1300): No primary storage defined yet; hacking together a stub
09-19 14:32:40.464 W/MountService( 1300): No primary storage defined yet; hacking together a stub
09-19 14:32:40.525 W/MountService( 1300): No primary storage defined yet; hacking together a stub
09-19 14:32:40.659 I/ActivityManager( 1300): START u0 {act=android.intent.action.UNINSTALL_PACKAGE dat=package:dpatel96_a2.cs442.com.activitylifecycle cmp=com.android.packageinstaller/.UninstallerActivity (has extras)} from uid 1000 on display 0
09-19 14:32:40.665 W/MountService( 1300): No primary storage defined yet; hacking together a stub
09-19 14:32:40.789 I/art     ( 5172): Background sticky concurrent mark sweep GC freed 19465(1114KB) AllocSpace objects, 7(248KB) LOS objects, 15% free, 7MB/9MB, paused 1.403ms total 159.482ms
09-19 14:32:40.949 W/MountService( 1300): No primary storage defined yet; hacking together a stub
09-19 14:32:40.952 W/MountService( 1300): No primary storage defined yet; hacking together a stub
09-19 14:32:41.022 W/MountService( 1300): No primary storage defined yet; hacking together a stub
09-19 14:32:41.027 W/MountService( 1300): No primary storage defined yet; hacking together a stub
09-19 14:32:41.029 W/MountService( 1300): No primary storage defined yet; hacking together a stub
09-19 14:32:41.030 W/MountService( 1300): No primary storage defined yet; hacking together a stub
09-19 14:32:41.031 W/MountService( 1300): No primary storage defined yet; hacking together a stub
09-19 14:32:41.031 W/MountService( 1300): No primary storage defined yet; hacking together a stub
09-19 14:32:41.032 W/MountService( 1300): No primary storage defined yet; hacking together a stub
09-19 14:32:41.032 W/MountService( 1300): No primary storage defined yet; hacking together a stub
09-19 14:32:41.033 W/MountService( 1300): No primary storage defined yet; hacking together a stub
09-19 14:32:41.033 W/MountService( 1300): No primary storage defined yet; hacking together a stub
09-19 14:32:41.034 W/MountService( 1300): No primary storage defined yet; hacking together a stub
09-19 14:32:41.034 W/MountService( 1300): No primary storage defined yet; hacking together a stub
09-19 14:32:41.037 W/MountService( 1300): No primary storage defined yet; hacking together a stub
09-19 14:32:41.037 W/MountService( 1300): No primary storage defined yet; hacking together a stub
09-19 14:32:41.037 W/MountService( 1300): No primary storage defined yet; hacking together a stub
09-19 14:32:41.146 W/MountService( 1300): No primary storage defined yet; hacking together a stub
09-19 14:32:41.150 W/MountService( 1300): No primary storage defined yet; hacking together a stub
09-19 14:32:41.153 W/MountService( 1300): No primary storage defined yet; hacking together a stub
09-19 14:32:41.157 W/MountService( 1300): No primary storage defined yet; hacking together a stub
09-19 14:32:41.183 W/MountService( 1300): No primary storage defined yet; hacking together a stub
09-19 14:32:41.186 W/MountService( 1300): No primary storage defined yet; hacking together a stub
09-19 14:32:41.186 W/MountService( 1300): No primary storage defined yet; hacking together a stub
09-19 14:32:41.186 W/MountService( 1300): No primary storage defined yet; hacking together a stub
09-19 14:32:41.187 W/MountService( 1300): No primary storage defined yet; hacking together a stub
09-19 14:32:41.236 W/MountService( 1300): No primary storage defined yet; hacking together a stub
09-19 14:32:41.240 W/MountService( 1300): No primary storage defined yet; hacking together a stub
09-19 14:32:41.243 W/MountService( 1300): No primary storage defined yet; hacking together a stub
09-19 14:32:41.246 W/MountService( 1300): No primary storage defined yet; hacking together a stub
09-19 14:32:41.253 W/MountService( 1300): No primary storage defined yet; hacking together a stub
09-19 14:32:41.257 W/MountService( 1300): No primary storage defined yet; hacking together a stub
09-19 14:32:41.296 W/MountService( 1300): No primary storage defined yet; hacking together a stub
09-19 14:32:41.297 W/MountService( 1300): No primary storage defined yet; hacking together a stub
09-19 14:32:41.312 W/MountService( 1300): No primary storage defined yet; hacking together a stub
09-19 14:32:41.352 W/MountService( 1300): No primary storage defined yet; hacking together a stub
09-19 14:32:41.356 W/MountService( 1300): No primary storage defined yet; hacking together a stub
09-19 14:32:41.508 I/art     ( 1300): Background sticky concurrent mark sweep GC freed 23578(1854KB) AllocSpace objects, 26(876KB) LOS objects, 30% free, 7MB/10MB, paused 20.093ms total 73.231ms
09-19 14:32:41.641 W/MountService( 1300): No primary storage defined yet; hacking together a stub
09-19 14:32:41.647 W/MountService( 1300): No primary storage defined yet; hacking together a stub
09-19 14:32:41.650 W/MountService( 1300): No primary storage defined yet; hacking together a stub
09-19 14:32:41.653 W/MountService( 1300): No primary storage defined yet; hacking together a stub
09-19 14:32:41.656 W/MountService( 1300): No primary storage defined yet; hacking together a stub
09-19 14:32:41.670 W/MountService( 1300): No primary storage defined yet; hacking together a stub
09-19 14:32:41.673 W/MountService( 1300): No primary storage defined yet; hacking together a stub
09-19 14:32:41.675 W/MountService( 1300): No primary storage defined yet; hacking together a stub
09-19 14:32:41.679 W/MountService( 1300): No primary storage defined yet; hacking together a stub
09-19 14:32:41.680 W/MountService( 1300): No primary storage defined yet; hacking together a stub
09-19 14:32:41.681 W/MountService( 1300): No primary storage defined yet; hacking together a stub
09-19 14:32:41.681 W/MountService( 1300): No primary storage defined yet; hacking together a stub
09-19 14:32:41.681 W/MountService( 1300): No primary storage defined yet; hacking together a stub
09-19 14:32:41.682 W/MountService( 1300): No primary storage defined yet; hacking together a stub
09-19 14:32:41.683 W/MountService( 1300): No primary storage defined yet; hacking together a stub
09-19 14:32:41.683 W/MountService( 1300): No primary storage defined yet; hacking together a stub
09-19 14:32:41.683 W/MountService( 1300): No primary storage defined yet; hacking together a stub
09-19 14:32:41.685 W/MountService( 1300): No primary storage defined yet; hacking together a stub
09-19 14:32:41.685 W/MountService( 1300): No primary storage defined yet; hacking together a stub
09-19 14:32:41.685 W/MountService( 1300): No primary storage defined yet; hacking together a stub
09-19 14:32:41.686 W/MountService( 1300): No primary storage defined yet; hacking together a stub
09-19 14:32:41.687 W/MountService( 1300): No primary storage defined yet; hacking together a stub
09-19 14:32:41.687 W/MountService( 1300): No primary storage defined yet; hacking together a stub
09-19 14:32:41.687 W/MountService( 1300): No primary storage defined yet; hacking together a stub
09-19 14:32:41.688 W/MountService( 1300): No primary storage defined yet; hacking together a stub
09-19 14:32:41.697 W/MountService( 1300): No primary storage defined yet; hacking together a stub
09-19 14:32:41.698 W/MountService( 1300): No primary storage defined yet; hacking together a stub
09-19 14:32:41.698 W/MountService( 1300): No primary storage defined yet; hacking together a stub
09-19 14:32:41.699 W/MountService( 1300): No primary storage defined yet; hacking together a stub
09-19 14:32:41.700 W/MountService( 1300): No primary storage defined yet; hacking together a stub
09-19 14:32:41.701 W/MountService( 1300): No primary storage defined yet; hacking together a stub
09-19 14:32:41.701 W/MountService( 1300): No primary storage defined yet; hacking together a stub
09-19 14:32:41.701 W/MountService( 1300): No primary storage defined yet; hacking together a stub
09-19 14:32:41.702 W/MountService( 1300): No primary storage defined yet; hacking together a stub
09-19 14:32:41.703 W/MountService( 1300): No primary storage defined yet; hacking together a stub
09-19 14:32:41.703 W/MountService( 1300): No primary storage defined yet; hacking together a stub
09-19 14:32:41.703 W/MountService( 1300): No primary storage defined yet; hacking together a stub
09-19 14:32:41.705 W/MountService( 1300): No primary storage defined yet; hacking together a stub
09-19 14:32:41.705 W/MountService( 1300): No primary storage defined yet; hacking together a stub
09-19 14:32:41.705 W/MountService( 1300): No primary storage defined yet; hacking together a stub
09-19 14:32:41.705 W/MountService( 1300): No primary storage defined yet; hacking together a stub
09-19 14:32:41.707 W/MountService( 1300): No primary storage defined yet; hacking together a stub
09-19 14:32:41.707 W/MountService( 1300): No primary storage defined yet; hacking together a stub
09-19 14:32:41.707 W/MountService( 1300): No primary storage defined yet; hacking together a stub
09-19 14:32:41.719 W/MountService( 1300): No primary storage defined yet; hacking together a stub
09-19 14:32:41.721 W/MountService( 1300): No primary storage defined yet; hacking together a stub
09-19 14:32:41.721 W/MountService( 1300): No primary storage defined yet; hacking together a stub
09-19 14:32:41.721 W/MountService( 1300): No primary storage defined yet; hacking together a stub
09-19 14:32:41.722 W/MountService( 1300): No primary storage defined yet; hacking together a stub
09-19 14:32:41.723 W/MountService( 1300): No primary storage defined yet; hacking together a stub
09-19 14:32:41.723 W/MountService( 1300): No primary storage defined yet; hacking together a stub
09-19 14:32:41.724 W/MountService( 1300): No primary storage defined yet; hacking together a stub
09-19 14:32:41.724 W/MountService( 1300): No primary storage defined yet; hacking together a stub
09-19 14:32:41.726 W/MountService( 1300): No primary storage defined yet; hacking together a stub
09-19 14:32:41.726 W/MountService( 1300): No primary storage defined yet; hacking together a stub
09-19 14:32:41.726 W/MountService( 1300): No primary storage defined yet; hacking together a stub
09-19 14:32:41.727 W/MountService( 1300): No primary storage defined yet; hacking together a stub
09-19 14:32:41.738 W/MountService( 1300): No primary storage defined yet; hacking together a stub
09-19 14:32:41.743 W/MountService( 1300): No primary storage defined yet; hacking together a stub
09-19 14:32:41.747 W/MountService( 1300): No primary storage defined yet; hacking together a stub
09-19 14:32:41.752 W/MountService( 1300): No primary storage defined yet; hacking together a stub
09-19 14:32:41.756 W/MountService( 1300): No primary storage defined yet; hacking together a stub
09-19 14:32:41.759 W/MountService( 1300): No primary storage defined yet; hacking together a stub
09-19 14:32:41.762 W/MountService( 1300): No primary storage defined yet; hacking together a stub
09-19 14:32:41.766 W/MountService( 1300): No primary storage defined yet; hacking together a stub
09-19 14:32:41.769 W/MountService( 1300): No primary storage defined yet; hacking together a stub
09-19 14:32:41.773 W/MountService( 1300): No primary storage defined yet; hacking together a stub
09-19 14:32:41.777 W/MountService( 1300): No primary storage defined yet; hacking together a stub
09-19 14:32:41.779 W/MountService( 1300): No primary storage defined yet; hacking together a stub
09-19 14:32:41.782 W/MountService( 1300): No primary storage defined yet; hacking together a stub
09-19 14:32:41.782 W/MountService( 1300): No primary storage defined yet; hacking together a stub
09-19 14:32:41.782 W/MountService( 1300): No primary storage defined yet; hacking together a stub
09-19 14:32:41.782 W/MountService( 1300): No primary storage defined yet; hacking together a stub
09-19 14:32:41.784 W/MountService( 1300): No primary storage defined yet; hacking together a stub
09-19 14:32:41.784 W/MountService( 1300): No primary storage defined yet; hacking together a stub
09-19 14:32:41.784 W/MountService( 1300): No primary storage defined yet; hacking together a stub
09-19 14:32:41.785 W/MountService( 1300): No primary storage defined yet; hacking together a stub
09-19 14:32:41.786 W/MountService( 1300): No primary storage defined yet; hacking together a stub
09-19 14:32:41.787 W/MountService( 1300): No primary storage defined yet; hacking together a stub
09-19 14:32:41.787 W/MountService( 1300): No primary storage defined yet; hacking together a stub
09-19 14:32:41.787 W/MountService( 1300): No primary storage defined yet; hacking together a stub
09-19 14:32:41.793 W/MountService( 1300): No primary storage defined yet; hacking together a stub
09-19 14:32:41.797 W/MountService( 1300): No primary storage defined yet; hacking together a stub
09-19 14:32:41.800 W/MountService( 1300): No primary storage defined yet; hacking together a stub
09-19 14:32:41.807 W/MountService( 1300): No primary storage defined yet; hacking together a stub
09-19 14:32:41.811 W/MountService( 1300): No primary storage defined yet; hacking together a stub
09-19 14:32:41.811 W/MountService( 1300): No primary storage defined yet; hacking together a stub
09-19 14:32:41.812 W/MountService( 1300): No primary storage defined yet; hacking together a stub
09-19 14:32:41.812 W/MountService( 1300): No primary storage defined yet; hacking together a stub
09-19 14:32:41.813 W/MountService( 1300): No primary storage defined yet; hacking together a stub
09-19 14:32:41.813 W/MountService( 1300): No primary storage defined yet; hacking together a stub
09-19 14:32:41.813 W/MountService( 1300): No primary storage defined yet; hacking together a stub
09-19 14:32:41.814 W/MountService( 1300): No primary storage defined yet; hacking together a stub
09-19 14:32:41.815 W/MountService( 1300): No primary storage defined yet; hacking together a stub
09-19 14:32:41.815 W/MountService( 1300): No primary storage defined yet; hacking together a stub
09-19 14:32:41.816 W/MountService( 1300): No primary storage defined yet; hacking together a stub
09-19 14:32:41.816 W/MountService( 1300): No primary storage defined yet; hacking together a stub
09-19 14:32:41.817 W/MountService( 1300): No primary storage defined yet; hacking together a stub
09-19 14:32:41.817 W/MountService( 1300): No primary storage defined yet; hacking together a stub
09-19 14:32:41.825 W/MountService( 1300): No primary storage defined yet; hacking together a stub
09-19 14:32:41.827 W/MountService( 1300): No primary storage defined yet; hacking together a stub
09-19 14:32:41.832 W/MountService( 1300): No primary storage defined yet; hacking together a stub
09-19 14:32:41.834 W/MountService( 1300): No primary storage defined yet; hacking together a stub
09-19 14:32:41.837 W/MountService( 1300): No primary storage defined yet; hacking together a stub
09-19 14:32:41.841 W/MountService( 1300): No primary storage defined yet; hacking together a stub
09-19 14:32:41.845 W/MountService( 1300): No primary storage defined yet; hacking together a stub
09-19 14:32:41.849 W/MountService( 1300): No primary storage defined yet; hacking together a stub
09-19 14:32:41.852 W/MountService( 1300): No primary storage defined yet; hacking together a stub
09-19 14:32:41.854 W/MountService( 1300): No primary storage defined yet; hacking together a stub
09-19 14:32:41.893 E/SurfaceFlinger(  942): ro.sf.lcd_density must be defined as a build property
09-19 14:32:41.897 D/OpenGLRenderer( 5256): Use EGL_SWAP_BEHAVIOR_PRESERVED: true
09-19 14:32:41.903 D/        ( 5256): HostConnection::get() New Host Connection established 0xaf87c0b0, tid 5256
09-19 14:32:41.961 D/        ( 5256): HostConnection::get() New Host Connection established 0xaf87c3f0, tid 5298
09-19 14:32:41.972 I/OpenGLRenderer( 5256): Initialized EGL, version 1.4
09-19 14:32:42.026 W/EGL_emulation( 5256): eglSurfaceAttrib not implemented
09-19 14:32:42.026 W/OpenGLRenderer( 5256): Failed to set EGL_SWAP_BEHAVIOR on surface 0xad762f40, error=EGL_SUCCESS
09-19 14:32:42.385 W/EGL_emulation( 5256): eglSurfaceAttrib not implemented
09-19 14:32:42.385 W/OpenGLRenderer( 5256): Failed to set EGL_SWAP_BEHAVIOR on surface 0xad762f60, error=EGL_SUCCESS
09-19 14:32:42.753 I/ActivityManager( 1300): Displayed com.android.packageinstaller/.UninstallerActivity: +2s36ms
09-19 14:32:43.839 I/ActivityManager( 1300): START u0 {act=android.intent.action.VIEW cmp=com.android.packageinstaller/.UninstallAppProgress (has extras)} from uid 10010 on display 0
09-19 14:32:43.867 E/Surface ( 5256): getSlotFromBufferLocked: unknown buffer: 0xabeeb960
09-19 14:32:43.873 D/OpenGLRenderer( 5256): endAllStagingAnimators on 0xa359ea80 (RippleDrawable) with handle 0xaf87c790
09-19 14:32:43.944 E/Surface ( 5256): getSlotFromBufferLocked: unknown buffer: 0xabeeb8f0
09-19 14:32:43.956 E/Surface ( 5172): getSlotFromBufferLocked: unknown buffer: 0xa08c4300
09-19 14:32:44.020 I/ActivityManager( 1300): Force stopping dpatel96_a2.cs442.com.activitylifecycle appid=10057 user=-1: uninstall pkg
09-19 14:32:44.029 I/ActivityManager( 1300): Killing 3288:dpatel96_a2.cs442.com.activitylifecycle/u0a57 (adj 9): stop dpatel96_a2.cs442.com.activitylifecycle
09-19 14:32:44.045 W/EGL_emulation( 5256): eglSurfaceAttrib not implemented
09-19 14:32:44.045 W/OpenGLRenderer( 5256): Failed to set EGL_SWAP_BEHAVIOR on surface 0xad762f60, error=EGL_SUCCESS
09-19 14:32:44.626 W/art     ( 1300): Long monitor contention event with owner method=void com.android.server.pm.PackageManagerService.removePackageDataLI(com.android.server.pm.PackageSetting, int[], boolean[], com.android.server.pm.PackageManagerService$PackageRemovedInfo, int, boolean) from PackageManagerService.java:12811 waiters=0 for 257ms
09-19 14:32:44.685 I/art     ( 1300): Starting a blocking GC Explicit
09-19 14:32:44.779 E/libprocessgroup( 1300): failed to kill 1 processes for processgroup 3288
09-19 14:32:44.821 I/Choreographer( 5256): Skipped 38 frames!  The application may be doing too much work on its main thread.
09-19 14:32:44.823 W/art     ( 1300): Long monitor contention event with owner method=void com.android.server.am.ActivityManagerService$MainHandler.handleMessage(android.os.Message) from ActivityManagerService.java:1698 waiters=0 for 803ms
09-19 14:32:44.831 I/ActivityManager( 1300): Displayed com.android.packageinstaller/.UninstallAppProgress: +917ms
09-19 14:32:45.159 I/art     ( 1300): Explicit concurrent mark sweep GC freed 12625(770KB) AllocSpace objects, 8(336KB) LOS objects, 33% free, 6MB/10MB, paused 1.739ms total 472.366ms
09-19 14:32:45.164 W/PackageManager( 1300): Couldn't remove dex file for package:  at location /data/app/dpatel96_a2.cs442.com.activitylifecycle-2/base.apk, retcode=-1
09-19 14:32:45.227 W/MountService( 1300): No primary storage defined yet; hacking together a stub
09-19 14:32:45.230 W/MountService( 1300): No primary storage defined yet; hacking together a stub
09-19 14:32:45.230 I/ActivityManager( 1300): Force stopping dpatel96_a2.cs442.com.activitylifecycle appid=10057 user=0: pkg removed
09-19 14:32:45.240 D/GraphicsStats( 1300): Buffer count: 5
09-19 14:32:45.279 W/EGL_emulation( 5256): eglSurfaceAttrib not implemented
09-19 14:32:45.279 W/OpenGLRenderer( 5256): Failed to set EGL_SWAP_BEHAVIOR on surface 0xaf7a9840, error=EGL_SUCCESS
09-19 14:32:45.312 E/AppInfoBase( 5172): Exception when retrieving package:dpatel96_a2.cs442.com.activitylifecycle
09-19 14:32:45.312 E/AppInfoBase( 5172): android.content.pm.PackageManager$NameNotFoundException: dpatel96_a2.cs442.com.activitylifecycle
09-19 14:32:45.312 E/AppInfoBase( 5172): 	at android.app.ApplicationPackageManager.getPackageInfo(ApplicationPackageManager.java:137)
09-19 14:32:45.312 E/AppInfoBase( 5172): 	at com.android.settings.applications.AppInfoBase.retrieveAppEntry(AppInfoBase.java:123)
09-19 14:32:45.312 E/AppInfoBase( 5172): 	at com.android.settings.applications.InstalledAppDetails.refreshUi(InstalledAppDetails.java:466)
09-19 14:32:45.312 E/AppInfoBase( 5172): 	at com.android.settings.applications.InstalledAppDetails.onActivityResult(InstalledAppDetails.java:435)
09-19 14:32:45.312 E/AppInfoBase( 5172): 	at android.app.Activity.dispatchActivityResult(Activity.java:6452)
09-19 14:32:45.312 E/AppInfoBase( 5172): 	at android.app.ActivityThread.deliverResults(ActivityThread.java:3695)
09-19 14:32:45.312 E/AppInfoBase( 5172): 	at android.app.ActivityThread.handleSendResult(ActivityThread.java:3742)
09-19 14:32:45.312 E/AppInfoBase( 5172): 	at android.app.ActivityThread.-wrap16(ActivityThread.java)
09-19 14:32:45.312 E/AppInfoBase( 5172): 	at android.app.ActivityThread$H.handleMessage(ActivityThread.java:1393)
09-19 14:32:45.312 E/AppInfoBase( 5172): 	at android.os.Handler.dispatchMessage(Handler.java:102)
09-19 14:32:45.312 E/AppInfoBase( 5172): 	at android.os.Looper.loop(Looper.java:148)
09-19 14:32:45.312 E/AppInfoBase( 5172): 	at android.app.ActivityThread.main(ActivityThread.java:5417)
09-19 14:32:45.312 E/AppInfoBase( 5172): 	at java.lang.reflect.Method.invoke(Native Method)
09-19 14:32:45.312 E/AppInfoBase( 5172): 	at com.android.internal.os.ZygoteInit$MethodAndArgsCaller.run(ZygoteInit.java:726)
09-19 14:32:45.312 E/AppInfoBase( 5172): 	at com.android.internal.os.ZygoteInit.main(ZygoteInit.java:616)
09-19 14:32:45.583 I/art     ( 1492): Background partial concurrent mark sweep GC freed 3374(152KB) AllocSpace objects, 1(24KB) LOS objects, 39% free, 4MB/7MB, paused 1.822ms total 221.525ms
09-19 14:32:45.762 W/art     ( 1300): Long monitor contention event with owner method=int com.android.server.am.ActivityManagerService.broadcastIntent(android.app.IApplicationThread, android.content.Intent, java.lang.String, android.content.IIntentReceiver, int, java.lang.String, android.os.Bundle, java.lang.String[], int, android.os.Bundle, boolean, boolean, int) from ActivityManagerService.java:16907 waiters=0 for 433ms
09-19 14:32:45.776 E/Surface ( 5256): getSlotFromBufferLocked: unknown buffer: 0xabeeb8f0
09-19 14:32:45.785 D/CarrierServiceBindHelper( 1701): Receive action: android.intent.action.PACKAGE_REMOVED
09-19 14:32:45.791 W/ContextImpl( 5172): Calling a method in the system process without a qualified user: android.app.ContextImpl.sendBroadcast:763 android.content.ContextWrapper.sendBroadcast:396 com.android.settings.applications.PermissionsSummaryHelper.sendPermissionRequest:61 com.android.settings.applications.PermissionsSummaryHelper.getPermissionSummary:34 com.android.settings.applications.InstalledAppDetails.refreshUi:504 
09-19 14:32:45.796 D/Settings( 5172): Have 0 number of activities in preferred list
09-19 14:32:45.805 I/LatinIME:LogUtils( 1665): Dictionary info: dictionary = main:en ; version = 54 ; date = 1414726273
09-19 14:32:45.868 W/GeofencerStateMachine( 1766): Ignoring removeGeofence because network location is disabled.
09-19 14:32:45.910 I/art     ( 5256): Background partial concurrent mark sweep GC freed 21456(874KB) AllocSpace objects, 0(0B) LOS objects, 45% free, 1210KB/2MB, paused 1.472ms total 166.576ms
09-19 14:32:45.910 D/JobSchedulerService( 1300): Receieved: android.intent.action.PACKAGE_REMOVED
09-19 14:32:45.916 E/KernelUidCpuTimeReader( 1300): failed to remove uid from uid_cputime module
09-19 14:32:45.916 E/KernelUidCpuTimeReader( 1300): java.io.FileNotFoundException: /proc/uid_cputime/remove_uid_range: open failed: ENOENT (No such file or directory)
09-19 14:32:45.916 E/KernelUidCpuTimeReader( 1300): 	at libcore.io.IoBridge.open(IoBridge.java:452)
09-19 14:32:45.916 E/KernelUidCpuTimeReader( 1300): 	at java.io.FileOutputStream.<init>(FileOutputStream.java:87)
09-19 14:32:45.916 E/KernelUidCpuTimeReader( 1300): 	at java.io.FileOutputStream.<init>(FileOutputStream.java:72)
09-19 14:32:45.916 E/KernelUidCpuTimeReader( 1300): 	at java.io.FileWriter.<init>(FileWriter.java:80)
09-19 14:32:45.916 E/KernelUidCpuTimeReader( 1300): 	at com.android.internal.os.KernelUidCpuTimeReader.removeUid(KernelUidCpuTimeReader.java:157)
09-19 14:32:45.916 E/KernelUidCpuTimeReader( 1300): 	at com.android.internal.os.BatteryStatsImpl.removeUidStatsLocked(BatteryStatsImpl.java:8801)
09-19 14:32:45.916 E/KernelUidCpuTimeReader( 1300): 	at com.android.server.am.BatteryStatsService.removeUid(BatteryStatsService.java:242)
09-19 14:32:45.916 E/KernelUidCpuTimeReader( 1300): 	at com.android.server.am.ActivityManagerService.broadcastIntentLocked(ActivityManagerService.java:16540)
09-19 14:32:45.916 E/KernelUidCpuTimeReader( 1300): 	at com.android.server.am.ActivityManagerService.broadcastIntent(ActivityManagerService.java:16914)
09-19 14:32:45.916 E/KernelUidCpuTimeReader( 1300): 	at com.android.server.pm.PackageManagerService$8.run(PackageManagerService.java:9389)
09-19 14:32:45.916 E/KernelUidCpuTimeReader( 1300): 	at android.os.Handler.handleCallback(Handler.java:739)
09-19 14:32:45.916 E/KernelUidCpuTimeReader( 1300): 	at android.os.Handler.dispatchMessage(Handler.java:95)
09-19 14:32:45.916 E/KernelUidCpuTimeReader( 1300): 	at android.os.Looper.loop(Looper.java:148)
09-19 14:32:45.916 E/KernelUidCpuTimeReader( 1300): 	at android.os.HandlerThread.run(HandlerThread.java:61)
09-19 14:32:45.916 E/KernelUidCpuTimeReader( 1300): 	at com.android.server.ServiceThread.run(ServiceThread.java:46)
09-19 14:32:45.916 E/KernelUidCpuTimeReader( 1300): Caused by: android.system.ErrnoException: open failed: ENOENT (No such file or directory)
09-19 14:32:45.916 E/KernelUidCpuTimeReader( 1300): 	at libcore.io.Posix.open(Native Method)
09-19 14:32:45.916 E/KernelUidCpuTimeReader( 1300): 	at libcore.io.BlockGuardOs.open(BlockGuardOs.java:186)
09-19 14:32:45.916 E/KernelUidCpuTimeReader( 1300): 	at libcore.io.IoBridge.open(IoBridge.java:438)
09-19 14:32:45.916 E/KernelUidCpuTimeReader( 1300): 	... 14 more
09-19 14:32:45.919 I/InputReader( 1300): Reconfiguring input devices.  changes=0x00000010
09-19 14:32:45.952 W/MountService( 1300): No primary storage defined yet; hacking together a stub
09-19 14:32:45.952 W/MountService( 1300): No primary storage defined yet; hacking together a stub
09-19 14:32:46.064 W/EGL_emulation( 5172): eglSurfaceAttrib not implemented
09-19 14:32:46.064 W/OpenGLRenderer( 5172): Failed to set EGL_SWAP_BEHAVIOR on surface 0xab773540, error=EGL_SUCCESS
09-19 14:32:46.384 D/GCM-PT  ( 1871): Populating db of packages that use GCM
09-19 14:32:46.586 D/VoicemailCleanupService( 1534): Cleaning up data for package: dpatel96_a2.cs442.com.activitylifecycle
09-19 14:32:46.893 W/MountService( 1300): No primary storage defined yet; hacking together a stub
09-19 14:32:46.893 W/MountService( 1300): No primary storage defined yet; hacking together a stub
09-19 14:32:47.004 E/NetworkScheduler.SchedulerReceiver( 1871): Invalid parameter app
09-19 14:32:47.004 E/NetworkScheduler.SchedulerReceiver( 1871): Invalid package name : Perhaps you didn't include a PendingIntent in the extras?
09-19 14:32:47.104 D/PackageBroadcastService( 2019): Received broadcast action=android.intent.action.PACKAGE_REMOVED and uri=dpatel96_a2.cs442.com.activitylifecycle
09-19 14:32:47.129 D/AccountUtils( 2019): Clearing selected account for dpatel96_a2.cs442.com.activitylifecycle
09-19 14:32:47.167 I/LocationSettingsChecker( 2019): Removing dialog suppression flag for package dpatel96_a2.cs442.com.activitylifecycle
09-19 14:32:47.205 W/art     ( 5172): Long monitor contention event with owner method=void com.android.settingslib.applications.ApplicationsState$BackgroundHandler.handleMessage(android.os.Message) from ApplicationsState.java:850 waiters=0 for 118ms
09-19 14:32:47.226 W/MountService( 1300): No primary storage defined yet; hacking together a stub
09-19 14:32:47.227 W/MountService( 1300): No primary storage defined yet; hacking together a stub
09-19 14:32:47.229 W/MountService( 1300): No primary storage defined yet; hacking together a stub
09-19 14:32:47.229 W/MountService( 1300): No primary storage defined yet; hacking together a stub
09-19 14:32:47.231 W/MountService( 1300): No primary storage defined yet; hacking together a stub
09-19 14:32:47.232 W/MountService( 1300): No primary storage defined yet; hacking together a stub
09-19 14:32:47.232 W/MountService( 1300): No primary storage defined yet; hacking together a stub
09-19 14:32:47.232 W/MountService( 1300): No primary storage defined yet; hacking together a stub
