09-19 14:32:47.234 W/MountService( 1300): No primary storage defined yet; hacking together a stub
09-19 14:32:47.235 W/MountService( 1300): No primary storage defined yet; hacking together a stub
09-19 14:32:47.235 W/MountService( 1300): No primary storage defined yet; hacking together a stub
09-19 14:32:47.236 W/MountService( 1300): No primary storage defined yet; hacking together a stub
09-19 14:32:47.237 W/MountService( 1300): No primary storage defined yet; hacking together a stub
09-19 14:32:47.237 W/MountService( 1300): No primary storage defined yet; hacking together a stub
09-19 14:32:47.237 W/MountService( 1300): No primary storage defined yet; hacking together a stub
09-19 14:32:47.239 W/MountService( 1300): No primary storage defined yet; hacking together a stub
09-19 14:32:47.241 W/MountService( 1300): No primary storage defined yet; hacking together a stub
09-19 14:32:47.242 W/MountService( 1300): No primary storage defined yet; hacking together a stub
09-19 14:32:47.242 W/MountService( 1300): No primary storage defined yet; hacking together a stub
09-19 14:32:47.242 W/MountService( 1300): No primary storage defined yet; hacking together a stub
09-19 14:32:47.244 W/MountService( 1300): No primary storage defined yet; hacking together a stub
09-19 14:32:47.244 W/MountService( 1300): No primary storage defined yet; hacking together a stub
09-19 14:32:47.244 W/MountService( 1300): No primary storage defined yet; hacking together a stub
09-19 14:32:47.244 W/MountService( 1300): No primary storage defined yet; hacking together a stub
09-19 14:32:47.246 W/MountService( 1300): No primary storage defined yet; hacking together a stub
09-19 14:32:47.246 W/MountService( 1300): No primary storage defined yet; hacking together a stub
09-19 14:32:47.247 W/MountService( 1300): No primary storage defined yet; hacking together a stub
09-19 14:32:47.247 W/MountService( 1300): No primary storage defined yet; hacking together a stub
09-19 14:32:47.401 D/ChimeraCfgMgr( 2019): Loading module com.google.android.gms.games from APK com.google.android.gms
09-19 14:32:47.408 W/ContextImpl( 2573): Calling a method in the system process without a qualified user: android.app.ContextImpl.startService:1221 android.content.ContextWrapper.startService:581 android.content.ContextWrapper.startService:581 com.android.keychain.KeyChainBroadcastReceiver.onReceive:12 android.app.ActivityThread.handleReceiver:2725 
09-19 14:32:47.535 I/art     ( 5352): Late-enabling JIT
09-19 14:32:47.538 I/art     ( 5352): JIT created with code_cache_capacity=2MB compile_threshold=1000
09-19 14:32:47.559 I/ActivityManager( 1300): Start proc 5352:com.android.documentsui/u0a27 for broadcast com.android.documentsui/.PackageReceiver
09-19 14:32:47.647 I/GMPM-SVC( 2019): App measurement is starting up
09-19 14:32:47.666 I/ConfigService( 1871): onCreate
09-19 14:32:47.667 I/ConfigFetchService( 2019): onStartCommand Intent { act=android.intent.action.PACKAGE_REMOVED dat=package:dpatel96_a2.cs442.com.activitylifecycle cmp=com.google.android.gms/.config.ConfigFetchService (has extras) }
09-19 14:32:47.734 D/GOOGLEHELP_CompatibleDatabase( 2019): Open SQLiteDatabase: /data/user/0/com.google.android.gms/databases/metrics.db, release reference: 1
09-19 14:32:47.735 D/GOOGLEHELP_CompatibleDatabase( 2019): Acquire reference of SQLiteDatabase: /data/user/0/com.google.android.gms/databases/metrics.db: 2
09-19 14:32:47.735 D/gH_MetricsDatabase( 2019): 0 metrics were deleted when clearing package dpatel96_a2.cs442.com.activitylifecycle.
09-19 14:32:47.735 D/GOOGLEHELP_CompatibleDatabase( 2019): Release reference of SQLiteDatabase: /data/user/0/com.google.android.gms/databases/metrics.db: 1
09-19 14:32:47.769 E/GMPM-SVC( 2019): AppMeasurementService not registered/enabled
09-19 14:32:47.769 E/GMPM-SVC( 2019): Uploading is not possible. App measurement disabled
09-19 14:32:47.798 W/BaseAppContext( 2019): Using Auth Proxy for data requests.
09-19 14:32:47.803 W/BaseAppContext( 2019): Using Auth Proxy for data requests.
09-19 14:32:47.821 I/Icing   ( 2019): doRemovePackageData dpatel96_a2.cs442.com.activitylifecycle
09-19 14:32:47.838 I/PeopleContactsSync( 2019): CP2 sync disabled
09-19 14:32:47.842 W/MountService( 1300): No primary storage defined yet; hacking together a stub
09-19 14:32:47.843 W/MountService( 1300): No primary storage defined yet; hacking together a stub
09-19 14:32:47.843 W/MountService( 1300): No primary storage defined yet; hacking together a stub
09-19 14:32:47.843 W/MountService( 1300): No primary storage defined yet; hacking together a stub
09-19 14:32:47.846 W/MountService( 1300): No primary storage defined yet; hacking together a stub
09-19 14:32:47.846 W/MountService( 1300): No primary storage defined yet; hacking together a stub
09-19 14:32:47.847 W/MountService( 1300): No primary storage defined yet; hacking together a stub
09-19 14:32:47.847 W/MountService( 1300): No primary storage defined yet; hacking together a stub
09-19 14:32:47.887 W/MountService( 1300): No primary storage defined yet; hacking together a stub
09-19 14:32:47.891 W/MountService( 1300): No primary storage defined yet; hacking together a stub
09-19 14:32:47.894 W/MountService( 1300): No primary storage defined yet; hacking together a stub
09-19 14:32:47.927 D/GOOGLEHELP_CompatibleDatabase( 2019): Open SQLiteDatabase: /data/user/0/com.google.android.gms/databases/help_responses.db, release reference: 1
09-19 14:32:47.927 D/GOOGLEHELP_CompatibleDatabase( 2019): Acquire reference of SQLiteDatabase: /data/user/0/com.google.android.gms/databases/help_responses.db: 2
09-19 14:32:47.948 W/MountService( 1300): No primary storage defined yet; hacking together a stub
09-19 14:32:47.952 W/MountService( 1300): No primary storage defined yet; hacking together a stub
09-19 14:32:47.954 W/MountService( 1300): No primary storage defined yet; hacking together a stub
09-19 14:32:47.955 W/MountService( 1300): No primary storage defined yet; hacking together a stub
09-19 14:32:47.956 W/MountService( 1300): No primary storage defined yet; hacking together a stub
09-19 14:32:48.019 W/MountService( 1300): No primary storage defined yet; hacking together a stub
09-19 14:32:48.024 W/MountService( 1300): No primary storage defined yet; hacking together a stub
09-19 14:32:48.028 W/MountService( 1300): No primary storage defined yet; hacking together a stub
09-19 14:32:48.030 W/MountService( 1300): No primary storage defined yet; hacking together a stub
09-19 14:32:48.033 W/MountService( 1300): No primary storage defined yet; hacking together a stub
09-19 14:32:48.033 W/MountService( 1300): No primary storage defined yet; hacking together a stub
09-19 14:32:48.034 W/MountService( 1300): No primary storage defined yet; hacking together a stub
09-19 14:32:48.034 W/MountService( 1300): No primary storage defined yet; hacking together a stub
09-19 14:32:48.037 W/MountService( 1300): No primary storage defined yet; hacking together a stub
09-19 14:32:48.082 E/StrictMode( 1871): A resource was acquired at attached stack trace but never released. See java.io.Closeable for information on avoiding resource leaks.
09-19 14:32:48.082 E/StrictMode( 1871): java.lang.Throwable: Explicit termination method 'end' not called
09-19 14:32:48.082 E/StrictMode( 1871): 	at dalvik.system.CloseGuard.open(CloseGuard.java:180)
09-19 14:32:48.082 E/StrictMode( 1871): 	at java.util.zip.Inflater.<init>(Inflater.java:82)
09-19 14:32:48.082 E/StrictMode( 1871): 	at com.android.okhttp.okio.GzipSource.<init>(GzipSource.java:62)
09-19 14:32:48.082 E/StrictMode( 1871): 	at com.android.okhttp.internal.http.HttpEngine.unzip(HttpEngine.java:645)
09-19 14:32:48.082 E/StrictMode( 1871): 	at com.android.okhttp.internal.http.HttpEngine.readResponse(HttpEngine.java:827)
09-19 14:32:48.082 E/StrictMode( 1871): 	at com.android.okhttp.internal.huc.HttpURLConnectionImpl.execute(HttpURLConnectionImpl.java:439)
09-19 14:32:48.082 E/StrictMode( 1871): 	at com.android.okhttp.internal.huc.HttpURLConnectionImpl.getResponse(HttpURLConnectionImpl.java:384)
09-19 14:32:48.082 E/StrictMode( 1871): 	at com.android.okhttp.internal.huc.HttpURLConnectionImpl.getResponseCode(HttpURLConnectionImpl.java:497)
09-19 14:32:48.082 E/StrictMode( 1871): 	at com.android.okhttp.internal.huc.DelegatingHttpsURLConnection.getResponseCode(DelegatingHttpsURLConnection.java:105)
09-19 14:32:48.082 E/StrictMode( 1871): 	at com.android.okhttp.internal.huc.HttpsURLConnectionImpl.getResponseCode(HttpsURLConnectionImpl.java)
09-19 14:32:48.082 E/StrictMode( 1871): 	at com.google.android.gms.http.GoogleHttpClient.a(SourceFile:811)
09-19 14:32:48.082 E/StrictMode( 1871): 	at com.google.android.gms.http.GoogleHttpClient.a(SourceFile:776)
09-19 14:32:48.082 E/StrictMode( 1871): 	at com.google.android.gms.http.GoogleHttpClient.execute(SourceFile:676)
09-19 14:32:48.082 E/StrictMode( 1871): 	at com.google.android.gms.http.GoogleHttpClient.execute(SourceFile:660)
09-19 14:32:48.082 E/StrictMode( 1871): 	at com.google.android.gms.auth.be.j.a(SourceFile:220)
09-19 14:32:48.082 E/StrictMode( 1871): 	at com.google.android.gms.auth.be.appcert.a.a(SourceFile:263)
09-19 14:32:48.082 E/StrictMode( 1871): 	at com.google.android.gms.auth.be.appcert.a.a(SourceFile:132)
09-19 14:32:48.082 E/StrictMode( 1871): 	at com.google.android.gms.auth.be.appcert.b.a(SourceFile:43)
09-19 14:32:48.082 E/StrictMode( 1871): 	at com.google.android.gms.auth.b.b.a(SourceFile:62)
09-19 14:32:48.082 E/StrictMode( 1871): 	at com.google.android.gms.auth.b.a.a(SourceFile:120)
09-19 14:32:48.082 E/StrictMode( 1871): 	at com.google.android.gms.auth.b.a.a(SourceFile:61)
09-19 14:32:48.082 E/StrictMode( 1871): 	at com.google.android.gms.auth.be.cron.AuthCronService.a(SourceFile:44)
09-19 14:32:48.082 E/StrictMode( 1871): 	at com.google.android.gms.gcm.al.run(SourceFile:135)
09-19 14:32:48.090 D/GOOGLEHELP_CompatibleDatabase( 2019): Release reference of SQLiteDatabase: /data/user/0/com.google.android.gms/databases/help_responses.db: 1
09-19 14:32:48.118 W/MountService( 1300): No primary storage defined yet; hacking together a stub
09-19 14:32:48.121 W/MountService( 1300): No primary storage defined yet; hacking together a stub
09-19 14:32:48.124 W/MountService( 1300): No primary storage defined yet; hacking together a stub
09-19 14:32:48.166 W/MountService( 1300): No primary storage defined yet; hacking together a stub
09-19 14:32:48.173 W/MountService( 1300): No primary storage defined yet; hacking together a stub
09-19 14:32:48.176 W/MountService( 1300): No primary storage defined yet; hacking together a stub
09-19 14:32:48.181 W/MountService( 1300): No primary storage defined yet; hacking together a stub
09-19 14:32:48.184 W/MountService( 1300): No primary storage defined yet; hacking together a stub
09-19 14:32:48.185 W/MountService( 1300): No primary storage defined yet; hacking together a stub
09-19 14:32:48.185 W/MountService( 1300): No primary storage defined yet; hacking together a stub
09-19 14:32:48.186 W/MountService( 1300): No primary storage defined yet; hacking together a stub
09-19 14:32:48.207 W/MountService( 1300): No primary storage defined yet; hacking together a stub
09-19 14:32:48.210 W/MountService( 1300): No primary storage defined yet; hacking together a stub
09-19 14:32:48.211 W/MountService( 1300): No primary storage defined yet; hacking together a stub
09-19 14:32:48.223 W/MountService( 1300): No primary storage defined yet; hacking together a stub
09-19 14:32:48.235 W/MountService( 1300): No primary storage defined yet; hacking together a stub
09-19 14:32:48.236 W/MountService( 1300): No primary storage defined yet; hacking together a stub
09-19 14:32:48.244 W/MountService( 1300): No primary storage defined yet; hacking together a stub
09-19 14:32:48.247 W/MountService( 1300): No primary storage defined yet; hacking together a stub
09-19 14:32:48.253 W/MountService( 1300): No primary storage defined yet; hacking together a stub
09-19 14:32:48.256 W/MountService( 1300): No primary storage defined yet; hacking together a stub
09-19 14:32:48.260 W/MountService( 1300): No primary storage defined yet; hacking together a stub
09-19 14:32:48.262 W/MountService( 1300): No primary storage defined yet; hacking together a stub
09-19 14:32:48.267 W/MountService( 1300): No primary storage defined yet; hacking together a stub
09-19 14:32:48.270 W/MountService( 1300): No primary storage defined yet; hacking together a stub
09-19 14:32:48.275 W/MountService( 1300): No primary storage defined yet; hacking together a stub
09-19 14:32:48.277 W/MountService( 1300): No primary storage defined yet; hacking together a stub
09-19 14:32:48.283 W/MountService( 1300): No primary storage defined yet; hacking together a stub
09-19 14:32:48.285 W/MountService( 1300): No primary storage defined yet; hacking together a stub
09-19 14:32:48.289 W/MountService( 1300): No primary storage defined yet; hacking together a stub
09-19 14:32:48.291 W/MountService( 1300): No primary storage defined yet; hacking together a stub
09-19 14:32:48.297 W/installd(  954): Failed to open /data/data/android: No such file or directory
09-19 14:32:48.301 W/MountService( 1300): No primary storage defined yet; hacking together a stub
09-19 14:32:48.304 W/MountService( 1300): No primary storage defined yet; hacking together a stub
09-19 14:32:48.307 W/MountService( 1300): No primary storage defined yet; hacking together a stub
09-19 14:32:48.310 W/MountService( 1300): No primary storage defined yet; hacking together a stub
09-19 14:32:48.315 W/MountService( 1300): No primary storage defined yet; hacking together a stub
09-19 14:32:48.317 W/MountService( 1300): No primary storage defined yet; hacking together a stub
09-19 14:32:48.320 W/MountService( 1300): No primary storage defined yet; hacking together a stub
09-19 14:32:48.323 W/MountService( 1300): No primary storage defined yet; hacking together a stub
09-19 14:32:48.329 W/MountService( 1300): No primary storage defined yet; hacking together a stub
09-19 14:32:48.332 W/MountService( 1300): No primary storage defined yet; hacking together a stub
09-19 14:32:48.334 W/MountService( 1300): No primary storage defined yet; hacking together a stub
09-19 14:32:48.337 W/MountService( 1300): No primary storage defined yet; hacking together a stub
09-19 14:32:48.347 W/MountService( 1300): No primary storage defined yet; hacking together a stub
09-19 14:32:48.351 W/MountService( 1300): No primary storage defined yet; hacking together a stub
09-19 14:32:48.355 W/MountService( 1300): No primary storage defined yet; hacking together a stub
09-19 14:32:48.365 W/MountService( 1300): No primary storage defined yet; hacking together a stub
09-19 14:32:48.373 W/MountService( 1300): No primary storage defined yet; hacking together a stub
09-19 14:32:48.376 W/MountService( 1300): No primary storage defined yet; hacking together a stub
09-19 14:32:48.380 W/MountService( 1300): No primary storage defined yet; hacking together a stub
09-19 14:32:48.384 W/MountService( 1300): No primary storage defined yet; hacking together a stub
09-19 14:32:48.392 W/MountService( 1300): No primary storage defined yet; hacking together a stub
09-19 14:32:48.396 W/MountService( 1300): No primary storage defined yet; hacking together a stub
09-19 14:32:48.400 W/MountService( 1300): No primary storage defined yet; hacking together a stub
09-19 14:32:48.404 W/MountService( 1300): No primary storage defined yet; hacking together a stub
09-19 14:32:48.409 W/MountService( 1300): No primary storage defined yet; hacking together a stub
09-19 14:32:48.451 D/GOOGLEHELP_CompatibleDatabase( 2019): Open SQLiteDatabase: /data/user/0/com.google.android.gms/databases/auto_complete_suggestions.db, release reference: 1
09-19 14:32:48.451 D/GOOGLEHELP_CompatibleDatabase( 2019): Acquire reference of SQLiteDatabase: /data/user/0/com.google.android.gms/databases/auto_complete_suggestions.db: 2
09-19 14:32:48.452 D/GOOGLEHELP_CompatibleDatabase( 2019): Release reference of SQLiteDatabase: /data/user/0/com.google.android.gms/databases/auto_complete_suggestions.db: 1
09-19 14:32:48.452 D/GOOGLEHELP_CompatibleDatabase( 2019): Close SQLiteDatabase: /data/user/0/com.google.android.gms/databases/metrics.db, release reference: 0
09-19 14:32:48.453 D/GOOGLEHELP_CompatibleDatabase( 2019): Close SQLiteDatabase: /data/user/0/com.google.android.gms/databases/help_responses.db, release reference: 0
09-19 14:32:48.453 D/GOOGLEHELP_CompatibleDatabase( 2019): Close SQLiteDatabase: /data/user/0/com.google.android.gms/databases/auto_complete_suggestions.db, release reference: 0
09-19 14:32:48.500 E/ConnectivityChangeReceiver( 2019): Ignoring connectivity change
09-19 14:32:48.523 D/ConnectivityService( 1300): listenForNetwork for Listen from uid/pid:10007/2019 for NetworkRequest [ id=4, legacyType=-1, [ Capabilities: INTERNET&NOT_RESTRICTED&TRUSTED&NOT_VPN] ]
09-19 14:32:48.524 D/ConnectivityService( 1300): rematching NetworkAgentInfo [MOBILE (UMTS) - 100]
09-19 14:32:48.550 D/ConnectivityManager.CallbackHandler( 2019): CM callback handler got msg 524290
09-19 14:32:48.737 E/Surface ( 5256): getSlotFromBufferLocked: unknown buffer: 0xabeed090
09-19 14:32:49.057 W/DriveInitializer( 2019): Awaiting to be initialized
09-19 14:32:49.077 W/DriveInitializer( 2019): Background init thread started
09-19 14:32:49.124 W/MountService( 1300): No primary storage defined yet; hacking together a stub
09-19 14:32:49.127 W/MountService( 1300): No primary storage defined yet; hacking together a stub
09-19 14:32:49.130 W/MountService( 1300): No primary storage defined yet; hacking together a stub
09-19 14:32:49.132 W/MountService( 1300): No primary storage defined yet; hacking together a stub
09-19 14:32:49.133 W/MountService( 1300): No primary storage defined yet; hacking together a stub
09-19 14:32:49.133 W/MountService( 1300): No primary storage defined yet; hacking together a stub
09-19 14:32:49.133 W/MountService( 1300): No primary storage defined yet; hacking together a stub
09-19 14:32:49.135 W/MountService( 1300): No primary storage defined yet; hacking together a stub
09-19 14:32:49.135 W/MountService( 1300): No primary storage defined yet; hacking together a stub
09-19 14:32:49.136 W/MountService( 1300): No primary storage defined yet; hacking together a stub
09-19 14:32:49.136 W/MountService( 1300): No primary storage defined yet; hacking together a stub
09-19 14:32:49.138 W/MountService( 1300): No primary storage defined yet; hacking together a stub
09-19 14:32:49.138 W/MountService( 1300): No primary storage defined yet; hacking together a stub
09-19 14:32:49.162 W/MountService( 1300): No primary storage defined yet; hacking together a stub
09-19 14:32:49.164 W/MountService( 1300): No primary storage defined yet; hacking together a stub
09-19 14:32:49.171 W/MountService( 1300): No primary storage defined yet; hacking together a stub
09-19 14:32:49.174 W/MountService( 1300): No primary storage defined yet; hacking together a stub
09-19 14:32:49.204 W/MountService( 1300): No primary storage defined yet; hacking together a stub
09-19 14:32:49.206 W/MountService( 1300): No primary storage defined yet; hacking together a stub
09-19 14:32:49.227 W/MountService( 1300): No primary storage defined yet; hacking together a stub
09-19 14:32:49.227 W/MountService( 1300): No primary storage defined yet; hacking together a stub
09-19 14:32:49.227 W/MountService( 1300): No primary storage defined yet; hacking together a stub
09-19 14:32:49.227 W/MountService( 1300): No primary storage defined yet; hacking together a stub
09-19 14:32:49.305 W/MountService( 1300): No primary storage defined yet; hacking together a stub
09-19 14:32:49.408 W/MountService( 1300): No primary storage defined yet; hacking together a stub
09-19 14:32:49.487 W/MountService( 1300): No primary storage defined yet; hacking together a stub
09-19 14:32:49.489 W/MountService( 1300): No primary storage defined yet; hacking together a stub
09-19 14:32:49.492 W/MountService( 1300): No primary storage defined yet; hacking together a stub
09-19 14:32:49.492 W/MountService( 1300): No primary storage defined yet; hacking together a stub
09-19 14:32:49.492 W/MountService( 1300): No primary storage defined yet; hacking together a stub
09-19 14:32:49.492 W/MountService( 1300): No primary storage defined yet; hacking together a stub
09-19 14:32:49.494 W/MountService( 1300): No primary storage defined yet; hacking together a stub
09-19 14:32:49.495 W/MountService( 1300): No primary storage defined yet; hacking together a stub
09-19 14:32:49.495 W/MountService( 1300): No primary storage defined yet; hacking together a stub
09-19 14:32:49.495 W/MountService( 1300): No primary storage defined yet; hacking together a stub
09-19 14:32:49.497 W/MountService( 1300): No primary storage defined yet; hacking together a stub
09-19 14:32:49.497 W/MountService( 1300): No primary storage defined yet; hacking together a stub
09-19 14:32:49.497 W/MountService( 1300): No primary storage defined yet; hacking together a stub
09-19 14:32:49.498 W/MountService( 1300): No primary storage defined yet; hacking together a stub
09-19 14:32:49.511 W/MountService( 1300): No primary storage defined yet; hacking together a stub
09-19 14:32:49.512 W/MountService( 1300): No primary storage defined yet; hacking together a stub
09-19 14:32:49.512 W/MountService( 1300): No primary storage defined yet; hacking together a stub
09-19 14:32:49.512 W/MountService( 1300): No primary storage defined yet; hacking together a stub
09-19 14:32:49.550 W/MountService( 1300): No primary storage defined yet; hacking together a stub
09-19 14:32:49.550 W/MountService( 1300): No primary storage defined yet; hacking together a stub
09-19 14:32:49.551 W/MountService( 1300): No primary storage defined yet; hacking together a stub
09-19 14:32:49.551 W/MountService( 1300): No primary storage defined yet; hacking together a stub
09-19 14:32:49.559 W/art     ( 2019): Long monitor contention event with owner method=long java.lang.System.currentTimeMillis!() from System.java:4294967294 waiters=0 for 380ms
09-19 14:32:49.573 W/MountService( 1300): No primary storage defined yet; hacking together a stub
09-19 14:32:49.577 W/MountService( 1300): No primary storage defined yet; hacking together a stub
09-19 14:32:49.580 W/MountService( 1300): No primary storage defined yet; hacking together a stub
09-19 14:32:49.582 W/MountService( 1300): No primary storage defined yet; hacking together a stub
09-19 14:32:49.587 W/MountService( 1300): No primary storage defined yet; hacking together a stub
09-19 14:32:49.597 I/AccountManagerService( 1300): getTypesVisibleToCaller: isPermitted? true
09-19 14:32:49.600 W/MountService( 1300): No primary storage defined yet; hacking together a stub
09-19 14:32:49.604 W/MountService( 1300): No primary storage defined yet; hacking together a stub
09-19 14:32:49.604 W/MountService( 1300): No primary storage defined yet; hacking together a stub
09-19 14:32:49.604 W/MountService( 1300): No primary storage defined yet; hacking together a stub
09-19 14:32:49.604 W/ContextImpl( 2019): Failed to ensure /sdcard/Android/data/com.google.android.gms/files: java.lang.SecurityException: Invalid mkdirs path: /storage/self/primary/Android/data/com.google.android.gms/files
09-19 14:32:49.639 W/MountService( 1300): No primary storage defined yet; hacking together a stub
09-19 14:32:49.643 W/MountService( 1300): No primary storage defined yet; hacking together a stub
09-19 14:32:49.646 W/MountService( 1300): No primary storage defined yet; hacking together a stub
09-19 14:32:49.651 W/MountService( 1300): No primary storage defined yet; hacking together a stub
09-19 14:32:49.651 W/MountService( 1300): No primary storage defined yet; hacking together a stub
09-19 14:32:49.651 W/MountService( 1300): No primary storage defined yet; hacking together a stub
09-19 14:32:49.651 W/MountService( 1300): No primary storage defined yet; hacking together a stub
09-19 14:32:49.653 W/MountService( 1300): No primary storage defined yet; hacking together a stub
09-19 14:32:49.654 W/MountService( 1300): No primary storage defined yet; hacking together a stub
09-19 14:32:49.654 W/MountService( 1300): No primary storage defined yet; hacking together a stub
09-19 14:32:49.654 W/MountService( 1300): No primary storage defined yet; hacking together a stub
09-19 14:32:49.656 W/MountService( 1300): No primary storage defined yet; hacking together a stub
09-19 14:32:49.656 W/MountService( 1300): No primary storage defined yet; hacking together a stub
09-19 14:32:49.657 W/MountService( 1300): No primary storage defined yet; hacking together a stub
09-19 14:32:49.657 W/MountService( 1300): No primary storage defined yet; hacking together a stub
09-19 14:32:49.658 W/MountService( 1300): No primary storage defined yet; hacking together a stub
09-19 14:32:49.666 W/MountService( 1300): No primary storage defined yet; hacking together a stub
09-19 14:32:49.667 W/MountService( 1300): No primary storage defined yet; hacking together a stub
09-19 14:32:49.670 W/MountService( 1300): No primary storage defined yet; hacking together a stub
09-19 14:32:49.674 W/MountService( 1300): No primary storage defined yet; hacking together a stub
09-19 14:32:49.677 W/MountService( 1300): No primary storage defined yet; hacking together a stub
09-19 14:32:49.681 W/MountService( 1300): No primary storage defined yet; hacking together a stub
09-19 14:32:49.683 W/MountService( 1300): No primary storage defined yet; hacking together a stub
09-19 14:32:49.687 W/MountService( 1300): No primary storage defined yet; hacking together a stub
09-19 14:32:49.797 W/MountService( 1300): No primary storage defined yet; hacking together a stub
09-19 14:32:49.802 W/MountService( 1300): No primary storage defined yet; hacking together a stub
09-19 14:32:49.805 W/MountService( 1300): No primary storage defined yet; hacking together a stub
09-19 14:32:49.805 W/MountService( 1300): No primary storage defined yet; hacking together a stub
09-19 14:32:49.806 W/MountService( 1300): No primary storage defined yet; hacking together a stub
09-19 14:32:49.806 W/ContextImpl( 2019): Failed to ensure /sdcard/Android/data/com.google.android.gms/files: java.lang.SecurityException: Invalid mkdirs path: /storage/self/primary/Android/data/com.google.android.gms/files
09-19 14:32:49.807 E/FileSystemUtils( 2019): Unable to create shared content directory; disabling shared storage.
09-19 14:32:49.807 E/FileSystemUtils( 2019): java.io.IOException: Unable to create cache directory: /drive_content_do_not_modify
09-19 14:32:49.807 E/FileSystemUtils( 2019): 	at com.google.android.gms.drive.i.af.a(SourceFile:234)
09-19 14:32:49.807 E/FileSystemUtils( 2019): 	at com.google.android.gms.drive.i.af.f(SourceFile:201)
09-19 14:32:49.807 E/FileSystemUtils( 2019): 	at com.google.android.gms.drive.b.e.run(SourceFile:72)
09-19 14:32:49.807 E/FileSystemUtils( 2019): 	at com.google.android.gms.drive.i.bz.run(SourceFile:51)
09-19 14:32:49.807 E/FileSystemUtils( 2019): 	at java.util.concurrent.ThreadPoolExecutor.runWorker(ThreadPoolExecutor.java:1113)
09-19 14:32:49.807 E/FileSystemUtils( 2019): 	at java.util.concurrent.ThreadPoolExecutor$Worker.run(ThreadPoolExecutor.java:588)
09-19 14:32:49.807 E/FileSystemUtils( 2019): 	at java.lang.Thread.run(Thread.java:818)
09-19 14:32:49.818 W/MountService( 1300): No primary storage defined yet; hacking together a stub
09-19 14:32:49.821 W/MountService( 1300): No primary storage defined yet; hacking together a stub
09-19 14:32:49.825 W/MountService( 1300): No primary storage defined yet; hacking together a stub
09-19 14:32:49.825 W/MountService( 1300): No primary storage defined yet; hacking together a stub
09-19 14:32:49.825 W/MountService( 1300): No primary storage defined yet; hacking together a stub
09-19 14:32:49.826 W/ContextImpl( 2019): Failed to ensure /sdcard/Android/data/com.google.android.gms/files: java.lang.SecurityException: Invalid mkdirs path: /storage/self/primary/Android/data/com.google.android.gms/files
09-19 14:32:49.826 E/FileSystemUtils( 2019): Unable to create shared content directory; disabling shared storage.
09-19 14:32:49.826 E/FileSystemUtils( 2019): java.io.IOException: Unable to create cache directory: /drive_content_do_not_modify
09-19 14:32:49.826 E/FileSystemUtils( 2019): 	at com.google.android.gms.drive.i.af.a(SourceFile:234)
09-19 14:32:49.826 E/FileSystemUtils( 2019): 	at com.google.android.gms.drive.i.af.f(SourceFile:201)
09-19 14:32:49.826 E/FileSystemUtils( 2019): 	at com.google.android.gms.drive.b.e.run(SourceFile:72)
09-19 14:32:49.826 E/FileSystemUtils( 2019): 	at com.google.android.gms.drive.i.bz.run(SourceFile:51)
09-19 14:32:49.826 E/FileSystemUtils( 2019): 	at java.util.concurrent.ThreadPoolExecutor.runWorker(ThreadPoolExecutor.java:1113)
09-19 14:32:49.826 E/FileSystemUtils( 2019): 	at java.util.concurrent.ThreadPoolExecutor$Worker.run(ThreadPoolExecutor.java:588)
09-19 14:32:49.826 E/FileSystemUtils( 2019): 	at java.lang.Thread.run(Thread.java:818)
09-19 14:32:49.837 W/MountService( 1300): No primary storage defined yet; hacking together a stub
09-19 14:32:49.842 W/MountService( 1300): No primary storage defined yet; hacking together a stub
09-19 14:32:49.846 W/MountService( 1300): No primary storage defined yet; hacking together a stub
09-19 14:32:49.846 W/MountService( 1300): No primary storage defined yet; hacking together a stub
09-19 14:32:49.846 W/MountService( 1300): No primary storage defined yet; hacking together a stub
09-19 14:32:49.847 W/ContextImpl( 2019): Failed to ensure /sdcard/Android/data/com.google.android.gms/files: java.lang.SecurityException: Invalid mkdirs path: /storage/self/primary/Android/data/com.google.android.gms/files
09-19 14:32:49.847 E/FileSystemUtils( 2019): Unable to create shared content directory; disabling shared storage.
09-19 14:32:49.847 E/FileSystemUtils( 2019): java.io.IOException: Unable to create cache directory: /drive_content_do_not_modify
09-19 14:32:49.847 E/FileSystemUtils( 2019): 	at com.google.android.gms.drive.i.af.a(SourceFile:234)
09-19 14:32:49.847 E/FileSystemUtils( 2019): 	at com.google.android.gms.drive.i.af.f(SourceFile:201)
09-19 14:32:49.847 E/FileSystemUtils( 2019): 	at com.google.android.gms.drive.b.e.run(SourceFile:72)
09-19 14:32:49.847 E/FileSystemUtils( 2019): 	at com.google.android.gms.drive.i.bz.run(SourceFile:51)
09-19 14:32:49.847 E/FileSystemUtils( 2019): 	at java.util.concurrent.ThreadPoolExecutor.runWorker(ThreadPoolExecutor.java:1113)
09-19 14:32:49.847 E/FileSystemUtils( 2019): 	at java.util.concurrent.ThreadPoolExecutor$Worker.run(ThreadPoolExecutor.java:588)
09-19 14:32:49.847 E/FileSystemUtils( 2019): 	at java.lang.Thread.run(Thread.java:818)
09-19 14:32:49.863 W/MountService( 1300): No primary storage defined yet; hacking together a stub
09-19 14:32:49.865 W/MountService( 1300): No primary storage defined yet; hacking together a stub
09-19 14:32:49.867 W/MountService( 1300): No primary storage defined yet; hacking together a stub
09-19 14:32:49.873 W/MountService( 1300): No primary storage defined yet; hacking together a stub
09-19 14:32:49.875 W/MountService( 1300): No primary storage defined yet; hacking together a stub
09-19 14:32:49.879 W/MountService( 1300): No primary storage defined yet; hacking together a stub
09-19 14:32:49.882 W/MountService( 1300): No primary storage defined yet; hacking together a stub
09-19 14:32:49.887 W/MountService( 1300): No primary storage defined yet; hacking together a stub
09-19 14:32:49.889 W/MountService( 1300): No primary storage defined yet; hacking together a stub
09-19 14:32:49.889 W/MountService( 1300): No primary storage defined yet; hacking together a stub
09-19 14:32:49.890 W/MountService( 1300): No primary storage defined yet; hacking together a stub
09-19 14:32:49.892 W/MountService( 1300): No primary storage defined yet; hacking together a stub
09-19 14:32:49.892 W/MountService( 1300): No primary storage defined yet; hacking together a stub
09-19 14:32:49.893 W/MountService( 1300): No primary storage defined yet; hacking together a stub
09-19 14:32:49.893 W/MountService( 1300): No primary storage defined yet; hacking together a stub
09-19 14:32:49.894 W/MountService( 1300): No primary storage defined yet; hacking together a stub
09-19 14:32:49.895 W/MountService( 1300): No primary storage defined yet; hacking together a stub
09-19 14:32:49.895 W/MountService( 1300): No primary storage defined yet; hacking together a stub
09-19 14:32:49.895 W/MountService( 1300): No primary storage defined yet; hacking together a stub
09-19 14:32:49.897 W/MountService( 1300): No primary storage defined yet; hacking together a stub
09-19 14:32:49.897 W/MountService( 1300): No primary storage defined yet; hacking together a stub
09-19 14:32:49.898 W/MountService( 1300): No primary storage defined yet; hacking together a stub
09-19 14:32:49.898 W/MountService( 1300): No primary storage defined yet; hacking together a stub
09-19 14:32:49.906 W/MountService( 1300): No primary storage defined yet; hacking together a stub
09-19 14:32:49.907 W/MountService( 1300): No primary storage defined yet; hacking together a stub
09-19 14:32:49.912 W/MountService( 1300): No primary storage defined yet; hacking together a stub
09-19 14:32:49.914 W/MountService( 1300): No primary storage defined yet; hacking together a stub
09-19 14:32:49.922 W/DriveInitializer( 2019): Background init thread ended
09-19 14:32:49.941 W/MountService( 1300): No primary storage defined yet; hacking together a stub
09-19 14:32:49.941 W/MountService( 1300): No primary storage defined yet; hacking together a stub
09-19 14:32:49.944 W/MountService( 1300): No primary storage defined yet; hacking together a stub
09-19 14:32:49.945 W/MountService( 1300): No primary storage defined yet; hacking together a stub
09-19 14:32:49.958 W/MountService( 1300): No primary storage defined yet; hacking together a stub
09-19 14:32:49.962 W/MountService( 1300): No primary storage defined yet; hacking together a stub
09-19 14:32:49.965 W/MountService( 1300): No primary storage defined yet; hacking together a stub
09-19 14:32:49.968 W/MountService( 1300): No primary storage defined yet; hacking together a stub
09-19 14:32:49.974 W/MountService( 1300): No primary storage defined yet; hacking together a stub
09-19 14:32:49.975 W/MountService( 1300): No primary storage defined yet; hacking together a stub
09-19 14:32:49.975 W/MountService( 1300): No primary storage defined yet; hacking together a stub
09-19 14:32:49.976 W/MountService( 1300): No primary storage defined yet; hacking together a stub
09-19 14:32:49.977 W/MountService( 1300): No primary storage defined yet; hacking together a stub
09-19 14:32:49.978 W/MountService( 1300): No primary storage defined yet; hacking together a stub
09-19 14:32:49.978 W/MountService( 1300): No primary storage defined yet; hacking together a stub
09-19 14:32:49.978 W/MountService( 1300): No primary storage defined yet; hacking together a stub
09-19 14:32:49.981 W/MountService( 1300): No primary storage defined yet; hacking together a stub
09-19 14:32:49.981 W/MountService( 1300): No primary storage defined yet; hacking together a stub
09-19 14:32:49.981 W/MountService( 1300): No primary storage defined yet; hacking together a stub
09-19 14:32:49.982 W/MountService( 1300): No primary storage defined yet; hacking together a stub
09-19 14:32:49.984 W/MountService( 1300): No primary storage defined yet; hacking together a stub
09-19 14:32:49.984 W/MountService( 1300): No primary storage defined yet; hacking together a stub
09-19 14:32:49.984 W/MountService( 1300): No primary storage defined yet; hacking together a stub
09-19 14:32:49.985 W/MountService( 1300): No primary storage defined yet; hacking together a stub
09-19 14:32:49.986 W/MountService( 1300): No primary storage defined yet; hacking together a stub
09-19 14:32:49.987 W/MountService( 1300): No primary storage defined yet; hacking together a stub
09-19 14:32:49.987 W/MountService( 1300): No primary storage defined yet; hacking together a stub
09-19 14:32:49.987 W/MountService( 1300): No primary storage defined yet; hacking together a stub
09-19 14:32:49.989 W/System  ( 5352): ClassLoader referenced unknown path: /system/app/DocumentsUI/lib/x86
09-19 14:32:50.022 W/MountService( 1300): No primary storage defined yet; hacking together a stub
09-19 14:32:50.026 W/MountService( 1300): No primary storage defined yet; hacking together a stub
09-19 14:32:50.032 W/MountService( 1300): No primary storage defined yet; hacking together a stub
09-19 14:32:50.036 W/MountService( 1300): No primary storage defined yet; hacking together a stub
09-19 14:32:50.044 W/MountService( 1300): No primary storage defined yet; hacking together a stub
09-19 14:32:50.046 W/MountService( 1300): No primary storage defined yet; hacking together a stub
09-19 14:32:50.049 W/MountService( 1300): No primary storage defined yet; hacking together a stub
09-19 14:32:50.052 W/MountService( 1300): No primary storage defined yet; hacking together a stub
09-19 14:32:50.059 W/MountService( 1300): No primary storage defined yet; hacking together a stub
09-19 14:32:50.074 W/MountService( 1300): No primary storage defined yet; hacking together a stub
09-19 14:32:50.078 W/MountService( 1300): No primary storage defined yet; hacking together a stub
09-19 14:32:50.081 W/MountService( 1300): No primary storage defined yet; hacking together a stub
09-19 14:32:50.088 W/MountService( 1300): No primary storage defined yet; hacking together a stub
09-19 14:32:50.088 W/MountService( 1300): No primary storage defined yet; hacking together a stub
09-19 14:32:50.089 W/MountService( 1300): No primary storage defined yet; hacking together a stub
09-19 14:32:50.089 W/MountService( 1300): No primary storage defined yet; hacking together a stub
09-19 14:32:50.093 W/MountService( 1300): No primary storage defined yet; hacking together a stub
09-19 14:32:50.093 W/MountService( 1300): No primary storage defined yet; hacking together a stub
09-19 14:32:50.093 W/MountService( 1300): No primary storage defined yet; hacking together a stub
09-19 14:32:50.093 W/MountService( 1300): No primary storage defined yet; hacking together a stub
09-19 14:32:50.095 W/MountService( 1300): No primary storage defined yet; hacking together a stub
09-19 14:32:50.096 W/MountService( 1300): No primary storage defined yet; hacking together a stub
09-19 14:32:50.096 W/MountService( 1300): No primary storage defined yet; hacking together a stub
09-19 14:32:50.096 W/MountService( 1300): No primary storage defined yet; hacking together a stub
09-19 14:32:50.100 W/MountService( 1300): No primary storage defined yet; hacking together a stub
09-19 14:32:50.100 W/MountService( 1300): No primary storage defined yet; hacking together a stub
09-19 14:32:50.100 W/MountService( 1300): No primary storage defined yet; hacking together a stub
09-19 14:32:50.101 W/MountService( 1300): No primary storage defined yet; hacking together a stub
09-19 14:32:50.105 W/MountService( 1300): No primary storage defined yet; hacking together a stub
09-19 14:32:50.105 W/MountService( 1300): No primary storage defined yet; hacking together a stub
09-19 14:32:50.105 W/MountService( 1300): No primary storage defined yet; hacking together a stub
09-19 14:32:50.105 W/MountService( 1300): No primary storage defined yet; hacking together a stub
09-19 14:32:50.107 W/MountService( 1300): No primary storage defined yet; hacking together a stub
09-19 14:32:50.107 W/MountService( 1300): No primary storage defined yet; hacking together a stub
09-19 14:32:50.108 W/MountService( 1300): No primary storage defined yet; hacking together a stub
09-19 14:32:50.212 I/ActivityManager( 1300): Start proc 5411:com.android.externalstorage/u0a6 for content provider com.android.externalstorage/.ExternalStorageProvider
09-19 14:32:50.213 W/MountService( 1300): No primary storage defined yet; hacking together a stub
09-19 14:32:50.220 I/art     ( 5411): Late-enabling JIT
09-19 14:32:50.222 I/art     ( 5411): JIT created with code_cache_capacity=2MB compile_threshold=1000
09-19 14:32:50.324 W/MountService( 1300): No primary storage defined yet; hacking together a stub
09-19 14:32:50.325 W/MountService( 1300): No primary storage defined yet; hacking together a stub
09-19 14:32:50.326 W/MountService( 1300): No primary storage defined yet; hacking together a stub
09-19 14:32:50.326 W/MountService( 1300): No primary storage defined yet; hacking together a stub
09-19 14:32:50.330 W/MountService( 1300): No primary storage defined yet; hacking together a stub
09-19 14:32:50.330 W/MountService( 1300): No primary storage defined yet; hacking together a stub
09-19 14:32:50.330 W/MountService( 1300): No primary storage defined yet; hacking together a stub
09-19 14:32:50.330 W/MountService( 1300): No primary storage defined yet; hacking together a stub
09-19 14:32:50.332 W/MountService( 1300): No primary storage defined yet; hacking together a stub
09-19 14:32:50.332 W/MountService( 1300): No primary storage defined yet; hacking together a stub
09-19 14:32:50.332 W/MountService( 1300): No primary storage defined yet; hacking together a stub
09-19 14:32:50.332 W/MountService( 1300): No primary storage defined yet; hacking together a stub
09-19 14:32:50.335 W/MountService( 1300): No primary storage defined yet; hacking together a stub
09-19 14:32:50.335 W/MountService( 1300): No primary storage defined yet; hacking together a stub
09-19 14:32:50.335 W/MountService( 1300): No primary storage defined yet; hacking together a stub
09-19 14:32:50.335 W/MountService( 1300): No primary storage defined yet; hacking together a stub
09-19 14:32:50.338 W/MountService( 1300): No primary storage defined yet; hacking together a stub
09-19 14:32:50.338 W/MountService( 1300): No primary storage defined yet; hacking together a stub
09-19 14:32:50.338 W/MountService( 1300): No primary storage defined yet; hacking together a stub
09-19 14:32:50.338 W/MountService( 1300): No primary storage defined yet; hacking together a stub
09-19 14:32:50.341 W/MountService( 1300): No primary storage defined yet; hacking together a stub
09-19 14:32:50.341 W/MountService( 1300): No primary storage defined yet; hacking together a stub
09-19 14:32:50.341 W/MountService( 1300): No primary storage defined yet; hacking together a stub
09-19 14:32:50.341 W/MountService( 1300): No primary storage defined yet; hacking together a stub
09-19 14:32:50.382 W/System  ( 5411): ClassLoader referenced unknown path: /system/priv-app/ExternalStorageProvider/lib/x86
09-19 14:32:50.385 D/ExternalStorage( 5411): After updating volumes, found 0 active roots
09-19 14:32:50.418 D/Documents( 5352): Update found 5 roots in 226ms
09-19 14:32:50.429 D/Documents( 5352): Update found 5 roots in 42ms
09-19 14:32:50.491 I/ActivityManager( 1300): Killing 2064:com.google.android.apps.maps/u0a37 (adj 15): empty #17
09-19 14:32:51.104 W/EGL_emulation( 5172): eglSurfaceAttrib not implemented
09-19 14:32:51.104 W/OpenGLRenderer( 5172): Failed to set EGL_SWAP_BEHAVIOR on surface 0xa08f3e20, error=EGL_SUCCESS
09-19 14:32:51.526 D/PhoneStatusBar( 1492): disable: < expand ICONS* alerts SYSTEM_INFO* back home recent clock search quick_settings >
09-19 14:32:52.805 E/Surface ( 1492): getSlotFromBufferLocked: unknown buffer: 0xa34046f0
09-19 14:32:52.825 I/ConfigService( 1871): onDestroy
09-19 14:32:52.840 W/EGL_emulation( 1492): eglSurfaceAttrib not implemented
09-19 14:32:52.840 W/OpenGLRenderer( 1492): Failed to set EGL_SWAP_BEHAVIOR on surface 0xa219a8c0, error=EGL_SUCCESS
09-19 14:32:52.914 D/DashboardSummary( 5172): rebuildUI took: 140 ms
09-19 14:32:52.917 I/Choreographer( 1492): Skipped 79 frames!  The application may be doing too much work on its main thread.
09-19 14:32:52.924 I/Choreographer( 5172): Skipped 98 frames!  The application may be doing too much work on its main thread.
09-19 14:32:53.133 E/Surface ( 5172): getSlotFromBufferLocked: unknown buffer: 0xa08c7160
09-19 14:32:53.149 I/art     ( 5172): Background partial concurrent mark sweep GC freed 19570(1205KB) AllocSpace objects, 0(0B) LOS objects, 32% free, 8MB/12MB, paused 86.385ms total 241.919ms
09-19 14:32:53.391 I/art     ( 5172): Starting a blocking GC Explicit
09-19 14:32:53.604 I/art     ( 5172): Explicit concurrent mark sweep GC freed 4450(375KB) AllocSpace objects, 1(24KB) LOS objects, 33% free, 7MB/11MB, paused 1.645ms total 206.489ms
09-19 14:32:53.606 I/art     ( 5172): Starting a blocking GC Explicit
09-19 14:32:53.763 D/PhoneStatusBar( 1492): disable: < expand icons* alerts system_info* back home recent clock search quick_settings >
09-19 14:32:53.775 I/art     ( 5172): Explicit concurrent mark sweep GC freed 567(33KB) AllocSpace objects, 0(0B) LOS objects, 33% free, 7MB/11MB, paused 1.345ms total 168.208ms
09-19 14:32:53.775 I/art     ( 5172): Starting a blocking GC Explicit
09-19 14:32:53.787 I/art     ( 5172): Explicit concurrent mark sweep GC freed 5(160B) AllocSpace objects, 0(0B) LOS objects, 33% free, 7MB/11MB, paused 1.625ms total 11.753ms
09-19 14:32:53.824 E/Surface ( 1492): getSlotFromBufferLocked: unknown buffer: 0xa3404840
09-19 14:32:53.831 W/EGL_emulation( 1492): eglSurfaceAttrib not implemented
09-19 14:32:53.831 W/OpenGLRenderer( 1492): Failed to set EGL_SWAP_BEHAVIOR on surface 0xa219a8c0, error=EGL_SUCCESS
09-19 14:32:53.953 E/StrictMode( 5172): class com.android.settings.SubSettings; instances=2; limit=1
09-19 14:32:53.953 E/StrictMode( 5172): android.os.StrictMode$InstanceCountViolation: class com.android.settings.SubSettings; instances=2; limit=1
09-19 14:32:53.953 E/StrictMode( 5172): 	at android.os.StrictMode.setClassInstanceLimit(StrictMode.java:1)
09-19 14:32:53.957 I/Choreographer( 5172): Skipped 33 frames!  The application may be doing too much work on its main thread.
09-19 14:32:53.964 W/InputMethodManagerService( 1300): Window already focused, ignoring focus gain of: com.android.internal.view.IInputMethodClient$Stub$Proxy@fdd8dcc attribute=null, token = android.os.BinderProxy@6443160
09-19 14:32:56.193 D/        ( 1300): HostConnection::get() New Host Connection established 0xa0859280, tid 1311
09-19 14:32:56.206 E/EGL_emulation(  942): tid 942: eglCreateSyncKHR(1243): error 0x3004 (EGL_BAD_ATTRIBUTE)
09-19 14:32:56.391 W/EGL_emulation( 2003): eglSurfaceAttrib not implemented
09-19 14:32:56.392 W/OpenGLRenderer( 2003): Failed to set EGL_SWAP_BEHAVIOR on surface 0xa1ca7920, error=EGL_SUCCESS
09-19 14:32:56.509 I/art     ( 1300): Background partial concurrent mark sweep GC freed 23102(1826KB) AllocSpace objects, 17(848KB) LOS objects, 33% free, 6MB/10MB, paused 1.651ms total 158.101ms
09-19 14:32:56.675 E/Surface ( 5172): getSlotFromBufferLocked: unknown buffer: 0xa08c7f60
09-19 14:32:56.927 I/ActivityManager( 1300): Killing 2212:com.android.email/u0a28 (adj 15): empty #17
09-19 14:32:58.240 I/Choreographer( 2003): Skipped 41 frames!  The application may be doing too much work on its main thread.
09-19 14:33:00.404 I/ActivityManager( 1300): Killing 2197:com.android.calendar/u0a20 (adj 15): empty #17
09-19 14:33:11.276 D/AndroidRuntime( 5564): >>>>>> START com.android.internal.os.RuntimeInit uid 0 <<<<<<
09-19 14:33:11.284 D/AndroidRuntime( 5564): CheckJNI is ON
09-19 14:33:11.299 I/art     ( 5564): JIT created with code_cache_capacity=2MB compile_threshold=1000
09-19 14:33:11.304 D/ICU     ( 5564): No timezone override file found: /data/misc/zoneinfo/current/icu/icu_tzdata.dat
09-19 14:33:11.325 E/memtrack( 5564): Couldn't load memtrack module (No such file or directory)
09-19 14:33:11.325 E/android.os.Debug( 5564): failed to load memtrack module: -2
09-19 14:33:11.331 I/Radio-JNI( 5564): register_android_hardware_Radio DONE
09-19 14:33:11.354 D/AndroidRuntime( 5564): Calling main entry com.android.commands.pm.Pm
09-19 14:33:11.397 D/DefContainer( 5232): Copying /data/local/tmp/dpatel96_a2.cs442.com.activitylifecycle to base.apk
09-19 14:33:11.521 I/PackageManager.DexOptimizer( 1300): Running dexopt (dex2oat) on: /data/app/vmdl2082881931.tmp/base.apk pkg=dpatel96_a2.cs442.com.activitylifecycle isa=x86 vmSafeMode=false debuggable=true oatDir = /data/app/vmdl2082881931.tmp/oat
09-19 14:33:11.538 W/dex2oat ( 5580): Unexpected CPU variant for X86 using defaults: x86
09-19 14:33:11.538 W/dex2oat ( 5580): Mismatch between dex2oat instruction set features (ISA: X86 Feature string: smp,-ssse3,-sse4.1,-sse4.2,-avx,-avx2) and those of dex2oat executable (ISA: X86 Feature string: smp,ssse3,-sse4.1,-sse4.2,-avx,-avx2) for the command line:
09-19 14:33:11.538 W/dex2oat ( 5580): /system/bin/dex2oat --zip-fd=6 --zip-location=base.apk --oat-fd=7 --oat-location=/data/app/vmdl2082881931.tmp/oat/x86/base.odex --instruction-set=x86 --instruction-set-variant=x86 --instruction-set-features=default --runtime-arg -Xms64m --runtime-arg -Xmx512m --swap-fd=8 --debuggable
09-19 14:33:11.538 I/dex2oat ( 5580): /system/bin/dex2oat --debuggable
09-19 14:33:11.695 W/dex2oat ( 5580): Before Android 4.1, method int android.support.v7.internal.widget.ListViewCompat.lookForSelectablePosition(int, boolean) would have incorrectly overridden the package-private method in android.widget.ListView
09-19 14:33:16.099 I/dex2oat ( 5580): dex2oat took 4.561s (threads: 1) arena alloc=514KB java alloc=2MB native alloc=9MB free=1700KB
