09-19 14:33:16.271 V/BackupManagerService( 1300): restoreAtInstall pkg=dpatel96_a2.cs442.com.activitylifecycle token=3 restoreSet=0
09-19 14:33:16.271 V/BackupManagerService( 1300): Finishing install immediately
09-19 14:33:16.272 W/Settings( 1300): Setting install_non_market_apps has moved from android.provider.Settings.Global to android.provider.Settings.Secure, returning read-only value.
09-19 14:33:16.272 I/art     ( 1300): Starting a blocking GC Explicit
09-19 14:33:16.305 I/art     ( 1300): Explicit concurrent mark sweep GC freed 5776(435KB) AllocSpace objects, 4(80KB) LOS objects, 33% free, 6MB/10MB, paused 1.517ms total 28.668ms
09-19 14:33:16.325 I/InputReader( 1300): Reconfiguring input devices.  changes=0x00000010
09-19 14:33:16.359 I/art     ( 5564): System.exit called, status: 0
09-19 14:33:16.359 I/AndroidRuntime( 5564): VM exiting with result code 0.
09-19 14:33:16.381 D/CarrierServiceBindHelper( 1701): Receive action: android.intent.action.PACKAGE_ADDED
09-19 14:33:16.382 D/CarrierServiceBindHelper( 1701): mHandler: 3
09-19 14:33:16.382 D/CarrierConfigLoader( 1701): mHandler: 9 phoneId: 0
09-19 14:33:16.441 D/Documents( 5352): Update found 5 roots in 119ms
09-19 14:33:16.464 W/VoiceInteractionManagerService( 1300): no available voice recognition services found for user 0
09-19 14:33:16.740 D/ChimeraCfgMgr( 2019): Loading module com.google.android.gms.games from APK com.google.android.gms
09-19 14:33:16.741 D/PackageBroadcastService( 2019): Received broadcast action=android.intent.action.PACKAGE_ADDED and uri=dpatel96_a2.cs442.com.activitylifecycle
09-19 14:33:16.755 I/ConfigFetchService( 2019): onStartCommand Intent { act=android.intent.action.PACKAGE_ADDED dat=package:dpatel96_a2.cs442.com.activitylifecycle cmp=com.google.android.gms/.config.ConfigFetchService (has extras) }
09-19 14:33:16.755 I/ConfigService( 1871): onCreate
09-19 14:33:16.761 I/ConfigFetchService( 2019): launchTask
09-19 14:33:16.773 D/AndroidRuntime( 5620): >>>>>> START com.android.internal.os.RuntimeInit uid 0 <<<<<<
09-19 14:33:16.775 D/AndroidRuntime( 5620): CheckJNI is ON
09-19 14:33:16.789 I/art     ( 5620): JIT created with code_cache_capacity=2MB compile_threshold=1000
09-19 14:33:16.795 D/ICU     ( 5620): No timezone override file found: /data/misc/zoneinfo/current/icu/icu_tzdata.dat
09-19 14:33:16.814 D/ChimeraCfgMgr( 2019): Loading module com.google.android.gms.vision from APK com.google.android.gms
09-19 14:33:16.824 I/PeopleContactsSync( 2019): CP2 sync disabled
09-19 14:33:16.857 E/memtrack( 5620): Couldn't load memtrack module (No such file or directory)
09-19 14:33:16.857 E/android.os.Debug( 5620): failed to load memtrack module: -2
09-19 14:33:16.870 I/ConfigFetchService( 2019): service connected
09-19 14:33:16.876 D/ConfigFetchService( 2019): ConfigApi connection successful.
09-19 14:33:16.881 I/Radio-JNI( 5620): register_android_hardware_Radio DONE
09-19 14:33:16.911 D/AndroidRuntime( 5620): Calling main entry com.android.commands.am.Am
09-19 14:33:16.921 I/ActivityManager( 1300): START u0 {act=android.intent.action.MAIN cat=[android.intent.category.LAUNCHER] flg=0x10000000 cmp=dpatel96_a2.cs442.com.activitylifecycle/.MainActivity} from uid 0 on display 0
09-19 14:33:16.933 D/AndroidRuntime( 5620): Shutting down VM
09-19 14:33:16.940 I/art     ( 5620): Debugger is no longer active
09-19 14:33:16.950 E/art     ( 5620): Thread attaching while runtime is shutting down: Binder_1
09-19 14:33:16.950 I/AndroidRuntime( 5620): NOTE: attach of thread 'Binder_1' failed
09-19 14:33:16.961 I/ActivityManager( 1300): Start proc 5637:dpatel96_a2.cs442.com.activitylifecycle/u0a58 for activity dpatel96_a2.cs442.com.activitylifecycle/.MainActivity
09-19 14:33:16.969 I/art     ( 5637): Not late-enabling -Xcheck:jni (already on)
09-19 14:33:16.969 I/art     ( 5637): Late-enabling JIT
09-19 14:33:16.972 I/art     ( 5637): JIT created with code_cache_capacity=2MB compile_threshold=1000
09-19 14:33:17.113 W/System  ( 5637): ClassLoader referenced unknown path: /data/app/dpatel96_a2.cs442.com.activitylifecycle-1/lib/x86
09-19 14:33:17.397 D/Lifecycle_dpatel96( 5637): 1: onCreate() called:
09-19 14:33:17.397 D/Lifecycle_dpatel96( 5637): 2: onStart() called:
09-19 14:33:17.397 D/Lifecycle_dpatel96( 5637): 3: onResume() called:
09-19 14:33:17.430 E/SurfaceFlinger(  942): ro.sf.lcd_density must be defined as a build property
09-19 14:33:17.430 D/OpenGLRenderer( 5637): Use EGL_SWAP_BEHAVIOR_PRESERVED: true
09-19 14:33:17.433 D/        ( 5637): HostConnection::get() New Host Connection established 0xabef91c0, tid 5637
09-19 14:33:17.583 D/        ( 5637): HostConnection::get() New Host Connection established 0xabef9360, tid 5651
09-19 14:33:17.656 I/OpenGLRenderer( 5637): Initialized EGL, version 1.4
09-19 14:33:17.688 W/EGL_emulation( 5637): eglSurfaceAttrib not implemented
09-19 14:33:17.688 W/OpenGLRenderer( 5637): Failed to set EGL_SWAP_BEHAVIOR on surface 0xad762280, error=EGL_SUCCESS
09-19 14:33:17.982 E/Drm     (  953): Failed to find drm plugin
09-19 14:33:18.009 W/DG.WV   ( 2862): Widevine DRM not supported on this device
09-19 14:33:18.009 W/DG.WV   ( 2862): android.media.UnsupportedSchemeException: Failed to instantiate drm object.
09-19 14:33:18.009 W/DG.WV   ( 2862): 	at android.media.MediaDrm.native_setup(Native Method)
09-19 14:33:18.009 W/DG.WV   ( 2862): 	at android.media.MediaDrm.<init>(MediaDrm.java:215)
09-19 14:33:18.009 W/DG.WV   ( 2862): 	at com.google.android.gms.droidguard.p.run(SourceFile:99)
09-19 14:33:18.009 W/DG.WV   ( 2862): 	at java.util.concurrent.ThreadPoolExecutor.runWorker(ThreadPoolExecutor.java:1113)
09-19 14:33:18.009 W/DG.WV   ( 2862): 	at java.util.concurrent.ThreadPoolExecutor$Worker.run(ThreadPoolExecutor.java:588)
09-19 14:33:18.009 W/DG.WV   ( 2862): 	at java.lang.Thread.run(Thread.java:818)
09-19 14:33:18.013 I/AccountManagerService( 1300): getTypesVisibleToCaller: isPermitted? true
09-19 14:33:18.016 I/GoogleURLConnFactory( 2862): Using platform SSLCertificateSocketFactory
09-19 14:33:18.220 I/Choreographer( 1300): Skipped 69 frames!  The application may be doing too much work on its main thread.
09-19 14:33:18.233 I/ActivityManager( 1300): Displayed dpatel96_a2.cs442.com.activitylifecycle/.MainActivity: +1s301ms
09-19 14:33:18.316 E/Surface ( 2003): getSlotFromBufferLocked: unknown buffer: 0xa0ceaf80
09-19 14:33:18.394 W/GLSUser ( 1871): [AppCertManager] IOException while requesting key: 
09-19 14:33:18.394 W/GLSUser ( 1871): java.io.IOException: Invalid device key response.
09-19 14:33:18.394 W/GLSUser ( 1871): 	at com.google.android.gms.auth.be.appcert.a.a(SourceFile:268)
09-19 14:33:18.394 W/GLSUser ( 1871): 	at com.google.android.gms.auth.be.appcert.a.a(SourceFile:132)
09-19 14:33:18.394 W/GLSUser ( 1871): 	at com.google.android.gms.auth.be.appcert.b.a(SourceFile:43)
09-19 14:33:18.394 W/GLSUser ( 1871): 	at com.google.android.gms.auth.b.b.a(SourceFile:62)
09-19 14:33:18.394 W/GLSUser ( 1871): 	at com.google.android.gms.auth.b.a.a(SourceFile:120)
09-19 14:33:18.394 W/GLSUser ( 1871): 	at com.google.android.gms.auth.b.a.a(SourceFile:61)
09-19 14:33:18.394 W/GLSUser ( 1871): 	at com.google.android.gms.auth.be.cron.AuthCronService.a(SourceFile:44)
09-19 14:33:18.394 W/GLSUser ( 1871): 	at com.google.android.gms.gcm.al.run(SourceFile:135)
09-19 14:33:18.465 E/StrictMode( 1871): A resource was acquired at attached stack trace but never released. See java.io.Closeable for information on avoiding resource leaks.
09-19 14:33:18.465 E/StrictMode( 1871): java.lang.Throwable: Explicit termination method 'end' not called
09-19 14:33:18.465 E/StrictMode( 1871): 	at dalvik.system.CloseGuard.open(CloseGuard.java:180)
09-19 14:33:18.465 E/StrictMode( 1871): 	at java.util.zip.Inflater.<init>(Inflater.java:82)
09-19 14:33:18.465 E/StrictMode( 1871): 	at com.android.okhttp.okio.GzipSource.<init>(GzipSource.java:62)
09-19 14:33:18.465 E/StrictMode( 1871): 	at com.android.okhttp.internal.http.HttpEngine.unzip(HttpEngine.java:645)
09-19 14:33:18.465 E/StrictMode( 1871): 	at com.android.okhttp.internal.http.HttpEngine.readResponse(HttpEngine.java:827)
09-19 14:33:18.465 E/StrictMode( 1871): 	at com.android.okhttp.internal.huc.HttpURLConnectionImpl.execute(HttpURLConnectionImpl.java:439)
09-19 14:33:18.465 E/StrictMode( 1871): 	at com.android.okhttp.internal.huc.HttpURLConnectionImpl.getResponse(HttpURLConnectionImpl.java:384)
09-19 14:33:18.465 E/StrictMode( 1871): 	at com.android.okhttp.internal.huc.HttpURLConnectionImpl.getResponseCode(HttpURLConnectionImpl.java:497)
09-19 14:33:18.465 E/StrictMode( 1871): 	at com.android.okhttp.internal.huc.DelegatingHttpsURLConnection.getResponseCode(DelegatingHttpsURLConnection.java:105)
09-19 14:33:18.465 E/StrictMode( 1871): 	at com.android.okhttp.internal.huc.HttpsURLConnectionImpl.getResponseCode(HttpsURLConnectionImpl.java)
09-19 14:33:18.465 E/StrictMode( 1871): 	at com.google.android.gms.http.GoogleHttpClient.a(SourceFile:811)
09-19 14:33:18.465 E/StrictMode( 1871): 	at com.google.android.gms.http.GoogleHttpClient.a(SourceFile:776)
09-19 14:33:18.465 E/StrictMode( 1871): 	at com.google.android.gms.http.GoogleHttpClient.execute(SourceFile:676)
09-19 14:33:18.465 E/StrictMode( 1871): 	at com.google.android.gms.http.GoogleHttpClient.execute(SourceFile:660)
09-19 14:33:18.465 E/StrictMode( 1871): 	at com.google.android.gms.auth.be.j.a(SourceFile:220)
09-19 14:33:18.465 E/StrictMode( 1871): 	at com.google.android.gms.auth.be.appcert.a.a(SourceFile:263)
09-19 14:33:18.465 E/StrictMode( 1871): 	at com.google.android.gms.auth.be.appcert.a.a(SourceFile:132)
09-19 14:33:18.465 E/StrictMode( 1871): 	at com.google.android.gms.auth.be.appcert.b.a(SourceFile:43)
09-19 14:33:18.465 E/StrictMode( 1871): 	at com.google.android.gms.auth.b.b.a(SourceFile:62)
09-19 14:33:18.465 E/StrictMode( 1871): 	at com.google.android.gms.auth.b.a.a(SourceFile:120)
09-19 14:33:18.465 E/StrictMode( 1871): 	at com.google.android.gms.auth.b.a.a(SourceFile:61)
09-19 14:33:18.465 E/StrictMode( 1871): 	at com.google.android.gms.auth.be.cron.AuthCronService.a(SourceFile:44)
09-19 14:33:18.465 E/StrictMode( 1871): 	at com.google.android.gms.gcm.al.run(SourceFile:135)
09-19 14:33:19.683 W/MountService( 1300): No primary storage defined yet; hacking together a stub
09-19 14:33:19.692 W/MountService( 1300): No primary storage defined yet; hacking together a stub
09-19 14:33:19.696 W/MountService( 1300): No primary storage defined yet; hacking together a stub
09-19 14:33:19.697 W/MountService( 1300): No primary storage defined yet; hacking together a stub
09-19 14:33:19.697 W/MountService( 1300): No primary storage defined yet; hacking together a stub
09-19 14:33:19.698 W/ContextImpl( 2019): Failed to ensure /sdcard/Android/data/com.google.android.gms/files: java.lang.SecurityException: Invalid mkdirs path: /storage/self/primary/Android/data/com.google.android.gms/files
09-19 14:33:19.698 E/FileSystemUtils( 2019): Unable to create shared content directory; disabling shared storage.
09-19 14:33:19.698 E/FileSystemUtils( 2019): java.io.IOException: Unable to create cache directory: /drive_content_do_not_modify
09-19 14:33:19.698 E/FileSystemUtils( 2019): 	at com.google.android.gms.drive.i.af.a(SourceFile:234)
09-19 14:33:19.698 E/FileSystemUtils( 2019): 	at com.google.android.gms.drive.i.af.f(SourceFile:201)
09-19 14:33:19.698 E/FileSystemUtils( 2019): 	at com.google.android.gms.drive.b.e.run(SourceFile:72)
09-19 14:33:19.698 E/FileSystemUtils( 2019): 	at com.google.android.gms.drive.i.bz.run(SourceFile:51)
09-19 14:33:19.698 E/FileSystemUtils( 2019): 	at java.util.concurrent.ThreadPoolExecutor.runWorker(ThreadPoolExecutor.java:1113)
09-19 14:33:19.698 E/FileSystemUtils( 2019): 	at java.util.concurrent.ThreadPoolExecutor$Worker.run(ThreadPoolExecutor.java:588)
09-19 14:33:19.698 E/FileSystemUtils( 2019): 	at java.lang.Thread.run(Thread.java:818)
09-19 14:33:19.728 W/MountService( 1300): No primary storage defined yet; hacking together a stub
09-19 14:33:19.729 W/MountService( 1300): No primary storage defined yet; hacking together a stub
09-19 14:33:19.731 W/MountService( 1300): No primary storage defined yet; hacking together a stub
09-19 14:33:19.731 W/MountService( 1300): No primary storage defined yet; hacking together a stub
09-19 14:33:19.732 W/MountService( 1300): No primary storage defined yet; hacking together a stub
09-19 14:33:19.732 W/ContextImpl( 2019): Failed to ensure /sdcard/Android/data/com.google.android.gms/files: java.lang.SecurityException: Invalid mkdirs path: /storage/self/primary/Android/data/com.google.android.gms/files
09-19 14:33:19.733 E/FileSystemUtils( 2019): Unable to create shared content directory; disabling shared storage.
09-19 14:33:19.733 E/FileSystemUtils( 2019): java.io.IOException: Unable to create cache directory: /drive_content_do_not_modify
09-19 14:33:19.733 E/FileSystemUtils( 2019): 	at com.google.android.gms.drive.i.af.a(SourceFile:234)
09-19 14:33:19.733 E/FileSystemUtils( 2019): 	at com.google.android.gms.drive.i.af.f(SourceFile:201)
09-19 14:33:19.733 E/FileSystemUtils( 2019): 	at com.google.android.gms.drive.b.e.run(SourceFile:72)
09-19 14:33:19.733 E/FileSystemUtils( 2019): 	at com.google.android.gms.drive.i.bz.run(SourceFile:51)
09-19 14:33:19.733 E/FileSystemUtils( 2019): 	at java.util.concurrent.ThreadPoolExecutor.runWorker(ThreadPoolExecutor.java:1113)
09-19 14:33:19.733 E/FileSystemUtils( 2019): 	at java.util.concurrent.ThreadPoolExecutor$Worker.run(ThreadPoolExecutor.java:588)
09-19 14:33:19.733 E/FileSystemUtils( 2019): 	at java.lang.Thread.run(Thread.java:818)
09-19 14:33:19.734 W/MountService( 1300): No primary storage defined yet; hacking together a stub
09-19 14:33:19.735 W/MountService( 1300): No primary storage defined yet; hacking together a stub
09-19 14:33:19.736 W/MountService( 1300): No primary storage defined yet; hacking together a stub
09-19 14:33:19.736 W/MountService( 1300): No primary storage defined yet; hacking together a stub
09-19 14:33:19.736 W/MountService( 1300): No primary storage defined yet; hacking together a stub
09-19 14:33:19.737 W/ContextImpl( 2019): Failed to ensure /sdcard/Android/data/com.google.android.gms/files: java.lang.SecurityException: Invalid mkdirs path: /storage/self/primary/Android/data/com.google.android.gms/files
09-19 14:33:19.737 E/FileSystemUtils( 2019): Unable to create shared content directory; disabling shared storage.
09-19 14:33:19.737 E/FileSystemUtils( 2019): java.io.IOException: Unable to create cache directory: /drive_content_do_not_modify
09-19 14:33:19.737 E/FileSystemUtils( 2019): 	at com.google.android.gms.drive.i.af.a(SourceFile:234)
09-19 14:33:19.737 E/FileSystemUtils( 2019): 	at com.google.android.gms.drive.i.af.f(SourceFile:201)
09-19 14:33:19.737 E/FileSystemUtils( 2019): 	at com.google.android.gms.drive.b.e.run(SourceFile:72)
09-19 14:33:19.737 E/FileSystemUtils( 2019): 	at com.google.android.gms.drive.i.bz.run(SourceFile:51)
09-19 14:33:19.737 E/FileSystemUtils( 2019): 	at java.util.concurrent.ThreadPoolExecutor.runWorker(ThreadPoolExecutor.java:1113)
09-19 14:33:19.737 E/FileSystemUtils( 2019): 	at java.util.concurrent.ThreadPoolExecutor$Worker.run(ThreadPoolExecutor.java:588)
09-19 14:33:19.737 E/FileSystemUtils( 2019): 	at java.lang.Thread.run(Thread.java:818)
09-19 14:33:26.880 V/ConfigFetchTask( 2019): ConfigFetchTask getDeviceDataVersionInfo(): ABFEt1VvG7ez1umLPE32OqMCHWv9CorNeozPGd0InUV7MkPzNLYGXkET_QU65JhNZ2h4l-WGqy3O71x9r9CkHnex4W4giXjhVFBMtaknxd1ITtnB8ouCoQblbkOtPxvOT_jaoDuU7nYgQYh0WdK_bWCvnmkYXideo4b7sNrcg8gO7KmSB4p1w-w2i7qv-c0X7XrBKzSZEjU01g_vwk6FA8ZdJGaRRDIzHMi3ztdS3kgTSTxaK6Rfk7W8kB4Od-A6soXnlaIyRmiXRLWdcg72FNiSGZGJsrNrcCaz8dsRNpw9lolrx3wdX76uClkfod_BD01Lo5HtIX03ZherapoCIw5OrSIr9o89fpOfPIjwOnrCv7Y7ZVytnsM
09-19 14:33:26.893 I/GoogleURLConnFactory( 2019): Using platform SSLCertificateSocketFactory
09-19 14:33:27.021 I/ConfigFetchService( 2019): fetch service done; releasing wakelock
09-19 14:33:27.026 I/ConfigFetchService( 2019): stopping self
09-19 14:33:31.906 E/EGL_emulation(  942): tid 942: eglCreateSyncKHR(1243): error 0x3004 (EGL_BAD_ATTRIBUTE)
09-19 14:33:32.031 D/Lifecycle_dpatel96( 5637): 4: onPause() called:
09-19 14:33:32.164 W/EGL_emulation( 2003): eglSurfaceAttrib not implemented
09-19 14:33:32.164 W/OpenGLRenderer( 2003): Failed to set EGL_SWAP_BEHAVIOR on surface 0xa2dcfce0, error=EGL_SUCCESS
09-19 14:33:32.201 I/art     ( 1300): Background partial concurrent mark sweep GC freed 11649(766KB) AllocSpace objects, 4(80KB) LOS objects, 33% free, 6MB/10MB, paused 2.160ms total 170.898ms
09-19 14:33:32.724 E/Surface ( 5637): getSlotFromBufferLocked: unknown buffer: 0xabeeb420
09-19 14:33:32.773 I/ConfigService( 1871): onDestroy
09-19 14:33:32.955 I/ActivityManager( 1300): Killing 2342:com.google.android.apps.messaging/u0a43 (adj 15): empty #17
09-19 14:33:32.983 D/Lifecycle_dpatel96( 5637): 5: onStop() called:
09-19 14:33:32.984 D/Lifecycle_dpatel96( 5637): 6: onDestroy() called:
09-19 14:33:33.028 W/OpenGLRenderer( 2003): Incorrectly called buildLayer on View: ShortcutAndWidgetContainer, destroying layer...
09-19 14:33:33.028 W/OpenGLRenderer( 2003): Incorrectly called buildLayer on View: ShortcutAndWidgetContainer, destroying layer...
09-19 14:33:33.220 W/SurfaceFlinger(  942): couldn't log to binary event log: overflow.
09-19 14:33:33.289 I/art     ( 1492): Background partial concurrent mark sweep GC freed 7101(300KB) AllocSpace objects, 0(0B) LOS objects, 39% free, 4MB/7MB, paused 8.773ms total 154.631ms
09-19 14:33:37.520 I/ActivityManager( 1300): START u0 {act=android.intent.action.MAIN cat=[android.intent.category.LAUNCHER] flg=0x10200000 cmp=dpatel96_a2.cs442.com.activitylifecycle/.MainActivity (has extras)} from uid 10008 on display 0
09-19 14:33:37.608 D/Lifecycle_dpatel96( 5637): 1: onCreate() called:
09-19 14:33:37.608 D/Lifecycle_dpatel96( 5637): 2: onStart() called:
09-19 14:33:37.608 D/Lifecycle_dpatel96( 5637): 3: onResume() called:
09-19 14:33:37.692 W/EGL_emulation( 5637): eglSurfaceAttrib not implemented
09-19 14:33:37.692 W/OpenGLRenderer( 5637): Failed to set EGL_SWAP_BEHAVIOR on surface 0xad7624c0, error=EGL_SUCCESS
09-19 14:33:39.435 I/ActivityManager( 1300): Displayed dpatel96_a2.cs442.com.activitylifecycle/.MainActivity: +1s848ms
09-19 14:33:39.542 E/Surface ( 2003): getSlotFromBufferLocked: unknown buffer: 0xa0cec790
09-19 14:33:42.244 I/ActivityManager( 1300): START u0 {act=android.intent.action.MAIN cat=[android.intent.category.HOME] flg=0x10200000 cmp=com.android.launcher3/.Launcher (has extras)} from uid 1000 on display 0
09-19 14:33:42.272 E/EGL_emulation(  942): tid 942: eglCreateSyncKHR(1243): error 0x3004 (EGL_BAD_ATTRIBUTE)
09-19 14:33:42.458 D/Lifecycle_dpatel96( 5637): 4: onPause() called:
09-19 14:33:42.542 D/Lifecycle_dpatel96( 5637): 5: onStop() called:
09-19 14:33:42.563 W/EGL_emulation( 2003): eglSurfaceAttrib not implemented
09-19 14:33:42.563 W/OpenGLRenderer( 2003): Failed to set EGL_SWAP_BEHAVIOR on surface 0xa2029bc0, error=EGL_SUCCESS
09-19 14:33:42.803 I/art     ( 1300): Background partial concurrent mark sweep GC freed 3804(258KB) AllocSpace objects, 2(40KB) LOS objects, 33% free, 6MB/10MB, paused 1.853ms total 323.488ms
09-19 14:33:42.902 E/Surface ( 5637): getSlotFromBufferLocked: unknown buffer: 0xabeeb0a0
09-19 14:33:43.703 I/Choreographer( 2003): Skipped 46 frames!  The application may be doing too much work on its main thread.
09-19 14:33:43.766 W/OpenGLRenderer( 2003): Incorrectly called buildLayer on View: ShortcutAndWidgetContainer, destroying layer...
09-19 14:33:43.766 W/OpenGLRenderer( 2003): Incorrectly called buildLayer on View: ShortcutAndWidgetContainer, destroying layer...
09-19 14:33:44.192 W/SurfaceFlinger(  942): couldn't log to binary event log: overflow.
09-19 14:33:46.542 I/ActivityManager( 1300): START u0 {act=android.intent.action.MAIN cat=[android.intent.category.LAUNCHER] flg=0x10200000 pkg=com.android.browser cmp=com.android.browser/.BrowserActivity bnds=[849,1532][1050,1784] (has extras)} from uid 10008 on display 0
09-19 14:33:46.608 D/WebViewTimersControl( 3607): onBrowserActivityResume
09-19 14:33:46.608 D/WebViewTimersControl( 3607): Resuming webview timers, view=com.android.browser.BrowserWebView{3a9f62a VFEDHVCL. .F...... 0,0-1080,1211}
09-19 14:33:46.697 W/EGL_emulation( 3607): eglSurfaceAttrib not implemented
09-19 14:33:46.697 W/OpenGLRenderer( 3607): Failed to set EGL_SWAP_BEHAVIOR on surface 0x9fea6ac0, error=EGL_SUCCESS
09-19 14:33:46.768 W/art     ( 3607): Attempt to remove non-JNI local reference, dumping thread
09-19 14:33:46.917 I/art     ( 3607): Background sticky concurrent mark sweep GC freed 175(20KB) AllocSpace objects, 1(20KB) LOS objects, 0% free, 11MB/11MB, paused 1.804ms total 145.189ms
09-19 14:33:48.884 I/Choreographer( 3607): Skipped 127 frames!  The application may be doing too much work on its main thread.
09-19 14:33:48.896 E/Surface ( 2003): getSlotFromBufferLocked: unknown buffer: 0xa0ceb680
09-19 14:33:48.913 W/art     ( 3607): Attempt to remove non-JNI local reference, dumping thread
09-19 14:33:49.167 I/art     ( 3607): Background partial concurrent mark sweep GC freed 192(8KB) AllocSpace objects, 0(0B) LOS objects, 19% free, 16MB/20MB, paused 147.181ms total 290.897ms
09-19 14:33:49.446 W/art     ( 5637): Suspending all threads took: 7.456ms
09-19 14:33:49.634 I/Choreographer( 3607): Skipped 45 frames!  The application may be doing too much work on its main thread.
09-19 14:33:49.667 W/art     ( 3607): Attempt to remove non-JNI local reference, dumping thread
09-19 14:33:49.691 I/art     ( 3607): Background sticky concurrent mark sweep GC freed 9(576B) AllocSpace objects, 0(0B) LOS objects, 0% free, 21MB/21MB, paused 15.110ms total 50.527ms
09-19 14:33:50.067 W/art     ( 3607): Attempt to remove non-JNI local reference, dumping thread
09-19 14:33:50.452 W/art     ( 3607): Attempt to remove non-JNI local reference, dumping thread
09-19 14:33:54.739 I/ActivityManager( 1300): START u0 {act=android.intent.action.MAIN cat=[android.intent.category.HOME] flg=0x10200000 cmp=com.android.launcher3/.Launcher (has extras)} from uid 1000 on display 0
09-19 14:33:54.778 E/EGL_emulation(  942): tid 942: eglCreateSyncKHR(1243): error 0x3004 (EGL_BAD_ATTRIBUTE)
09-19 14:33:54.831 D/WebViewTimersControl( 3607): onBrowserActivityPause
09-19 14:33:54.831 D/WebViewTimersControl( 3607): Pausing webview timers, view=com.android.browser.BrowserWebView{3a9f62a VFEDHVCL. .F...... 0,0-1080,1211}
09-19 14:33:54.914 W/EGL_emulation( 2003): eglSurfaceAttrib not implemented
09-19 14:33:54.914 W/OpenGLRenderer( 2003): Failed to set EGL_SWAP_BEHAVIOR on surface 0xa1ca7500, error=EGL_SUCCESS
09-19 14:33:54.942 I/art     ( 1300): Background partial concurrent mark sweep GC freed 2853(188KB) AllocSpace objects, 2(40KB) LOS objects, 33% free, 6MB/10MB, paused 1.501ms total 108.830ms
09-19 14:33:55.693 W/art     ( 5637): Suspending all threads took: 35.263ms
09-19 14:33:55.795 W/OpenGLRenderer( 2003): Incorrectly called buildLayer on View: ShortcutAndWidgetContainer, destroying layer...
09-19 14:33:55.795 W/OpenGLRenderer( 2003): Incorrectly called buildLayer on View: ShortcutAndWidgetContainer, destroying layer...
09-19 14:33:55.983 E/Surface ( 3607): getSlotFromBufferLocked: unknown buffer: 0xb3fd5560
09-19 14:33:58.368 I/ActivityManager( 1300): START u0 {act=android.intent.action.MAIN cat=[android.intent.category.LAUNCHER] flg=0x10200000 cmp=dpatel96_a2.cs442.com.activitylifecycle/.MainActivity (has extras)} from uid 10008 on display 0
09-19 14:33:58.462 D/Lifecycle_dpatel96( 5637): 6: onRestart() called:
09-19 14:33:58.463 D/Lifecycle_dpatel96( 5637): 7: onStart() called:
09-19 14:33:58.463 D/Lifecycle_dpatel96( 5637): 8: onResume() called:
09-19 14:33:58.551 W/EGL_emulation( 5637): eglSurfaceAttrib not implemented
09-19 14:33:58.551 W/OpenGLRenderer( 5637): Failed to set EGL_SWAP_BEHAVIOR on surface 0xad71b9c0, error=EGL_SUCCESS
09-19 14:33:59.591 I/Choreographer( 5637): Skipped 55 frames!  The application may be doing too much work on its main thread.
09-19 14:33:59.732 E/Surface ( 2003): getSlotFromBufferLocked: unknown buffer: 0xa0ceb680
09-19 14:34:01.048 I/ActivityManager( 1300): START u0 {act=com.android.systemui.recents.SHOW_RECENTS flg=0x10804000 cmp=com.android.systemui/.recents.RecentsActivity} from uid 10014 on display 0
09-19 14:34:01.103 D/        ( 1300): HostConnection::get() New Host Connection established 0x9d5bfc50, tid 1379
09-19 14:34:01.130 E/EGL_emulation(  942): tid 942: eglCreateSyncKHR(1243): error 0x3004 (EGL_BAD_ATTRIBUTE)
09-19 14:34:01.409 W/art     ( 1300): Long monitor contention event with owner method=android.graphics.Bitmap com.android.server.wm.WindowManagerService.screenshotApplicationsInner(android.os.IBinder, int, int, int, boolean) from WindowManagerService.java:6213 waiters=0 for 298ms
09-19 14:34:01.417 D/Lifecycle_dpatel96( 5637): 9: onPause() called:
09-19 14:34:01.444 D/Lifecycle_dpatel96( 5637): 10: onStop() called:
09-19 14:34:01.461 E/Surface ( 5637): getSlotFromBufferLocked: unknown buffer: 0xabeeb420
09-19 14:34:01.535 W/EGL_emulation( 1492): eglSurfaceAttrib not implemented
09-19 14:34:01.535 W/OpenGLRenderer( 1492): Failed to set EGL_SWAP_BEHAVIOR on surface 0xa1d3fba0, error=EGL_SUCCESS
09-19 14:34:02.522 I/Choreographer( 1492): Skipped 58 frames!  The application may be doing too much work on its main thread.
09-19 14:34:02.967 W/SurfaceFlinger(  942): couldn't log to binary event log: overflow.
09-19 14:34:04.478 D/WebViewTimersControl( 3607): onBrowserActivityResume
09-19 14:34:04.478 D/WebViewTimersControl( 3607): Resuming webview timers, view=com.android.browser.BrowserWebView{3a9f62a VFEDHVCL. .F...... 0,0-1080,1211}
09-19 14:34:04.562 W/EGL_emulation( 3607): eglSurfaceAttrib not implemented
09-19 14:34:04.562 W/OpenGLRenderer( 3607): Failed to set EGL_SWAP_BEHAVIOR on surface 0x9fea6ac0, error=EGL_SUCCESS
09-19 14:34:04.616 W/art     ( 3607): Attempt to remove non-JNI local reference, dumping thread
09-19 14:34:05.175 I/Choreographer( 1492): Skipped 41 frames!  The application may be doing too much work on its main thread.
09-19 14:34:06.266 E/Surface ( 1492): getSlotFromBufferLocked: unknown buffer: 0xa34083c0
09-19 14:34:06.346 I/Choreographer( 3607): Skipped 103 frames!  The application may be doing too much work on its main thread.
09-19 14:34:06.381 W/art     ( 3607): Attempt to remove non-JNI local reference, dumping thread
09-19 14:34:06.650 I/art     ( 3607): Background partial concurrent mark sweep GC freed 26(1152B) AllocSpace objects, 1(4MB) LOS objects, 26% free, 11MB/15MB, paused 1.428ms total 171.572ms
09-19 14:34:07.127 I/Choreographer( 3607): Skipped 44 frames!  The application may be doing too much work on its main thread.
09-19 14:34:07.146 W/art     ( 3607): Attempt to remove non-JNI local reference, dumping thread
09-19 14:34:07.150 I/art     ( 3607): WaitForGcToComplete blocked for 10.917ms for cause Background
09-19 14:34:07.633 W/art     ( 3607): Attempt to remove non-JNI local reference, dumping thread
09-19 14:34:08.037 W/art     ( 3607): Attempt to remove non-JNI local reference, dumping thread
09-19 14:34:11.178 I/ActivityManager( 1300): START u0 {act=android.intent.action.MAIN cat=[android.intent.category.HOME] flg=0x10200000 cmp=com.android.launcher3/.Launcher (has extras)} from uid 1000 on display 0
09-19 14:34:11.196 E/EGL_emulation(  942): tid 942: eglCreateSyncKHR(1243): error 0x3004 (EGL_BAD_ATTRIBUTE)
09-19 14:34:11.420 D/WebViewTimersControl( 3607): onBrowserActivityPause
09-19 14:34:11.420 D/WebViewTimersControl( 3607): Pausing webview timers, view=com.android.browser.BrowserWebView{3a9f62a VFEDHVCL. .F...... 0,0-1080,1211}
09-19 14:34:11.459 I/art     ( 1300): Background partial concurrent mark sweep GC freed 1874(133KB) AllocSpace objects, 2(40KB) LOS objects, 33% free, 6MB/10MB, paused 11.242ms total 106.712ms
09-19 14:34:11.484 E/Surface ( 3607): getSlotFromBufferLocked: unknown buffer: 0xabeeacb0
09-19 14:34:11.571 W/EGL_emulation( 2003): eglSurfaceAttrib not implemented
09-19 14:34:11.571 W/OpenGLRenderer( 2003): Failed to set EGL_SWAP_BEHAVIOR on surface 0xa2028d60, error=EGL_SUCCESS
09-19 14:34:12.340 I/Choreographer( 2003): Skipped 39 frames!  The application may be doing too much work on its main thread.
09-19 14:34:12.594 W/OpenGLRenderer( 2003): Incorrectly called buildLayer on View: ShortcutAndWidgetContainer, destroying layer...
09-19 14:34:12.594 W/OpenGLRenderer( 2003): Incorrectly called buildLayer on View: ShortcutAndWidgetContainer, destroying layer...
09-19 14:34:17.622 I/ActivityManager( 1300): START u0 {act=android.intent.action.MAIN cat=[android.intent.category.LAUNCHER] flg=0x10200000 pkg=com.android.browser cmp=com.android.browser/.BrowserActivity bnds=[849,1532][1050,1784] (has extras)} from uid 10008 on display 0
09-19 14:34:17.725 D/WebViewTimersControl( 3607): onBrowserActivityResume
09-19 14:34:17.725 D/WebViewTimersControl( 3607): Resuming webview timers, view=com.android.browser.BrowserWebView{3a9f62a VFEDHVCL. .F...... 0,0-1080,1211}
09-19 14:34:17.805 W/EGL_emulation( 3607): eglSurfaceAttrib not implemented
09-19 14:34:17.805 W/OpenGLRenderer( 3607): Failed to set EGL_SWAP_BEHAVIOR on surface 0x9fea6ac0, error=EGL_SUCCESS
09-19 14:34:17.907 W/art     ( 3607): Attempt to remove non-JNI local reference, dumping thread
09-19 14:34:19.909 I/Choreographer( 3607): Skipped 122 frames!  The application may be doing too much work on its main thread.
09-19 14:34:19.924 W/art     ( 3607): Attempt to remove non-JNI local reference, dumping thread
09-19 14:34:19.939 E/Surface ( 2003): getSlotFromBufferLocked: unknown buffer: 0xa0ceb680
09-19 14:34:20.275 I/art     ( 3607): Background sticky concurrent mark sweep GC freed 37(1584B) AllocSpace objects, 0(0B) LOS objects, 0% free, 16MB/16MB, paused 100.193ms total 357.868ms
09-19 14:34:20.542 I/Choreographer( 3607): Skipped 37 frames!  The application may be doing too much work on its main thread.
09-19 14:34:20.548 W/art     ( 3607): Attempt to remove non-JNI local reference, dumping thread
09-19 14:34:20.888 W/art     ( 3607): Attempt to remove non-JNI local reference, dumping thread
09-19 14:34:21.257 W/art     ( 3607): Attempt to remove non-JNI local reference, dumping thread
09-19 14:34:21.297 I/ActivityManager( 1300): START u0 {act=com.android.systemui.recents.SHOW_RECENTS flg=0x10804000 cmp=com.android.systemui/.recents.RecentsActivity} from uid 10014 on display 0
09-19 14:34:21.431 D/        ( 1300): HostConnection::get() New Host Connection established 0x9d76b4e0, tid 1485
09-19 14:34:21.451 E/EGL_emulation(  942): tid 942: eglCreateSyncKHR(1243): error 0x3004 (EGL_BAD_ATTRIBUTE)
09-19 14:34:21.848 I/Choreographer( 1492): Skipped 33 frames!  The application may be doing too much work on its main thread.
09-19 14:34:21.956 W/EGL_emulation( 1492): eglSurfaceAttrib not implemented
09-19 14:34:21.956 W/OpenGLRenderer( 1492): Failed to set EGL_SWAP_BEHAVIOR on surface 0xa347e5e0, error=EGL_SUCCESS
09-19 14:34:22.050 I/art     ( 1300): Background partial concurrent mark sweep GC freed 2330(178KB) AllocSpace objects, 2(40KB) LOS objects, 33% free, 6MB/10MB, paused 1.522ms total 219.870ms
09-19 14:34:23.002 I/Choreographer( 3607): Skipped 104 frames!  The application may be doing too much work on its main thread.
09-19 14:34:23.037 D/WebViewTimersControl( 3607): onBrowserActivityPause
09-19 14:34:23.037 D/WebViewTimersControl( 3607): Pausing webview timers, view=com.android.browser.BrowserWebView{3a9f62a VFEDHVCL. .F...... 0,0-1080,1211}
09-19 14:34:23.297 E/Surface ( 3607): getSlotFromBufferLocked: unknown buffer: 0xabeeacb0
09-19 14:34:23.598 D/Lifecycle_dpatel96( 5637): 11: onRestart() called:
09-19 14:34:23.606 D/Lifecycle_dpatel96( 5637): 12: onStart() called:
09-19 14:34:23.606 D/Lifecycle_dpatel96( 5637): 13: onResume() called:
09-19 14:34:23.678 W/EGL_emulation( 5637): eglSurfaceAttrib not implemented
09-19 14:34:23.678 W/OpenGLRenderer( 5637): Failed to set EGL_SWAP_BEHAVIOR on surface 0xad71b9c0, error=EGL_SUCCESS
09-19 14:34:23.881 E/Surface ( 1492): getSlotFromBufferLocked: unknown buffer: 0xa3407710
09-19 14:34:25.382 D/Lifecycle_dpatel96( 5637): My First Button Hitted!
09-19 14:34:25.407 D/        ( 1300): HostConnection::get() New Host Connection established 0x9d76b700, tid 2526
09-19 14:34:25.420 E/EGL_emulation(  942): tid 942: eglCreateSyncKHR(1243): error 0x3004 (EGL_BAD_ATTRIBUTE)
09-19 14:34:25.517 D/Lifecycle_dpatel96( 5637): 14: onPause() called:
09-19 14:34:25.656 W/EGL_emulation( 2003): eglSurfaceAttrib not implemented
09-19 14:34:25.656 W/OpenGLRenderer( 2003): Failed to set EGL_SWAP_BEHAVIOR on surface 0xa2028de0, error=EGL_SUCCESS
09-19 14:34:25.850 I/art     ( 1300): Background partial concurrent mark sweep GC freed 1423(93KB) AllocSpace objects, 1(20KB) LOS objects, 33% free, 6MB/10MB, paused 82.964ms total 354.525ms
09-19 14:34:26.108 W/art     ( 5637): Suspending all threads took: 69.273ms
09-19 14:34:26.455 I/Choreographer( 2003): Skipped 41 frames!  The application may be doing too much work on its main thread.
09-19 14:34:26.504 W/OpenGLRenderer( 2003): Incorrectly called buildLayer on View: ShortcutAndWidgetContainer, destroying layer...
09-19 14:34:26.505 W/OpenGLRenderer( 2003): Incorrectly called buildLayer on View: ShortcutAndWidgetContainer, destroying layer...
09-19 14:34:26.534 E/Surface ( 5637): getSlotFromBufferLocked: unknown buffer: 0xabeeb420
09-19 14:34:26.752 D/Lifecycle_dpatel96( 5637): 15: onStop() called:
09-19 14:34:26.752 D/Lifecycle_dpatel96( 5637): 16: onDestroy() called:
09-19 14:34:26.936 W/SurfaceFlinger(  942): couldn't log to binary event log: overflow.
