--------- beginning of system
09-19 14:32:30.656 I/ActivityManager( 1300): START u0 {act=android.intent.action.MAIN cat=[android.intent.category.LAUNCHER] flg=0x10200000 cmp=com.android.settings/.Settings (has extras)} from uid 10008 on display 0
09-19 14:32:30.821 I/ActivityManager( 1300): Start proc 5172:com.android.settings/1000 for activity com.android.settings/.Settings
--------- beginning of main
09-19 14:32:30.874 I/art     ( 5172): Late-enabling JIT
09-19 14:32:30.877 I/art     ( 5172): JIT created with code_cache_capacity=2MB compile_threshold=1000
09-19 14:32:31.013 W/System  ( 5172): ClassLoader referenced unknown path: /system/priv-app/Settings/lib/x86
09-19 14:32:31.880 E/SurfaceFlinger(  942): ro.sf.lcd_density must be defined as a build property
09-19 14:32:31.880 D/OpenGLRenderer( 5172): Use EGL_SWAP_BEHAVIOR_PRESERVED: true
09-19 14:32:31.884 D/        ( 5172): HostConnection::get() New Host Connection established 0xabeb1560, tid 5172
09-19 14:32:32.335 D/DashboardSummary( 5172): rebuildUI took: 386 ms
09-19 14:32:32.507 D/        ( 5172): HostConnection::get() New Host Connection established 0xabeb19e0, tid 5193
09-19 14:32:32.544 I/OpenGLRenderer( 5172): Initialized EGL, version 1.4
09-19 14:32:32.671 W/EGL_emulation( 5172): eglSurfaceAttrib not implemented
09-19 14:32:32.671 W/OpenGLRenderer( 5172): Failed to set EGL_SWAP_BEHAVIOR on surface 0xa2959680, error=EGL_SUCCESS
09-19 14:32:33.100 I/IndexDatabaseHelper( 5172): Bootstrapped database
09-19 14:32:33.128 W/art     ( 3288): Suspending all threads took: 40.522ms
09-19 14:32:33.183 I/ActivityManager( 1300): Displayed com.android.settings/.Settings: +2s426ms
09-19 14:32:33.198 I/IndexDatabaseHelper( 5172): Using schema version: 115
09-19 14:32:33.199 I/IndexDatabaseHelper( 5172): Index is fine
09-19 14:32:33.222 E/Surface ( 2003): getSlotFromBufferLocked: unknown buffer: 0xa0cec790
09-19 14:32:33.703 V/NFC     ( 5172): this device does not have NFC support
09-19 14:32:34.342 D/WifiService( 1300): New client listening to asynchronous messages
09-19 14:32:34.430 E/BluetoothAdapter( 5172): Bluetooth binder is null
09-19 14:32:34.568 I/ActivityManager( 1300): START u0 {act=android.intent.action.MAIN cmp=com.android.settings/.SubSettings (has extras)} from uid 1000 on display 0
09-19 14:32:34.696 D/SubSettings( 5172): Launching fragment com.android.settings.applications.ManageApplications
09-19 14:32:35.156 W/EGL_emulation( 5172): eglSurfaceAttrib not implemented
09-19 14:32:35.156 W/OpenGLRenderer( 5172): Failed to set EGL_SWAP_BEHAVIOR on surface 0xa08f4240, error=EGL_SUCCESS
09-19 14:32:35.239 I/art     ( 5172): Background sticky concurrent mark sweep GC freed 4010(350KB) AllocSpace objects, 1(84KB) LOS objects, 0% free, 3MB/3MB, paused 5.968ms total 534.374ms
09-19 14:32:35.599 I/art     ( 5172): Background partial concurrent mark sweep GC freed 10177(462KB) AllocSpace objects, 0(0B) LOS objects, 39% free, 3MB/6MB, paused 1.416ms total 226.427ms
09-19 14:32:35.686 I/ActivityManager( 1300): Displayed com.android.settings/.SubSettings: +1s87ms
09-19 14:32:36.086 D/Index   ( 5172): Indexing locale 'en_US' took 2849 millis
09-19 14:32:36.173 E/Surface ( 5172): getSlotFromBufferLocked: unknown buffer: 0xb3fd3110
09-19 14:32:36.265 W/MountService( 1300): No primary storage defined yet; hacking together a stub
09-19 14:32:36.266 W/MountService( 1300): No primary storage defined yet; hacking together a stub
09-19 14:32:36.618 I/art     ( 5172): Background partial concurrent mark sweep GC freed 3120(219KB) AllocSpace objects, 0(0B) LOS objects, 39% free, 5MB/9MB, paused 11.396ms total 20.907ms
09-19 14:32:36.943 I/art     ( 5232): Late-enabling JIT
09-19 14:32:36.946 I/art     ( 5232): JIT created with code_cache_capacity=2MB compile_threshold=1000
09-19 14:32:36.959 I/ActivityManager( 1300): Start proc 5232:com.android.defcontainer/u0a3 for service com.android.defcontainer/.DefaultContainerService
09-19 14:32:36.972 W/MountService( 1300): No primary storage defined yet; hacking together a stub
09-19 14:32:36.973 W/MountService( 1300): No primary storage defined yet; hacking together a stub
09-19 14:32:36.973 W/MountService( 1300): No primary storage defined yet; hacking together a stub
09-19 14:32:36.973 W/MountService( 1300): No primary storage defined yet; hacking together a stub
09-19 14:32:36.976 W/MountService( 1300): No primary storage defined yet; hacking together a stub
09-19 14:32:36.977 W/MountService( 1300): No primary storage defined yet; hacking together a stub
09-19 14:32:36.977 W/MountService( 1300): No primary storage defined yet; hacking together a stub
09-19 14:32:36.977 W/MountService( 1300): No primary storage defined yet; hacking together a stub
09-19 14:32:37.001 W/MountService( 1300): No primary storage defined yet; hacking together a stub
09-19 14:32:37.032 W/MountService( 1300): No primary storage defined yet; hacking together a stub
09-19 14:32:37.034 W/MountService( 1300): No primary storage defined yet; hacking together a stub
09-19 14:32:37.037 W/MountService( 1300): No primary storage defined yet; hacking together a stub
09-19 14:32:37.049 W/MountService( 1300): No primary storage defined yet; hacking together a stub
09-19 14:32:37.052 W/MountService( 1300): No primary storage defined yet; hacking together a stub
09-19 14:32:37.055 W/MountService( 1300): No primary storage defined yet; hacking together a stub
09-19 14:32:37.059 W/MountService( 1300): No primary storage defined yet; hacking together a stub
09-19 14:32:37.061 W/MountService( 1300): No primary storage defined yet; hacking together a stub
09-19 14:32:37.061 W/MountService( 1300): No primary storage defined yet; hacking together a stub
09-19 14:32:37.061 W/MountService( 1300): No primary storage defined yet; hacking together a stub
09-19 14:32:37.062 W/MountService( 1300): No primary storage defined yet; hacking together a stub
09-19 14:32:37.064 W/MountService( 1300): No primary storage defined yet; hacking together a stub
09-19 14:32:37.065 W/MountService( 1300): No primary storage defined yet; hacking together a stub
09-19 14:32:37.065 W/MountService( 1300): No primary storage defined yet; hacking together a stub
09-19 14:32:37.065 W/MountService( 1300): No primary storage defined yet; hacking together a stub
09-19 14:32:37.067 W/MountService( 1300): No primary storage defined yet; hacking together a stub
09-19 14:32:37.067 W/MountService( 1300): No primary storage defined yet; hacking together a stub
09-19 14:32:37.071 W/MountService( 1300): No primary storage defined yet; hacking together a stub
09-19 14:32:37.073 W/MountService( 1300): No primary storage defined yet; hacking together a stub
09-19 14:32:37.080 W/MountService( 1300): No primary storage defined yet; hacking together a stub
09-19 14:32:37.083 W/MountService( 1300): No primary storage defined yet; hacking together a stub
09-19 14:32:37.086 W/MountService( 1300): No primary storage defined yet; hacking together a stub
09-19 14:32:37.089 W/MountService( 1300): No primary storage defined yet; hacking together a stub
09-19 14:32:37.094 W/MountService( 1300): No primary storage defined yet; hacking together a stub
09-19 14:32:37.097 W/MountService( 1300): No primary storage defined yet; hacking together a stub
09-19 14:32:37.101 W/MountService( 1300): No primary storage defined yet; hacking together a stub
09-19 14:32:37.103 W/MountService( 1300): No primary storage defined yet; hacking together a stub
09-19 14:32:37.107 W/MountService( 1300): No primary storage defined yet; hacking together a stub
09-19 14:32:37.110 W/MountService( 1300): No primary storage defined yet; hacking together a stub
09-19 14:32:37.112 W/MountService( 1300): No primary storage defined yet; hacking together a stub
09-19 14:32:37.116 W/MountService( 1300): No primary storage defined yet; hacking together a stub
09-19 14:32:37.122 W/MountService( 1300): No primary storage defined yet; hacking together a stub
09-19 14:32:37.127 W/MountService( 1300): No primary storage defined yet; hacking together a stub
09-19 14:32:37.131 W/MountService( 1300): No primary storage defined yet; hacking together a stub
09-19 14:32:37.136 W/MountService( 1300): No primary storage defined yet; hacking together a stub
09-19 14:32:37.142 W/MountService( 1300): No primary storage defined yet; hacking together a stub
09-19 14:32:37.145 W/MountService( 1300): No primary storage defined yet; hacking together a stub
09-19 14:32:37.151 W/MountService( 1300): No primary storage defined yet; hacking together a stub
09-19 14:32:37.155 W/MountService( 1300): No primary storage defined yet; hacking together a stub
09-19 14:32:37.164 W/MountService( 1300): No primary storage defined yet; hacking together a stub
09-19 14:32:37.167 W/MountService( 1300): No primary storage defined yet; hacking together a stub
09-19 14:32:37.169 W/MountService( 1300): No primary storage defined yet; hacking together a stub
09-19 14:32:37.170 W/MountService( 1300): No primary storage defined yet; hacking together a stub
09-19 14:32:37.176 W/MountService( 1300): No primary storage defined yet; hacking together a stub
09-19 14:32:37.176 W/MountService( 1300): No primary storage defined yet; hacking together a stub
09-19 14:32:37.177 W/MountService( 1300): No primary storage defined yet; hacking together a stub
09-19 14:32:37.177 W/MountService( 1300): No primary storage defined yet; hacking together a stub
09-19 14:32:37.180 W/MountService( 1300): No primary storage defined yet; hacking together a stub
09-19 14:32:37.181 W/MountService( 1300): No primary storage defined yet; hacking together a stub
09-19 14:32:37.181 W/MountService( 1300): No primary storage defined yet; hacking together a stub
09-19 14:32:37.181 W/MountService( 1300): No primary storage defined yet; hacking together a stub
09-19 14:32:37.187 W/MountService( 1300): No primary storage defined yet; hacking together a stub
09-19 14:32:37.187 W/MountService( 1300): No primary storage defined yet; hacking together a stub
09-19 14:32:37.187 W/MountService( 1300): No primary storage defined yet; hacking together a stub
09-19 14:32:37.187 W/MountService( 1300): No primary storage defined yet; hacking together a stub
09-19 14:32:37.240 W/MountService( 1300): No primary storage defined yet; hacking together a stub
09-19 14:32:37.244 W/MountService( 1300): No primary storage defined yet; hacking together a stub
09-19 14:32:37.249 W/MountService( 1300): No primary storage defined yet; hacking together a stub
09-19 14:32:37.249 W/MountService( 1300): No primary storage defined yet; hacking together a stub
09-19 14:32:37.254 W/MountService( 1300): No primary storage defined yet; hacking together a stub
09-19 14:32:37.255 W/MountService( 1300): No primary storage defined yet; hacking together a stub
09-19 14:32:37.255 W/MountService( 1300): No primary storage defined yet; hacking together a stub
09-19 14:32:37.256 W/MountService( 1300): No primary storage defined yet; hacking together a stub
09-19 14:32:37.306 W/MountService( 1300): No primary storage defined yet; hacking together a stub
09-19 14:32:37.340 W/MountService( 1300): No primary storage defined yet; hacking together a stub
09-19 14:32:37.344 W/MountService( 1300): No primary storage defined yet; hacking together a stub
09-19 14:32:37.349 W/MountService( 1300): No primary storage defined yet; hacking together a stub
09-19 14:32:37.354 W/MountService( 1300): No primary storage defined yet; hacking together a stub
09-19 14:32:37.356 W/MountService( 1300): No primary storage defined yet; hacking together a stub
09-19 14:32:37.359 W/MountService( 1300): No primary storage defined yet; hacking together a stub
09-19 14:32:37.360 W/MountService( 1300): No primary storage defined yet; hacking together a stub
09-19 14:32:37.365 W/MountService( 1300): No primary storage defined yet; hacking together a stub
09-19 14:32:37.365 W/MountService( 1300): No primary storage defined yet; hacking together a stub
09-19 14:32:37.366 W/MountService( 1300): No primary storage defined yet; hacking together a stub
09-19 14:32:37.366 W/MountService( 1300): No primary storage defined yet; hacking together a stub
09-19 14:32:37.368 W/MountService( 1300): No primary storage defined yet; hacking together a stub
09-19 14:32:37.368 W/MountService( 1300): No primary storage defined yet; hacking together a stub
09-19 14:32:37.381 W/MountService( 1300): No primary storage defined yet; hacking together a stub
09-19 14:32:37.385 W/MountService( 1300): No primary storage defined yet; hacking together a stub
09-19 14:32:37.390 W/installd(  954): Failed to open /data/data/android: No such file or directory
09-19 14:32:37.393 W/MountService( 1300): No primary storage defined yet; hacking together a stub
09-19 14:32:37.396 W/MountService( 1300): No primary storage defined yet; hacking together a stub
09-19 14:32:37.400 W/MountService( 1300): No primary storage defined yet; hacking together a stub
09-19 14:32:37.403 W/MountService( 1300): No primary storage defined yet; hacking together a stub
09-19 14:32:37.409 W/MountService( 1300): No primary storage defined yet; hacking together a stub
09-19 14:32:37.413 W/MountService( 1300): No primary storage defined yet; hacking together a stub
09-19 14:32:37.416 W/MountService( 1300): No primary storage defined yet; hacking together a stub
09-19 14:32:37.419 W/MountService( 1300): No primary storage defined yet; hacking together a stub
09-19 14:32:37.422 W/MountService( 1300): No primary storage defined yet; hacking together a stub
09-19 14:32:37.422 W/MountService( 1300): No primary storage defined yet; hacking together a stub
09-19 14:32:37.423 W/MountService( 1300): No primary storage defined yet; hacking together a stub
09-19 14:32:37.423 W/MountService( 1300): No primary storage defined yet; hacking together a stub
09-19 14:32:37.425 W/MountService( 1300): No primary storage defined yet; hacking together a stub
09-19 14:32:37.425 W/MountService( 1300): No primary storage defined yet; hacking together a stub
09-19 14:32:37.426 W/MountService( 1300): No primary storage defined yet; hacking together a stub
09-19 14:32:37.426 W/MountService( 1300): No primary storage defined yet; hacking together a stub
09-19 14:32:37.427 W/MountService( 1300): No primary storage defined yet; hacking together a stub
09-19 14:32:37.427 W/MountService( 1300): No primary storage defined yet; hacking together a stub
09-19 14:32:37.432 W/MountService( 1300): No primary storage defined yet; hacking together a stub
09-19 14:32:37.437 W/MountService( 1300): No primary storage defined yet; hacking together a stub
09-19 14:32:37.442 W/MountService( 1300): No primary storage defined yet; hacking together a stub
09-19 14:32:37.445 W/MountService( 1300): No primary storage defined yet; hacking together a stub
09-19 14:32:37.449 W/MountService( 1300): No primary storage defined yet; hacking together a stub
09-19 14:32:37.452 W/MountService( 1300): No primary storage defined yet; hacking together a stub
09-19 14:32:37.457 W/MountService( 1300): No primary storage defined yet; hacking together a stub
09-19 14:32:37.461 W/MountService( 1300): No primary storage defined yet; hacking together a stub
09-19 14:32:37.464 W/MountService( 1300): No primary storage defined yet; hacking together a stub
09-19 14:32:37.467 W/MountService( 1300): No primary storage defined yet; hacking together a stub
09-19 14:32:37.474 W/MountService( 1300): No primary storage defined yet; hacking together a stub
09-19 14:32:37.476 W/MountService( 1300): No primary storage defined yet; hacking together a stub
09-19 14:32:37.497 W/MountService( 1300): No primary storage defined yet; hacking together a stub
09-19 14:32:37.502 W/MountService( 1300): No primary storage defined yet; hacking together a stub
09-19 14:32:37.527 W/MountService( 1300): No primary storage defined yet; hacking together a stub
09-19 14:32:37.532 W/MountService( 1300): No primary storage defined yet; hacking together a stub
09-19 14:32:37.535 W/MountService( 1300): No primary storage defined yet; hacking together a stub
09-19 14:32:37.540 W/MountService( 1300): No primary storage defined yet; hacking together a stub
09-19 14:32:37.547 W/MountService( 1300): No primary storage defined yet; hacking together a stub
09-19 14:32:37.550 W/MountService( 1300): No primary storage defined yet; hacking together a stub
09-19 14:32:37.552 W/MountService( 1300): No primary storage defined yet; hacking together a stub
09-19 14:32:37.556 W/MountService( 1300): No primary storage defined yet; hacking together a stub
09-19 14:32:37.562 W/MountService( 1300): No primary storage defined yet; hacking together a stub
09-19 14:32:37.566 W/MountService( 1300): No primary storage defined yet; hacking together a stub
09-19 14:32:37.569 W/MountService( 1300): No primary storage defined yet; hacking together a stub
09-19 14:32:37.573 W/MountService( 1300): No primary storage defined yet; hacking together a stub
09-19 14:32:37.580 W/MountService( 1300): No primary storage defined yet; hacking together a stub
09-19 14:32:37.584 W/MountService( 1300): No primary storage defined yet; hacking together a stub
09-19 14:32:37.586 W/MountService( 1300): No primary storage defined yet; hacking together a stub
09-19 14:32:37.590 W/MountService( 1300): No primary storage defined yet; hacking together a stub
09-19 14:32:37.593 W/MountService( 1300): No primary storage defined yet; hacking together a stub
09-19 14:32:37.593 W/MountService( 1300): No primary storage defined yet; hacking together a stub
09-19 14:32:37.594 W/MountService( 1300): No primary storage defined yet; hacking together a stub
09-19 14:32:37.595 W/MountService( 1300): No primary storage defined yet; hacking together a stub
09-19 14:32:37.599 W/MountService( 1300): No primary storage defined yet; hacking together a stub
09-19 14:32:37.599 W/MountService( 1300): No primary storage defined yet; hacking together a stub
09-19 14:32:37.599 W/MountService( 1300): No primary storage defined yet; hacking together a stub
09-19 14:32:37.600 W/MountService( 1300): No primary storage defined yet; hacking together a stub
09-19 14:32:37.602 W/MountService( 1300): No primary storage defined yet; hacking together a stub
09-19 14:32:37.602 W/MountService( 1300): No primary storage defined yet; hacking together a stub
09-19 14:32:37.602 W/MountService( 1300): No primary storage defined yet; hacking together a stub
09-19 14:32:37.602 W/MountService( 1300): No primary storage defined yet; hacking together a stub
09-19 14:32:37.606 W/MountService( 1300): No primary storage defined yet; hacking together a stub
09-19 14:32:37.606 W/MountService( 1300): No primary storage defined yet; hacking together a stub
09-19 14:32:37.607 W/MountService( 1300): No primary storage defined yet; hacking together a stub
09-19 14:32:37.607 W/MountService( 1300): No primary storage defined yet; hacking together a stub
09-19 14:32:37.633 W/MountService( 1300): No primary storage defined yet; hacking together a stub
09-19 14:32:37.634 W/MountService( 1300): No primary storage defined yet; hacking together a stub
09-19 14:32:37.634 W/MountService( 1300): No primary storage defined yet; hacking together a stub
09-19 14:32:37.634 W/MountService( 1300): No primary storage defined yet; hacking together a stub
09-19 14:32:37.646 W/MountService( 1300): No primary storage defined yet; hacking together a stub
09-19 14:32:37.646 W/MountService( 1300): No primary storage defined yet; hacking together a stub
09-19 14:32:37.646 W/MountService( 1300): No primary storage defined yet; hacking together a stub
09-19 14:32:37.647 W/MountService( 1300): No primary storage defined yet; hacking together a stub
09-19 14:32:37.666 W/MountService( 1300): No primary storage defined yet; hacking together a stub
09-19 14:32:37.666 W/MountService( 1300): No primary storage defined yet; hacking together a stub
09-19 14:32:37.666 W/MountService( 1300): No primary storage defined yet; hacking together a stub
09-19 14:32:37.666 W/MountService( 1300): No primary storage defined yet; hacking together a stub
09-19 14:32:37.669 W/MountService( 1300): No primary storage defined yet; hacking together a stub
09-19 14:32:37.670 W/MountService( 1300): No primary storage defined yet; hacking together a stub
09-19 14:32:37.670 W/MountService( 1300): No primary storage defined yet; hacking together a stub
09-19 14:32:37.670 W/MountService( 1300): No primary storage defined yet; hacking together a stub
09-19 14:32:37.678 W/MountService( 1300): No primary storage defined yet; hacking together a stub
09-19 14:32:37.679 W/MountService( 1300): No primary storage defined yet; hacking together a stub
09-19 14:32:37.679 W/MountService( 1300): No primary storage defined yet; hacking together a stub
09-19 14:32:37.679 W/MountService( 1300): No primary storage defined yet; hacking together a stub
09-19 14:32:37.685 W/MountService( 1300): No primary storage defined yet; hacking together a stub
09-19 14:32:37.685 W/MountService( 1300): No primary storage defined yet; hacking together a stub
09-19 14:32:37.686 W/MountService( 1300): No primary storage defined yet; hacking together a stub
09-19 14:32:37.686 W/MountService( 1300): No primary storage defined yet; hacking together a stub
09-19 14:32:37.693 W/MountService( 1300): No primary storage defined yet; hacking together a stub
09-19 14:32:37.696 W/MountService( 1300): No primary storage defined yet; hacking together a stub
09-19 14:32:37.699 W/MountService( 1300): No primary storage defined yet; hacking together a stub
09-19 14:32:37.702 W/MountService( 1300): No primary storage defined yet; hacking together a stub
09-19 14:32:37.708 W/MountService( 1300): No primary storage defined yet; hacking together a stub
09-19 14:32:37.711 W/MountService( 1300): No primary storage defined yet; hacking together a stub
09-19 14:32:37.715 W/MountService( 1300): No primary storage defined yet; hacking together a stub
09-19 14:32:37.719 W/MountService( 1300): No primary storage defined yet; hacking together a stub
09-19 14:32:37.723 W/MountService( 1300): No primary storage defined yet; hacking together a stub
09-19 14:32:37.723 W/MountService( 1300): No primary storage defined yet; hacking together a stub
09-19 14:32:37.723 W/MountService( 1300): No primary storage defined yet; hacking together a stub
09-19 14:32:37.724 W/MountService( 1300): No primary storage defined yet; hacking together a stub
09-19 14:32:37.726 W/MountService( 1300): No primary storage defined yet; hacking together a stub
09-19 14:32:37.726 W/MountService( 1300): No primary storage defined yet; hacking together a stub
09-19 14:32:37.726 W/MountService( 1300): No primary storage defined yet; hacking together a stub
09-19 14:32:37.727 W/MountService( 1300): No primary storage defined yet; hacking together a stub
09-19 14:32:37.729 W/MountService( 1300): No primary storage defined yet; hacking together a stub
09-19 14:32:37.729 W/MountService( 1300): No primary storage defined yet; hacking together a stub
09-19 14:32:37.730 W/MountService( 1300): No primary storage defined yet; hacking together a stub
09-19 14:32:37.730 W/MountService( 1300): No primary storage defined yet; hacking together a stub
09-19 14:32:37.731 W/MountService( 1300): No primary storage defined yet; hacking together a stub
09-19 14:32:37.732 W/MountService( 1300): No primary storage defined yet; hacking together a stub
09-19 14:32:37.732 W/MountService( 1300): No primary storage defined yet; hacking together a stub
09-19 14:32:37.732 W/MountService( 1300): No primary storage defined yet; hacking together a stub
09-19 14:32:37.735 W/MountService( 1300): No primary storage defined yet; hacking together a stub
09-19 14:32:37.735 W/MountService( 1300): No primary storage defined yet; hacking together a stub
09-19 14:32:37.736 W/MountService( 1300): No primary storage defined yet; hacking together a stub
09-19 14:32:37.736 W/MountService( 1300): No primary storage defined yet; hacking together a stub
09-19 14:32:37.738 W/MountService( 1300): No primary storage defined yet; hacking together a stub
09-19 14:32:37.738 W/MountService( 1300): No primary storage defined yet; hacking together a stub
09-19 14:32:37.739 W/MountService( 1300): No primary storage defined yet; hacking together a stub
09-19 14:32:37.739 W/MountService( 1300): No primary storage defined yet; hacking together a stub
09-19 14:32:37.741 W/MountService( 1300): No primary storage defined yet; hacking together a stub
09-19 14:32:37.741 W/MountService( 1300): No primary storage defined yet; hacking together a stub
09-19 14:32:37.741 W/MountService( 1300): No primary storage defined yet; hacking together a stub
09-19 14:32:37.741 W/MountService( 1300): No primary storage defined yet; hacking together a stub
09-19 14:32:37.743 W/MountService( 1300): No primary storage defined yet; hacking together a stub
09-19 14:32:37.744 W/MountService( 1300): No primary storage defined yet; hacking together a stub
09-19 14:32:37.744 W/MountService( 1300): No primary storage defined yet; hacking together a stub
09-19 14:32:37.744 W/MountService( 1300): No primary storage defined yet; hacking together a stub
09-19 14:32:37.746 W/MountService( 1300): No primary storage defined yet; hacking together a stub
09-19 14:32:37.746 W/MountService( 1300): No primary storage defined yet; hacking together a stub
09-19 14:32:37.747 W/MountService( 1300): No primary storage defined yet; hacking together a stub
09-19 14:32:37.747 W/MountService( 1300): No primary storage defined yet; hacking together a stub
09-19 14:32:37.758 W/MountService( 1300): No primary storage defined yet; hacking together a stub
09-19 14:32:37.758 W/MountService( 1300): No primary storage defined yet; hacking together a stub
09-19 14:32:37.759 W/MountService( 1300): No primary storage defined yet; hacking together a stub
09-19 14:32:37.759 W/MountService( 1300): No primary storage defined yet; hacking together a stub
09-19 14:32:37.761 W/MountService( 1300): No primary storage defined yet; hacking together a stub
09-19 14:32:37.761 W/MountService( 1300): No primary storage defined yet; hacking together a stub
09-19 14:32:37.762 W/MountService( 1300): No primary storage defined yet; hacking together a stub
09-19 14:32:37.762 W/MountService( 1300): No primary storage defined yet; hacking together a stub
09-19 14:32:37.764 W/MountService( 1300): No primary storage defined yet; hacking together a stub
09-19 14:32:37.765 W/MountService( 1300): No primary storage defined yet; hacking together a stub
09-19 14:32:37.765 W/MountService( 1300): No primary storage defined yet; hacking together a stub
09-19 14:32:37.765 W/MountService( 1300): No primary storage defined yet; hacking together a stub
09-19 14:32:37.770 W/MountService( 1300): No primary storage defined yet; hacking together a stub
09-19 14:32:37.770 W/MountService( 1300): No primary storage defined yet; hacking together a stub
09-19 14:32:37.770 W/MountService( 1300): No primary storage defined yet; hacking together a stub
09-19 14:32:37.771 W/MountService( 1300): No primary storage defined yet; hacking together a stub
09-19 14:32:37.773 W/MountService( 1300): No primary storage defined yet; hacking together a stub
09-19 14:32:37.773 W/MountService( 1300): No primary storage defined yet; hacking together a stub
09-19 14:32:37.773 W/MountService( 1300): No primary storage defined yet; hacking together a stub
09-19 14:32:37.774 W/MountService( 1300): No primary storage defined yet; hacking together a stub
09-19 14:32:37.775 W/MountService( 1300): No primary storage defined yet; hacking together a stub
09-19 14:32:37.776 W/MountService( 1300): No primary storage defined yet; hacking together a stub
09-19 14:32:37.776 W/MountService( 1300): No primary storage defined yet; hacking together a stub
09-19 14:32:37.776 W/MountService( 1300): No primary storage defined yet; hacking together a stub
09-19 14:32:37.778 W/MountService( 1300): No primary storage defined yet; hacking together a stub
09-19 14:32:37.779 W/MountService( 1300): No primary storage defined yet; hacking together a stub
09-19 14:32:37.779 W/MountService( 1300): No primary storage defined yet; hacking together a stub
09-19 14:32:37.779 W/MountService( 1300): No primary storage defined yet; hacking together a stub
09-19 14:32:37.788 W/MountService( 1300): No primary storage defined yet; hacking together a stub
09-19 14:32:37.788 W/MountService( 1300): No primary storage defined yet; hacking together a stub
09-19 14:32:37.789 W/MountService( 1300): No primary storage defined yet; hacking together a stub
09-19 14:32:37.789 W/MountService( 1300): No primary storage defined yet; hacking together a stub
09-19 14:32:37.794 W/MountService( 1300): No primary storage defined yet; hacking together a stub
09-19 14:32:37.794 W/MountService( 1300): No primary storage defined yet; hacking together a stub
09-19 14:32:37.795 W/MountService( 1300): No primary storage defined yet; hacking together a stub
09-19 14:32:37.795 W/MountService( 1300): No primary storage defined yet; hacking together a stub
09-19 14:32:37.818 W/MountService( 1300): No primary storage defined yet; hacking together a stub
09-19 14:32:37.818 W/MountService( 1300): No primary storage defined yet; hacking together a stub
09-19 14:32:37.819 W/MountService( 1300): No primary storage defined yet; hacking together a stub
09-19 14:32:37.819 W/MountService( 1300): No primary storage defined yet; hacking together a stub
09-19 14:32:37.821 W/MountService( 1300): No primary storage defined yet; hacking together a stub
09-19 14:32:37.821 W/MountService( 1300): No primary storage defined yet; hacking together a stub
09-19 14:32:37.821 W/MountService( 1300): No primary storage defined yet; hacking together a stub
09-19 14:32:37.821 W/MountService( 1300): No primary storage defined yet; hacking together a stub
09-19 14:32:37.824 W/MountService( 1300): No primary storage defined yet; hacking together a stub
09-19 14:32:37.824 W/MountService( 1300): No primary storage defined yet; hacking together a stub
09-19 14:32:37.824 W/MountService( 1300): No primary storage defined yet; hacking together a stub
09-19 14:32:37.825 W/MountService( 1300): No primary storage defined yet; hacking together a stub
09-19 14:32:37.826 W/MountService( 1300): No primary storage defined yet; hacking together a stub
09-19 14:32:37.826 W/MountService( 1300): No primary storage defined yet; hacking together a stub
09-19 14:32:37.827 W/MountService( 1300): No primary storage defined yet; hacking together a stub
09-19 14:32:37.827 W/MountService( 1300): No primary storage defined yet; hacking together a stub
09-19 14:32:37.842 W/MountService( 1300): No primary storage defined yet; hacking together a stub
09-19 14:32:37.842 W/MountService( 1300): No primary storage defined yet; hacking together a stub
09-19 14:32:37.843 W/MountService( 1300): No primary storage defined yet; hacking together a stub
09-19 14:32:37.843 W/MountService( 1300): No primary storage defined yet; hacking together a stub
09-19 14:32:37.845 W/MountService( 1300): No primary storage defined yet; hacking together a stub
09-19 14:32:37.846 W/MountService( 1300): No primary storage defined yet; hacking together a stub
09-19 14:32:37.846 W/MountService( 1300): No primary storage defined yet; hacking together a stub
09-19 14:32:37.847 W/MountService( 1300): No primary storage defined yet; hacking together a stub
09-19 14:32:37.869 W/MountService( 1300): No primary storage defined yet; hacking together a stub
09-19 14:32:37.869 W/MountService( 1300): No primary storage defined yet; hacking together a stub
09-19 14:32:37.870 W/MountService( 1300): No primary storage defined yet; hacking together a stub
09-19 14:32:37.870 W/MountService( 1300): No primary storage defined yet; hacking together a stub
09-19 14:32:37.877 W/MountService( 1300): No primary storage defined yet; hacking together a stub
09-19 14:32:37.877 W/MountService( 1300): No primary storage defined yet; hacking together a stub
09-19 14:32:37.877 W/MountService( 1300): No primary storage defined yet; hacking together a stub
09-19 14:32:37.894 W/MountService( 1300): No primary storage defined yet; hacking together a stub
09-19 14:32:37.897 W/MountService( 1300): No primary storage defined yet; hacking together a stub
09-19 14:32:37.897 W/MountService( 1300): No primary storage defined yet; hacking together a stub
09-19 14:32:37.897 W/MountService( 1300): No primary storage defined yet; hacking together a stub
09-19 14:32:37.897 W/MountService( 1300): No primary storage defined yet; hacking together a stub
09-19 14:32:38.037 W/MountService( 1300): No primary storage defined yet; hacking together a stub
09-19 14:32:38.037 W/MountService( 1300): No primary storage defined yet; hacking together a stub
09-19 14:32:38.037 W/MountService( 1300): No primary storage defined yet; hacking together a stub
09-19 14:32:38.037 W/MountService( 1300): No primary storage defined yet; hacking together a stub
09-19 14:32:38.126 I/ActivityManager( 1300): START u0 {act=android.intent.action.MAIN cmp=com.android.settings/.SubSettings (has extras)} from uid 1000 on display 0
09-19 14:32:38.197 D/SubSettings( 5172): Launching fragment com.android.settings.applications.InstalledAppDetails
09-19 14:32:38.335 W/ContextImpl( 5172): Calling a method in the system process without a qualified user: android.app.ContextImpl.sendBroadcast:763 android.content.ContextWrapper.sendBroadcast:396 com.android.settings.applications.PermissionsSummaryHelper.sendPermissionRequest:61 com.android.settings.applications.PermissionsSummaryHelper.getPermissionSummary:34 com.android.settings.applications.InstalledAppDetails.refreshUi:504 
09-19 14:32:38.338 D/Settings( 5172): Have 0 number of activities in preferred list
09-19 14:32:38.360 I/ActivityManager( 1300): Start proc 5256:com.android.packageinstaller/u0a10 for broadcast com.android.packageinstaller/.permission.model.PermissionStatusReceiver
09-19 14:32:38.491 W/MountService( 1300): No primary storage defined yet; hacking together a stub
09-19 14:32:38.495 W/MountService( 1300): No primary storage defined yet; hacking together a stub
09-19 14:32:38.499 I/art     ( 5256): Late-enabling JIT
09-19 14:32:38.502 I/art     ( 5256): JIT created with code_cache_capacity=2MB compile_threshold=1000
09-19 14:32:38.600 W/System  ( 5256): ClassLoader referenced unknown path: /system/priv-app/PackageInstaller/lib/x86
09-19 14:32:38.697 I/Choreographer( 5172): Skipped 30 frames!  The application may be doing too much work on its main thread.
09-19 14:32:38.861 W/EGL_emulation( 5172): eglSurfaceAttrib not implemented
09-19 14:32:38.861 W/OpenGLRenderer( 5172): Failed to set EGL_SWAP_BEHAVIOR on surface 0xab773540, error=EGL_SUCCESS
09-19 14:32:38.988 I/ActivityManager( 1300): Killing 2157:com.android.exchange/u0a30 (adj 15): empty #17
09-19 14:32:39.302 E/BluetoothAdapter( 1300): Bluetooth binder is null
09-19 14:32:39.306 E/KernelCpuSpeedReader( 1300): Failed to read cpu-freq
09-19 14:32:39.306 E/KernelCpuSpeedReader( 1300): java.io.FileNotFoundException: /sys/devices/system/cpu/cpu0/cpufreq/stats/time_in_state: open failed: ENOENT (No such file or directory)
09-19 14:32:39.306 E/KernelCpuSpeedReader( 1300): 	at libcore.io.IoBridge.open(IoBridge.java:452)
09-19 14:32:39.306 E/KernelCpuSpeedReader( 1300): 	at java.io.FileInputStream.<init>(FileInputStream.java:76)
09-19 14:32:39.306 E/KernelCpuSpeedReader( 1300): 	at java.io.FileInputStream.<init>(FileInputStream.java:103)
09-19 14:32:39.306 E/KernelCpuSpeedReader( 1300): 	at java.io.FileReader.<init>(FileReader.java:66)
09-19 14:32:39.306 E/KernelCpuSpeedReader( 1300): 	at com.android.internal.os.KernelCpuSpeedReader.readDelta(KernelCpuSpeedReader.java:49)
09-19 14:32:39.306 E/KernelCpuSpeedReader( 1300): 	at com.android.internal.os.BatteryStatsImpl.updateCpuTimeLocked(BatteryStatsImpl.java:8003)
09-19 14:32:39.306 E/KernelCpuSpeedReader( 1300): 	at com.android.server.am.BatteryStatsService.updateExternalStats(BatteryStatsService.java:1364)
09-19 14:32:39.306 E/KernelCpuSpeedReader( 1300): 	at com.android.server.am.BatteryStatsService.getStatisticsStream(BatteryStatsService.java:311)
09-19 14:32:39.306 E/KernelCpuSpeedReader( 1300): 	at com.android.internal.app.IBatteryStats$Stub.onTransact(IBatteryStats.java:178)
09-19 14:32:39.306 E/KernelCpuSpeedReader( 1300): 	at android.os.Binder.execTransact(Binder.java:453)
09-19 14:32:39.306 E/KernelCpuSpeedReader( 1300): Caused by: android.system.ErrnoException: open failed: ENOENT (No such file or directory)
09-19 14:32:39.306 E/KernelCpuSpeedReader( 1300): 	at libcore.io.Posix.open(Native Method)
09-19 14:32:39.306 E/KernelCpuSpeedReader( 1300): 	at libcore.io.BlockGuardOs.open(BlockGuardOs.java:186)
09-19 14:32:39.306 E/KernelCpuSpeedReader( 1300): 	at libcore.io.IoBridge.open(IoBridge.java:438)
09-19 14:32:39.306 E/KernelCpuSpeedReader( 1300): 	... 9 more
09-19 14:32:39.307 E/KernelUidCpuTimeReader( 1300): Failed to read uid_cputime
09-19 14:32:39.307 E/KernelUidCpuTimeReader( 1300): java.io.FileNotFoundException: /proc/uid_cputime/show_uid_stat: open failed: ENOENT (No such file or directory)
09-19 14:32:39.307 E/KernelUidCpuTimeReader( 1300): 	at libcore.io.IoBridge.open(IoBridge.java:452)
09-19 14:32:39.307 E/KernelUidCpuTimeReader( 1300): 	at java.io.FileInputStream.<init>(FileInputStream.java:76)
09-19 14:32:39.307 E/KernelUidCpuTimeReader( 1300): 	at java.io.FileInputStream.<init>(FileInputStream.java:103)
09-19 14:32:39.307 E/KernelUidCpuTimeReader( 1300): 	at java.io.FileReader.<init>(FileReader.java:66)
09-19 14:32:39.307 E/KernelUidCpuTimeReader( 1300): 	at com.android.internal.os.KernelUidCpuTimeReader.readDelta(KernelUidCpuTimeReader.java:71)
09-19 14:32:39.307 E/KernelUidCpuTimeReader( 1300): 	at com.android.internal.os.BatteryStatsImpl.updateCpuTimeLocked(BatteryStatsImpl.java:8032)
09-19 14:32:39.307 E/KernelUidCpuTimeReader( 1300): 	at com.android.server.am.BatteryStatsService.updateExternalStats(BatteryStatsService.java:1364)
09-19 14:32:39.307 E/KernelUidCpuTimeReader( 1300): 	at com.android.server.am.BatteryStatsService.getStatisticsStream(BatteryStatsService.java:311)
09-19 14:32:39.307 E/KernelUidCpuTimeReader( 1300): 	at com.android.internal.app.IBatteryStats$Stub.onTransact(IBatteryStats.java:178)
09-19 14:32:39.307 E/KernelUidCpuTimeReader( 1300): 	at android.os.Binder.execTransact(Binder.java:453)
09-19 14:32:39.307 E/KernelUidCpuTimeReader( 1300): Caused by: android.system.ErrnoException: open failed: ENOENT (No such file or directory)
09-19 14:32:39.307 E/KernelUidCpuTimeReader( 1300): 	at libcore.io.Posix.open(Native Method)
09-19 14:32:39.307 E/KernelUidCpuTimeReader( 1300): 	at libcore.io.BlockGuardOs.open(BlockGuardOs.java:186)
09-19 14:32:39.307 E/KernelUidCpuTimeReader( 1300): 	at libcore.io.IoBridge.open(IoBridge.java:438)
09-19 14:32:39.307 E/KernelUidCpuTimeReader( 1300): 	... 9 more
09-19 14:32:39.329 W/MountService( 1300): No primary storage defined yet; hacking together a stub
09-19 14:32:39.330 W/MountService( 1300): No primary storage defined yet; hacking together a stub
09-19 14:32:39.333 W/MountService( 1300): No primary storage defined yet; hacking together a stub
09-19 14:32:39.334 W/MountService( 1300): No primary storage defined yet; hacking together a stub
09-19 14:32:39.335 W/MountService( 1300): No primary storage defined yet; hacking together a stub
09-19 14:32:39.335 W/MountService( 1300): No primary storage defined yet; hacking together a stub
09-19 14:32:39.336 W/MountService( 1300): No primary storage defined yet; hacking together a stub
09-19 14:32:39.336 W/MountService( 1300): No primary storage defined yet; hacking together a stub
09-19 14:32:39.336 W/MountService( 1300): No primary storage defined yet; hacking together a stub
09-19 14:32:39.337 W/MountService( 1300): No primary storage defined yet; hacking together a stub
09-19 14:32:39.337 W/MountService( 1300): No primary storage defined yet; hacking together a stub
09-19 14:32:39.339 W/art     ( 1300): Long monitor contention event with owner method=void com.android.server.am.BroadcastQueue.processNextBroadcast(boolean) from BroadcastQueue.java:639 waiters=0 for 353ms
09-19 14:32:39.350 I/ActivityManager( 1300): Displayed com.android.settings/.SubSettings: +1s179ms
09-19 14:32:39.372 W/MountService( 1300): No primary storage defined yet; hacking together a stub
09-19 14:32:39.373 W/MountService( 1300): No primary storage defined yet; hacking together a stub
09-19 14:32:39.373 W/MountService( 1300): No primary storage defined yet; hacking together a stub
09-19 14:32:39.374 W/MountService( 1300): No primary storage defined yet; hacking together a stub
09-19 14:32:39.374 W/MountService( 1300): No primary storage defined yet; hacking together a stub
09-19 14:32:39.375 W/MountService( 1300): No primary storage defined yet; hacking together a stub
09-19 14:32:39.375 W/MountService( 1300): No primary storage defined yet; hacking together a stub
09-19 14:32:39.377 W/MountService( 1300): No primary storage defined yet; hacking together a stub
09-19 14:32:39.377 W/MountService( 1300): No primary storage defined yet; hacking together a stub
09-19 14:32:39.377 W/MountService( 1300): No primary storage defined yet; hacking together a stub
09-19 14:32:39.377 W/MountService( 1300): No primary storage defined yet; hacking together a stub
09-19 14:32:39.502 E/Surface ( 5172): getSlotFromBufferLocked: unknown buffer: 0xb3fd3e30
09-19 14:32:39.503 W/MountService( 1300): No primary storage defined yet; hacking together a stub
09-19 14:32:39.504 W/MountService( 1300): No primary storage defined yet; hacking together a stub
09-19 14:32:39.563 W/MountService( 1300): No primary storage defined yet; hacking together a stub
09-19 14:32:39.564 W/MountService( 1300): No primary storage defined yet; hacking together a stub
09-19 14:32:39.565 W/MountService( 1300): No primary storage defined yet; hacking together a stub
09-19 14:32:39.565 W/MountService( 1300): No primary storage defined yet; hacking together a stub
09-19 14:32:39.566 W/MountService( 1300): No primary storage defined yet; hacking together a stub
09-19 14:32:39.566 W/MountService( 1300): No primary storage defined yet; hacking together a stub
09-19 14:32:39.800 W/MountService( 1300): No primary storage defined yet; hacking together a stub
09-19 14:32:39.800 W/MountService( 1300): No primary storage defined yet; hacking together a stub
09-19 14:32:39.800 W/MountService( 1300): No primary storage defined yet; hacking together a stub
09-19 14:32:39.801 W/MountService( 1300): No primary storage defined yet; hacking together a stub
09-19 14:32:39.802 W/MountService( 1300): No primary storage defined yet; hacking together a stub
09-19 14:32:39.802 W/MountService( 1300): No primary storage defined yet; hacking together a stub
09-19 14:32:39.803 W/MountService( 1300): No primary storage defined yet; hacking together a stub
09-19 14:32:39.803 W/MountService( 1300): No primary storage defined yet; hacking together a stub
09-19 14:32:39.805 W/MountService( 1300): No primary storage defined yet; hacking together a stub
09-19 14:32:39.805 W/MountService( 1300): No primary storage defined yet; hacking together a stub
09-19 14:32:39.806 W/MountService( 1300): No primary storage defined yet; hacking together a stub
09-19 14:32:39.806 W/MountService( 1300): No primary storage defined yet; hacking together a stub
09-19 14:32:39.843 W/ContextImpl( 5172): Calling a method in the system process without a qualified user: android.app.ContextImpl.sendBroadcast:763 android.content.ContextWrapper.sendBroadcast:396 com.android.settings.applications.PermissionsSummaryHelper.sendPermissionRequest:61 com.android.settings.applications.PermissionsSummaryHelper.getPermissionSummary:34 com.android.settings.applications.InstalledAppDetails.refreshUi:504 
09-19 14:32:39.844 D/Settings( 5172): Have 0 number of activities in preferred list
09-19 14:32:39.905 W/MountService( 1300): No primary storage defined yet; hacking together a stub
09-19 14:32:39.921 W/MountService( 1300): No primary storage defined yet; hacking together a stub
09-19 14:32:39.922 W/MountService( 1300): No primary storage defined yet; hacking together a stub
09-19 14:32:39.922 W/MountService( 1300): No primary storage defined yet; hacking together a stub
09-19 14:32:39.924 W/MountService( 1300): No primary storage defined yet; hacking together a stub
09-19 14:32:39.924 W/MountService( 1300): No primary storage defined yet; hacking together a stub
09-19 14:32:39.925 W/MountService( 1300): No primary storage defined yet; hacking together a stub
09-19 14:32:39.925 W/MountService( 1300): No primary storage defined yet; hacking together a stub
09-19 14:32:39.927 W/MountService( 1300): No primary storage defined yet; hacking together a stub
09-19 14:32:39.927 W/MountService( 1300): No primary storage defined yet; hacking together a stub
09-19 14:32:39.945 W/ProcStatsManager( 5172): No process com.android.providers.calendar/10001 for service com.android.providers.calendar.EmptyService
09-19 14:32:39.945 W/ProcStatsManager( 5172): No process com.android.providers.calendar/10001 for service com.android.providers.calendar.CalendarProviderIntentService
09-19 14:32:39.945 W/ProcStatsManager( 5172): No process android.process.media/10005 for service com.android.providers.media.MediaScannerService
09-19 14:32:39.946 W/ProcStatsManager( 5172): No process android.process.media/10005 for service com.android.providers.downloads.DownloadService
09-19 14:32:39.946 W/ProcStatsManager( 5172): No process com.google.android.apps.messaging/10043 for service com.google.android.apps.messaging.datamodel.action.BackgroundWorkerService
09-19 14:32:39.946 W/ProcStatsManager( 5172): No process com.google.android.apps.messaging/10043 for service com.google.android.apps.messaging.datamodel.action.ActionServiceImpl
09-19 14:32:39.946 W/ProcStatsManager( 5172): No process com.google.android.apps.messaging/10043 for service com.google.android.apps.messaging.datamodel.sticker.StickerSyncService
09-19 14:32:39.947 W/ProcStatsManager( 5172): No process com.android.printspooler/10044 for service com.android.printspooler.model.PrintSpoolerService
09-19 14:32:39.947 W/ProcStatsManager( 5172): No process com.android.keychain/1000 for service com.android.keychain.KeyChainService
09-19 14:32:39.947 W/ProcStatsManager( 5172): No process com.android.dialer/10004 for service com.android.dialer.calllog.CallLogNotificationsService
09-19 14:32:39.947 W/ProcStatsManager( 5172): No process com.google.android.gms/10007 for service com.google.android.gms.people.service.bg.PeopleBackgroundTasks
09-19 14:32:39.947 W/ProcStatsManager( 5172): No process com.google.android.gms.unstable/10007 for service com.google.android.gms.droidguard.DroidGuardService
09-19 14:32:39.947 W/ProcStatsManager( 5172): No process com.google.android.gms/10007 for service com.google.android.gms.ads.identifier.service.AdvertisingIdNotificationService
09-19 14:32:39.947 W/ProcStatsManager( 5172): No process com.google.android.gms/10007 for service com.google.android.gms.common.download.DownloadService
09-19 14:32:39.947 W/ProcStatsManager( 5172): No process com.google.android.gms/10007 for service com.google.android.gms.auth.api.credentials.sync.CredentialSyncReceiverService
09-19 14:32:39.947 W/ProcStatsManager( 5172): No process com.google.android.gms/10007 for service com.google.android.gms.auth.authzen.GcmReceiverService
09-19 14:32:39.947 W/ProcStatsManager( 5172): No process com.google.android.gms/10007 for service com.google.android.gms.usagereporting.service.UsageReportingService
09-19 14:32:39.947 W/ProcStatsManager( 5172): No process com.google.android.gms/10007 for service com.google.android.gms.tron.CollectionService
09-19 14:32:39.948 W/ProcStatsManager( 5172): No process com.google.android.gms/10007 for service com.google.android.gms.config.ConfigFetchService
09-19 14:32:39.948 W/ProcStatsManager( 5172): No process com.google.android.gms/10007 for service com.google.android.gms.update.SystemUpdateService
09-19 14:32:39.948 W/ProcStatsManager( 5172): No process com.google.android.gms/10007 for service com.google.android.gms.analytics.service.RefreshEnabledStateService
09-19 14:32:39.948 W/ProcStatsManager( 5172): No process com.google.android.gms/10007 for service com.google.android.gms.checkin.CheckinService
09-19 14:32:39.948 W/ProcStatsManager( 5172): No process com.google.android.gms/10007 for service com.google.android.gms.checkin.EventLogService
09-19 14:32:39.948 W/ProcStatsManager( 5172): No process com.google.android.gms/10007 for service com.google.android.gms.app.service.PackageBroadcastService
09-19 14:32:39.948 W/ProcStatsManager( 5172): No process com.google.android.gms/10007 for service com.google.android.gms.reminders.service.RemindersProviderChangeService
09-19 14:32:39.961 W/MountService( 1300): No primary storage defined yet; hacking together a stub
09-19 14:32:39.961 W/MountService( 1300): No primary storage defined yet; hacking together a stub
09-19 14:32:39.962 W/MountService( 1300): No primary storage defined yet; hacking together a stub
09-19 14:32:39.962 W/MountService( 1300): No primary storage defined yet; hacking together a stub
09-19 14:32:39.963 W/MountService( 1300): No primary storage defined yet; hacking together a stub
09-19 14:32:39.963 W/MountService( 1300): No primary storage defined yet; hacking together a stub
